graph: { title: "/.share/CACHEDEV1_DATA/Ada/STM32/L/L443/pinny2/src/pinny2.adb"
node: { title: "_Unwind_Resume" label: "builtin_unwind_resume\n<built-in>" shape : ellipse }
node: { title: "stm32__gpio__configure_io__2" label: "CONFIGURE_IO\n/.share/CACHEDEV1_DATA/Ada/STM32/L/L443/pinny2/Ada_Drivers_Library/arch/ARM/STM32/driversL4x3/stm32-gpio.ads:243:14" shape : ellipse }
node: { title: "stm32__device__enable_clock__3" label: "ENABLE_CLOCK\n/.share/CACHEDEV1_DATA/Ada/STM32/L/L443/pinny2/Ada_Drivers_Library/arch/ARM/STM32/devices/stm32l4x3/stm32-device.ads:65:14" shape : ellipse }
node: { title: "ada__real_time__delays__delay_until" label: "Delay_Until\n/.share/CACHEDEV1_DATA/Ada/STM32/L/L443/pinny2/Ada_Drivers_Library/embedded-runtimes/base_runtimes/ravenscar-full/gnarl-common/a-retide.ads:37:14" shape : ellipse }
node: { title: "ada__real_time__Oadd" label: "+\n/.share/CACHEDEV1_DATA/Ada/STM32/L/L443/pinny2/Ada_Drivers_Library/embedded-runtimes/base_runtimes/ravenscar-full/gnarl-common/a-reatim.ads:70:13" shape : ellipse }
node: { title: "ada__real_time__milliseconds" label: "Milliseconds\n/.share/CACHEDEV1_DATA/Ada/STM32/L/L443/pinny2/Ada_Drivers_Library/embedded-runtimes/base_runtimes/ravenscar-full/gnarl-common/a-reatim.ads:102:13" shape : ellipse }
node: { title: "ada__real_time__clock" label: "Clock\n/.share/CACHEDEV1_DATA/Ada/STM32/L/L443/pinny2/Ada_Drivers_Library/embedded-runtimes/base_runtimes/ravenscar-full/gnarl-common/a-reatim.ads:66:13" shape : ellipse }
node: { title: "stm32__gpio__toggle__2" label: "TOGGLE\n/.share/CACHEDEV1_DATA/Ada/STM32/L/L443/pinny2/Ada_Drivers_Library/arch/ARM/STM32/driversL4x3/stm32-gpio.ads:234:14" shape : ellipse }
node: { title: "stm32__gpio__set__4" label: "SET\n/.share/CACHEDEV1_DATA/Ada/STM32/L/L443/pinny2/Ada_Drivers_Library/arch/ARM/STM32/driversL4x3/stm32-gpio.ads:224:14" shape : ellipse }
node: { title: "stm32__gpio__clear__2" label: "CLEAR\n/.share/CACHEDEV1_DATA/Ada/STM32/L/L443/pinny2/Ada_Drivers_Library/arch/ARM/STM32/driversL4x3/stm32-gpio.ads:229:14" shape : ellipse }
node: { title: "stm32__gpio___assign" label: "GPIO\n/.share/CACHEDEV1_DATA/Ada/STM32/L/L443/pinny2/Ada_Drivers_Library/arch/ARM/STM32/driversL4x3/stm32-gpio.ads:129:9" shape : ellipse }
node: { title: "stm32__gpio__gpio_pointsIP" label: "GPIO_POINTSIP\n/.share/CACHEDEV1_DATA/Ada/STM32/L/L443/pinny2/Ada_Drivers_Library/arch/ARM/STM32/driversL4x3/stm32-gpio.ads:208:9" shape : ellipse }
node: { title: "_ada_pinny2" label: "pinny2\n/.share/CACHEDEV1_DATA/Ada/STM32/L/L443/pinny2/src/pinny2.adb:10:1\n832 bytes (static)" }
edge: { sourcename: "_ada_pinny2" targetname: "_Unwind_Resume" }
edge: { sourcename: "_ada_pinny2" targetname: "ada__real_time__delays__delay_until" label: "/.share/CACHEDEV1_DATA/Ada/STM32/L/L443/pinny2/src/pinny2.adb:52:7" }
edge: { sourcename: "_ada_pinny2" targetname: "ada__real_time__Oadd" label: "/.share/CACHEDEV1_DATA/Ada/STM32/L/L443/pinny2/src/pinny2.adb:52:25" }
edge: { sourcename: "_ada_pinny2" targetname: "ada__real_time__milliseconds" label: "/.share/CACHEDEV1_DATA/Ada/STM32/L/L443/pinny2/src/pinny2.adb:52:27" }
edge: { sourcename: "_ada_pinny2" targetname: "ada__real_time__clock" label: "/.share/CACHEDEV1_DATA/Ada/STM32/L/L443/pinny2/src/pinny2.adb:52:19" }
edge: { sourcename: "_ada_pinny2" targetname: "stm32__gpio__toggle__2" label: "/.share/CACHEDEV1_DATA/Ada/STM32/L/L443/pinny2/src/pinny2.adb:51:7" }
edge: { sourcename: "_ada_pinny2" targetname: "stm32__gpio__set__4" label: "/.share/CACHEDEV1_DATA/Ada/STM32/L/L443/pinny2/src/pinny2.adb:48:4" }
edge: { sourcename: "_ada_pinny2" targetname: "stm32__gpio__clear__2" label: "/.share/CACHEDEV1_DATA/Ada/STM32/L/L443/pinny2/src/pinny2.adb:47:4" }
edge: { sourcename: "_ada_pinny2" targetname: "/.share/CACHEDEV1_DATA/Ada/STM32/L/L443/pinny2/src/pinny2.adb:pinny2__initialize.4825" label: "/.share/CACHEDEV1_DATA/Ada/STM32/L/L443/pinny2/src/pinny2.adb:45:4" }
edge: { sourcename: "_ada_pinny2" targetname: "stm32__gpio___assign" label: "/.share/CACHEDEV1_DATA/Ada/STM32/L/L443/pinny2/src/pinny2.adb:25:53" }
edge: { sourcename: "_ada_pinny2" targetname: "stm32__gpio___assign" label: "/.share/CACHEDEV1_DATA/Ada/STM32/L/L443/pinny2/src/pinny2.adb:25:53" }
edge: { sourcename: "_ada_pinny2" targetname: "stm32__gpio___assign" label: "/.share/CACHEDEV1_DATA/Ada/STM32/L/L443/pinny2/src/pinny2.adb:25:53" }
edge: { sourcename: "_ada_pinny2" targetname: "stm32__gpio___assign" label: "/.share/CACHEDEV1_DATA/Ada/STM32/L/L443/pinny2/src/pinny2.adb:25:53" }
edge: { sourcename: "_ada_pinny2" targetname: "stm32__gpio___assign" label: "/.share/CACHEDEV1_DATA/Ada/STM32/L/L443/pinny2/src/pinny2.adb:25:53" }
edge: { sourcename: "_ada_pinny2" targetname: "stm32__gpio___assign" label: "/.share/CACHEDEV1_DATA/Ada/STM32/L/L443/pinny2/src/pinny2.adb:25:53" }
edge: { sourcename: "_ada_pinny2" targetname: "stm32__gpio___assign" label: "/.share/CACHEDEV1_DATA/Ada/STM32/L/L443/pinny2/src/pinny2.adb:25:53" }
edge: { sourcename: "_ada_pinny2" targetname: "stm32__gpio___assign" label: "/.share/CACHEDEV1_DATA/Ada/STM32/L/L443/pinny2/src/pinny2.adb:25:53" }
edge: { sourcename: "_ada_pinny2" targetname: "stm32__gpio___assign" label: "/.share/CACHEDEV1_DATA/Ada/STM32/L/L443/pinny2/src/pinny2.adb:25:53" }
edge: { sourcename: "_ada_pinny2" targetname: "stm32__gpio___assign" label: "/.share/CACHEDEV1_DATA/Ada/STM32/L/L443/pinny2/src/pinny2.adb:25:53" }
edge: { sourcename: "_ada_pinny2" targetname: "stm32__gpio___assign" label: "/.share/CACHEDEV1_DATA/Ada/STM32/L/L443/pinny2/src/pinny2.adb:25:53" }
edge: { sourcename: "_ada_pinny2" targetname: "stm32__gpio___assign" label: "/.share/CACHEDEV1_DATA/Ada/STM32/L/L443/pinny2/src/pinny2.adb:25:53" }
edge: { sourcename: "_ada_pinny2" targetname: "stm32__gpio___assign" label: "/.share/CACHEDEV1_DATA/Ada/STM32/L/L443/pinny2/src/pinny2.adb:25:53" }
edge: { sourcename: "_ada_pinny2" targetname: "stm32__gpio___assign" label: "/.share/CACHEDEV1_DATA/Ada/STM32/L/L443/pinny2/src/pinny2.adb:25:53" }
edge: { sourcename: "_ada_pinny2" targetname: "stm32__gpio___assign" label: "/.share/CACHEDEV1_DATA/Ada/STM32/L/L443/pinny2/src/pinny2.adb:25:53" }
edge: { sourcename: "_ada_pinny2" targetname: "stm32__gpio___assign" label: "/.share/CACHEDEV1_DATA/Ada/STM32/L/L443/pinny2/src/pinny2.adb:25:53" }
edge: { sourcename: "_ada_pinny2" targetname: "stm32__gpio__gpio_pointsIP" label: "/.share/CACHEDEV1_DATA/Ada/STM32/L/L443/pinny2/src/pinny2.adb:25:53" }
edge: { sourcename: "_ada_pinny2" targetname: "stm32__gpio___assign" label: "/.share/CACHEDEV1_DATA/Ada/STM32/L/L443/pinny2/src/pinny2.adb:21:53" }
edge: { sourcename: "_ada_pinny2" targetname: "stm32__gpio___assign" label: "/.share/CACHEDEV1_DATA/Ada/STM32/L/L443/pinny2/src/pinny2.adb:21:53" }
edge: { sourcename: "_ada_pinny2" targetname: "stm32__gpio___assign" label: "/.share/CACHEDEV1_DATA/Ada/STM32/L/L443/pinny2/src/pinny2.adb:21:53" }
edge: { sourcename: "_ada_pinny2" targetname: "stm32__gpio___assign" label: "/.share/CACHEDEV1_DATA/Ada/STM32/L/L443/pinny2/src/pinny2.adb:21:53" }
edge: { sourcename: "_ada_pinny2" targetname: "stm32__gpio___assign" label: "/.share/CACHEDEV1_DATA/Ada/STM32/L/L443/pinny2/src/pinny2.adb:21:53" }
edge: { sourcename: "_ada_pinny2" targetname: "stm32__gpio___assign" label: "/.share/CACHEDEV1_DATA/Ada/STM32/L/L443/pinny2/src/pinny2.adb:21:53" }
edge: { sourcename: "_ada_pinny2" targetname: "stm32__gpio___assign" label: "/.share/CACHEDEV1_DATA/Ada/STM32/L/L443/pinny2/src/pinny2.adb:21:53" }
edge: { sourcename: "_ada_pinny2" targetname: "stm32__gpio___assign" label: "/.share/CACHEDEV1_DATA/Ada/STM32/L/L443/pinny2/src/pinny2.adb:21:53" }
edge: { sourcename: "_ada_pinny2" targetname: "stm32__gpio___assign" label: "/.share/CACHEDEV1_DATA/Ada/STM32/L/L443/pinny2/src/pinny2.adb:21:53" }
edge: { sourcename: "_ada_pinny2" targetname: "stm32__gpio___assign" label: "/.share/CACHEDEV1_DATA/Ada/STM32/L/L443/pinny2/src/pinny2.adb:21:53" }
edge: { sourcename: "_ada_pinny2" targetname: "stm32__gpio___assign" label: "/.share/CACHEDEV1_DATA/Ada/STM32/L/L443/pinny2/src/pinny2.adb:21:53" }
edge: { sourcename: "_ada_pinny2" targetname: "stm32__gpio___assign" label: "/.share/CACHEDEV1_DATA/Ada/STM32/L/L443/pinny2/src/pinny2.adb:21:53" }
edge: { sourcename: "_ada_pinny2" targetname: "stm32__gpio___assign" label: "/.share/CACHEDEV1_DATA/Ada/STM32/L/L443/pinny2/src/pinny2.adb:21:53" }
edge: { sourcename: "_ada_pinny2" targetname: "stm32__gpio___assign" label: "/.share/CACHEDEV1_DATA/Ada/STM32/L/L443/pinny2/src/pinny2.adb:21:53" }
edge: { sourcename: "_ada_pinny2" targetname: "stm32__gpio___assign" label: "/.share/CACHEDEV1_DATA/Ada/STM32/L/L443/pinny2/src/pinny2.adb:21:53" }
edge: { sourcename: "_ada_pinny2" targetname: "stm32__gpio___assign" label: "/.share/CACHEDEV1_DATA/Ada/STM32/L/L443/pinny2/src/pinny2.adb:21:53" }
edge: { sourcename: "_ada_pinny2" targetname: "stm32__gpio__gpio_pointsIP" label: "/.share/CACHEDEV1_DATA/Ada/STM32/L/L443/pinny2/src/pinny2.adb:21:53" }
edge: { sourcename: "_ada_pinny2" targetname: "stm32__gpio___assign" label: "/.share/CACHEDEV1_DATA/Ada/STM32/L/L443/pinny2/src/pinny2.adb:17:18" }
edge: { sourcename: "_ada_pinny2" targetname: "stm32__gpio___assign" label: "/.share/CACHEDEV1_DATA/Ada/STM32/L/L443/pinny2/src/pinny2.adb:17:18" }
edge: { sourcename: "_ada_pinny2" targetname: "stm32__gpio___assign" label: "/.share/CACHEDEV1_DATA/Ada/STM32/L/L443/pinny2/src/pinny2.adb:17:18" }
edge: { sourcename: "_ada_pinny2" targetname: "stm32__gpio___assign" label: "/.share/CACHEDEV1_DATA/Ada/STM32/L/L443/pinny2/src/pinny2.adb:17:18" }
edge: { sourcename: "_ada_pinny2" targetname: "stm32__gpio___assign" label: "/.share/CACHEDEV1_DATA/Ada/STM32/L/L443/pinny2/src/pinny2.adb:17:18" }
edge: { sourcename: "_ada_pinny2" targetname: "stm32__gpio___assign" label: "/.share/CACHEDEV1_DATA/Ada/STM32/L/L443/pinny2/src/pinny2.adb:17:18" }
edge: { sourcename: "_ada_pinny2" targetname: "stm32__gpio___assign" label: "/.share/CACHEDEV1_DATA/Ada/STM32/L/L443/pinny2/src/pinny2.adb:17:18" }
edge: { sourcename: "_ada_pinny2" targetname: "stm32__gpio___assign" label: "/.share/CACHEDEV1_DATA/Ada/STM32/L/L443/pinny2/src/pinny2.adb:17:18" }
edge: { sourcename: "_ada_pinny2" targetname: "stm32__gpio___assign" label: "/.share/CACHEDEV1_DATA/Ada/STM32/L/L443/pinny2/src/pinny2.adb:17:18" }
edge: { sourcename: "_ada_pinny2" targetname: "stm32__gpio___assign" label: "/.share/CACHEDEV1_DATA/Ada/STM32/L/L443/pinny2/src/pinny2.adb:17:18" }
edge: { sourcename: "_ada_pinny2" targetname: "stm32__gpio___assign" label: "/.share/CACHEDEV1_DATA/Ada/STM32/L/L443/pinny2/src/pinny2.adb:17:18" }
edge: { sourcename: "_ada_pinny2" targetname: "stm32__gpio___assign" label: "/.share/CACHEDEV1_DATA/Ada/STM32/L/L443/pinny2/src/pinny2.adb:17:18" }
edge: { sourcename: "_ada_pinny2" targetname: "stm32__gpio___assign" label: "/.share/CACHEDEV1_DATA/Ada/STM32/L/L443/pinny2/src/pinny2.adb:17:18" }
edge: { sourcename: "_ada_pinny2" targetname: "stm32__gpio___assign" label: "/.share/CACHEDEV1_DATA/Ada/STM32/L/L443/pinny2/src/pinny2.adb:17:18" }
edge: { sourcename: "_ada_pinny2" targetname: "stm32__gpio___assign" label: "/.share/CACHEDEV1_DATA/Ada/STM32/L/L443/pinny2/src/pinny2.adb:17:18" }
edge: { sourcename: "_ada_pinny2" targetname: "stm32__gpio___assign" label: "/.share/CACHEDEV1_DATA/Ada/STM32/L/L443/pinny2/src/pinny2.adb:17:18" }
edge: { sourcename: "_ada_pinny2" targetname: "stm32__gpio___assign" label: "/.share/CACHEDEV1_DATA/Ada/STM32/L/L443/pinny2/src/pinny2.adb:17:18" }
edge: { sourcename: "_ada_pinny2" targetname: "stm32__gpio___assign" label: "/.share/CACHEDEV1_DATA/Ada/STM32/L/L443/pinny2/src/pinny2.adb:17:18" }
edge: { sourcename: "_ada_pinny2" targetname: "stm32__gpio___assign" label: "/.share/CACHEDEV1_DATA/Ada/STM32/L/L443/pinny2/src/pinny2.adb:17:18" }
edge: { sourcename: "_ada_pinny2" targetname: "stm32__gpio___assign" label: "/.share/CACHEDEV1_DATA/Ada/STM32/L/L443/pinny2/src/pinny2.adb:17:18" }
edge: { sourcename: "_ada_pinny2" targetname: "stm32__gpio___assign" label: "/.share/CACHEDEV1_DATA/Ada/STM32/L/L443/pinny2/src/pinny2.adb:17:18" }
edge: { sourcename: "_ada_pinny2" targetname: "stm32__gpio___assign" label: "/.share/CACHEDEV1_DATA/Ada/STM32/L/L443/pinny2/src/pinny2.adb:17:18" }
edge: { sourcename: "_ada_pinny2" targetname: "stm32__gpio___assign" label: "/.share/CACHEDEV1_DATA/Ada/STM32/L/L443/pinny2/src/pinny2.adb:17:18" }
edge: { sourcename: "_ada_pinny2" targetname: "stm32__gpio___assign" label: "/.share/CACHEDEV1_DATA/Ada/STM32/L/L443/pinny2/src/pinny2.adb:17:18" }
edge: { sourcename: "_ada_pinny2" targetname: "stm32__gpio___assign" label: "/.share/CACHEDEV1_DATA/Ada/STM32/L/L443/pinny2/src/pinny2.adb:17:18" }
edge: { sourcename: "_ada_pinny2" targetname: "stm32__gpio___assign" label: "/.share/CACHEDEV1_DATA/Ada/STM32/L/L443/pinny2/src/pinny2.adb:17:18" }
edge: { sourcename: "_ada_pinny2" targetname: "stm32__gpio___assign" label: "/.share/CACHEDEV1_DATA/Ada/STM32/L/L443/pinny2/src/pinny2.adb:17:18" }
edge: { sourcename: "_ada_pinny2" targetname: "stm32__gpio___assign" label: "/.share/CACHEDEV1_DATA/Ada/STM32/L/L443/pinny2/src/pinny2.adb:17:18" }
edge: { sourcename: "_ada_pinny2" targetname: "stm32__gpio___assign" label: "/.share/CACHEDEV1_DATA/Ada/STM32/L/L443/pinny2/src/pinny2.adb:17:18" }
edge: { sourcename: "_ada_pinny2" targetname: "stm32__gpio___assign" label: "/.share/CACHEDEV1_DATA/Ada/STM32/L/L443/pinny2/src/pinny2.adb:17:18" }
edge: { sourcename: "_ada_pinny2" targetname: "stm32__gpio___assign" label: "/.share/CACHEDEV1_DATA/Ada/STM32/L/L443/pinny2/src/pinny2.adb:17:18" }
edge: { sourcename: "_ada_pinny2" targetname: "stm32__gpio___assign" label: "/.share/CACHEDEV1_DATA/Ada/STM32/L/L443/pinny2/src/pinny2.adb:17:18" }
edge: { sourcename: "_ada_pinny2" targetname: "stm32__gpio__gpio_pointsIP" label: "/.share/CACHEDEV1_DATA/Ada/STM32/L/L443/pinny2/src/pinny2.adb:17:18" }
node: { title: "/.share/CACHEDEV1_DATA/Ada/STM32/L/L443/pinny2/src/pinny2.adb:pinny2__initialize.4825" label: "initialize\n/.share/CACHEDEV1_DATA/Ada/STM32/L/L443/pinny2/src/pinny2.adb:29:4\n40 bytes (static)" }
edge: { sourcename: "/.share/CACHEDEV1_DATA/Ada/STM32/L/L443/pinny2/src/pinny2.adb:pinny2__initialize.4825" targetname: "stm32__gpio__configure_io__2" label: "/.share/CACHEDEV1_DATA/Ada/STM32/L/L443/pinny2/src/pinny2.adb:40:7" }
edge: { sourcename: "/.share/CACHEDEV1_DATA/Ada/STM32/L/L443/pinny2/src/pinny2.adb:pinny2__initialize.4825" targetname: "stm32__device__enable_clock__3" label: "/.share/CACHEDEV1_DATA/Ada/STM32/L/L443/pinny2/src/pinny2.adb:33:7" }
}
