graph: { title: "/backup/ada/STM32/L/L443/dotstar_l443/src/dotstar_l443.adb"
node: { title: "stm32__spi__configure" label: "CONFIGURE\n/backup/ada/STM32/L/L443/dotstar_l443/Ada_Drivers_Library/arch/ARM/STM32/driversL4x3/stm32-spi.ads:86:14" shape : ellipse }
node: { title: "stm32__spi__disable" label: "DISABLE\n/backup/ada/STM32/L/L443/dotstar_l443/Ada_Drivers_Library/arch/ARM/STM32/driversL4x3/stm32-spi.ads:90:14" shape : ellipse }
node: { title: "stm32__gpio__configure_alternate_function" label: "CONFIGURE_ALTERNATE_FUNCTION\n/backup/ada/STM32/L/L443/dotstar_l443/Ada_Drivers_Library/arch/ARM/STM32/driversL4x3/stm32-gpio.ads:202:14" shape : ellipse }
node: { title: "stm32__gpio__configure_io" label: "CONFIGURE_IO\n/backup/ada/STM32/L/L443/dotstar_l443/Ada_Drivers_Library/arch/ARM/STM32/driversL4x3/stm32-gpio.ads:185:14" shape : ellipse }
node: { title: "stm32__device__reset__8" label: "RESET\n/backup/ada/STM32/L/L443/dotstar_l443/Ada_Drivers_Library/arch/ARM/STM32/devices/stm32l4x3/stm32-device.ads:272:14" shape : ellipse }
node: { title: "stm32__spi__enable" label: "ENABLE\n/backup/ada/STM32/L/L443/dotstar_l443/Ada_Drivers_Library/arch/ARM/STM32/driversL4x3/stm32-spi.ads:88:14" shape : ellipse }
node: { title: "stm32__device__enable_clock__8" label: "ENABLE_CLOCK\n/backup/ada/STM32/L/L443/dotstar_l443/Ada_Drivers_Library/arch/ARM/STM32/devices/stm32l4x3/stm32-device.ads:271:14" shape : ellipse }
node: { title: "__gnat_rcheck_CE_Access_Check" label: "gnat_rcheck_CE_Access_Check\n<built-in>" shape : ellipse }
node: { title: "stm32__device__enable_clock__2" label: "ENABLE_CLOCK\n/backup/ada/STM32/L/L443/dotstar_l443/Ada_Drivers_Library/arch/ARM/STM32/devices/stm32l4x3/stm32-device.ads:64:14" shape : ellipse }
node: { title: "dotstar__test" label: "Test\n/backup/ada/STM32/L/L443/dotstar_l443/src/dotstar.ads:47:14" shape : ellipse }
node: { title: "dotstar__initialize" label: "Initialize\n/backup/ada/STM32/L/L443/dotstar_l443/src/dotstar.ads:45:14" shape : ellipse }
node: { title: "dotstar__dotstar_elemIP" label: "Dotstar_Elemip\n/backup/ada/STM32/L/L443/dotstar_l443/src/dotstar.ads:51:9" shape : ellipse }
node: { title: "_ada_dotstar_l443" label: "Dotstar_L443\n/backup/ada/STM32/L/L443/dotstar_l443/src/dotstar_l443.adb:16:1\n32 bytes (static)" }
edge: { sourcename: "_ada_dotstar_l443" targetname: "dotstar__test" label: "/backup/ada/STM32/L/L443/dotstar_l443/src/dotstar_l443.adb:88:7" }
edge: { sourcename: "_ada_dotstar_l443" targetname: "dotstar__initialize" label: "/backup/ada/STM32/L/L443/dotstar_l443/src/dotstar_l443.adb:85:4" }
edge: { sourcename: "_ada_dotstar_l443" targetname: "/backup/ada/STM32/L/L443/dotstar_l443/src/dotstar_l443.adb:dotstar_l443__initialize_gpio.4867" label: "/backup/ada/STM32/L/L443/dotstar_l443/src/dotstar_l443.adb:79:4" }
edge: { sourcename: "_ada_dotstar_l443" targetname: "dotstar__dotstar_elemIP" label: "/backup/ada/STM32/L/L443/dotstar_l443/src/dotstar_l443.adb:18:4" }
node: { title: "/backup/ada/STM32/L/L443/dotstar_l443/src/dotstar_l443.adb:dotstar_l443__initialize_gpio.4867" label: "Initialize_Gpio\n/backup/ada/STM32/L/L443/dotstar_l443/src/dotstar_l443.adb:28:4\n48 bytes (static)" }
edge: { sourcename: "/backup/ada/STM32/L/L443/dotstar_l443/src/dotstar_l443.adb:dotstar_l443__initialize_gpio.4867" targetname: "stm32__spi__enable" label: "/backup/ada/STM32/L/L443/dotstar_l443/src/dotstar_l443.adb:72:7" }
edge: { sourcename: "/backup/ada/STM32/L/L443/dotstar_l443/src/dotstar_l443.adb:dotstar_l443__initialize_gpio.4867" targetname: "stm32__spi__configure" label: "/backup/ada/STM32/L/L443/dotstar_l443/src/dotstar_l443.adb:71:7" }
edge: { sourcename: "/backup/ada/STM32/L/L443/dotstar_l443/src/dotstar_l443.adb:dotstar_l443__initialize_gpio.4867" targetname: "stm32__spi__disable" label: "/backup/ada/STM32/L/L443/dotstar_l443/src/dotstar_l443.adb:70:7" }
edge: { sourcename: "/backup/ada/STM32/L/L443/dotstar_l443/src/dotstar_l443.adb:dotstar_l443__initialize_gpio.4867" targetname: "stm32__gpio__configure_alternate_function" label: "/backup/ada/STM32/L/L443/dotstar_l443/src/dotstar_l443.adb:58:7" }
edge: { sourcename: "/backup/ada/STM32/L/L443/dotstar_l443/src/dotstar_l443.adb:dotstar_l443__initialize_gpio.4867" targetname: "stm32__gpio__configure_alternate_function" label: "/backup/ada/STM32/L/L443/dotstar_l443/src/dotstar_l443.adb:57:7" }
edge: { sourcename: "/backup/ada/STM32/L/L443/dotstar_l443/src/dotstar_l443.adb:dotstar_l443__initialize_gpio.4867" targetname: "stm32__gpio__configure_alternate_function" label: "/backup/ada/STM32/L/L443/dotstar_l443/src/dotstar_l443.adb:56:7" }
edge: { sourcename: "/backup/ada/STM32/L/L443/dotstar_l443/src/dotstar_l443.adb:dotstar_l443__initialize_gpio.4867" targetname: "stm32__gpio__configure_io" label: "/backup/ada/STM32/L/L443/dotstar_l443/src/dotstar_l443.adb:54:7" }
edge: { sourcename: "/backup/ada/STM32/L/L443/dotstar_l443/src/dotstar_l443.adb:dotstar_l443__initialize_gpio.4867" targetname: "stm32__gpio__configure_io" label: "/backup/ada/STM32/L/L443/dotstar_l443/src/dotstar_l443.adb:53:7" }
edge: { sourcename: "/backup/ada/STM32/L/L443/dotstar_l443/src/dotstar_l443.adb:dotstar_l443__initialize_gpio.4867" targetname: "stm32__gpio__configure_io" label: "/backup/ada/STM32/L/L443/dotstar_l443/src/dotstar_l443.adb:52:7" }
edge: { sourcename: "/backup/ada/STM32/L/L443/dotstar_l443/src/dotstar_l443.adb:dotstar_l443__initialize_gpio.4867" targetname: "stm32__device__reset__8" label: "/backup/ada/STM32/L/L443/dotstar_l443/src/dotstar_l443.adb:46:19" }
edge: { sourcename: "/backup/ada/STM32/L/L443/dotstar_l443/src/dotstar_l443.adb:dotstar_l443__initialize_gpio.4867" targetname: "__gnat_rcheck_CE_Access_Check" label: "/backup/ada/STM32/L/L443/dotstar_l443/src/dotstar_l443.adb:46:32" }
edge: { sourcename: "/backup/ada/STM32/L/L443/dotstar_l443/src/dotstar_l443.adb:dotstar_l443__initialize_gpio.4867" targetname: "stm32__spi__enable" label: "/backup/ada/STM32/L/L443/dotstar_l443/src/dotstar_l443.adb:44:7" }
edge: { sourcename: "/backup/ada/STM32/L/L443/dotstar_l443/src/dotstar_l443.adb:dotstar_l443__initialize_gpio.4867" targetname: "__gnat_rcheck_CE_Access_Check" label: "/backup/ada/STM32/L/L443/dotstar_l443/src/dotstar_l443.adb:44:20" }
edge: { sourcename: "/backup/ada/STM32/L/L443/dotstar_l443/src/dotstar_l443.adb:dotstar_l443__initialize_gpio.4867" targetname: "stm32__device__enable_clock__8" label: "/backup/ada/STM32/L/L443/dotstar_l443/src/dotstar_l443.adb:42:7" }
edge: { sourcename: "/backup/ada/STM32/L/L443/dotstar_l443/src/dotstar_l443.adb:dotstar_l443__initialize_gpio.4867" targetname: "__gnat_rcheck_CE_Access_Check" label: "/backup/ada/STM32/L/L443/dotstar_l443/src/dotstar_l443.adb:42:26" }
edge: { sourcename: "/backup/ada/STM32/L/L443/dotstar_l443/src/dotstar_l443.adb:dotstar_l443__initialize_gpio.4867" targetname: "stm32__device__enable_clock__2" label: "/backup/ada/STM32/L/L443/dotstar_l443/src/dotstar_l443.adb:41:7" }
edge: { sourcename: "/backup/ada/STM32/L/L443/dotstar_l443/src/dotstar_l443.adb:dotstar_l443__initialize_gpio.4867" targetname: "stm32__device__enable_clock__2" label: "/backup/ada/STM32/L/L443/dotstar_l443/src/dotstar_l443.adb:40:7" }
edge: { sourcename: "/backup/ada/STM32/L/L443/dotstar_l443/src/dotstar_l443.adb:dotstar_l443__initialize_gpio.4867" targetname: "stm32__device__enable_clock__2" label: "/backup/ada/STM32/L/L443/dotstar_l443/src/dotstar_l443.adb:39:7" }
}
