graph: { title: "/.share/CACHEDEV1_DATA/Ada/STM32/F/F103/vl53l0x_avgirq_f103/src/stm32f1_exti_interrupts.adb"
node: { title: "system__tasking__protected_objects__unlock" label: "Unlock\n/.share/CACHEDEV1_DATA/Ada/STM32/F/F103/vl53l0x_avgirq_f103/Ada_Drivers_Library/embedded-runtimes/base_runtimes/ravenscar-ssfp/gnarl-common/s-taprob.ads:194:14" shape : ellipse }
node: { title: "system__tasking__protected_objects__lock" label: "Lock\n/.share/CACHEDEV1_DATA/Ada/STM32/F/F103/vl53l0x_avgirq_f103/Ada_Drivers_Library/embedded-runtimes/base_runtimes/ravenscar-ssfp/gnarl-common/s-taprob.ads:180:14" shape : ellipse }
node: { title: "stm32__exti__clear_external_interrupt" label: "CLEAR_EXTERNAL_INTERRUPT\n/.share/CACHEDEV1_DATA/Ada/STM32/F/F103/vl53l0x_avgirq_f103/Ada_Drivers_Library/arch/ARM/STM32/driversF1/stm32-exti.ads:110:14" shape : ellipse }
node: { title: "system__interrupts__install_restricted_handlers" label: "Install_Restricted_Handlers\n/.share/CACHEDEV1_DATA/Ada/STM32/F/F103/vl53l0x_avgirq_f103/Ada_Drivers_Library/embedded-runtimes/base_runtimes/ravenscar-ssfp/gnarl-common/s-interr.ads:87:14" shape : ellipse }
node: { title: "system__tasking__protected_objects__initialize_protection" label: "Initialize_Protection\n/.share/CACHEDEV1_DATA/Ada/STM32/F/F103/vl53l0x_avgirq_f103/Ada_Drivers_Library/embedded-runtimes/base_runtimes/ravenscar-ssfp/gnarl-common/s-taprob.ads:174:14" shape : ellipse }
node: { title: "stm32f1_exti_interrupts___elabs" label: "Stm32f1_Exti_Interrupts\n/.share/CACHEDEV1_DATA/Ada/STM32/F/F103/vl53l0x_avgirq_f103/src/stm32f1_exti_interrupts.ads:36:1\n8 bytes (static)" }
edge: { sourcename: "stm32f1_exti_interrupts___elabs" targetname: "stm32f1_exti_interrupts__handlerTVIP" label: "/.share/CACHEDEV1_DATA/Ada/STM32/F/F103/vl53l0x_avgirq_f103/src/stm32f1_exti_interrupts.ads:40:4" }
node: { title: "stm32f1_exti_interrupts__handler__irq_handlerP" label: "Irq_Handlerp\n/.share/CACHEDEV1_DATA/Ada/STM32/F/F103/vl53l0x_avgirq_f103/src/stm32f1_exti_interrupts.adb:48:7\n16 bytes (static)" }
edge: { sourcename: "stm32f1_exti_interrupts__handler__irq_handlerP" targetname: "system__tasking__protected_objects__unlock" label: "/.share/CACHEDEV1_DATA/Ada/STM32/F/F103/vl53l0x_avgirq_f103/src/stm32f1_exti_interrupts.adb:48:7" }
edge: { sourcename: "stm32f1_exti_interrupts__handler__irq_handlerP" targetname: "stm32f1_exti_interrupts__handler__irq_handlerN" label: "/.share/CACHEDEV1_DATA/Ada/STM32/F/F103/vl53l0x_avgirq_f103/src/stm32f1_exti_interrupts.adb:48:7" }
edge: { sourcename: "stm32f1_exti_interrupts__handler__irq_handlerP" targetname: "system__tasking__protected_objects__lock" label: "/.share/CACHEDEV1_DATA/Ada/STM32/F/F103/vl53l0x_avgirq_f103/src/stm32f1_exti_interrupts.adb:48:7" }
node: { title: "stm32f1_exti_interrupts__handler__irq_handlerN" label: "Irq_Handlern\n/.share/CACHEDEV1_DATA/Ada/STM32/F/F103/vl53l0x_avgirq_f103/src/stm32f1_exti_interrupts.adb:48:7\n24 bytes (static)" }
edge: { sourcename: "stm32f1_exti_interrupts__handler__irq_handlerN" targetname: "stm32__exti__clear_external_interrupt" label: "/.share/CACHEDEV1_DATA/Ada/STM32/F/F103/vl53l0x_avgirq_f103/src/stm32f1_exti_interrupts.adb:50:10" }
node: { title: "stm32f1_exti_interrupts__finalize_spec" label: "Finalize_Spec\n/.share/CACHEDEV1_DATA/Ada/STM32/F/F103/vl53l0x_avgirq_f103/src/stm32f1_exti_interrupts.ads:36:1\n4 bytes (static)" }
node: { title: "stm32f1_exti_interrupts__handlerTVIP" label: "Handlertvip\n/.share/CACHEDEV1_DATA/Ada/STM32/F/F103/vl53l0x_avgirq_f103/src/stm32f1_exti_interrupts.ads:40:4\n40 bytes (static)" }
edge: { sourcename: "stm32f1_exti_interrupts__handlerTVIP" targetname: "system__interrupts__install_restricted_handlers" label: "/.share/CACHEDEV1_DATA/Ada/STM32/F/F103/vl53l0x_avgirq_f103/src/stm32f1_exti_interrupts.ads:40:4" }
edge: { sourcename: "stm32f1_exti_interrupts__handlerTVIP" targetname: "system__tasking__protected_objects__initialize_protection" label: "/.share/CACHEDEV1_DATA/Ada/STM32/F/F103/vl53l0x_avgirq_f103/src/stm32f1_exti_interrupts.ads:40:4" }
}
