graph: { title: "/.share/CACHEDEV1_DATA/Ada/STM32/F/F103/vl53l0x_avgirq_f103/src/vl53l0x_f103.adb"
node: { title: "vl53l0x__set_vcsel_pulse_period_final_range" label: "SET_VCSEL_PULSE_PERIOD_FINAL_RANGE\n/.share/CACHEDEV1_DATA/Ada/STM32/F/F103/vl53l0x_avgirq_f103/Ada_Drivers_Library/components/src/range_sensor/VL53L0X/vl53l0x.ads:131:14" shape : ellipse }
node: { title: "vl53l0x__set_vcsel_pulse_period_pre_range" label: "SET_VCSEL_PULSE_PERIOD_PRE_RANGE\n/.share/CACHEDEV1_DATA/Ada/STM32/F/F103/vl53l0x_avgirq_f103/Ada_Drivers_Library/components/src/range_sensor/VL53L0X/vl53l0x.ads:125:14" shape : ellipse }
node: { title: "vl53l0x__set_measurement_timing_budget" label: "SET_MEASUREMENT_TIMING_BUDGET\n/.share/CACHEDEV1_DATA/Ada/STM32/F/F103/vl53l0x_avgirq_f103/Ada_Drivers_Library/components/src/range_sensor/VL53L0X/vl53l0x.ads:113:14" shape : ellipse }
node: { title: "vl53l0x__set_signal_rate_limit" label: "SET_SIGNAL_RATE_LIMIT\n/.share/CACHEDEV1_DATA/Ada/STM32/F/F103/vl53l0x_avgirq_f103/Ada_Drivers_Library/components/src/range_sensor/VL53L0X/vl53l0x.ads:120:14" shape : ellipse }
node: { title: "vl53l0x__perform_ref_calibration" label: "PERFORM_REF_CALIBRATION\n/.share/CACHEDEV1_DATA/Ada/STM32/F/F103/vl53l0x_avgirq_f103/Ada_Drivers_Library/components/src/range_sensor/VL53L0X/vl53l0x.ads:80:14" shape : ellipse }
node: { title: "vl53l0x__static_init" label: "STATIC_INIT\n/.share/CACHEDEV1_DATA/Ada/STM32/F/F103/vl53l0x_avgirq_f103/Ada_Drivers_Library/components/src/range_sensor/VL53L0X/vl53l0x.ads:75:14" shape : ellipse }
node: { title: "vl53l0x__data_init" label: "DATA_INIT\n/.share/CACHEDEV1_DATA/Ada/STM32/F/F103/vl53l0x_avgirq_f103/Ada_Drivers_Library/components/src/range_sensor/VL53L0X/vl53l0x.ads:71:14" shape : ellipse }
node: { title: "ada__real_time__delays__delay_until" label: "Delay_Until\n/.share/CACHEDEV1_DATA/Ada/STM32/F/F103/vl53l0x_avgirq_f103/Ada_Drivers_Library/embedded-runtimes/base_runtimes/ravenscar-ssfp/gnarl-common/a-retide.ads:37:14" shape : ellipse }
node: { title: "ada__real_time__Oadd" label: "+\n/.share/CACHEDEV1_DATA/Ada/STM32/F/F103/vl53l0x_avgirq_f103/Ada_Drivers_Library/embedded-runtimes/base_runtimes/ravenscar-ssfp/gnarl-common/a-reatim.ads:70:13" shape : ellipse }
node: { title: "ada__real_time__milliseconds" label: "Milliseconds\n/.share/CACHEDEV1_DATA/Ada/STM32/F/F103/vl53l0x_avgirq_f103/Ada_Drivers_Library/embedded-runtimes/base_runtimes/ravenscar-ssfp/gnarl-common/a-reatim.ads:102:13" shape : ellipse }
node: { title: "ada__real_time__clock" label: "Clock\n/.share/CACHEDEV1_DATA/Ada/STM32/F/F103/vl53l0x_avgirq_f103/Ada_Drivers_Library/embedded-runtimes/base_runtimes/ravenscar-ssfp/gnarl-common/a-reatim.ads:66:13" shape : ellipse }
node: { title: "stm32__gpio__configure_trigger" label: "CONFIGURE_TRIGGER\n/.share/CACHEDEV1_DATA/Ada/STM32/F/F103/vl53l0x_avgirq_f103/Ada_Drivers_Library/arch/ARM/STM32/driversF1/stm32-gpio.ads:230:14" shape : ellipse }
node: { title: "stm32__i2c__configure" label: "CONFIGURE\n/.share/CACHEDEV1_DATA/Ada/STM32/F/F103/vl53l0x_avgirq_f103/Ada_Drivers_Library/arch/ARM/STM32/driversF1/i2c_stm32f1/stm32-i2c.ads:88:14" shape : ellipse }
node: { title: "stm32__gpio__configure_io" label: "CONFIGURE_IO\n/.share/CACHEDEV1_DATA/Ada/STM32/F/F103/vl53l0x_avgirq_f103/Ada_Drivers_Library/arch/ARM/STM32/driversF1/stm32-gpio.ads:219:14" shape : ellipse }
node: { title: "stm32__device__reset__6" label: "RESET\n/.share/CACHEDEV1_DATA/Ada/STM32/F/F103/vl53l0x_avgirq_f103/Ada_Drivers_Library/arch/ARM/STM32/devices/stm32f1/stm32-device.ads:296:14" shape : ellipse }
node: { title: "stm32__device__enable_clock__7" label: "ENABLE_CLOCK\n/.share/CACHEDEV1_DATA/Ada/STM32/F/F103/vl53l0x_avgirq_f103/Ada_Drivers_Library/arch/ARM/STM32/devices/stm32f1/stm32-device.ads:293:14" shape : ellipse }
node: { title: "stm32__device__enable_clock__2" label: "ENABLE_CLOCK\n/.share/CACHEDEV1_DATA/Ada/STM32/F/F103/vl53l0x_avgirq_f103/Ada_Drivers_Library/arch/ARM/STM32/devices/stm32f1/stm32-device.ads:67:14" shape : ellipse }
node: { title: "stm32__gpio__clear" label: "CLEAR\n/.share/CACHEDEV1_DATA/Ada/STM32/F/F103/vl53l0x_avgirq_f103/Ada_Drivers_Library/arch/ARM/STM32/driversF1/stm32-gpio.ads:199:14" shape : ellipse }
node: { title: "__gnat_last_chance_handler" label: "gnat_last_chance_handler\n<built-in>" shape : ellipse }
node: { title: "vl53l0x__read_range_single_millimeters" label: "READ_RANGE_SINGLE_MILLIMETERS\n/.share/CACHEDEV1_DATA/Ada/STM32/F/F103/vl53l0x_avgirq_f103/Ada_Drivers_Library/components/src/range_sensor/VL53L0X/vl53l0x.ads:98:13" shape : ellipse }
node: { title: "vl53l0x__initialize" label: "INITIALIZE\n/.share/CACHEDEV1_DATA/Ada/STM32/F/F103/vl53l0x_avgirq_f103/Ada_Drivers_Library/components/src/range_sensor/VL53L0X/vl53l0x.ads:61:14" shape : ellipse }
node: { title: "stm32__gpio__set__2" label: "SET\n/.share/CACHEDEV1_DATA/Ada/STM32/F/F103/vl53l0x_avgirq_f103/Ada_Drivers_Library/arch/ARM/STM32/driversF1/stm32-gpio.ads:193:14" shape : ellipse }
node: { title: "stm32__board__initialize_board" label: "INITIALIZE_BOARD\n/.share/CACHEDEV1_DATA/Ada/STM32/F/F103/vl53l0x_avgirq_f103/Ada_Drivers_Library/boards/stm32f103_bluepill/src/stm32-board.ads:45:14" shape : ellipse }
node: { title: "vl53l0x__vl53l0x_ranging_sensorIP" label: "VL53L0X_RANGING_SENSORIP\n/.share/CACHEDEV1_DATA/Ada/STM32/F/F103/vl53l0x_avgirq_f103/Ada_Drivers_Library/components/src/range_sensor/VL53L0X/vl53l0x.ads:339:9" shape : ellipse }
node: { title: "/.share/CACHEDEV1_DATA/Ada/STM32/F/F103/vl53l0x_avgirq_f103/src/vl53l0x_f103.adb:vl53l0x_f103__reset.4493" label: "Reset\n/.share/CACHEDEV1_DATA/Ada/STM32/F/F103/vl53l0x_avgirq_f103/src/vl53l0x_f103.adb:126:4\n32 bytes (static)" }
edge: { sourcename: "/.share/CACHEDEV1_DATA/Ada/STM32/F/F103/vl53l0x_avgirq_f103/src/vl53l0x_f103.adb:vl53l0x_f103__reset.4493" targetname: "ada__real_time__delays__delay_until" label: "/.share/CACHEDEV1_DATA/Ada/STM32/F/F103/vl53l0x_avgirq_f103/src/vl53l0x_f103.adb:132:7" }
edge: { sourcename: "/.share/CACHEDEV1_DATA/Ada/STM32/F/F103/vl53l0x_avgirq_f103/src/vl53l0x_f103.adb:vl53l0x_f103__reset.4493" targetname: "ada__real_time__Oadd" label: "/.share/CACHEDEV1_DATA/Ada/STM32/F/F103/vl53l0x_avgirq_f103/src/vl53l0x_f103.adb:132:25" }
edge: { sourcename: "/.share/CACHEDEV1_DATA/Ada/STM32/F/F103/vl53l0x_avgirq_f103/src/vl53l0x_f103.adb:vl53l0x_f103__reset.4493" targetname: "ada__real_time__milliseconds" label: "/.share/CACHEDEV1_DATA/Ada/STM32/F/F103/vl53l0x_avgirq_f103/src/vl53l0x_f103.adb:132:27" }
edge: { sourcename: "/.share/CACHEDEV1_DATA/Ada/STM32/F/F103/vl53l0x_avgirq_f103/src/vl53l0x_f103.adb:vl53l0x_f103__reset.4493" targetname: "ada__real_time__clock" label: "/.share/CACHEDEV1_DATA/Ada/STM32/F/F103/vl53l0x_avgirq_f103/src/vl53l0x_f103.adb:132:19" }
edge: { sourcename: "/.share/CACHEDEV1_DATA/Ada/STM32/F/F103/vl53l0x_avgirq_f103/src/vl53l0x_f103.adb:vl53l0x_f103__reset.4493" targetname: "stm32__gpio__set__2" label: "/.share/CACHEDEV1_DATA/Ada/STM32/F/F103/vl53l0x_avgirq_f103/src/vl53l0x_f103.adb:131:7" }
edge: { sourcename: "/.share/CACHEDEV1_DATA/Ada/STM32/F/F103/vl53l0x_avgirq_f103/src/vl53l0x_f103.adb:vl53l0x_f103__reset.4493" targetname: "ada__real_time__delays__delay_until" label: "/.share/CACHEDEV1_DATA/Ada/STM32/F/F103/vl53l0x_avgirq_f103/src/vl53l0x_f103.adb:130:7" }
edge: { sourcename: "/.share/CACHEDEV1_DATA/Ada/STM32/F/F103/vl53l0x_avgirq_f103/src/vl53l0x_f103.adb:vl53l0x_f103__reset.4493" targetname: "ada__real_time__Oadd" label: "/.share/CACHEDEV1_DATA/Ada/STM32/F/F103/vl53l0x_avgirq_f103/src/vl53l0x_f103.adb:130:25" }
edge: { sourcename: "/.share/CACHEDEV1_DATA/Ada/STM32/F/F103/vl53l0x_avgirq_f103/src/vl53l0x_f103.adb:vl53l0x_f103__reset.4493" targetname: "ada__real_time__milliseconds" label: "/.share/CACHEDEV1_DATA/Ada/STM32/F/F103/vl53l0x_avgirq_f103/src/vl53l0x_f103.adb:130:27" }
edge: { sourcename: "/.share/CACHEDEV1_DATA/Ada/STM32/F/F103/vl53l0x_avgirq_f103/src/vl53l0x_f103.adb:vl53l0x_f103__reset.4493" targetname: "ada__real_time__clock" label: "/.share/CACHEDEV1_DATA/Ada/STM32/F/F103/vl53l0x_avgirq_f103/src/vl53l0x_f103.adb:130:19" }
edge: { sourcename: "/.share/CACHEDEV1_DATA/Ada/STM32/F/F103/vl53l0x_avgirq_f103/src/vl53l0x_f103.adb:vl53l0x_f103__reset.4493" targetname: "stm32__gpio__clear" label: "/.share/CACHEDEV1_DATA/Ada/STM32/F/F103/vl53l0x_avgirq_f103/src/vl53l0x_f103.adb:129:7" }
node: { title: "/.share/CACHEDEV1_DATA/Ada/STM32/F/F103/vl53l0x_avgirq_f103/src/vl53l0x_f103.adb:vl53l0x_f103__measure_init.4496" label: "Measure_Init\n/.share/CACHEDEV1_DATA/Ada/STM32/F/F103/vl53l0x_avgirq_f103/src/vl53l0x_f103.adb:102:4\n24 bytes (static)" }
edge: { sourcename: "/.share/CACHEDEV1_DATA/Ada/STM32/F/F103/vl53l0x_avgirq_f103/src/vl53l0x_f103.adb:vl53l0x_f103__measure_init.4496" targetname: "vl53l0x__set_vcsel_pulse_period_final_range" label: "/.share/CACHEDEV1_DATA/Ada/STM32/F/F103/vl53l0x_avgirq_f103/src/vl53l0x_f103.adb:119:10" }
edge: { sourcename: "/.share/CACHEDEV1_DATA/Ada/STM32/F/F103/vl53l0x_avgirq_f103/src/vl53l0x_f103.adb:vl53l0x_f103__measure_init.4496" targetname: "vl53l0x__set_vcsel_pulse_period_pre_range" label: "/.share/CACHEDEV1_DATA/Ada/STM32/F/F103/vl53l0x_avgirq_f103/src/vl53l0x_f103.adb:118:10" }
edge: { sourcename: "/.share/CACHEDEV1_DATA/Ada/STM32/F/F103/vl53l0x_avgirq_f103/src/vl53l0x_f103.adb:vl53l0x_f103__measure_init.4496" targetname: "vl53l0x__set_measurement_timing_budget" label: "/.share/CACHEDEV1_DATA/Ada/STM32/F/F103/vl53l0x_avgirq_f103/src/vl53l0x_f103.adb:117:10" }
edge: { sourcename: "/.share/CACHEDEV1_DATA/Ada/STM32/F/F103/vl53l0x_avgirq_f103/src/vl53l0x_f103.adb:vl53l0x_f103__measure_init.4496" targetname: "vl53l0x__set_signal_rate_limit" label: "/.share/CACHEDEV1_DATA/Ada/STM32/F/F103/vl53l0x_avgirq_f103/src/vl53l0x_f103.adb:116:10" }
edge: { sourcename: "/.share/CACHEDEV1_DATA/Ada/STM32/F/F103/vl53l0x_avgirq_f103/src/vl53l0x_f103.adb:vl53l0x_f103__measure_init.4496" targetname: "vl53l0x__perform_ref_calibration" label: "/.share/CACHEDEV1_DATA/Ada/STM32/F/F103/vl53l0x_avgirq_f103/src/vl53l0x_f103.adb:111:10" }
edge: { sourcename: "/.share/CACHEDEV1_DATA/Ada/STM32/F/F103/vl53l0x_avgirq_f103/src/vl53l0x_f103.adb:vl53l0x_f103__measure_init.4496" targetname: "vl53l0x__static_init" label: "/.share/CACHEDEV1_DATA/Ada/STM32/F/F103/vl53l0x_avgirq_f103/src/vl53l0x_f103.adb:108:7" }
edge: { sourcename: "/.share/CACHEDEV1_DATA/Ada/STM32/F/F103/vl53l0x_avgirq_f103/src/vl53l0x_f103.adb:vl53l0x_f103__measure_init.4496" targetname: "vl53l0x__data_init" label: "/.share/CACHEDEV1_DATA/Ada/STM32/F/F103/vl53l0x_avgirq_f103/src/vl53l0x_f103.adb:106:7" }
node: { title: "_ada_vl53l0x_f103" label: "Vl53l0x_F103\n/.share/CACHEDEV1_DATA/Ada/STM32/F/F103/vl53l0x_avgirq_f103/src/vl53l0x_f103.adb:18:1\n200 bytes (static)" }
edge: { sourcename: "_ada_vl53l0x_f103" targetname: "stm32__gpio__set__2" label: "/.share/CACHEDEV1_DATA/Ada/STM32/F/F103/vl53l0x_avgirq_f103/src/vl53l0x_f103.adb:183:16" }
edge: { sourcename: "_ada_vl53l0x_f103" targetname: "stm32__gpio__clear" label: "/.share/CACHEDEV1_DATA/Ada/STM32/F/F103/vl53l0x_avgirq_f103/src/vl53l0x_f103.adb:181:16" }
edge: { sourcename: "_ada_vl53l0x_f103" targetname: "__gnat_last_chance_handler" label: "/.share/CACHEDEV1_DATA/Ada/STM32/F/F103/vl53l0x_avgirq_f103/src/vl53l0x_f103.adb:169:19" }
edge: { sourcename: "_ada_vl53l0x_f103" targetname: "/.share/CACHEDEV1_DATA/Ada/STM32/F/F103/vl53l0x_avgirq_f103/src/vl53l0x_f103.adb:vl53l0x_f103__measure_init.4496" label: "/.share/CACHEDEV1_DATA/Ada/STM32/F/F103/vl53l0x_avgirq_f103/src/vl53l0x_f103.adb:164:10" }
edge: { sourcename: "_ada_vl53l0x_f103" targetname: "/.share/CACHEDEV1_DATA/Ada/STM32/F/F103/vl53l0x_avgirq_f103/src/vl53l0x_f103.adb:vl53l0x_f103__reset.4493" label: "/.share/CACHEDEV1_DATA/Ada/STM32/F/F103/vl53l0x_avgirq_f103/src/vl53l0x_f103.adb:163:10" }
edge: { sourcename: "_ada_vl53l0x_f103" targetname: "vl53l0x__read_range_single_millimeters" label: "/.share/CACHEDEV1_DATA/Ada/STM32/F/F103/vl53l0x_avgirq_f103/src/vl53l0x_f103.adb:161:11" }
edge: { sourcename: "_ada_vl53l0x_f103" targetname: "/.share/CACHEDEV1_DATA/Ada/STM32/F/F103/vl53l0x_avgirq_f103/src/vl53l0x_f103.adb:vl53l0x_f103__measure_init.4496" label: "/.share/CACHEDEV1_DATA/Ada/STM32/F/F103/vl53l0x_avgirq_f103/src/vl53l0x_f103.adb:158:4" }
edge: { sourcename: "_ada_vl53l0x_f103" targetname: "/.share/CACHEDEV1_DATA/Ada/STM32/F/F103/vl53l0x_avgirq_f103/src/vl53l0x_f103.adb:vl53l0x_f103__reset.4493" label: "/.share/CACHEDEV1_DATA/Ada/STM32/F/F103/vl53l0x_avgirq_f103/src/vl53l0x_f103.adb:156:4" }
edge: { sourcename: "_ada_vl53l0x_f103" targetname: "vl53l0x__initialize" label: "/.share/CACHEDEV1_DATA/Ada/STM32/F/F103/vl53l0x_avgirq_f103/src/vl53l0x_f103.adb:154:4" }
edge: { sourcename: "_ada_vl53l0x_f103" targetname: "/.share/CACHEDEV1_DATA/Ada/STM32/F/F103/vl53l0x_avgirq_f103/src/vl53l0x_f103.adb:vl53l0x_f103__initialize_range_sensor.4856" label: "/.share/CACHEDEV1_DATA/Ada/STM32/F/F103/vl53l0x_avgirq_f103/src/vl53l0x_f103.adb:146:4" }
edge: { sourcename: "_ada_vl53l0x_f103" targetname: "stm32__gpio__set__2" label: "/.share/CACHEDEV1_DATA/Ada/STM32/F/F103/vl53l0x_avgirq_f103/src/vl53l0x_f103.adb:144:4" }
edge: { sourcename: "_ada_vl53l0x_f103" targetname: "stm32__board__initialize_board" label: "/.share/CACHEDEV1_DATA/Ada/STM32/F/F103/vl53l0x_avgirq_f103/src/vl53l0x_f103.adb:142:4" }
edge: { sourcename: "_ada_vl53l0x_f103" targetname: "vl53l0x__vl53l0x_ranging_sensorIP" label: "/.share/CACHEDEV1_DATA/Ada/STM32/F/F103/vl53l0x_avgirq_f103/src/vl53l0x_f103.adb:19:4" }
node: { title: "/.share/CACHEDEV1_DATA/Ada/STM32/F/F103/vl53l0x_avgirq_f103/src/vl53l0x_f103.adb:vl53l0x_f103__initialize_range_sensor.4856" label: "Initialize_Range_Sensor\n/.share/CACHEDEV1_DATA/Ada/STM32/F/F103/vl53l0x_avgirq_f103/src/vl53l0x_f103.adb:50:4\n48 bytes (static)" }
edge: { sourcename: "/.share/CACHEDEV1_DATA/Ada/STM32/F/F103/vl53l0x_avgirq_f103/src/vl53l0x_f103.adb:vl53l0x_f103__initialize_range_sensor.4856" targetname: "stm32__gpio__configure_trigger" label: "/.share/CACHEDEV1_DATA/Ada/STM32/F/F103/vl53l0x_avgirq_f103/src/vl53l0x_f103.adb:98:11" }
edge: { sourcename: "/.share/CACHEDEV1_DATA/Ada/STM32/F/F103/vl53l0x_avgirq_f103/src/vl53l0x_f103.adb:vl53l0x_f103__initialize_range_sensor.4856" targetname: "stm32__gpio__configure_io" label: "/.share/CACHEDEV1_DATA/Ada/STM32/F/F103/vl53l0x_avgirq_f103/src/vl53l0x_f103.adb:96:7" }
edge: { sourcename: "/.share/CACHEDEV1_DATA/Ada/STM32/F/F103/vl53l0x_avgirq_f103/src/vl53l0x_f103.adb:vl53l0x_f103__initialize_range_sensor.4856" targetname: "stm32__gpio__configure_io" label: "/.share/CACHEDEV1_DATA/Ada/STM32/F/F103/vl53l0x_avgirq_f103/src/vl53l0x_f103.adb:90:7" }
edge: { sourcename: "/.share/CACHEDEV1_DATA/Ada/STM32/F/F103/vl53l0x_avgirq_f103/src/vl53l0x_f103.adb:vl53l0x_f103__initialize_range_sensor.4856" targetname: "stm32__i2c__configure" label: "/.share/CACHEDEV1_DATA/Ada/STM32/F/F103/vl53l0x_avgirq_f103/src/vl53l0x_f103.adb:77:16" }
edge: { sourcename: "/.share/CACHEDEV1_DATA/Ada/STM32/F/F103/vl53l0x_avgirq_f103/src/vl53l0x_f103.adb:vl53l0x_f103__initialize_range_sensor.4856" targetname: "__gnat_last_chance_handler" label: "/.share/CACHEDEV1_DATA/Ada/STM32/F/F103/vl53l0x_avgirq_f103/src/vl53l0x_f103.adb:78:15" }
edge: { sourcename: "/.share/CACHEDEV1_DATA/Ada/STM32/F/F103/vl53l0x_avgirq_f103/src/vl53l0x_f103.adb:vl53l0x_f103__initialize_range_sensor.4856" targetname: "stm32__gpio__configure_io" label: "/.share/CACHEDEV1_DATA/Ada/STM32/F/F103/vl53l0x_avgirq_f103/src/vl53l0x_f103.adb:74:7" }
edge: { sourcename: "/.share/CACHEDEV1_DATA/Ada/STM32/F/F103/vl53l0x_avgirq_f103/src/vl53l0x_f103.adb:vl53l0x_f103__initialize_range_sensor.4856" targetname: "stm32__gpio__configure_io" label: "/.share/CACHEDEV1_DATA/Ada/STM32/F/F103/vl53l0x_avgirq_f103/src/vl53l0x_f103.adb:73:7" }
edge: { sourcename: "/.share/CACHEDEV1_DATA/Ada/STM32/F/F103/vl53l0x_avgirq_f103/src/vl53l0x_f103.adb:vl53l0x_f103__initialize_range_sensor.4856" targetname: "stm32__device__reset__6" label: "/.share/CACHEDEV1_DATA/Ada/STM32/F/F103/vl53l0x_avgirq_f103/src/vl53l0x_f103.adb:67:19" }
edge: { sourcename: "/.share/CACHEDEV1_DATA/Ada/STM32/F/F103/vl53l0x_avgirq_f103/src/vl53l0x_f103.adb:vl53l0x_f103__initialize_range_sensor.4856" targetname: "__gnat_last_chance_handler" label: "/.share/CACHEDEV1_DATA/Ada/STM32/F/F103/vl53l0x_avgirq_f103/src/vl53l0x_f103.adb:67:32" }
edge: { sourcename: "/.share/CACHEDEV1_DATA/Ada/STM32/F/F103/vl53l0x_avgirq_f103/src/vl53l0x_f103.adb:vl53l0x_f103__initialize_range_sensor.4856" targetname: "stm32__device__enable_clock__7" label: "/.share/CACHEDEV1_DATA/Ada/STM32/F/F103/vl53l0x_avgirq_f103/src/vl53l0x_f103.adb:65:7" }
edge: { sourcename: "/.share/CACHEDEV1_DATA/Ada/STM32/F/F103/vl53l0x_avgirq_f103/src/vl53l0x_f103.adb:vl53l0x_f103__initialize_range_sensor.4856" targetname: "__gnat_last_chance_handler" label: "/.share/CACHEDEV1_DATA/Ada/STM32/F/F103/vl53l0x_avgirq_f103/src/vl53l0x_f103.adb:65:26" }
edge: { sourcename: "/.share/CACHEDEV1_DATA/Ada/STM32/F/F103/vl53l0x_avgirq_f103/src/vl53l0x_f103.adb:vl53l0x_f103__initialize_range_sensor.4856" targetname: "stm32__device__enable_clock__2" label: "/.share/CACHEDEV1_DATA/Ada/STM32/F/F103/vl53l0x_avgirq_f103/src/vl53l0x_f103.adb:64:7" }
edge: { sourcename: "/.share/CACHEDEV1_DATA/Ada/STM32/F/F103/vl53l0x_avgirq_f103/src/vl53l0x_f103.adb:vl53l0x_f103__initialize_range_sensor.4856" targetname: "stm32__device__enable_clock__2" label: "/.share/CACHEDEV1_DATA/Ada/STM32/F/F103/vl53l0x_avgirq_f103/src/vl53l0x_f103.adb:63:7" }
edge: { sourcename: "/.share/CACHEDEV1_DATA/Ada/STM32/F/F103/vl53l0x_avgirq_f103/src/vl53l0x_f103.adb:vl53l0x_f103__initialize_range_sensor.4856" targetname: "stm32__device__enable_clock__2" label: "/.share/CACHEDEV1_DATA/Ada/STM32/F/F103/vl53l0x_avgirq_f103/src/vl53l0x_f103.adb:62:7" }
edge: { sourcename: "/.share/CACHEDEV1_DATA/Ada/STM32/F/F103/vl53l0x_avgirq_f103/src/vl53l0x_f103.adb:vl53l0x_f103__initialize_range_sensor.4856" targetname: "stm32__device__enable_clock__2" label: "/.share/CACHEDEV1_DATA/Ada/STM32/F/F103/vl53l0x_avgirq_f103/src/vl53l0x_f103.adb:61:7" }
}
