graph: { title: "b__test_ns.adb"
node: { title: "__gnat_finalize" label: "finalize\nb__test_ns.adb:177:17" shape : ellipse }
node: { title: "_ada_test_ns" label: "ada_main_program\nb__test_ns.adb:170:14" shape : ellipse }
node: { title: "__gnat_initialize" label: "initialize\nb__test_ns.adb:174:17" shape : ellipse }
node: { title: "stm32__board___elabs" label: "e96b\nb__test_ns.adb:166:18" shape : ellipse }
node: { title: "stm32__gpio___elabb" label: "e94b\nb__test_ns.adb:164:17" shape : ellipse }
node: { title: "stm32__device___elabb" label: "e92b\nb__test_ns.adb:161:19" shape : ellipse }
node: { title: "stm32__device___elabs" label: "e90b\nb__test_ns.adb:160:19" shape : ellipse }
node: { title: "stm32__gpio___elabs" label: "e88b\nb__test_ns.adb:159:17" shape : ellipse }
node: { title: "stm32__spi___elabb" label: "e86b\nb__test_ns.adb:157:16" shape : ellipse }
node: { title: "stm32__spi___elabs" label: "e84b\nb__test_ns.adb:156:16" shape : ellipse }
node: { title: "hal__spi___elabs" label: "e82b\nb__test_ns.adb:151:14" shape : ellipse }
node: { title: "hal__gpio___elabs" label: "e80b\nb__test_ns.adb:149:15" shape : ellipse }
node: { title: "system__pool_global___elabs" label: "e78b\nb__test_ns.adb:147:25" shape : ellipse }
node: { title: "ada__real_time___elabb" label: "e76b\nb__test_ns.adb:145:20" shape : ellipse }
node: { title: "system__finalization_masters___elabb" label: "e74b\nb__test_ns.adb:143:34" shape : ellipse }
node: { title: "system__finalization_masters___elabs" label: "e72b\nb__test_ns.adb:142:34" shape : ellipse }
node: { title: "system__storage_pools___elabs" label: "e70b\nb__test_ns.adb:140:27" shape : ellipse }
node: { title: "ada__finalization___elabs" label: "e68b\nb__test_ns.adb:138:23" shape : ellipse }
node: { title: "system__finalization_root___elabs" label: "e66b\nb__test_ns.adb:136:31" shape : ellipse }
node: { title: "ada__streams___elabs" label: "e64b\nb__test_ns.adb:134:18" shape : ellipse }
node: { title: "system__exception_table___elabb" label: "e62b\nb__test_ns.adb:131:29" shape : ellipse }
node: { title: "ada__tags___elabb" label: "e60b\nb__test_ns.adb:129:15" shape : ellipse }
node: { title: "system__soft_links___elabs" label: "e58b\nb__test_ns.adb:128:24" shape : ellipse }
node: { title: "system__bb__timing_events___elabs" label: "e56b\nb__test_ns.adb:126:30" shape : ellipse }
node: { title: "__gnat_runtime_initialize" label: "runtime_initialize\nb__test_ns.adb:90:17" shape : ellipse }
node: { title: "ada_main___elabb" label: "e54b\nb__test_ns.adb:119:15" shape : ellipse }
node: { title: "system__standard_library__adafinal" label: "s_stalib_adafinal\nb__test_ns.adb:39:17" shape : ellipse }
node: { title: "__gnat_runtime_finalize" label: "runtime_finalize\nb__test_ns.adb:42:17" shape : ellipse }
node: { title: "system__secondary_stack__ss_stackIP" label: "Ss_Stackip\n/.share/CACHEDEV1_DATA/Ada/Ada_Drivers_Library/embedded-runtimes/ravenscar-stm32l5discovery_ns/full/../../base_runtimes/ravenscar-full/common/s-secsta.ads:106:9" shape : ellipse }
node: { title: "ada_main___elabb" label: "ada_main\nb__test_ns.adb:7:1\n16 bytes (static)" }
edge: { sourcename: "ada_main___elabb" targetname: "ada_main__Tsec_default_sized_stacksBIP" label: "b__test_ns.adb:31:4" }
node: { title: "main" label: "main\nb__test_ns.adb:173:4\n24 bytes (static)" }
edge: { sourcename: "main" targetname: "__gnat_finalize" label: "b__test_ns.adb:189:7" }
edge: { sourcename: "main" targetname: "adafinal" label: "b__test_ns.adb:188:7" }
edge: { sourcename: "main" targetname: "_ada_test_ns" label: "b__test_ns.adb:187:7" }
edge: { sourcename: "main" targetname: "adainit" label: "b__test_ns.adb:186:7" }
edge: { sourcename: "main" targetname: "__gnat_initialize" label: "b__test_ns.adb:185:7" }
node: { title: "adainit" label: "adainit\nb__test_ns.adb:54:4\n8 bytes (static)" }
edge: { sourcename: "adainit" targetname: "stm32__board___elabs" label: "b__test_ns.adb:166:18" }
edge: { sourcename: "adainit" targetname: "stm32__gpio___elabb" label: "b__test_ns.adb:164:17" }
edge: { sourcename: "adainit" targetname: "stm32__device___elabb" label: "b__test_ns.adb:161:19" }
edge: { sourcename: "adainit" targetname: "stm32__device___elabs" label: "b__test_ns.adb:160:19" }
edge: { sourcename: "adainit" targetname: "stm32__gpio___elabs" label: "b__test_ns.adb:159:17" }
edge: { sourcename: "adainit" targetname: "stm32__spi___elabb" label: "b__test_ns.adb:157:16" }
edge: { sourcename: "adainit" targetname: "stm32__spi___elabs" label: "b__test_ns.adb:156:16" }
edge: { sourcename: "adainit" targetname: "hal__spi___elabs" label: "b__test_ns.adb:151:14" }
edge: { sourcename: "adainit" targetname: "hal__gpio___elabs" label: "b__test_ns.adb:149:15" }
edge: { sourcename: "adainit" targetname: "system__pool_global___elabs" label: "b__test_ns.adb:147:25" }
edge: { sourcename: "adainit" targetname: "ada__real_time___elabb" label: "b__test_ns.adb:145:20" }
edge: { sourcename: "adainit" targetname: "system__finalization_masters___elabb" label: "b__test_ns.adb:143:34" }
edge: { sourcename: "adainit" targetname: "system__finalization_masters___elabs" label: "b__test_ns.adb:142:34" }
edge: { sourcename: "adainit" targetname: "system__storage_pools___elabs" label: "b__test_ns.adb:140:27" }
edge: { sourcename: "adainit" targetname: "ada__finalization___elabs" label: "b__test_ns.adb:138:23" }
edge: { sourcename: "adainit" targetname: "system__finalization_root___elabs" label: "b__test_ns.adb:136:31" }
edge: { sourcename: "adainit" targetname: "ada__streams___elabs" label: "b__test_ns.adb:134:18" }
edge: { sourcename: "adainit" targetname: "system__exception_table___elabb" label: "b__test_ns.adb:131:29" }
edge: { sourcename: "adainit" targetname: "ada__tags___elabb" label: "b__test_ns.adb:129:15" }
edge: { sourcename: "adainit" targetname: "system__soft_links___elabs" label: "b__test_ns.adb:128:24" }
edge: { sourcename: "adainit" targetname: "system__bb__timing_events___elabs" label: "b__test_ns.adb:126:30" }
edge: { sourcename: "adainit" targetname: "__gnat_runtime_initialize" label: "b__test_ns.adb:124:7" }
edge: { sourcename: "adainit" targetname: "ada_main___elabb" label: "b__test_ns.adb:119:15" }
node: { title: "adafinal" label: "adafinal\nb__test_ns.adb:38:4\n8 bytes (static)" }
edge: { sourcename: "adafinal" targetname: "system__standard_library__adafinal" label: "b__test_ns.adb:51:7" }
edge: { sourcename: "adafinal" targetname: "__gnat_runtime_finalize" label: "b__test_ns.adb:50:7" }
node: { title: "ada_main__Tsec_default_sized_stacksBIP" label: "tsec_default_sized_stacksbip\nb__test_ns.adb:31:4\n32 bytes (static)" }
edge: { sourcename: "ada_main__Tsec_default_sized_stacksBIP" targetname: "system__secondary_stack__ss_stackIP" label: "b__test_ns.adb:31:4" }
}
