graph: { title: "/.share/CACHEDEV1_DATA/Ada/STM32/L/L562/pka_gen/test_s/src/curve.adb"
node: { title: "__gnat_last_chance_handler" label: "Last_Chance_Handler\n/.share/CACHEDEV1_DATA/Ada/STM32/L/L562/pka_gen/Ada_Drivers_Library/embedded-runtimes/base_runtimes/ravenscar-sfp/common/a-except.adb:43:17" shape : ellipse }
node: { title: "stm32__rng__random" label: "RANDOM\n/.share/CACHEDEV1_DATA/Ada/STM32/L/L562/pka_gen/Ada_Drivers_Library/arch/ARM/STM32/driversL5/stm32-rng.ads:13:13" shape : ellipse }
node: { title: "stm32__rng__enable_rng" label: "ENABLE_RNG\n/.share/CACHEDEV1_DATA/Ada/STM32/L/L562/pka_gen/Ada_Drivers_Library/arch/ARM/STM32/driversL5/stm32-rng.ads:11:14" shape : ellipse }
node: { title: "memcmp" label: "builtin_memcmp\n<built-in>" shape : ellipse }
node: { title: "stm32__device__s_ns_periph" label: "S_NS_PERIPH\n/.share/CACHEDEV1_DATA/Ada/STM32/L/L562/pka_gen/Ada_Drivers_Library/arch/ARM/STM32/devices/stm32l5/stm32-device.ads:76:13" shape : ellipse }
node: { title: "memcpy" label: "builtin_memcpy\n<built-in>" shape : ellipse }
node: { title: "__gnat_last_chance_handler" label: "gnat_last_chance_handler\n<built-in>" shape : ellipse }
node: { title: "/.share/CACHEDEV1_DATA/Ada/STM32/L/L562/pka_gen/test_s/src/curve.adb:curve__test__ec__make_public_key_string.6088" label: "MAKE_PUBLIC_KEY_STRING\n/.share/CACHEDEV1_DATA/Ada/STM32/L/L562/pka_gen/Ada_Drivers_Library/arch/ARM/STM32/driversL5/stm32-pka.adb:790:4\n40 bytes (dynamic)" }
edge: { sourcename: "/.share/CACHEDEV1_DATA/Ada/STM32/L/L562/pka_gen/test_s/src/curve.adb:curve__test__ec__make_public_key_string.6088" targetname: "memcpy" }
edge: { sourcename: "/.share/CACHEDEV1_DATA/Ada/STM32/L/L562/pka_gen/test_s/src/curve.adb:curve__test__ec__make_public_key_string.6088" targetname: "/.share/CACHEDEV1_DATA/Ada/STM32/L/L562/pka_gen/test_s/src/curve.adb:curve__test__ec__ecdsa_point_mult__2.5630" label: "/.share/CACHEDEV1_DATA/Ada/STM32/L/L562/pka_gen/Ada_Drivers_Library/arch/ARM/STM32/driversL5/stm32-pka.adb:794:7" }
node: { title: "/.share/CACHEDEV1_DATA/Ada/STM32/L/L562/pka_gen/test_s/src/curve.adb:curve__test__ec__make_random_group_string.5633" label: "MAKE_RANDOM_GROUP_STRING\n/.share/CACHEDEV1_DATA/Ada/STM32/L/L562/pka_gen/Ada_Drivers_Library/arch/ARM/STM32/driversL5/stm32-pka.adb:754:4\n128 bytes (dynamic)" }
edge: { sourcename: "/.share/CACHEDEV1_DATA/Ada/STM32/L/L562/pka_gen/test_s/src/curve.adb:curve__test__ec__make_random_group_string.5633" targetname: "memcpy" }
edge: { sourcename: "/.share/CACHEDEV1_DATA/Ada/STM32/L/L562/pka_gen/test_s/src/curve.adb:curve__test__ec__make_random_group_string.5633" targetname: "memcpy" }
edge: { sourcename: "/.share/CACHEDEV1_DATA/Ada/STM32/L/L562/pka_gen/test_s/src/curve.adb:curve__test__ec__make_random_group_string.5633" targetname: "/.share/CACHEDEV1_DATA/Ada/STM32/L/L562/pka_gen/test_s/src/curve.adb:curve__test__ec__ecdsa_math.5618" label: "/.share/CACHEDEV1_DATA/Ada/STM32/L/L562/pka_gen/Ada_Drivers_Library/arch/ARM/STM32/driversL5/stm32-pka.adb:782:10" }
edge: { sourcename: "/.share/CACHEDEV1_DATA/Ada/STM32/L/L562/pka_gen/test_s/src/curve.adb:curve__test__ec__make_random_group_string.5633" targetname: "__gnat_last_chance_handler" label: "/.share/CACHEDEV1_DATA/Ada/STM32/L/L562/pka_gen/Ada_Drivers_Library/arch/ARM/STM32/driversL5/stm32-pka.adb:782:10" }
edge: { sourcename: "/.share/CACHEDEV1_DATA/Ada/STM32/L/L562/pka_gen/test_s/src/curve.adb:curve__test__ec__make_random_group_string.5633" targetname: "__gnat_last_chance_handler" label: "/.share/CACHEDEV1_DATA/Ada/STM32/L/L562/pka_gen/Ada_Drivers_Library/arch/ARM/STM32/driversL5/stm32-pka.adb:782:10" }
edge: { sourcename: "/.share/CACHEDEV1_DATA/Ada/STM32/L/L562/pka_gen/test_s/src/curve.adb:curve__test__ec__make_random_group_string.5633" targetname: "__gnat_last_chance_handler" label: "/.share/CACHEDEV1_DATA/Ada/STM32/L/L562/pka_gen/Ada_Drivers_Library/arch/ARM/STM32/driversL5/stm32-pka.adb:780:18" }
edge: { sourcename: "/.share/CACHEDEV1_DATA/Ada/STM32/L/L562/pka_gen/test_s/src/curve.adb:curve__test__ec__make_random_group_string.5633" targetname: "memcpy" }
edge: { sourcename: "/.share/CACHEDEV1_DATA/Ada/STM32/L/L562/pka_gen/test_s/src/curve.adb:curve__test__ec__make_random_group_string.5633" targetname: "__gnat_last_chance_handler" label: "/.share/CACHEDEV1_DATA/Ada/STM32/L/L562/pka_gen/Ada_Drivers_Library/arch/ARM/STM32/driversL5/stm32-pka.adb:779:17" }
edge: { sourcename: "/.share/CACHEDEV1_DATA/Ada/STM32/L/L562/pka_gen/test_s/src/curve.adb:curve__test__ec__make_random_group_string.5633" targetname: "__gnat_last_chance_handler" label: "/.share/CACHEDEV1_DATA/Ada/STM32/L/L562/pka_gen/Ada_Drivers_Library/arch/ARM/STM32/driversL5/stm32-pka.adb:779:17" }
edge: { sourcename: "/.share/CACHEDEV1_DATA/Ada/STM32/L/L562/pka_gen/test_s/src/curve.adb:curve__test__ec__make_random_group_string.5633" targetname: "/.share/CACHEDEV1_DATA/Ada/STM32/L/L562/pka_gen/test_s/src/curve.adb:curve__test__ec__copy_u32_to_s.5594" label: "/.share/CACHEDEV1_DATA/Ada/STM32/L/L562/pka_gen/Ada_Drivers_Library/arch/ARM/STM32/driversL5/stm32-pka.adb:776:7" }
edge: { sourcename: "/.share/CACHEDEV1_DATA/Ada/STM32/L/L562/pka_gen/test_s/src/curve.adb:curve__test__ec__make_random_group_string.5633" targetname: "__gnat_last_chance_handler" label: "/.share/CACHEDEV1_DATA/Ada/STM32/L/L562/pka_gen/Ada_Drivers_Library/arch/ARM/STM32/driversL5/stm32-pka.adb:773:27" }
edge: { sourcename: "/.share/CACHEDEV1_DATA/Ada/STM32/L/L562/pka_gen/test_s/src/curve.adb:curve__test__ec__make_random_group_string.5633" targetname: "__gnat_last_chance_handler" label: "/.share/CACHEDEV1_DATA/Ada/STM32/L/L562/pka_gen/Ada_Drivers_Library/arch/ARM/STM32/driversL5/stm32-pka.adb:773:13" }
edge: { sourcename: "/.share/CACHEDEV1_DATA/Ada/STM32/L/L562/pka_gen/test_s/src/curve.adb:curve__test__ec__make_random_group_string.5633" targetname: "__gnat_last_chance_handler" label: "/.share/CACHEDEV1_DATA/Ada/STM32/L/L562/pka_gen/Ada_Drivers_Library/arch/ARM/STM32/driversL5/stm32-pka.adb:771:48" }
edge: { sourcename: "/.share/CACHEDEV1_DATA/Ada/STM32/L/L562/pka_gen/test_s/src/curve.adb:curve__test__ec__make_random_group_string.5633" targetname: "__gnat_last_chance_handler" label: "/.share/CACHEDEV1_DATA/Ada/STM32/L/L562/pka_gen/Ada_Drivers_Library/arch/ARM/STM32/driversL5/stm32-pka.adb:770:68" }
edge: { sourcename: "/.share/CACHEDEV1_DATA/Ada/STM32/L/L562/pka_gen/test_s/src/curve.adb:curve__test__ec__make_random_group_string.5633" targetname: "stm32__rng__random" label: "/.share/CACHEDEV1_DATA/Ada/STM32/L/L562/pka_gen/Ada_Drivers_Library/arch/ARM/STM32/driversL5/stm32-pka.adb:765:22" }
edge: { sourcename: "/.share/CACHEDEV1_DATA/Ada/STM32/L/L562/pka_gen/test_s/src/curve.adb:curve__test__ec__make_random_group_string.5633" targetname: "__gnat_last_chance_handler" label: "/.share/CACHEDEV1_DATA/Ada/STM32/L/L562/pka_gen/Ada_Drivers_Library/arch/ARM/STM32/driversL5/stm32-pka.adb:765:10" }
edge: { sourcename: "/.share/CACHEDEV1_DATA/Ada/STM32/L/L562/pka_gen/test_s/src/curve.adb:curve__test__ec__make_random_group_string.5633" targetname: "/.share/CACHEDEV1_DATA/Ada/STM32/L/L562/pka_gen/test_s/src/curve.adb:curve__test__ec__common_init.6063" label: "/.share/CACHEDEV1_DATA/Ada/STM32/L/L562/pka_gen/Ada_Drivers_Library/arch/ARM/STM32/driversL5/stm32-pka.adb:763:13" }
edge: { sourcename: "/.share/CACHEDEV1_DATA/Ada/STM32/L/L562/pka_gen/test_s/src/curve.adb:curve__test__ec__make_random_group_string.5633" targetname: "/.share/CACHEDEV1_DATA/Ada/STM32/L/L562/pka_gen/test_s/src/curve.adb:curve__test__ec__enable_pka.5596" label: "/.share/CACHEDEV1_DATA/Ada/STM32/L/L562/pka_gen/Ada_Drivers_Library/arch/ARM/STM32/driversL5/stm32-pka.adb:762:7" }
edge: { sourcename: "/.share/CACHEDEV1_DATA/Ada/STM32/L/L562/pka_gen/test_s/src/curve.adb:curve__test__ec__make_random_group_string.5633" targetname: "stm32__rng__enable_rng" label: "/.share/CACHEDEV1_DATA/Ada/STM32/L/L562/pka_gen/Ada_Drivers_Library/arch/ARM/STM32/driversL5/stm32-pka.adb:761:7" }
edge: { sourcename: "/.share/CACHEDEV1_DATA/Ada/STM32/L/L562/pka_gen/test_s/src/curve.adb:curve__test__ec__make_random_group_string.5633" targetname: "__gnat_last_chance_handler" label: "/.share/CACHEDEV1_DATA/Ada/STM32/L/L562/pka_gen/Ada_Drivers_Library/arch/ARM/STM32/driversL5/stm32-pka.adb:759:52" }
node: { title: "/.share/CACHEDEV1_DATA/Ada/STM32/L/L562/pka_gen/test_s/src/curve.adb:curve__test__ec__ecdsa_point_mult__2.5630" label: "ECDSA_POINT_MULT\n/.share/CACHEDEV1_DATA/Ada/STM32/L/L562/pka_gen/Ada_Drivers_Library/arch/ARM/STM32/driversL5/stm32-pka.adb:731:4\n176 bytes (static)" }
edge: { sourcename: "/.share/CACHEDEV1_DATA/Ada/STM32/L/L562/pka_gen/test_s/src/curve.adb:curve__test__ec__ecdsa_point_mult__2.5630" targetname: "/.share/CACHEDEV1_DATA/Ada/STM32/L/L562/pka_gen/test_s/src/curve.adb:curve__test__ec__copy_u32_to_s.5594" label: "/.share/CACHEDEV1_DATA/Ada/STM32/L/L562/pka_gen/Ada_Drivers_Library/arch/ARM/STM32/driversL5/stm32-pka.adb:751:7" }
edge: { sourcename: "/.share/CACHEDEV1_DATA/Ada/STM32/L/L562/pka_gen/test_s/src/curve.adb:curve__test__ec__ecdsa_point_mult__2.5630" targetname: "/.share/CACHEDEV1_DATA/Ada/STM32/L/L562/pka_gen/test_s/src/curve.adb:curve__test__ec__copy_u32_to_s.5594" label: "/.share/CACHEDEV1_DATA/Ada/STM32/L/L562/pka_gen/Ada_Drivers_Library/arch/ARM/STM32/driversL5/stm32-pka.adb:750:7" }
edge: { sourcename: "/.share/CACHEDEV1_DATA/Ada/STM32/L/L562/pka_gen/test_s/src/curve.adb:curve__test__ec__ecdsa_point_mult__2.5630" targetname: "/.share/CACHEDEV1_DATA/Ada/STM32/L/L562/pka_gen/test_s/src/curve.adb:curve__test__ec__startpka.6060" label: "/.share/CACHEDEV1_DATA/Ada/STM32/L/L562/pka_gen/Ada_Drivers_Library/arch/ARM/STM32/driversL5/stm32-pka.adb:749:7" }
edge: { sourcename: "/.share/CACHEDEV1_DATA/Ada/STM32/L/L562/pka_gen/test_s/src/curve.adb:curve__test__ec__ecdsa_point_mult__2.5630" targetname: "/.share/CACHEDEV1_DATA/Ada/STM32/L/L562/pka_gen/test_s/src/curve.adb:curve__test__ec__copy_s_to_u32.5577" label: "/.share/CACHEDEV1_DATA/Ada/STM32/L/L562/pka_gen/Ada_Drivers_Library/arch/ARM/STM32/driversL5/stm32-pka.adb:748:7" }
edge: { sourcename: "/.share/CACHEDEV1_DATA/Ada/STM32/L/L562/pka_gen/test_s/src/curve.adb:curve__test__ec__ecdsa_point_mult__2.5630" targetname: "/.share/CACHEDEV1_DATA/Ada/STM32/L/L562/pka_gen/test_s/src/curve.adb:curve__test__ec__copy_s_to_u32.5577" label: "/.share/CACHEDEV1_DATA/Ada/STM32/L/L562/pka_gen/Ada_Drivers_Library/arch/ARM/STM32/driversL5/stm32-pka.adb:747:7" }
edge: { sourcename: "/.share/CACHEDEV1_DATA/Ada/STM32/L/L562/pka_gen/test_s/src/curve.adb:curve__test__ec__ecdsa_point_mult__2.5630" targetname: "/.share/CACHEDEV1_DATA/Ada/STM32/L/L562/pka_gen/test_s/src/curve.adb:curve__test__ec__copy_s_to_u32.5577" label: "/.share/CACHEDEV1_DATA/Ada/STM32/L/L562/pka_gen/Ada_Drivers_Library/arch/ARM/STM32/driversL5/stm32-pka.adb:746:7" }
edge: { sourcename: "/.share/CACHEDEV1_DATA/Ada/STM32/L/L562/pka_gen/test_s/src/curve.adb:curve__test__ec__ecdsa_point_mult__2.5630" targetname: "/.share/CACHEDEV1_DATA/Ada/STM32/L/L562/pka_gen/test_s/src/curve.adb:curve__test__ec__copy_s_to_u32.5577" label: "/.share/CACHEDEV1_DATA/Ada/STM32/L/L562/pka_gen/Ada_Drivers_Library/arch/ARM/STM32/driversL5/stm32-pka.adb:745:7" }
edge: { sourcename: "/.share/CACHEDEV1_DATA/Ada/STM32/L/L562/pka_gen/test_s/src/curve.adb:curve__test__ec__ecdsa_point_mult__2.5630" targetname: "/.share/CACHEDEV1_DATA/Ada/STM32/L/L562/pka_gen/test_s/src/curve.adb:curve__test__ec__copy_s_to_u32.5577" label: "/.share/CACHEDEV1_DATA/Ada/STM32/L/L562/pka_gen/Ada_Drivers_Library/arch/ARM/STM32/driversL5/stm32-pka.adb:744:7" }
edge: { sourcename: "/.share/CACHEDEV1_DATA/Ada/STM32/L/L562/pka_gen/test_s/src/curve.adb:curve__test__ec__ecdsa_point_mult__2.5630" targetname: "/.share/CACHEDEV1_DATA/Ada/STM32/L/L562/pka_gen/test_s/src/curve.adb:curve__test__ec__disable_pka.5598" label: "/.share/CACHEDEV1_DATA/Ada/STM32/L/L562/pka_gen/Ada_Drivers_Library/arch/ARM/STM32/driversL5/stm32-pka.adb:741:7" }
edge: { sourcename: "/.share/CACHEDEV1_DATA/Ada/STM32/L/L562/pka_gen/test_s/src/curve.adb:curve__test__ec__ecdsa_point_mult__2.5630" targetname: "/.share/CACHEDEV1_DATA/Ada/STM32/L/L562/pka_gen/test_s/src/curve.adb:curve__test__ec__clear_ram.5604" label: "/.share/CACHEDEV1_DATA/Ada/STM32/L/L562/pka_gen/Ada_Drivers_Library/arch/ARM/STM32/driversL5/stm32-pka.adb:739:7" }
edge: { sourcename: "/.share/CACHEDEV1_DATA/Ada/STM32/L/L562/pka_gen/test_s/src/curve.adb:curve__test__ec__ecdsa_point_mult__2.5630" targetname: "/.share/CACHEDEV1_DATA/Ada/STM32/L/L562/pka_gen/test_s/src/curve.adb:curve__test__ec__common_init.6063" label: "/.share/CACHEDEV1_DATA/Ada/STM32/L/L562/pka_gen/Ada_Drivers_Library/arch/ARM/STM32/driversL5/stm32-pka.adb:738:13" }
edge: { sourcename: "/.share/CACHEDEV1_DATA/Ada/STM32/L/L562/pka_gen/test_s/src/curve.adb:curve__test__ec__ecdsa_point_mult__2.5630" targetname: "/.share/CACHEDEV1_DATA/Ada/STM32/L/L562/pka_gen/test_s/src/curve.adb:curve__test__ec__enable_pka.5596" label: "/.share/CACHEDEV1_DATA/Ada/STM32/L/L562/pka_gen/Ada_Drivers_Library/arch/ARM/STM32/driversL5/stm32-pka.adb:737:7" }
edge: { sourcename: "/.share/CACHEDEV1_DATA/Ada/STM32/L/L562/pka_gen/test_s/src/curve.adb:curve__test__ec__ecdsa_point_mult__2.5630" targetname: "__gnat_last_chance_handler" label: "/.share/CACHEDEV1_DATA/Ada/STM32/L/L562/pka_gen/Ada_Drivers_Library/arch/ARM/STM32/driversL5/stm32-pka.adb:735:52" }
edge: { sourcename: "/.share/CACHEDEV1_DATA/Ada/STM32/L/L562/pka_gen/test_s/src/curve.adb:curve__test__ec__ecdsa_point_mult__2.5630" targetname: "stm32__device__s_ns_periph" label: "/.share/CACHEDEV1_DATA/Ada/STM32/L/L562/pka_gen/Ada_Drivers_Library/arch/ARM/STM32/driversL5/stm32-pka.adb:735:63" }
node: { title: "/.share/CACHEDEV1_DATA/Ada/STM32/L/L562/pka_gen/test_s/src/curve.adb:curve__test__ec__ecdsa_math.5618" label: "ECDSA_MATH\n/.share/CACHEDEV1_DATA/Ada/STM32/L/L562/pka_gen/Ada_Drivers_Library/arch/ARM/STM32/driversL5/stm32-pka.adb:615:4\n328 bytes (static)" }
edge: { sourcename: "/.share/CACHEDEV1_DATA/Ada/STM32/L/L562/pka_gen/test_s/src/curve.adb:curve__test__ec__ecdsa_math.5618" targetname: "memcpy" }
edge: { sourcename: "/.share/CACHEDEV1_DATA/Ada/STM32/L/L562/pka_gen/test_s/src/curve.adb:curve__test__ec__ecdsa_math.5618" targetname: "memcpy" }
edge: { sourcename: "/.share/CACHEDEV1_DATA/Ada/STM32/L/L562/pka_gen/test_s/src/curve.adb:curve__test__ec__ecdsa_math.5618" targetname: "memcpy" }
edge: { sourcename: "/.share/CACHEDEV1_DATA/Ada/STM32/L/L562/pka_gen/test_s/src/curve.adb:curve__test__ec__ecdsa_math.5618" targetname: "memcpy" }
edge: { sourcename: "/.share/CACHEDEV1_DATA/Ada/STM32/L/L562/pka_gen/test_s/src/curve.adb:curve__test__ec__ecdsa_math.5618" targetname: "memcpy" }
edge: { sourcename: "/.share/CACHEDEV1_DATA/Ada/STM32/L/L562/pka_gen/test_s/src/curve.adb:curve__test__ec__ecdsa_math.5618" targetname: "memcpy" }
edge: { sourcename: "/.share/CACHEDEV1_DATA/Ada/STM32/L/L562/pka_gen/test_s/src/curve.adb:curve__test__ec__ecdsa_math.5618" targetname: "memcpy" }
edge: { sourcename: "/.share/CACHEDEV1_DATA/Ada/STM32/L/L562/pka_gen/test_s/src/curve.adb:curve__test__ec__ecdsa_math.5618" targetname: "memcpy" }
edge: { sourcename: "/.share/CACHEDEV1_DATA/Ada/STM32/L/L562/pka_gen/test_s/src/curve.adb:curve__test__ec__ecdsa_math.5618" targetname: "memcpy" }
edge: { sourcename: "/.share/CACHEDEV1_DATA/Ada/STM32/L/L562/pka_gen/test_s/src/curve.adb:curve__test__ec__ecdsa_math.5618" targetname: "/.share/CACHEDEV1_DATA/Ada/STM32/L/L562/pka_gen/test_s/src/curve.adb:curve__test__ec__copy_u32_to_s.5594" label: "/.share/CACHEDEV1_DATA/Ada/STM32/L/L562/pka_gen/Ada_Drivers_Library/arch/ARM/STM32/driversL5/stm32-pka.adb:679:16" }
edge: { sourcename: "/.share/CACHEDEV1_DATA/Ada/STM32/L/L562/pka_gen/test_s/src/curve.adb:curve__test__ec__ecdsa_math.5618" targetname: "/.share/CACHEDEV1_DATA/Ada/STM32/L/L562/pka_gen/test_s/src/curve.adb:curve__test__ec__copy_u32_to_s.5594" label: "/.share/CACHEDEV1_DATA/Ada/STM32/L/L562/pka_gen/Ada_Drivers_Library/arch/ARM/STM32/driversL5/stm32-pka.adb:677:16" }
edge: { sourcename: "/.share/CACHEDEV1_DATA/Ada/STM32/L/L562/pka_gen/test_s/src/curve.adb:curve__test__ec__ecdsa_math.5618" targetname: "/.share/CACHEDEV1_DATA/Ada/STM32/L/L562/pka_gen/test_s/src/curve.adb:curve__test__ec__startpka.6060" label: "/.share/CACHEDEV1_DATA/Ada/STM32/L/L562/pka_gen/Ada_Drivers_Library/arch/ARM/STM32/driversL5/stm32-pka.adb:675:16" }
edge: { sourcename: "/.share/CACHEDEV1_DATA/Ada/STM32/L/L562/pka_gen/test_s/src/curve.adb:curve__test__ec__ecdsa_math.5618" targetname: "memcpy" }
edge: { sourcename: "/.share/CACHEDEV1_DATA/Ada/STM32/L/L562/pka_gen/test_s/src/curve.adb:curve__test__ec__ecdsa_math.5618" targetname: "memcpy" }
edge: { sourcename: "/.share/CACHEDEV1_DATA/Ada/STM32/L/L562/pka_gen/test_s/src/curve.adb:curve__test__ec__ecdsa_math.5618" targetname: "/.share/CACHEDEV1_DATA/Ada/STM32/L/L562/pka_gen/test_s/src/curve.adb:curve__test__ec__copy_s_to_u32.5577" label: "/.share/CACHEDEV1_DATA/Ada/STM32/L/L562/pka_gen/Ada_Drivers_Library/arch/ARM/STM32/driversL5/stm32-pka.adb:669:16" }
edge: { sourcename: "/.share/CACHEDEV1_DATA/Ada/STM32/L/L562/pka_gen/test_s/src/curve.adb:curve__test__ec__ecdsa_math.5618" targetname: "/.share/CACHEDEV1_DATA/Ada/STM32/L/L562/pka_gen/test_s/src/curve.adb:curve__test__ec__copy_s_to_u32.5577" label: "/.share/CACHEDEV1_DATA/Ada/STM32/L/L562/pka_gen/Ada_Drivers_Library/arch/ARM/STM32/driversL5/stm32-pka.adb:667:16" }
edge: { sourcename: "/.share/CACHEDEV1_DATA/Ada/STM32/L/L562/pka_gen/test_s/src/curve.adb:curve__test__ec__ecdsa_math.5618" targetname: "/.share/CACHEDEV1_DATA/Ada/STM32/L/L562/pka_gen/test_s/src/curve.adb:curve__test__ec__copy_s_to_u32.5577" label: "/.share/CACHEDEV1_DATA/Ada/STM32/L/L562/pka_gen/Ada_Drivers_Library/arch/ARM/STM32/driversL5/stm32-pka.adb:665:16" }
edge: { sourcename: "/.share/CACHEDEV1_DATA/Ada/STM32/L/L562/pka_gen/test_s/src/curve.adb:curve__test__ec__ecdsa_math.5618" targetname: "/.share/CACHEDEV1_DATA/Ada/STM32/L/L562/pka_gen/test_s/src/curve.adb:curve__test__ec__copy_s_to_u32.5577" label: "/.share/CACHEDEV1_DATA/Ada/STM32/L/L562/pka_gen/Ada_Drivers_Library/arch/ARM/STM32/driversL5/stm32-pka.adb:663:16" }
edge: { sourcename: "/.share/CACHEDEV1_DATA/Ada/STM32/L/L562/pka_gen/test_s/src/curve.adb:curve__test__ec__ecdsa_math.5618" targetname: "/.share/CACHEDEV1_DATA/Ada/STM32/L/L562/pka_gen/test_s/src/curve.adb:curve__test__ec__startpka.6060" label: "/.share/CACHEDEV1_DATA/Ada/STM32/L/L562/pka_gen/Ada_Drivers_Library/arch/ARM/STM32/driversL5/stm32-pka.adb:661:16" }
edge: { sourcename: "/.share/CACHEDEV1_DATA/Ada/STM32/L/L562/pka_gen/test_s/src/curve.adb:curve__test__ec__ecdsa_math.5618" targetname: "/.share/CACHEDEV1_DATA/Ada/STM32/L/L562/pka_gen/test_s/src/curve.adb:curve__test__ec__startpka.6060" label: "/.share/CACHEDEV1_DATA/Ada/STM32/L/L562/pka_gen/Ada_Drivers_Library/arch/ARM/STM32/driversL5/stm32-pka.adb:659:16" }
edge: { sourcename: "/.share/CACHEDEV1_DATA/Ada/STM32/L/L562/pka_gen/test_s/src/curve.adb:curve__test__ec__ecdsa_math.5618" targetname: "/.share/CACHEDEV1_DATA/Ada/STM32/L/L562/pka_gen/test_s/src/curve.adb:curve__test__ec__copy_s_to_u32.5577" label: "/.share/CACHEDEV1_DATA/Ada/STM32/L/L562/pka_gen/Ada_Drivers_Library/arch/ARM/STM32/driversL5/stm32-pka.adb:658:16" }
edge: { sourcename: "/.share/CACHEDEV1_DATA/Ada/STM32/L/L562/pka_gen/test_s/src/curve.adb:curve__test__ec__ecdsa_math.5618" targetname: "/.share/CACHEDEV1_DATA/Ada/STM32/L/L562/pka_gen/test_s/src/curve.adb:curve__test__ec__startpka.6060" label: "/.share/CACHEDEV1_DATA/Ada/STM32/L/L562/pka_gen/Ada_Drivers_Library/arch/ARM/STM32/driversL5/stm32-pka.adb:656:16" }
edge: { sourcename: "/.share/CACHEDEV1_DATA/Ada/STM32/L/L562/pka_gen/test_s/src/curve.adb:curve__test__ec__ecdsa_math.5618" targetname: "/.share/CACHEDEV1_DATA/Ada/STM32/L/L562/pka_gen/test_s/src/curve.adb:curve__test__ec__startpka.6060" label: "/.share/CACHEDEV1_DATA/Ada/STM32/L/L562/pka_gen/Ada_Drivers_Library/arch/ARM/STM32/driversL5/stm32-pka.adb:653:16" }
edge: { sourcename: "/.share/CACHEDEV1_DATA/Ada/STM32/L/L562/pka_gen/test_s/src/curve.adb:curve__test__ec__ecdsa_math.5618" targetname: "/.share/CACHEDEV1_DATA/Ada/STM32/L/L562/pka_gen/test_s/src/curve.adb:curve__test__ec__startpka.6060" label: "/.share/CACHEDEV1_DATA/Ada/STM32/L/L562/pka_gen/Ada_Drivers_Library/arch/ARM/STM32/driversL5/stm32-pka.adb:650:16" }
edge: { sourcename: "/.share/CACHEDEV1_DATA/Ada/STM32/L/L562/pka_gen/test_s/src/curve.adb:curve__test__ec__ecdsa_math.5618" targetname: "/.share/CACHEDEV1_DATA/Ada/STM32/L/L562/pka_gen/test_s/src/curve.adb:curve__test__ec__startpka.6060" label: "/.share/CACHEDEV1_DATA/Ada/STM32/L/L562/pka_gen/Ada_Drivers_Library/arch/ARM/STM32/driversL5/stm32-pka.adb:648:16" }
edge: { sourcename: "/.share/CACHEDEV1_DATA/Ada/STM32/L/L562/pka_gen/test_s/src/curve.adb:curve__test__ec__ecdsa_math.5618" targetname: "/.share/CACHEDEV1_DATA/Ada/STM32/L/L562/pka_gen/test_s/src/curve.adb:curve__test__ec__startpka.6060" label: "/.share/CACHEDEV1_DATA/Ada/STM32/L/L562/pka_gen/Ada_Drivers_Library/arch/ARM/STM32/driversL5/stm32-pka.adb:646:16" }
edge: { sourcename: "/.share/CACHEDEV1_DATA/Ada/STM32/L/L562/pka_gen/test_s/src/curve.adb:curve__test__ec__ecdsa_math.5618" targetname: "memcpy" }
edge: { sourcename: "/.share/CACHEDEV1_DATA/Ada/STM32/L/L562/pka_gen/test_s/src/curve.adb:curve__test__ec__ecdsa_math.5618" targetname: "memcpy" }
edge: { sourcename: "/.share/CACHEDEV1_DATA/Ada/STM32/L/L562/pka_gen/test_s/src/curve.adb:curve__test__ec__ecdsa_math.5618" targetname: "/.share/CACHEDEV1_DATA/Ada/STM32/L/L562/pka_gen/test_s/src/curve.adb:curve__test__ec__copy_s_to_u32.5577" label: "/.share/CACHEDEV1_DATA/Ada/STM32/L/L562/pka_gen/Ada_Drivers_Library/arch/ARM/STM32/driversL5/stm32-pka.adb:640:16" }
edge: { sourcename: "/.share/CACHEDEV1_DATA/Ada/STM32/L/L562/pka_gen/test_s/src/curve.adb:curve__test__ec__ecdsa_math.5618" targetname: "/.share/CACHEDEV1_DATA/Ada/STM32/L/L562/pka_gen/test_s/src/curve.adb:curve__test__ec__copy_s_to_u32.5577" label: "/.share/CACHEDEV1_DATA/Ada/STM32/L/L562/pka_gen/Ada_Drivers_Library/arch/ARM/STM32/driversL5/stm32-pka.adb:638:16" }
edge: { sourcename: "/.share/CACHEDEV1_DATA/Ada/STM32/L/L562/pka_gen/test_s/src/curve.adb:curve__test__ec__ecdsa_math.5618" targetname: "/.share/CACHEDEV1_DATA/Ada/STM32/L/L562/pka_gen/test_s/src/curve.adb:curve__test__ec__copy_s_to_u32.5577" label: "/.share/CACHEDEV1_DATA/Ada/STM32/L/L562/pka_gen/Ada_Drivers_Library/arch/ARM/STM32/driversL5/stm32-pka.adb:636:16" }
edge: { sourcename: "/.share/CACHEDEV1_DATA/Ada/STM32/L/L562/pka_gen/test_s/src/curve.adb:curve__test__ec__ecdsa_math.5618" targetname: "/.share/CACHEDEV1_DATA/Ada/STM32/L/L562/pka_gen/test_s/src/curve.adb:curve__test__ec__copy_s_to_u32.5577" label: "/.share/CACHEDEV1_DATA/Ada/STM32/L/L562/pka_gen/Ada_Drivers_Library/arch/ARM/STM32/driversL5/stm32-pka.adb:634:16" }
edge: { sourcename: "/.share/CACHEDEV1_DATA/Ada/STM32/L/L562/pka_gen/test_s/src/curve.adb:curve__test__ec__ecdsa_math.5618" targetname: "/.share/CACHEDEV1_DATA/Ada/STM32/L/L562/pka_gen/test_s/src/curve.adb:curve__test__ec__copy_s_to_u32.5577" label: "/.share/CACHEDEV1_DATA/Ada/STM32/L/L562/pka_gen/Ada_Drivers_Library/arch/ARM/STM32/driversL5/stm32-pka.adb:632:16" }
edge: { sourcename: "/.share/CACHEDEV1_DATA/Ada/STM32/L/L562/pka_gen/test_s/src/curve.adb:curve__test__ec__ecdsa_math.5618" targetname: "/.share/CACHEDEV1_DATA/Ada/STM32/L/L562/pka_gen/test_s/src/curve.adb:curve__test__ec__clear_flags.5602" label: "/.share/CACHEDEV1_DATA/Ada/STM32/L/L562/pka_gen/Ada_Drivers_Library/arch/ARM/STM32/driversL5/stm32-pka.adb:629:10" }
edge: { sourcename: "/.share/CACHEDEV1_DATA/Ada/STM32/L/L562/pka_gen/test_s/src/curve.adb:curve__test__ec__ecdsa_math.5618" targetname: "/.share/CACHEDEV1_DATA/Ada/STM32/L/L562/pka_gen/test_s/src/curve.adb:curve__test__ec__disable_pka.5598" label: "/.share/CACHEDEV1_DATA/Ada/STM32/L/L562/pka_gen/Ada_Drivers_Library/arch/ARM/STM32/driversL5/stm32-pka.adb:628:10" }
edge: { sourcename: "/.share/CACHEDEV1_DATA/Ada/STM32/L/L562/pka_gen/test_s/src/curve.adb:curve__test__ec__ecdsa_math.5618" targetname: "/.share/CACHEDEV1_DATA/Ada/STM32/L/L562/pka_gen/test_s/src/curve.adb:curve__test__ec__common_init.6063" label: "/.share/CACHEDEV1_DATA/Ada/STM32/L/L562/pka_gen/Ada_Drivers_Library/arch/ARM/STM32/driversL5/stm32-pka.adb:625:13" }
edge: { sourcename: "/.share/CACHEDEV1_DATA/Ada/STM32/L/L562/pka_gen/test_s/src/curve.adb:curve__test__ec__ecdsa_math.5618" targetname: "/.share/CACHEDEV1_DATA/Ada/STM32/L/L562/pka_gen/test_s/src/curve.adb:curve__test__ec__clear_ram.5604" label: "/.share/CACHEDEV1_DATA/Ada/STM32/L/L562/pka_gen/Ada_Drivers_Library/arch/ARM/STM32/driversL5/stm32-pka.adb:624:7" }
edge: { sourcename: "/.share/CACHEDEV1_DATA/Ada/STM32/L/L562/pka_gen/test_s/src/curve.adb:curve__test__ec__ecdsa_math.5618" targetname: "__gnat_last_chance_handler" label: "/.share/CACHEDEV1_DATA/Ada/STM32/L/L562/pka_gen/Ada_Drivers_Library/arch/ARM/STM32/driversL5/stm32-pka.adb:622:46" }
edge: { sourcename: "/.share/CACHEDEV1_DATA/Ada/STM32/L/L562/pka_gen/test_s/src/curve.adb:curve__test__ec__ecdsa_math.5618" targetname: "stm32__device__s_ns_periph" label: "/.share/CACHEDEV1_DATA/Ada/STM32/L/L562/pka_gen/Ada_Drivers_Library/arch/ARM/STM32/driversL5/stm32-pka.adb:622:57" }
node: { title: "/.share/CACHEDEV1_DATA/Ada/STM32/L/L562/pka_gen/test_s/src/curve.adb:curve__test__ec__ecdsa_valid__2.6085" label: "ECDSA_VALID\n/.share/CACHEDEV1_DATA/Ada/STM32/L/L562/pka_gen/Ada_Drivers_Library/arch/ARM/STM32/driversL5/stm32-pka.adb:580:4\n168 bytes (dynamic)" }
edge: { sourcename: "/.share/CACHEDEV1_DATA/Ada/STM32/L/L562/pka_gen/test_s/src/curve.adb:curve__test__ec__ecdsa_valid__2.6085" targetname: "/.share/CACHEDEV1_DATA/Ada/STM32/L/L562/pka_gen/test_s/src/curve.adb:curve__test__ec__disable_pka.5598" label: "/.share/CACHEDEV1_DATA/Ada/STM32/L/L562/pka_gen/Ada_Drivers_Library/arch/ARM/STM32/driversL5/stm32-pka.adb:611:7" }
edge: { sourcename: "/.share/CACHEDEV1_DATA/Ada/STM32/L/L562/pka_gen/test_s/src/curve.adb:curve__test__ec__ecdsa_valid__2.6085" targetname: "/.share/CACHEDEV1_DATA/Ada/STM32/L/L562/pka_gen/test_s/src/curve.adb:curve__test__ec__clear_flags.5602" label: "/.share/CACHEDEV1_DATA/Ada/STM32/L/L562/pka_gen/Ada_Drivers_Library/arch/ARM/STM32/driversL5/stm32-pka.adb:608:7" }
edge: { sourcename: "/.share/CACHEDEV1_DATA/Ada/STM32/L/L562/pka_gen/test_s/src/curve.adb:curve__test__ec__ecdsa_valid__2.6085" targetname: "/.share/CACHEDEV1_DATA/Ada/STM32/L/L562/pka_gen/test_s/src/curve.adb:curve__test__ec__check_errors.5600" label: "/.share/CACHEDEV1_DATA/Ada/STM32/L/L562/pka_gen/Ada_Drivers_Library/arch/ARM/STM32/driversL5/stm32-pka.adb:605:10" }
edge: { sourcename: "/.share/CACHEDEV1_DATA/Ada/STM32/L/L562/pka_gen/test_s/src/curve.adb:curve__test__ec__ecdsa_valid__2.6085" targetname: "/.share/CACHEDEV1_DATA/Ada/STM32/L/L562/pka_gen/test_s/src/curve.adb:curve__test__ec__startpka.6060" label: "/.share/CACHEDEV1_DATA/Ada/STM32/L/L562/pka_gen/Ada_Drivers_Library/arch/ARM/STM32/driversL5/stm32-pka.adb:602:7" }
edge: { sourcename: "/.share/CACHEDEV1_DATA/Ada/STM32/L/L562/pka_gen/test_s/src/curve.adb:curve__test__ec__ecdsa_valid__2.6085" targetname: "/.share/CACHEDEV1_DATA/Ada/STM32/L/L562/pka_gen/test_s/src/curve.adb:curve__test__ec__clear_flags.5602" label: "/.share/CACHEDEV1_DATA/Ada/STM32/L/L562/pka_gen/Ada_Drivers_Library/arch/ARM/STM32/driversL5/stm32-pka.adb:600:7" }
edge: { sourcename: "/.share/CACHEDEV1_DATA/Ada/STM32/L/L562/pka_gen/test_s/src/curve.adb:curve__test__ec__ecdsa_valid__2.6085" targetname: "/.share/CACHEDEV1_DATA/Ada/STM32/L/L562/pka_gen/test_s/src/curve.adb:curve__test__ec__copy_s_to_u32.5577" label: "/.share/CACHEDEV1_DATA/Ada/STM32/L/L562/pka_gen/Ada_Drivers_Library/arch/ARM/STM32/driversL5/stm32-pka.adb:595:7" }
edge: { sourcename: "/.share/CACHEDEV1_DATA/Ada/STM32/L/L562/pka_gen/test_s/src/curve.adb:curve__test__ec__ecdsa_valid__2.6085" targetname: "/.share/CACHEDEV1_DATA/Ada/STM32/L/L562/pka_gen/test_s/src/curve.adb:curve__test__ec__normalize__2.5610" label: "/.share/CACHEDEV1_DATA/Ada/STM32/L/L562/pka_gen/Ada_Drivers_Library/arch/ARM/STM32/driversL5/stm32-pka.adb:595:22" }
edge: { sourcename: "/.share/CACHEDEV1_DATA/Ada/STM32/L/L562/pka_gen/test_s/src/curve.adb:curve__test__ec__ecdsa_valid__2.6085" targetname: "/.share/CACHEDEV1_DATA/Ada/STM32/L/L562/pka_gen/test_s/src/curve.adb:curve__test__ec__copy_s_to_u32.5577" label: "/.share/CACHEDEV1_DATA/Ada/STM32/L/L562/pka_gen/Ada_Drivers_Library/arch/ARM/STM32/driversL5/stm32-pka.adb:594:7" }
edge: { sourcename: "/.share/CACHEDEV1_DATA/Ada/STM32/L/L562/pka_gen/test_s/src/curve.adb:curve__test__ec__ecdsa_valid__2.6085" targetname: "/.share/CACHEDEV1_DATA/Ada/STM32/L/L562/pka_gen/test_s/src/curve.adb:curve__test__ec__copy_s_to_u32.5577" label: "/.share/CACHEDEV1_DATA/Ada/STM32/L/L562/pka_gen/Ada_Drivers_Library/arch/ARM/STM32/driversL5/stm32-pka.adb:593:7" }
edge: { sourcename: "/.share/CACHEDEV1_DATA/Ada/STM32/L/L562/pka_gen/test_s/src/curve.adb:curve__test__ec__ecdsa_valid__2.6085" targetname: "/.share/CACHEDEV1_DATA/Ada/STM32/L/L562/pka_gen/test_s/src/curve.adb:curve__test__ec__copy_s_to_u32.5577" label: "/.share/CACHEDEV1_DATA/Ada/STM32/L/L562/pka_gen/Ada_Drivers_Library/arch/ARM/STM32/driversL5/stm32-pka.adb:592:7" }
edge: { sourcename: "/.share/CACHEDEV1_DATA/Ada/STM32/L/L562/pka_gen/test_s/src/curve.adb:curve__test__ec__ecdsa_valid__2.6085" targetname: "/.share/CACHEDEV1_DATA/Ada/STM32/L/L562/pka_gen/test_s/src/curve.adb:curve__test__ec__copy_s_to_u32.5577" label: "/.share/CACHEDEV1_DATA/Ada/STM32/L/L562/pka_gen/Ada_Drivers_Library/arch/ARM/STM32/driversL5/stm32-pka.adb:591:7" }
edge: { sourcename: "/.share/CACHEDEV1_DATA/Ada/STM32/L/L562/pka_gen/test_s/src/curve.adb:curve__test__ec__ecdsa_valid__2.6085" targetname: "/.share/CACHEDEV1_DATA/Ada/STM32/L/L562/pka_gen/test_s/src/curve.adb:curve__test__ec__common_init.6063" label: "/.share/CACHEDEV1_DATA/Ada/STM32/L/L562/pka_gen/Ada_Drivers_Library/arch/ARM/STM32/driversL5/stm32-pka.adb:589:13" }
edge: { sourcename: "/.share/CACHEDEV1_DATA/Ada/STM32/L/L562/pka_gen/test_s/src/curve.adb:curve__test__ec__ecdsa_valid__2.6085" targetname: "/.share/CACHEDEV1_DATA/Ada/STM32/L/L562/pka_gen/test_s/src/curve.adb:curve__test__ec__clear_ram.5604" label: "/.share/CACHEDEV1_DATA/Ada/STM32/L/L562/pka_gen/Ada_Drivers_Library/arch/ARM/STM32/driversL5/stm32-pka.adb:588:7" }
edge: { sourcename: "/.share/CACHEDEV1_DATA/Ada/STM32/L/L562/pka_gen/test_s/src/curve.adb:curve__test__ec__ecdsa_valid__2.6085" targetname: "/.share/CACHEDEV1_DATA/Ada/STM32/L/L562/pka_gen/test_s/src/curve.adb:curve__test__ec__disable_pka.5598" label: "/.share/CACHEDEV1_DATA/Ada/STM32/L/L562/pka_gen/Ada_Drivers_Library/arch/ARM/STM32/driversL5/stm32-pka.adb:587:7" }
edge: { sourcename: "/.share/CACHEDEV1_DATA/Ada/STM32/L/L562/pka_gen/test_s/src/curve.adb:curve__test__ec__ecdsa_valid__2.6085" targetname: "__gnat_last_chance_handler" label: "/.share/CACHEDEV1_DATA/Ada/STM32/L/L562/pka_gen/Ada_Drivers_Library/arch/ARM/STM32/driversL5/stm32-pka.adb:584:53" }
edge: { sourcename: "/.share/CACHEDEV1_DATA/Ada/STM32/L/L562/pka_gen/test_s/src/curve.adb:curve__test__ec__ecdsa_valid__2.6085" targetname: "stm32__device__s_ns_periph" label: "/.share/CACHEDEV1_DATA/Ada/STM32/L/L562/pka_gen/Ada_Drivers_Library/arch/ARM/STM32/driversL5/stm32-pka.adb:584:64" }
node: { title: "/.share/CACHEDEV1_DATA/Ada/STM32/L/L562/pka_gen/test_s/src/curve.adb:curve__test__ec__ecdsa_sign__3.6075" label: "ECDSA_SIGN\n/.share/CACHEDEV1_DATA/Ada/STM32/L/L562/pka_gen/Ada_Drivers_Library/arch/ARM/STM32/driversL5/stm32-pka.adb:502:4\n152 bytes (dynamic)" }
edge: { sourcename: "/.share/CACHEDEV1_DATA/Ada/STM32/L/L562/pka_gen/test_s/src/curve.adb:curve__test__ec__ecdsa_sign__3.6075" targetname: "/.share/CACHEDEV1_DATA/Ada/STM32/L/L562/pka_gen/test_s/src/curve.adb:curve__test__ec__disable_pka.5598" label: "/.share/CACHEDEV1_DATA/Ada/STM32/L/L562/pka_gen/Ada_Drivers_Library/arch/ARM/STM32/driversL5/stm32-pka.adb:536:7" }
edge: { sourcename: "/.share/CACHEDEV1_DATA/Ada/STM32/L/L562/pka_gen/test_s/src/curve.adb:curve__test__ec__ecdsa_sign__3.6075" targetname: "/.share/CACHEDEV1_DATA/Ada/STM32/L/L562/pka_gen/test_s/src/curve.adb:curve__test__ec__copy_u32_to_s.5594" label: "/.share/CACHEDEV1_DATA/Ada/STM32/L/L562/pka_gen/Ada_Drivers_Library/arch/ARM/STM32/driversL5/stm32-pka.adb:532:7" }
edge: { sourcename: "/.share/CACHEDEV1_DATA/Ada/STM32/L/L562/pka_gen/test_s/src/curve.adb:curve__test__ec__ecdsa_sign__3.6075" targetname: "/.share/CACHEDEV1_DATA/Ada/STM32/L/L562/pka_gen/test_s/src/curve.adb:curve__test__ec__copy_u32_to_s.5594" label: "/.share/CACHEDEV1_DATA/Ada/STM32/L/L562/pka_gen/Ada_Drivers_Library/arch/ARM/STM32/driversL5/stm32-pka.adb:531:7" }
edge: { sourcename: "/.share/CACHEDEV1_DATA/Ada/STM32/L/L562/pka_gen/test_s/src/curve.adb:curve__test__ec__ecdsa_sign__3.6075" targetname: "/.share/CACHEDEV1_DATA/Ada/STM32/L/L562/pka_gen/test_s/src/curve.adb:curve__test__ec__clear_flags.5602" label: "/.share/CACHEDEV1_DATA/Ada/STM32/L/L562/pka_gen/Ada_Drivers_Library/arch/ARM/STM32/driversL5/stm32-pka.adb:529:7" }
edge: { sourcename: "/.share/CACHEDEV1_DATA/Ada/STM32/L/L562/pka_gen/test_s/src/curve.adb:curve__test__ec__ecdsa_sign__3.6075" targetname: "/.share/CACHEDEV1_DATA/Ada/STM32/L/L562/pka_gen/test_s/src/curve.adb:curve__test__ec__check_errors.5600" label: "/.share/CACHEDEV1_DATA/Ada/STM32/L/L562/pka_gen/Ada_Drivers_Library/arch/ARM/STM32/driversL5/stm32-pka.adb:526:10" }
edge: { sourcename: "/.share/CACHEDEV1_DATA/Ada/STM32/L/L562/pka_gen/test_s/src/curve.adb:curve__test__ec__ecdsa_sign__3.6075" targetname: "/.share/CACHEDEV1_DATA/Ada/STM32/L/L562/pka_gen/test_s/src/curve.adb:curve__test__ec__startpka.6060" label: "/.share/CACHEDEV1_DATA/Ada/STM32/L/L562/pka_gen/Ada_Drivers_Library/arch/ARM/STM32/driversL5/stm32-pka.adb:523:7" }
edge: { sourcename: "/.share/CACHEDEV1_DATA/Ada/STM32/L/L562/pka_gen/test_s/src/curve.adb:curve__test__ec__ecdsa_sign__3.6075" targetname: "/.share/CACHEDEV1_DATA/Ada/STM32/L/L562/pka_gen/test_s/src/curve.adb:curve__test__ec__clear_flags.5602" label: "/.share/CACHEDEV1_DATA/Ada/STM32/L/L562/pka_gen/Ada_Drivers_Library/arch/ARM/STM32/driversL5/stm32-pka.adb:521:7" }
edge: { sourcename: "/.share/CACHEDEV1_DATA/Ada/STM32/L/L562/pka_gen/test_s/src/curve.adb:curve__test__ec__ecdsa_sign__3.6075" targetname: "/.share/CACHEDEV1_DATA/Ada/STM32/L/L562/pka_gen/test_s/src/curve.adb:curve__test__ec__copy_s_to_u32.5577" label: "/.share/CACHEDEV1_DATA/Ada/STM32/L/L562/pka_gen/Ada_Drivers_Library/arch/ARM/STM32/driversL5/stm32-pka.adb:516:7" }
edge: { sourcename: "/.share/CACHEDEV1_DATA/Ada/STM32/L/L562/pka_gen/test_s/src/curve.adb:curve__test__ec__ecdsa_sign__3.6075" targetname: "/.share/CACHEDEV1_DATA/Ada/STM32/L/L562/pka_gen/test_s/src/curve.adb:curve__test__ec__copy_s_to_u32.5577" label: "/.share/CACHEDEV1_DATA/Ada/STM32/L/L562/pka_gen/Ada_Drivers_Library/arch/ARM/STM32/driversL5/stm32-pka.adb:515:7" }
edge: { sourcename: "/.share/CACHEDEV1_DATA/Ada/STM32/L/L562/pka_gen/test_s/src/curve.adb:curve__test__ec__ecdsa_sign__3.6075" targetname: "/.share/CACHEDEV1_DATA/Ada/STM32/L/L562/pka_gen/test_s/src/curve.adb:curve__test__ec__normalize__2.5610" label: "/.share/CACHEDEV1_DATA/Ada/STM32/L/L562/pka_gen/Ada_Drivers_Library/arch/ARM/STM32/driversL5/stm32-pka.adb:515:22" }
edge: { sourcename: "/.share/CACHEDEV1_DATA/Ada/STM32/L/L562/pka_gen/test_s/src/curve.adb:curve__test__ec__ecdsa_sign__3.6075" targetname: "/.share/CACHEDEV1_DATA/Ada/STM32/L/L562/pka_gen/test_s/src/curve.adb:curve__test__ec__copy_s_to_u32.5577" label: "/.share/CACHEDEV1_DATA/Ada/STM32/L/L562/pka_gen/Ada_Drivers_Library/arch/ARM/STM32/driversL5/stm32-pka.adb:514:7" }
edge: { sourcename: "/.share/CACHEDEV1_DATA/Ada/STM32/L/L562/pka_gen/test_s/src/curve.adb:curve__test__ec__ecdsa_sign__3.6075" targetname: "/.share/CACHEDEV1_DATA/Ada/STM32/L/L562/pka_gen/test_s/src/curve.adb:curve__test__ec__common_init.6063" label: "/.share/CACHEDEV1_DATA/Ada/STM32/L/L562/pka_gen/Ada_Drivers_Library/arch/ARM/STM32/driversL5/stm32-pka.adb:513:13" }
edge: { sourcename: "/.share/CACHEDEV1_DATA/Ada/STM32/L/L562/pka_gen/test_s/src/curve.adb:curve__test__ec__ecdsa_sign__3.6075" targetname: "/.share/CACHEDEV1_DATA/Ada/STM32/L/L562/pka_gen/test_s/src/curve.adb:curve__test__ec__clear_ram.5604" label: "/.share/CACHEDEV1_DATA/Ada/STM32/L/L562/pka_gen/Ada_Drivers_Library/arch/ARM/STM32/driversL5/stm32-pka.adb:512:7" }
edge: { sourcename: "/.share/CACHEDEV1_DATA/Ada/STM32/L/L562/pka_gen/test_s/src/curve.adb:curve__test__ec__ecdsa_sign__3.6075" targetname: "/.share/CACHEDEV1_DATA/Ada/STM32/L/L562/pka_gen/test_s/src/curve.adb:curve__test__ec__disable_pka.5598" label: "/.share/CACHEDEV1_DATA/Ada/STM32/L/L562/pka_gen/Ada_Drivers_Library/arch/ARM/STM32/driversL5/stm32-pka.adb:511:7" }
edge: { sourcename: "/.share/CACHEDEV1_DATA/Ada/STM32/L/L562/pka_gen/test_s/src/curve.adb:curve__test__ec__ecdsa_sign__3.6075" targetname: "__gnat_last_chance_handler" label: "/.share/CACHEDEV1_DATA/Ada/STM32/L/L562/pka_gen/Ada_Drivers_Library/arch/ARM/STM32/driversL5/stm32-pka.adb:507:51" }
edge: { sourcename: "/.share/CACHEDEV1_DATA/Ada/STM32/L/L562/pka_gen/test_s/src/curve.adb:curve__test__ec__ecdsa_sign__3.6075" targetname: "stm32__device__s_ns_periph" label: "/.share/CACHEDEV1_DATA/Ada/STM32/L/L562/pka_gen/Ada_Drivers_Library/arch/ARM/STM32/driversL5/stm32-pka.adb:507:62" }
node: { title: "/.share/CACHEDEV1_DATA/Ada/STM32/L/L562/pka_gen/test_s/src/curve.adb:curve__test__ec__startpka.6060" label: "STARTPKA\n/.share/CACHEDEV1_DATA/Ada/STM32/L/L562/pka_gen/Ada_Drivers_Library/arch/ARM/STM32/driversL5/stm32-pka.adb:446:4\n24 bytes (static)" }
edge: { sourcename: "/.share/CACHEDEV1_DATA/Ada/STM32/L/L562/pka_gen/test_s/src/curve.adb:curve__test__ec__startpka.6060" targetname: "/.share/CACHEDEV1_DATA/Ada/STM32/L/L562/pka_gen/test_s/src/curve.adb:curve__test__ec__enable_pka.5596" label: "/.share/CACHEDEV1_DATA/Ada/STM32/L/L562/pka_gen/Ada_Drivers_Library/arch/ARM/STM32/driversL5/stm32-pka.adb:449:7" }
node: { title: "/.share/CACHEDEV1_DATA/Ada/STM32/L/L562/pka_gen/test_s/src/curve.adb:curve__test__ec__normalize__2.5610" label: "NORMALIZE\n/.share/CACHEDEV1_DATA/Ada/STM32/L/L562/pka_gen/Ada_Drivers_Library/arch/ARM/STM32/driversL5/stm32-pka.adb:424:4\n64 bytes (dynamic)" }
edge: { sourcename: "/.share/CACHEDEV1_DATA/Ada/STM32/L/L562/pka_gen/test_s/src/curve.adb:curve__test__ec__normalize__2.5610" targetname: "memcpy" }
edge: { sourcename: "/.share/CACHEDEV1_DATA/Ada/STM32/L/L562/pka_gen/test_s/src/curve.adb:curve__test__ec__normalize__2.5610" targetname: "__gnat_last_chance_handler" label: "/.share/CACHEDEV1_DATA/Ada/STM32/L/L562/pka_gen/Ada_Drivers_Library/arch/ARM/STM32/driversL5/stm32-pka.adb:440:40" }
edge: { sourcename: "/.share/CACHEDEV1_DATA/Ada/STM32/L/L562/pka_gen/test_s/src/curve.adb:curve__test__ec__normalize__2.5610" targetname: "__gnat_last_chance_handler" label: "/.share/CACHEDEV1_DATA/Ada/STM32/L/L562/pka_gen/Ada_Drivers_Library/arch/ARM/STM32/driversL5/stm32-pka.adb:440:13" }
edge: { sourcename: "/.share/CACHEDEV1_DATA/Ada/STM32/L/L562/pka_gen/test_s/src/curve.adb:curve__test__ec__normalize__2.5610" targetname: "__gnat_last_chance_handler" label: "/.share/CACHEDEV1_DATA/Ada/STM32/L/L562/pka_gen/Ada_Drivers_Library/arch/ARM/STM32/driversL5/stm32-pka.adb:440:28" }
edge: { sourcename: "/.share/CACHEDEV1_DATA/Ada/STM32/L/L562/pka_gen/test_s/src/curve.adb:curve__test__ec__normalize__2.5610" targetname: "__gnat_last_chance_handler" label: "/.share/CACHEDEV1_DATA/Ada/STM32/L/L562/pka_gen/Ada_Drivers_Library/arch/ARM/STM32/driversL5/stm32-pka.adb:436:13" }
edge: { sourcename: "/.share/CACHEDEV1_DATA/Ada/STM32/L/L562/pka_gen/test_s/src/curve.adb:curve__test__ec__normalize__2.5610" targetname: "__gnat_last_chance_handler" label: "/.share/CACHEDEV1_DATA/Ada/STM32/L/L562/pka_gen/Ada_Drivers_Library/arch/ARM/STM32/driversL5/stm32-pka.adb:436:48" }
edge: { sourcename: "/.share/CACHEDEV1_DATA/Ada/STM32/L/L562/pka_gen/test_s/src/curve.adb:curve__test__ec__normalize__2.5610" targetname: "__gnat_last_chance_handler" label: "/.share/CACHEDEV1_DATA/Ada/STM32/L/L562/pka_gen/Ada_Drivers_Library/arch/ARM/STM32/driversL5/stm32-pka.adb:436:28" }
edge: { sourcename: "/.share/CACHEDEV1_DATA/Ada/STM32/L/L562/pka_gen/test_s/src/curve.adb:curve__test__ec__normalize__2.5610" targetname: "__gnat_last_chance_handler" label: "/.share/CACHEDEV1_DATA/Ada/STM32/L/L562/pka_gen/Ada_Drivers_Library/arch/ARM/STM32/driversL5/stm32-pka.adb:436:43" }
edge: { sourcename: "/.share/CACHEDEV1_DATA/Ada/STM32/L/L562/pka_gen/test_s/src/curve.adb:curve__test__ec__normalize__2.5610" targetname: "memcpy" }
edge: { sourcename: "/.share/CACHEDEV1_DATA/Ada/STM32/L/L562/pka_gen/test_s/src/curve.adb:curve__test__ec__normalize__2.5610" targetname: "__gnat_last_chance_handler" label: "/.share/CACHEDEV1_DATA/Ada/STM32/L/L562/pka_gen/Ada_Drivers_Library/arch/ARM/STM32/driversL5/stm32-pka.adb:434:25" }
edge: { sourcename: "/.share/CACHEDEV1_DATA/Ada/STM32/L/L562/pka_gen/test_s/src/curve.adb:curve__test__ec__normalize__2.5610" targetname: "__gnat_last_chance_handler" label: "/.share/CACHEDEV1_DATA/Ada/STM32/L/L562/pka_gen/Ada_Drivers_Library/arch/ARM/STM32/driversL5/stm32-pka.adb:434:25" }
node: { title: "/.share/CACHEDEV1_DATA/Ada/STM32/L/L562/pka_gen/test_s/src/curve.adb:curve__test__ec__common_init.6063" label: "COMMON_INIT\n/.share/CACHEDEV1_DATA/Ada/STM32/L/L562/pka_gen/Ada_Drivers_Library/arch/ARM/STM32/driversL5/stm32-pka.adb:188:4\n416 bytes (dynamic)" }
edge: { sourcename: "/.share/CACHEDEV1_DATA/Ada/STM32/L/L562/pka_gen/test_s/src/curve.adb:curve__test__ec__common_init.6063" targetname: "memcpy" }
edge: { sourcename: "/.share/CACHEDEV1_DATA/Ada/STM32/L/L562/pka_gen/test_s/src/curve.adb:curve__test__ec__common_init.6063" targetname: "/.share/CACHEDEV1_DATA/Ada/STM32/L/L562/pka_gen/test_s/src/curve.adb:curve__test__ec__copy_s_to_u32.5577" label: "/.share/CACHEDEV1_DATA/Ada/STM32/L/L562/pka_gen/Ada_Drivers_Library/arch/ARM/STM32/driversL5/stm32-pka.adb:402:13" }
edge: { sourcename: "/.share/CACHEDEV1_DATA/Ada/STM32/L/L562/pka_gen/test_s/src/curve.adb:curve__test__ec__common_init.6063" targetname: "__gnat_last_chance_handler" label: "/.share/CACHEDEV1_DATA/Ada/STM32/L/L562/pka_gen/Ada_Drivers_Library/arch/ARM/STM32/driversL5/stm32-pka.adb:400:52" }
edge: { sourcename: "/.share/CACHEDEV1_DATA/Ada/STM32/L/L562/pka_gen/test_s/src/curve.adb:curve__test__ec__common_init.6063" targetname: "stm32__device__s_ns_periph" label: "/.share/CACHEDEV1_DATA/Ada/STM32/L/L562/pka_gen/Ada_Drivers_Library/arch/ARM/STM32/driversL5/stm32-pka.adb:400:63" }
edge: { sourcename: "/.share/CACHEDEV1_DATA/Ada/STM32/L/L562/pka_gen/test_s/src/curve.adb:curve__test__ec__common_init.6063" targetname: "/.share/CACHEDEV1_DATA/Ada/STM32/L/L562/pka_gen/test_s/src/curve.adb:curve__test__ec__copy_s_to_u32.5577" label: "/.share/CACHEDEV1_DATA/Ada/STM32/L/L562/pka_gen/Ada_Drivers_Library/arch/ARM/STM32/driversL5/stm32-pka.adb:395:16" }
edge: { sourcename: "/.share/CACHEDEV1_DATA/Ada/STM32/L/L562/pka_gen/test_s/src/curve.adb:curve__test__ec__common_init.6063" targetname: "/.share/CACHEDEV1_DATA/Ada/STM32/L/L562/pka_gen/test_s/src/curve.adb:curve__test__ec__copy_s_to_u32.5577" label: "/.share/CACHEDEV1_DATA/Ada/STM32/L/L562/pka_gen/Ada_Drivers_Library/arch/ARM/STM32/driversL5/stm32-pka.adb:390:13" }
edge: { sourcename: "/.share/CACHEDEV1_DATA/Ada/STM32/L/L562/pka_gen/test_s/src/curve.adb:curve__test__ec__common_init.6063" targetname: "/.share/CACHEDEV1_DATA/Ada/STM32/L/L562/pka_gen/test_s/src/curve.adb:curve__test__ec__copy_s_to_u32.5577" label: "/.share/CACHEDEV1_DATA/Ada/STM32/L/L562/pka_gen/Ada_Drivers_Library/arch/ARM/STM32/driversL5/stm32-pka.adb:389:13" }
edge: { sourcename: "/.share/CACHEDEV1_DATA/Ada/STM32/L/L562/pka_gen/test_s/src/curve.adb:curve__test__ec__common_init.6063" targetname: "/.share/CACHEDEV1_DATA/Ada/STM32/L/L562/pka_gen/test_s/src/curve.adb:curve__test__ec__copy_s_to_u32.5577" label: "/.share/CACHEDEV1_DATA/Ada/STM32/L/L562/pka_gen/Ada_Drivers_Library/arch/ARM/STM32/driversL5/stm32-pka.adb:388:13" }
edge: { sourcename: "/.share/CACHEDEV1_DATA/Ada/STM32/L/L562/pka_gen/test_s/src/curve.adb:curve__test__ec__common_init.6063" targetname: "/.share/CACHEDEV1_DATA/Ada/STM32/L/L562/pka_gen/test_s/src/curve.adb:curve__test__ec__copy_s_to_u32.5577" label: "/.share/CACHEDEV1_DATA/Ada/STM32/L/L562/pka_gen/Ada_Drivers_Library/arch/ARM/STM32/driversL5/stm32-pka.adb:387:13" }
edge: { sourcename: "/.share/CACHEDEV1_DATA/Ada/STM32/L/L562/pka_gen/test_s/src/curve.adb:curve__test__ec__common_init.6063" targetname: "__gnat_last_chance_handler" label: "/.share/CACHEDEV1_DATA/Ada/STM32/L/L562/pka_gen/Ada_Drivers_Library/arch/ARM/STM32/driversL5/stm32-pka.adb:385:59" }
edge: { sourcename: "/.share/CACHEDEV1_DATA/Ada/STM32/L/L562/pka_gen/test_s/src/curve.adb:curve__test__ec__common_init.6063" targetname: "stm32__device__s_ns_periph" label: "/.share/CACHEDEV1_DATA/Ada/STM32/L/L562/pka_gen/Ada_Drivers_Library/arch/ARM/STM32/driversL5/stm32-pka.adb:385:70" }
edge: { sourcename: "/.share/CACHEDEV1_DATA/Ada/STM32/L/L562/pka_gen/test_s/src/curve.adb:curve__test__ec__common_init.6063" targetname: "/.share/CACHEDEV1_DATA/Ada/STM32/L/L562/pka_gen/test_s/src/curve.adb:curve__test__ec__copy_s_to_u32.5577" label: "/.share/CACHEDEV1_DATA/Ada/STM32/L/L562/pka_gen/Ada_Drivers_Library/arch/ARM/STM32/driversL5/stm32-pka.adb:381:13" }
edge: { sourcename: "/.share/CACHEDEV1_DATA/Ada/STM32/L/L562/pka_gen/test_s/src/curve.adb:curve__test__ec__common_init.6063" targetname: "/.share/CACHEDEV1_DATA/Ada/STM32/L/L562/pka_gen/test_s/src/curve.adb:curve__test__ec__copy_s_to_u32.5577" label: "/.share/CACHEDEV1_DATA/Ada/STM32/L/L562/pka_gen/Ada_Drivers_Library/arch/ARM/STM32/driversL5/stm32-pka.adb:380:13" }
edge: { sourcename: "/.share/CACHEDEV1_DATA/Ada/STM32/L/L562/pka_gen/test_s/src/curve.adb:curve__test__ec__common_init.6063" targetname: "/.share/CACHEDEV1_DATA/Ada/STM32/L/L562/pka_gen/test_s/src/curve.adb:curve__test__ec__copy_s_to_u32.5577" label: "/.share/CACHEDEV1_DATA/Ada/STM32/L/L562/pka_gen/Ada_Drivers_Library/arch/ARM/STM32/driversL5/stm32-pka.adb:379:13" }
edge: { sourcename: "/.share/CACHEDEV1_DATA/Ada/STM32/L/L562/pka_gen/test_s/src/curve.adb:curve__test__ec__common_init.6063" targetname: "/.share/CACHEDEV1_DATA/Ada/STM32/L/L562/pka_gen/test_s/src/curve.adb:curve__test__ec__copy_s_to_u32.5577" label: "/.share/CACHEDEV1_DATA/Ada/STM32/L/L562/pka_gen/Ada_Drivers_Library/arch/ARM/STM32/driversL5/stm32-pka.adb:378:13" }
edge: { sourcename: "/.share/CACHEDEV1_DATA/Ada/STM32/L/L562/pka_gen/test_s/src/curve.adb:curve__test__ec__common_init.6063" targetname: "/.share/CACHEDEV1_DATA/Ada/STM32/L/L562/pka_gen/test_s/src/curve.adb:curve__test__ec__copy_s_to_u32.5577" label: "/.share/CACHEDEV1_DATA/Ada/STM32/L/L562/pka_gen/Ada_Drivers_Library/arch/ARM/STM32/driversL5/stm32-pka.adb:377:13" }
edge: { sourcename: "/.share/CACHEDEV1_DATA/Ada/STM32/L/L562/pka_gen/test_s/src/curve.adb:curve__test__ec__common_init.6063" targetname: "__gnat_last_chance_handler" label: "/.share/CACHEDEV1_DATA/Ada/STM32/L/L562/pka_gen/Ada_Drivers_Library/arch/ARM/STM32/driversL5/stm32-pka.adb:375:57" }
edge: { sourcename: "/.share/CACHEDEV1_DATA/Ada/STM32/L/L562/pka_gen/test_s/src/curve.adb:curve__test__ec__common_init.6063" targetname: "stm32__device__s_ns_periph" label: "/.share/CACHEDEV1_DATA/Ada/STM32/L/L562/pka_gen/Ada_Drivers_Library/arch/ARM/STM32/driversL5/stm32-pka.adb:375:68" }
edge: { sourcename: "/.share/CACHEDEV1_DATA/Ada/STM32/L/L562/pka_gen/test_s/src/curve.adb:curve__test__ec__common_init.6063" targetname: "__gnat_last_chance_handler" label: "/.share/CACHEDEV1_DATA/Ada/STM32/L/L562/pka_gen/Ada_Drivers_Library/arch/ARM/STM32/driversL5/stm32-pka.adb:371:10" }
edge: { sourcename: "/.share/CACHEDEV1_DATA/Ada/STM32/L/L562/pka_gen/test_s/src/curve.adb:curve__test__ec__common_init.6063" targetname: "__gnat_last_chance_handler" label: "/.share/CACHEDEV1_DATA/Ada/STM32/L/L562/pka_gen/Ada_Drivers_Library/arch/ARM/STM32/driversL5/stm32-pka.adb:371:10" }
edge: { sourcename: "/.share/CACHEDEV1_DATA/Ada/STM32/L/L562/pka_gen/test_s/src/curve.adb:curve__test__ec__common_init.6063" targetname: "memcpy" }
edge: { sourcename: "/.share/CACHEDEV1_DATA/Ada/STM32/L/L562/pka_gen/test_s/src/curve.adb:curve__test__ec__common_init.6063" targetname: "__gnat_last_chance_handler" label: "/.share/CACHEDEV1_DATA/Ada/STM32/L/L562/pka_gen/Ada_Drivers_Library/arch/ARM/STM32/driversL5/stm32-pka.adb:371:10" }
edge: { sourcename: "/.share/CACHEDEV1_DATA/Ada/STM32/L/L562/pka_gen/test_s/src/curve.adb:curve__test__ec__common_init.6063" targetname: "__gnat_last_chance_handler" label: "/.share/CACHEDEV1_DATA/Ada/STM32/L/L562/pka_gen/Ada_Drivers_Library/arch/ARM/STM32/driversL5/stm32-pka.adb:371:10" }
edge: { sourcename: "/.share/CACHEDEV1_DATA/Ada/STM32/L/L562/pka_gen/test_s/src/curve.adb:curve__test__ec__common_init.6063" targetname: "__gnat_last_chance_handler" label: "/.share/CACHEDEV1_DATA/Ada/STM32/L/L562/pka_gen/Ada_Drivers_Library/arch/ARM/STM32/driversL5/stm32-pka.adb:371:10" }
edge: { sourcename: "/.share/CACHEDEV1_DATA/Ada/STM32/L/L562/pka_gen/test_s/src/curve.adb:curve__test__ec__common_init.6063" targetname: "__gnat_last_chance_handler" label: "/.share/CACHEDEV1_DATA/Ada/STM32/L/L562/pka_gen/Ada_Drivers_Library/arch/ARM/STM32/driversL5/stm32-pka.adb:371:10" }
edge: { sourcename: "/.share/CACHEDEV1_DATA/Ada/STM32/L/L562/pka_gen/test_s/src/curve.adb:curve__test__ec__common_init.6063" targetname: "__gnat_last_chance_handler" label: "/.share/CACHEDEV1_DATA/Ada/STM32/L/L562/pka_gen/Ada_Drivers_Library/arch/ARM/STM32/driversL5/stm32-pka.adb:371:10" }
edge: { sourcename: "/.share/CACHEDEV1_DATA/Ada/STM32/L/L562/pka_gen/test_s/src/curve.adb:curve__test__ec__common_init.6063" targetname: "__gnat_last_chance_handler" label: "/.share/CACHEDEV1_DATA/Ada/STM32/L/L562/pka_gen/Ada_Drivers_Library/arch/ARM/STM32/driversL5/stm32-pka.adb:371:10" }
edge: { sourcename: "/.share/CACHEDEV1_DATA/Ada/STM32/L/L562/pka_gen/test_s/src/curve.adb:curve__test__ec__common_init.6063" targetname: "memcpy" }
edge: { sourcename: "/.share/CACHEDEV1_DATA/Ada/STM32/L/L562/pka_gen/test_s/src/curve.adb:curve__test__ec__common_init.6063" targetname: "__gnat_last_chance_handler" label: "/.share/CACHEDEV1_DATA/Ada/STM32/L/L562/pka_gen/Ada_Drivers_Library/arch/ARM/STM32/driversL5/stm32-pka.adb:369:21" }
edge: { sourcename: "/.share/CACHEDEV1_DATA/Ada/STM32/L/L562/pka_gen/test_s/src/curve.adb:curve__test__ec__common_init.6063" targetname: "memcpy" }
edge: { sourcename: "/.share/CACHEDEV1_DATA/Ada/STM32/L/L562/pka_gen/test_s/src/curve.adb:curve__test__ec__common_init.6063" targetname: "__gnat_last_chance_handler" label: "/.share/CACHEDEV1_DATA/Ada/STM32/L/L562/pka_gen/Ada_Drivers_Library/arch/ARM/STM32/driversL5/stm32-pka.adb:368:21" }
edge: { sourcename: "/.share/CACHEDEV1_DATA/Ada/STM32/L/L562/pka_gen/test_s/src/curve.adb:curve__test__ec__common_init.6063" targetname: "memcpy" }
edge: { sourcename: "/.share/CACHEDEV1_DATA/Ada/STM32/L/L562/pka_gen/test_s/src/curve.adb:curve__test__ec__common_init.6063" targetname: "__gnat_last_chance_handler" label: "/.share/CACHEDEV1_DATA/Ada/STM32/L/L562/pka_gen/Ada_Drivers_Library/arch/ARM/STM32/driversL5/stm32-pka.adb:367:21" }
edge: { sourcename: "/.share/CACHEDEV1_DATA/Ada/STM32/L/L562/pka_gen/test_s/src/curve.adb:curve__test__ec__common_init.6063" targetname: "memcpy" }
edge: { sourcename: "/.share/CACHEDEV1_DATA/Ada/STM32/L/L562/pka_gen/test_s/src/curve.adb:curve__test__ec__common_init.6063" targetname: "__gnat_last_chance_handler" label: "/.share/CACHEDEV1_DATA/Ada/STM32/L/L562/pka_gen/Ada_Drivers_Library/arch/ARM/STM32/driversL5/stm32-pka.adb:366:21" }
edge: { sourcename: "/.share/CACHEDEV1_DATA/Ada/STM32/L/L562/pka_gen/test_s/src/curve.adb:curve__test__ec__common_init.6063" targetname: "memcpy" }
edge: { sourcename: "/.share/CACHEDEV1_DATA/Ada/STM32/L/L562/pka_gen/test_s/src/curve.adb:curve__test__ec__common_init.6063" targetname: "__gnat_last_chance_handler" label: "/.share/CACHEDEV1_DATA/Ada/STM32/L/L562/pka_gen/Ada_Drivers_Library/arch/ARM/STM32/driversL5/stm32-pka.adb:365:21" }
edge: { sourcename: "/.share/CACHEDEV1_DATA/Ada/STM32/L/L562/pka_gen/test_s/src/curve.adb:curve__test__ec__common_init.6063" targetname: "memcmp" label: "/.share/CACHEDEV1_DATA/Ada/STM32/L/L562/pka_gen/Ada_Drivers_Library/arch/ARM/STM32/driversL5/stm32-pka.adb:364:24" }
edge: { sourcename: "/.share/CACHEDEV1_DATA/Ada/STM32/L/L562/pka_gen/test_s/src/curve.adb:curve__test__ec__common_init.6063" targetname: "memcpy" }
edge: { sourcename: "/.share/CACHEDEV1_DATA/Ada/STM32/L/L562/pka_gen/test_s/src/curve.adb:curve__test__ec__common_init.6063" targetname: "__gnat_last_chance_handler" label: "/.share/CACHEDEV1_DATA/Ada/STM32/L/L562/pka_gen/Ada_Drivers_Library/arch/ARM/STM32/driversL5/stm32-pka.adb:362:21" }
edge: { sourcename: "/.share/CACHEDEV1_DATA/Ada/STM32/L/L562/pka_gen/test_s/src/curve.adb:curve__test__ec__common_init.6063" targetname: "memcpy" }
edge: { sourcename: "/.share/CACHEDEV1_DATA/Ada/STM32/L/L562/pka_gen/test_s/src/curve.adb:curve__test__ec__common_init.6063" targetname: "__gnat_last_chance_handler" label: "/.share/CACHEDEV1_DATA/Ada/STM32/L/L562/pka_gen/Ada_Drivers_Library/arch/ARM/STM32/driversL5/stm32-pka.adb:361:21" }
edge: { sourcename: "/.share/CACHEDEV1_DATA/Ada/STM32/L/L562/pka_gen/test_s/src/curve.adb:curve__test__ec__common_init.6063" targetname: "memcpy" }
edge: { sourcename: "/.share/CACHEDEV1_DATA/Ada/STM32/L/L562/pka_gen/test_s/src/curve.adb:curve__test__ec__common_init.6063" targetname: "__gnat_last_chance_handler" label: "/.share/CACHEDEV1_DATA/Ada/STM32/L/L562/pka_gen/Ada_Drivers_Library/arch/ARM/STM32/driversL5/stm32-pka.adb:360:21" }
edge: { sourcename: "/.share/CACHEDEV1_DATA/Ada/STM32/L/L562/pka_gen/test_s/src/curve.adb:curve__test__ec__common_init.6063" targetname: "memcpy" }
edge: { sourcename: "/.share/CACHEDEV1_DATA/Ada/STM32/L/L562/pka_gen/test_s/src/curve.adb:curve__test__ec__common_init.6063" targetname: "__gnat_last_chance_handler" label: "/.share/CACHEDEV1_DATA/Ada/STM32/L/L562/pka_gen/Ada_Drivers_Library/arch/ARM/STM32/driversL5/stm32-pka.adb:359:21" }
edge: { sourcename: "/.share/CACHEDEV1_DATA/Ada/STM32/L/L562/pka_gen/test_s/src/curve.adb:curve__test__ec__common_init.6063" targetname: "memcpy" }
edge: { sourcename: "/.share/CACHEDEV1_DATA/Ada/STM32/L/L562/pka_gen/test_s/src/curve.adb:curve__test__ec__common_init.6063" targetname: "__gnat_last_chance_handler" label: "/.share/CACHEDEV1_DATA/Ada/STM32/L/L562/pka_gen/Ada_Drivers_Library/arch/ARM/STM32/driversL5/stm32-pka.adb:358:21" }
edge: { sourcename: "/.share/CACHEDEV1_DATA/Ada/STM32/L/L562/pka_gen/test_s/src/curve.adb:curve__test__ec__common_init.6063" targetname: "memcmp" label: "/.share/CACHEDEV1_DATA/Ada/STM32/L/L562/pka_gen/Ada_Drivers_Library/arch/ARM/STM32/driversL5/stm32-pka.adb:357:24" }
edge: { sourcename: "/.share/CACHEDEV1_DATA/Ada/STM32/L/L562/pka_gen/test_s/src/curve.adb:curve__test__ec__common_init.6063" targetname: "__gnat_last_chance_handler" label: "/.share/CACHEDEV1_DATA/Ada/STM32/L/L562/pka_gen/Ada_Drivers_Library/arch/ARM/STM32/driversL5/stm32-pka.adb:356:21" }
edge: { sourcename: "/.share/CACHEDEV1_DATA/Ada/STM32/L/L562/pka_gen/test_s/src/curve.adb:curve__test__ec__common_init.6063" targetname: "__gnat_last_chance_handler" label: "/.share/CACHEDEV1_DATA/Ada/STM32/L/L562/pka_gen/Ada_Drivers_Library/arch/ARM/STM32/driversL5/stm32-pka.adb:355:21" }
edge: { sourcename: "/.share/CACHEDEV1_DATA/Ada/STM32/L/L562/pka_gen/test_s/src/curve.adb:curve__test__ec__common_init.6063" targetname: "__gnat_last_chance_handler" label: "/.share/CACHEDEV1_DATA/Ada/STM32/L/L562/pka_gen/Ada_Drivers_Library/arch/ARM/STM32/driversL5/stm32-pka.adb:354:21" }
edge: { sourcename: "/.share/CACHEDEV1_DATA/Ada/STM32/L/L562/pka_gen/test_s/src/curve.adb:curve__test__ec__common_init.6063" targetname: "__gnat_last_chance_handler" label: "/.share/CACHEDEV1_DATA/Ada/STM32/L/L562/pka_gen/Ada_Drivers_Library/arch/ARM/STM32/driversL5/stm32-pka.adb:353:21" }
edge: { sourcename: "/.share/CACHEDEV1_DATA/Ada/STM32/L/L562/pka_gen/test_s/src/curve.adb:curve__test__ec__common_init.6063" targetname: "__gnat_last_chance_handler" label: "/.share/CACHEDEV1_DATA/Ada/STM32/L/L562/pka_gen/Ada_Drivers_Library/arch/ARM/STM32/driversL5/stm32-pka.adb:352:21" }
edge: { sourcename: "/.share/CACHEDEV1_DATA/Ada/STM32/L/L562/pka_gen/test_s/src/curve.adb:curve__test__ec__common_init.6063" targetname: "memcmp" label: "/.share/CACHEDEV1_DATA/Ada/STM32/L/L562/pka_gen/Ada_Drivers_Library/arch/ARM/STM32/driversL5/stm32-pka.adb:351:24" }
edge: { sourcename: "/.share/CACHEDEV1_DATA/Ada/STM32/L/L562/pka_gen/test_s/src/curve.adb:curve__test__ec__common_init.6063" targetname: "__gnat_last_chance_handler" label: "/.share/CACHEDEV1_DATA/Ada/STM32/L/L562/pka_gen/Ada_Drivers_Library/arch/ARM/STM32/driversL5/stm32-pka.adb:349:21" }
edge: { sourcename: "/.share/CACHEDEV1_DATA/Ada/STM32/L/L562/pka_gen/test_s/src/curve.adb:curve__test__ec__common_init.6063" targetname: "__gnat_last_chance_handler" label: "/.share/CACHEDEV1_DATA/Ada/STM32/L/L562/pka_gen/Ada_Drivers_Library/arch/ARM/STM32/driversL5/stm32-pka.adb:348:21" }
edge: { sourcename: "/.share/CACHEDEV1_DATA/Ada/STM32/L/L562/pka_gen/test_s/src/curve.adb:curve__test__ec__common_init.6063" targetname: "__gnat_last_chance_handler" label: "/.share/CACHEDEV1_DATA/Ada/STM32/L/L562/pka_gen/Ada_Drivers_Library/arch/ARM/STM32/driversL5/stm32-pka.adb:347:21" }
edge: { sourcename: "/.share/CACHEDEV1_DATA/Ada/STM32/L/L562/pka_gen/test_s/src/curve.adb:curve__test__ec__common_init.6063" targetname: "__gnat_last_chance_handler" label: "/.share/CACHEDEV1_DATA/Ada/STM32/L/L562/pka_gen/Ada_Drivers_Library/arch/ARM/STM32/driversL5/stm32-pka.adb:346:21" }
edge: { sourcename: "/.share/CACHEDEV1_DATA/Ada/STM32/L/L562/pka_gen/test_s/src/curve.adb:curve__test__ec__common_init.6063" targetname: "__gnat_last_chance_handler" label: "/.share/CACHEDEV1_DATA/Ada/STM32/L/L562/pka_gen/Ada_Drivers_Library/arch/ARM/STM32/driversL5/stm32-pka.adb:345:21" }
edge: { sourcename: "/.share/CACHEDEV1_DATA/Ada/STM32/L/L562/pka_gen/test_s/src/curve.adb:curve__test__ec__common_init.6063" targetname: "memcmp" label: "/.share/CACHEDEV1_DATA/Ada/STM32/L/L562/pka_gen/Ada_Drivers_Library/arch/ARM/STM32/driversL5/stm32-pka.adb:344:24" }
edge: { sourcename: "/.share/CACHEDEV1_DATA/Ada/STM32/L/L562/pka_gen/test_s/src/curve.adb:curve__test__ec__common_init.6063" targetname: "__gnat_last_chance_handler" label: "/.share/CACHEDEV1_DATA/Ada/STM32/L/L562/pka_gen/Ada_Drivers_Library/arch/ARM/STM32/driversL5/stm32-pka.adb:343:21" }
edge: { sourcename: "/.share/CACHEDEV1_DATA/Ada/STM32/L/L562/pka_gen/test_s/src/curve.adb:curve__test__ec__common_init.6063" targetname: "__gnat_last_chance_handler" label: "/.share/CACHEDEV1_DATA/Ada/STM32/L/L562/pka_gen/Ada_Drivers_Library/arch/ARM/STM32/driversL5/stm32-pka.adb:342:21" }
edge: { sourcename: "/.share/CACHEDEV1_DATA/Ada/STM32/L/L562/pka_gen/test_s/src/curve.adb:curve__test__ec__common_init.6063" targetname: "__gnat_last_chance_handler" label: "/.share/CACHEDEV1_DATA/Ada/STM32/L/L562/pka_gen/Ada_Drivers_Library/arch/ARM/STM32/driversL5/stm32-pka.adb:341:21" }
edge: { sourcename: "/.share/CACHEDEV1_DATA/Ada/STM32/L/L562/pka_gen/test_s/src/curve.adb:curve__test__ec__common_init.6063" targetname: "__gnat_last_chance_handler" label: "/.share/CACHEDEV1_DATA/Ada/STM32/L/L562/pka_gen/Ada_Drivers_Library/arch/ARM/STM32/driversL5/stm32-pka.adb:340:21" }
edge: { sourcename: "/.share/CACHEDEV1_DATA/Ada/STM32/L/L562/pka_gen/test_s/src/curve.adb:curve__test__ec__common_init.6063" targetname: "__gnat_last_chance_handler" label: "/.share/CACHEDEV1_DATA/Ada/STM32/L/L562/pka_gen/Ada_Drivers_Library/arch/ARM/STM32/driversL5/stm32-pka.adb:339:21" }
edge: { sourcename: "/.share/CACHEDEV1_DATA/Ada/STM32/L/L562/pka_gen/test_s/src/curve.adb:curve__test__ec__common_init.6063" targetname: "memcmp" label: "/.share/CACHEDEV1_DATA/Ada/STM32/L/L562/pka_gen/Ada_Drivers_Library/arch/ARM/STM32/driversL5/stm32-pka.adb:338:24" }
edge: { sourcename: "/.share/CACHEDEV1_DATA/Ada/STM32/L/L562/pka_gen/test_s/src/curve.adb:curve__test__ec__common_init.6063" targetname: "__gnat_last_chance_handler" label: "/.share/CACHEDEV1_DATA/Ada/STM32/L/L562/pka_gen/Ada_Drivers_Library/arch/ARM/STM32/driversL5/stm32-pka.adb:337:21" }
edge: { sourcename: "/.share/CACHEDEV1_DATA/Ada/STM32/L/L562/pka_gen/test_s/src/curve.adb:curve__test__ec__common_init.6063" targetname: "__gnat_last_chance_handler" label: "/.share/CACHEDEV1_DATA/Ada/STM32/L/L562/pka_gen/Ada_Drivers_Library/arch/ARM/STM32/driversL5/stm32-pka.adb:336:21" }
edge: { sourcename: "/.share/CACHEDEV1_DATA/Ada/STM32/L/L562/pka_gen/test_s/src/curve.adb:curve__test__ec__common_init.6063" targetname: "__gnat_last_chance_handler" label: "/.share/CACHEDEV1_DATA/Ada/STM32/L/L562/pka_gen/Ada_Drivers_Library/arch/ARM/STM32/driversL5/stm32-pka.adb:335:21" }
edge: { sourcename: "/.share/CACHEDEV1_DATA/Ada/STM32/L/L562/pka_gen/test_s/src/curve.adb:curve__test__ec__common_init.6063" targetname: "__gnat_last_chance_handler" label: "/.share/CACHEDEV1_DATA/Ada/STM32/L/L562/pka_gen/Ada_Drivers_Library/arch/ARM/STM32/driversL5/stm32-pka.adb:334:21" }
edge: { sourcename: "/.share/CACHEDEV1_DATA/Ada/STM32/L/L562/pka_gen/test_s/src/curve.adb:curve__test__ec__common_init.6063" targetname: "__gnat_last_chance_handler" label: "/.share/CACHEDEV1_DATA/Ada/STM32/L/L562/pka_gen/Ada_Drivers_Library/arch/ARM/STM32/driversL5/stm32-pka.adb:333:21" }
edge: { sourcename: "/.share/CACHEDEV1_DATA/Ada/STM32/L/L562/pka_gen/test_s/src/curve.adb:curve__test__ec__common_init.6063" targetname: "memcmp" label: "/.share/CACHEDEV1_DATA/Ada/STM32/L/L562/pka_gen/Ada_Drivers_Library/arch/ARM/STM32/driversL5/stm32-pka.adb:332:24" }
edge: { sourcename: "/.share/CACHEDEV1_DATA/Ada/STM32/L/L562/pka_gen/test_s/src/curve.adb:curve__test__ec__common_init.6063" targetname: "__gnat_last_chance_handler" label: "/.share/CACHEDEV1_DATA/Ada/STM32/L/L562/pka_gen/Ada_Drivers_Library/arch/ARM/STM32/driversL5/stm32-pka.adb:331:21" }
edge: { sourcename: "/.share/CACHEDEV1_DATA/Ada/STM32/L/L562/pka_gen/test_s/src/curve.adb:curve__test__ec__common_init.6063" targetname: "__gnat_last_chance_handler" label: "/.share/CACHEDEV1_DATA/Ada/STM32/L/L562/pka_gen/Ada_Drivers_Library/arch/ARM/STM32/driversL5/stm32-pka.adb:330:21" }
edge: { sourcename: "/.share/CACHEDEV1_DATA/Ada/STM32/L/L562/pka_gen/test_s/src/curve.adb:curve__test__ec__common_init.6063" targetname: "__gnat_last_chance_handler" label: "/.share/CACHEDEV1_DATA/Ada/STM32/L/L562/pka_gen/Ada_Drivers_Library/arch/ARM/STM32/driversL5/stm32-pka.adb:329:21" }
edge: { sourcename: "/.share/CACHEDEV1_DATA/Ada/STM32/L/L562/pka_gen/test_s/src/curve.adb:curve__test__ec__common_init.6063" targetname: "__gnat_last_chance_handler" label: "/.share/CACHEDEV1_DATA/Ada/STM32/L/L562/pka_gen/Ada_Drivers_Library/arch/ARM/STM32/driversL5/stm32-pka.adb:328:21" }
edge: { sourcename: "/.share/CACHEDEV1_DATA/Ada/STM32/L/L562/pka_gen/test_s/src/curve.adb:curve__test__ec__common_init.6063" targetname: "__gnat_last_chance_handler" label: "/.share/CACHEDEV1_DATA/Ada/STM32/L/L562/pka_gen/Ada_Drivers_Library/arch/ARM/STM32/driversL5/stm32-pka.adb:327:21" }
edge: { sourcename: "/.share/CACHEDEV1_DATA/Ada/STM32/L/L562/pka_gen/test_s/src/curve.adb:curve__test__ec__common_init.6063" targetname: "memcmp" label: "/.share/CACHEDEV1_DATA/Ada/STM32/L/L562/pka_gen/Ada_Drivers_Library/arch/ARM/STM32/driversL5/stm32-pka.adb:326:24" }
edge: { sourcename: "/.share/CACHEDEV1_DATA/Ada/STM32/L/L562/pka_gen/test_s/src/curve.adb:curve__test__ec__common_init.6063" targetname: "memcpy" }
edge: { sourcename: "/.share/CACHEDEV1_DATA/Ada/STM32/L/L562/pka_gen/test_s/src/curve.adb:curve__test__ec__common_init.6063" targetname: "__gnat_last_chance_handler" label: "/.share/CACHEDEV1_DATA/Ada/STM32/L/L562/pka_gen/Ada_Drivers_Library/arch/ARM/STM32/driversL5/stm32-pka.adb:325:52" }
edge: { sourcename: "/.share/CACHEDEV1_DATA/Ada/STM32/L/L562/pka_gen/test_s/src/curve.adb:curve__test__ec__common_init.6063" targetname: "memcpy" }
edge: { sourcename: "/.share/CACHEDEV1_DATA/Ada/STM32/L/L562/pka_gen/test_s/src/curve.adb:curve__test__ec__common_init.6063" targetname: "__gnat_last_chance_handler" label: "/.share/CACHEDEV1_DATA/Ada/STM32/L/L562/pka_gen/Ada_Drivers_Library/arch/ARM/STM32/driversL5/stm32-pka.adb:321:52" }
edge: { sourcename: "/.share/CACHEDEV1_DATA/Ada/STM32/L/L562/pka_gen/test_s/src/curve.adb:curve__test__ec__common_init.6063" targetname: "memcpy" }
edge: { sourcename: "/.share/CACHEDEV1_DATA/Ada/STM32/L/L562/pka_gen/test_s/src/curve.adb:curve__test__ec__common_init.6063" targetname: "__gnat_last_chance_handler" label: "/.share/CACHEDEV1_DATA/Ada/STM32/L/L562/pka_gen/Ada_Drivers_Library/arch/ARM/STM32/driversL5/stm32-pka.adb:317:52" }
edge: { sourcename: "/.share/CACHEDEV1_DATA/Ada/STM32/L/L562/pka_gen/test_s/src/curve.adb:curve__test__ec__common_init.6063" targetname: "memcpy" }
edge: { sourcename: "/.share/CACHEDEV1_DATA/Ada/STM32/L/L562/pka_gen/test_s/src/curve.adb:curve__test__ec__common_init.6063" targetname: "__gnat_last_chance_handler" label: "/.share/CACHEDEV1_DATA/Ada/STM32/L/L562/pka_gen/Ada_Drivers_Library/arch/ARM/STM32/driversL5/stm32-pka.adb:313:52" }
edge: { sourcename: "/.share/CACHEDEV1_DATA/Ada/STM32/L/L562/pka_gen/test_s/src/curve.adb:curve__test__ec__common_init.6063" targetname: "memcpy" }
edge: { sourcename: "/.share/CACHEDEV1_DATA/Ada/STM32/L/L562/pka_gen/test_s/src/curve.adb:curve__test__ec__common_init.6063" targetname: "__gnat_last_chance_handler" label: "/.share/CACHEDEV1_DATA/Ada/STM32/L/L562/pka_gen/Ada_Drivers_Library/arch/ARM/STM32/driversL5/stm32-pka.adb:309:52" }
edge: { sourcename: "/.share/CACHEDEV1_DATA/Ada/STM32/L/L562/pka_gen/test_s/src/curve.adb:curve__test__ec__common_init.6063" targetname: "memcmp" label: "/.share/CACHEDEV1_DATA/Ada/STM32/L/L562/pka_gen/Ada_Drivers_Library/arch/ARM/STM32/driversL5/stm32-pka.adb:305:24" }
edge: { sourcename: "/.share/CACHEDEV1_DATA/Ada/STM32/L/L562/pka_gen/test_s/src/curve.adb:curve__test__ec__common_init.6063" targetname: "memcpy" }
edge: { sourcename: "/.share/CACHEDEV1_DATA/Ada/STM32/L/L562/pka_gen/test_s/src/curve.adb:curve__test__ec__common_init.6063" targetname: "__gnat_last_chance_handler" label: "/.share/CACHEDEV1_DATA/Ada/STM32/L/L562/pka_gen/Ada_Drivers_Library/arch/ARM/STM32/driversL5/stm32-pka.adb:304:52" }
edge: { sourcename: "/.share/CACHEDEV1_DATA/Ada/STM32/L/L562/pka_gen/test_s/src/curve.adb:curve__test__ec__common_init.6063" targetname: "memcpy" }
edge: { sourcename: "/.share/CACHEDEV1_DATA/Ada/STM32/L/L562/pka_gen/test_s/src/curve.adb:curve__test__ec__common_init.6063" targetname: "__gnat_last_chance_handler" label: "/.share/CACHEDEV1_DATA/Ada/STM32/L/L562/pka_gen/Ada_Drivers_Library/arch/ARM/STM32/driversL5/stm32-pka.adb:299:52" }
edge: { sourcename: "/.share/CACHEDEV1_DATA/Ada/STM32/L/L562/pka_gen/test_s/src/curve.adb:curve__test__ec__common_init.6063" targetname: "memcpy" }
edge: { sourcename: "/.share/CACHEDEV1_DATA/Ada/STM32/L/L562/pka_gen/test_s/src/curve.adb:curve__test__ec__common_init.6063" targetname: "__gnat_last_chance_handler" label: "/.share/CACHEDEV1_DATA/Ada/STM32/L/L562/pka_gen/Ada_Drivers_Library/arch/ARM/STM32/driversL5/stm32-pka.adb:294:52" }
edge: { sourcename: "/.share/CACHEDEV1_DATA/Ada/STM32/L/L562/pka_gen/test_s/src/curve.adb:curve__test__ec__common_init.6063" targetname: "memcpy" }
edge: { sourcename: "/.share/CACHEDEV1_DATA/Ada/STM32/L/L562/pka_gen/test_s/src/curve.adb:curve__test__ec__common_init.6063" targetname: "__gnat_last_chance_handler" label: "/.share/CACHEDEV1_DATA/Ada/STM32/L/L562/pka_gen/Ada_Drivers_Library/arch/ARM/STM32/driversL5/stm32-pka.adb:289:52" }
edge: { sourcename: "/.share/CACHEDEV1_DATA/Ada/STM32/L/L562/pka_gen/test_s/src/curve.adb:curve__test__ec__common_init.6063" targetname: "memcpy" }
edge: { sourcename: "/.share/CACHEDEV1_DATA/Ada/STM32/L/L562/pka_gen/test_s/src/curve.adb:curve__test__ec__common_init.6063" targetname: "__gnat_last_chance_handler" label: "/.share/CACHEDEV1_DATA/Ada/STM32/L/L562/pka_gen/Ada_Drivers_Library/arch/ARM/STM32/driversL5/stm32-pka.adb:284:52" }
edge: { sourcename: "/.share/CACHEDEV1_DATA/Ada/STM32/L/L562/pka_gen/test_s/src/curve.adb:curve__test__ec__common_init.6063" targetname: "memcmp" label: "/.share/CACHEDEV1_DATA/Ada/STM32/L/L562/pka_gen/Ada_Drivers_Library/arch/ARM/STM32/driversL5/stm32-pka.adb:279:24" }
edge: { sourcename: "/.share/CACHEDEV1_DATA/Ada/STM32/L/L562/pka_gen/test_s/src/curve.adb:curve__test__ec__common_init.6063" targetname: "__gnat_last_chance_handler" label: "/.share/CACHEDEV1_DATA/Ada/STM32/L/L562/pka_gen/Ada_Drivers_Library/arch/ARM/STM32/driversL5/stm32-pka.adb:277:21" }
edge: { sourcename: "/.share/CACHEDEV1_DATA/Ada/STM32/L/L562/pka_gen/test_s/src/curve.adb:curve__test__ec__common_init.6063" targetname: "__gnat_last_chance_handler" label: "/.share/CACHEDEV1_DATA/Ada/STM32/L/L562/pka_gen/Ada_Drivers_Library/arch/ARM/STM32/driversL5/stm32-pka.adb:276:21" }
edge: { sourcename: "/.share/CACHEDEV1_DATA/Ada/STM32/L/L562/pka_gen/test_s/src/curve.adb:curve__test__ec__common_init.6063" targetname: "__gnat_last_chance_handler" label: "/.share/CACHEDEV1_DATA/Ada/STM32/L/L562/pka_gen/Ada_Drivers_Library/arch/ARM/STM32/driversL5/stm32-pka.adb:275:21" }
edge: { sourcename: "/.share/CACHEDEV1_DATA/Ada/STM32/L/L562/pka_gen/test_s/src/curve.adb:curve__test__ec__common_init.6063" targetname: "__gnat_last_chance_handler" label: "/.share/CACHEDEV1_DATA/Ada/STM32/L/L562/pka_gen/Ada_Drivers_Library/arch/ARM/STM32/driversL5/stm32-pka.adb:274:21" }
edge: { sourcename: "/.share/CACHEDEV1_DATA/Ada/STM32/L/L562/pka_gen/test_s/src/curve.adb:curve__test__ec__common_init.6063" targetname: "__gnat_last_chance_handler" label: "/.share/CACHEDEV1_DATA/Ada/STM32/L/L562/pka_gen/Ada_Drivers_Library/arch/ARM/STM32/driversL5/stm32-pka.adb:273:21" }
edge: { sourcename: "/.share/CACHEDEV1_DATA/Ada/STM32/L/L562/pka_gen/test_s/src/curve.adb:curve__test__ec__common_init.6063" targetname: "memcmp" label: "/.share/CACHEDEV1_DATA/Ada/STM32/L/L562/pka_gen/Ada_Drivers_Library/arch/ARM/STM32/driversL5/stm32-pka.adb:272:24" }
edge: { sourcename: "/.share/CACHEDEV1_DATA/Ada/STM32/L/L562/pka_gen/test_s/src/curve.adb:curve__test__ec__common_init.6063" targetname: "__gnat_last_chance_handler" label: "/.share/CACHEDEV1_DATA/Ada/STM32/L/L562/pka_gen/Ada_Drivers_Library/arch/ARM/STM32/driversL5/stm32-pka.adb:271:21" }
edge: { sourcename: "/.share/CACHEDEV1_DATA/Ada/STM32/L/L562/pka_gen/test_s/src/curve.adb:curve__test__ec__common_init.6063" targetname: "__gnat_last_chance_handler" label: "/.share/CACHEDEV1_DATA/Ada/STM32/L/L562/pka_gen/Ada_Drivers_Library/arch/ARM/STM32/driversL5/stm32-pka.adb:270:21" }
edge: { sourcename: "/.share/CACHEDEV1_DATA/Ada/STM32/L/L562/pka_gen/test_s/src/curve.adb:curve__test__ec__common_init.6063" targetname: "__gnat_last_chance_handler" label: "/.share/CACHEDEV1_DATA/Ada/STM32/L/L562/pka_gen/Ada_Drivers_Library/arch/ARM/STM32/driversL5/stm32-pka.adb:269:21" }
edge: { sourcename: "/.share/CACHEDEV1_DATA/Ada/STM32/L/L562/pka_gen/test_s/src/curve.adb:curve__test__ec__common_init.6063" targetname: "__gnat_last_chance_handler" label: "/.share/CACHEDEV1_DATA/Ada/STM32/L/L562/pka_gen/Ada_Drivers_Library/arch/ARM/STM32/driversL5/stm32-pka.adb:268:21" }
edge: { sourcename: "/.share/CACHEDEV1_DATA/Ada/STM32/L/L562/pka_gen/test_s/src/curve.adb:curve__test__ec__common_init.6063" targetname: "__gnat_last_chance_handler" label: "/.share/CACHEDEV1_DATA/Ada/STM32/L/L562/pka_gen/Ada_Drivers_Library/arch/ARM/STM32/driversL5/stm32-pka.adb:267:21" }
edge: { sourcename: "/.share/CACHEDEV1_DATA/Ada/STM32/L/L562/pka_gen/test_s/src/curve.adb:curve__test__ec__common_init.6063" targetname: "memcmp" label: "/.share/CACHEDEV1_DATA/Ada/STM32/L/L562/pka_gen/Ada_Drivers_Library/arch/ARM/STM32/driversL5/stm32-pka.adb:266:24" }
edge: { sourcename: "/.share/CACHEDEV1_DATA/Ada/STM32/L/L562/pka_gen/test_s/src/curve.adb:curve__test__ec__common_init.6063" targetname: "__gnat_last_chance_handler" label: "/.share/CACHEDEV1_DATA/Ada/STM32/L/L562/pka_gen/Ada_Drivers_Library/arch/ARM/STM32/driversL5/stm32-pka.adb:265:21" }
edge: { sourcename: "/.share/CACHEDEV1_DATA/Ada/STM32/L/L562/pka_gen/test_s/src/curve.adb:curve__test__ec__common_init.6063" targetname: "__gnat_last_chance_handler" label: "/.share/CACHEDEV1_DATA/Ada/STM32/L/L562/pka_gen/Ada_Drivers_Library/arch/ARM/STM32/driversL5/stm32-pka.adb:264:21" }
edge: { sourcename: "/.share/CACHEDEV1_DATA/Ada/STM32/L/L562/pka_gen/test_s/src/curve.adb:curve__test__ec__common_init.6063" targetname: "__gnat_last_chance_handler" label: "/.share/CACHEDEV1_DATA/Ada/STM32/L/L562/pka_gen/Ada_Drivers_Library/arch/ARM/STM32/driversL5/stm32-pka.adb:263:21" }
edge: { sourcename: "/.share/CACHEDEV1_DATA/Ada/STM32/L/L562/pka_gen/test_s/src/curve.adb:curve__test__ec__common_init.6063" targetname: "__gnat_last_chance_handler" label: "/.share/CACHEDEV1_DATA/Ada/STM32/L/L562/pka_gen/Ada_Drivers_Library/arch/ARM/STM32/driversL5/stm32-pka.adb:262:21" }
edge: { sourcename: "/.share/CACHEDEV1_DATA/Ada/STM32/L/L562/pka_gen/test_s/src/curve.adb:curve__test__ec__common_init.6063" targetname: "__gnat_last_chance_handler" label: "/.share/CACHEDEV1_DATA/Ada/STM32/L/L562/pka_gen/Ada_Drivers_Library/arch/ARM/STM32/driversL5/stm32-pka.adb:261:21" }
edge: { sourcename: "/.share/CACHEDEV1_DATA/Ada/STM32/L/L562/pka_gen/test_s/src/curve.adb:curve__test__ec__common_init.6063" targetname: "memcmp" label: "/.share/CACHEDEV1_DATA/Ada/STM32/L/L562/pka_gen/Ada_Drivers_Library/arch/ARM/STM32/driversL5/stm32-pka.adb:260:24" }
edge: { sourcename: "/.share/CACHEDEV1_DATA/Ada/STM32/L/L562/pka_gen/test_s/src/curve.adb:curve__test__ec__common_init.6063" targetname: "__gnat_last_chance_handler" label: "/.share/CACHEDEV1_DATA/Ada/STM32/L/L562/pka_gen/Ada_Drivers_Library/arch/ARM/STM32/driversL5/stm32-pka.adb:258:12" }
edge: { sourcename: "/.share/CACHEDEV1_DATA/Ada/STM32/L/L562/pka_gen/test_s/src/curve.adb:curve__test__ec__common_init.6063" targetname: "__gnat_last_chance_handler" label: "/.share/CACHEDEV1_DATA/Ada/STM32/L/L562/pka_gen/Ada_Drivers_Library/arch/ARM/STM32/driversL5/stm32-pka.adb:256:12" }
edge: { sourcename: "/.share/CACHEDEV1_DATA/Ada/STM32/L/L562/pka_gen/test_s/src/curve.adb:curve__test__ec__common_init.6063" targetname: "__gnat_last_chance_handler" label: "/.share/CACHEDEV1_DATA/Ada/STM32/L/L562/pka_gen/Ada_Drivers_Library/arch/ARM/STM32/driversL5/stm32-pka.adb:254:12" }
edge: { sourcename: "/.share/CACHEDEV1_DATA/Ada/STM32/L/L562/pka_gen/test_s/src/curve.adb:curve__test__ec__common_init.6063" targetname: "__gnat_last_chance_handler" label: "/.share/CACHEDEV1_DATA/Ada/STM32/L/L562/pka_gen/Ada_Drivers_Library/arch/ARM/STM32/driversL5/stm32-pka.adb:252:12" }
edge: { sourcename: "/.share/CACHEDEV1_DATA/Ada/STM32/L/L562/pka_gen/test_s/src/curve.adb:curve__test__ec__common_init.6063" targetname: "__gnat_last_chance_handler" label: "/.share/CACHEDEV1_DATA/Ada/STM32/L/L562/pka_gen/Ada_Drivers_Library/arch/ARM/STM32/driversL5/stm32-pka.adb:250:12" }
edge: { sourcename: "/.share/CACHEDEV1_DATA/Ada/STM32/L/L562/pka_gen/test_s/src/curve.adb:curve__test__ec__common_init.6063" targetname: "memcmp" label: "/.share/CACHEDEV1_DATA/Ada/STM32/L/L562/pka_gen/Ada_Drivers_Library/arch/ARM/STM32/driversL5/stm32-pka.adb:248:24" }
edge: { sourcename: "/.share/CACHEDEV1_DATA/Ada/STM32/L/L562/pka_gen/test_s/src/curve.adb:curve__test__ec__common_init.6063" targetname: "__gnat_last_chance_handler" label: "/.share/CACHEDEV1_DATA/Ada/STM32/L/L562/pka_gen/Ada_Drivers_Library/arch/ARM/STM32/driversL5/stm32-pka.adb:247:12" }
edge: { sourcename: "/.share/CACHEDEV1_DATA/Ada/STM32/L/L562/pka_gen/test_s/src/curve.adb:curve__test__ec__common_init.6063" targetname: "__gnat_last_chance_handler" label: "/.share/CACHEDEV1_DATA/Ada/STM32/L/L562/pka_gen/Ada_Drivers_Library/arch/ARM/STM32/driversL5/stm32-pka.adb:245:12" }
edge: { sourcename: "/.share/CACHEDEV1_DATA/Ada/STM32/L/L562/pka_gen/test_s/src/curve.adb:curve__test__ec__common_init.6063" targetname: "__gnat_last_chance_handler" label: "/.share/CACHEDEV1_DATA/Ada/STM32/L/L562/pka_gen/Ada_Drivers_Library/arch/ARM/STM32/driversL5/stm32-pka.adb:243:12" }
edge: { sourcename: "/.share/CACHEDEV1_DATA/Ada/STM32/L/L562/pka_gen/test_s/src/curve.adb:curve__test__ec__common_init.6063" targetname: "__gnat_last_chance_handler" label: "/.share/CACHEDEV1_DATA/Ada/STM32/L/L562/pka_gen/Ada_Drivers_Library/arch/ARM/STM32/driversL5/stm32-pka.adb:241:12" }
edge: { sourcename: "/.share/CACHEDEV1_DATA/Ada/STM32/L/L562/pka_gen/test_s/src/curve.adb:curve__test__ec__common_init.6063" targetname: "__gnat_last_chance_handler" label: "/.share/CACHEDEV1_DATA/Ada/STM32/L/L562/pka_gen/Ada_Drivers_Library/arch/ARM/STM32/driversL5/stm32-pka.adb:239:12" }
edge: { sourcename: "/.share/CACHEDEV1_DATA/Ada/STM32/L/L562/pka_gen/test_s/src/curve.adb:curve__test__ec__common_init.6063" targetname: "memcmp" label: "/.share/CACHEDEV1_DATA/Ada/STM32/L/L562/pka_gen/Ada_Drivers_Library/arch/ARM/STM32/driversL5/stm32-pka.adb:237:24" }
edge: { sourcename: "/.share/CACHEDEV1_DATA/Ada/STM32/L/L562/pka_gen/test_s/src/curve.adb:curve__test__ec__common_init.6063" targetname: "memcpy" }
edge: { sourcename: "/.share/CACHEDEV1_DATA/Ada/STM32/L/L562/pka_gen/test_s/src/curve.adb:curve__test__ec__common_init.6063" targetname: "__gnat_last_chance_handler" label: "/.share/CACHEDEV1_DATA/Ada/STM32/L/L562/pka_gen/Ada_Drivers_Library/arch/ARM/STM32/driversL5/stm32-pka.adb:236:52" }
edge: { sourcename: "/.share/CACHEDEV1_DATA/Ada/STM32/L/L562/pka_gen/test_s/src/curve.adb:curve__test__ec__common_init.6063" targetname: "memcpy" }
edge: { sourcename: "/.share/CACHEDEV1_DATA/Ada/STM32/L/L562/pka_gen/test_s/src/curve.adb:curve__test__ec__common_init.6063" targetname: "__gnat_last_chance_handler" label: "/.share/CACHEDEV1_DATA/Ada/STM32/L/L562/pka_gen/Ada_Drivers_Library/arch/ARM/STM32/driversL5/stm32-pka.adb:233:52" }
edge: { sourcename: "/.share/CACHEDEV1_DATA/Ada/STM32/L/L562/pka_gen/test_s/src/curve.adb:curve__test__ec__common_init.6063" targetname: "memcpy" }
edge: { sourcename: "/.share/CACHEDEV1_DATA/Ada/STM32/L/L562/pka_gen/test_s/src/curve.adb:curve__test__ec__common_init.6063" targetname: "__gnat_last_chance_handler" label: "/.share/CACHEDEV1_DATA/Ada/STM32/L/L562/pka_gen/Ada_Drivers_Library/arch/ARM/STM32/driversL5/stm32-pka.adb:230:52" }
edge: { sourcename: "/.share/CACHEDEV1_DATA/Ada/STM32/L/L562/pka_gen/test_s/src/curve.adb:curve__test__ec__common_init.6063" targetname: "memcpy" }
edge: { sourcename: "/.share/CACHEDEV1_DATA/Ada/STM32/L/L562/pka_gen/test_s/src/curve.adb:curve__test__ec__common_init.6063" targetname: "__gnat_last_chance_handler" label: "/.share/CACHEDEV1_DATA/Ada/STM32/L/L562/pka_gen/Ada_Drivers_Library/arch/ARM/STM32/driversL5/stm32-pka.adb:227:52" }
edge: { sourcename: "/.share/CACHEDEV1_DATA/Ada/STM32/L/L562/pka_gen/test_s/src/curve.adb:curve__test__ec__common_init.6063" targetname: "memcpy" }
edge: { sourcename: "/.share/CACHEDEV1_DATA/Ada/STM32/L/L562/pka_gen/test_s/src/curve.adb:curve__test__ec__common_init.6063" targetname: "__gnat_last_chance_handler" label: "/.share/CACHEDEV1_DATA/Ada/STM32/L/L562/pka_gen/Ada_Drivers_Library/arch/ARM/STM32/driversL5/stm32-pka.adb:223:52" }
edge: { sourcename: "/.share/CACHEDEV1_DATA/Ada/STM32/L/L562/pka_gen/test_s/src/curve.adb:curve__test__ec__common_init.6063" targetname: "memcmp" label: "/.share/CACHEDEV1_DATA/Ada/STM32/L/L562/pka_gen/Ada_Drivers_Library/arch/ARM/STM32/driversL5/stm32-pka.adb:219:24" }
edge: { sourcename: "/.share/CACHEDEV1_DATA/Ada/STM32/L/L562/pka_gen/test_s/src/curve.adb:curve__test__ec__common_init.6063" targetname: "memcpy" }
edge: { sourcename: "/.share/CACHEDEV1_DATA/Ada/STM32/L/L562/pka_gen/test_s/src/curve.adb:curve__test__ec__common_init.6063" targetname: "__gnat_last_chance_handler" label: "/.share/CACHEDEV1_DATA/Ada/STM32/L/L562/pka_gen/Ada_Drivers_Library/arch/ARM/STM32/driversL5/stm32-pka.adb:218:52" }
edge: { sourcename: "/.share/CACHEDEV1_DATA/Ada/STM32/L/L562/pka_gen/test_s/src/curve.adb:curve__test__ec__common_init.6063" targetname: "memcpy" }
edge: { sourcename: "/.share/CACHEDEV1_DATA/Ada/STM32/L/L562/pka_gen/test_s/src/curve.adb:curve__test__ec__common_init.6063" targetname: "__gnat_last_chance_handler" label: "/.share/CACHEDEV1_DATA/Ada/STM32/L/L562/pka_gen/Ada_Drivers_Library/arch/ARM/STM32/driversL5/stm32-pka.adb:213:52" }
edge: { sourcename: "/.share/CACHEDEV1_DATA/Ada/STM32/L/L562/pka_gen/test_s/src/curve.adb:curve__test__ec__common_init.6063" targetname: "memcpy" }
edge: { sourcename: "/.share/CACHEDEV1_DATA/Ada/STM32/L/L562/pka_gen/test_s/src/curve.adb:curve__test__ec__common_init.6063" targetname: "__gnat_last_chance_handler" label: "/.share/CACHEDEV1_DATA/Ada/STM32/L/L562/pka_gen/Ada_Drivers_Library/arch/ARM/STM32/driversL5/stm32-pka.adb:208:52" }
edge: { sourcename: "/.share/CACHEDEV1_DATA/Ada/STM32/L/L562/pka_gen/test_s/src/curve.adb:curve__test__ec__common_init.6063" targetname: "memcpy" }
edge: { sourcename: "/.share/CACHEDEV1_DATA/Ada/STM32/L/L562/pka_gen/test_s/src/curve.adb:curve__test__ec__common_init.6063" targetname: "__gnat_last_chance_handler" label: "/.share/CACHEDEV1_DATA/Ada/STM32/L/L562/pka_gen/Ada_Drivers_Library/arch/ARM/STM32/driversL5/stm32-pka.adb:203:52" }
edge: { sourcename: "/.share/CACHEDEV1_DATA/Ada/STM32/L/L562/pka_gen/test_s/src/curve.adb:curve__test__ec__common_init.6063" targetname: "memcpy" }
edge: { sourcename: "/.share/CACHEDEV1_DATA/Ada/STM32/L/L562/pka_gen/test_s/src/curve.adb:curve__test__ec__common_init.6063" targetname: "__gnat_last_chance_handler" label: "/.share/CACHEDEV1_DATA/Ada/STM32/L/L562/pka_gen/Ada_Drivers_Library/arch/ARM/STM32/driversL5/stm32-pka.adb:198:52" }
edge: { sourcename: "/.share/CACHEDEV1_DATA/Ada/STM32/L/L562/pka_gen/test_s/src/curve.adb:curve__test__ec__common_init.6063" targetname: "memcmp" label: "/.share/CACHEDEV1_DATA/Ada/STM32/L/L562/pka_gen/Ada_Drivers_Library/arch/ARM/STM32/driversL5/stm32-pka.adb:193:21" }
node: { title: "/.share/CACHEDEV1_DATA/Ada/STM32/L/L562/pka_gen/test_s/src/curve.adb:curve__test__ec__clear_ram.5604" label: "CLEAR_RAM\n/.share/CACHEDEV1_DATA/Ada/STM32/L/L562/pka_gen/Ada_Drivers_Library/arch/ARM/STM32/driversL5/stm32-pka.adb:181:4\n24 bytes (static)" }
edge: { sourcename: "/.share/CACHEDEV1_DATA/Ada/STM32/L/L562/pka_gen/test_s/src/curve.adb:curve__test__ec__clear_ram.5604" targetname: "__gnat_last_chance_handler" label: "/.share/CACHEDEV1_DATA/Ada/STM32/L/L562/pka_gen/Ada_Drivers_Library/arch/ARM/STM32/driversL5/stm32-pka.adb:183:60" }
edge: { sourcename: "/.share/CACHEDEV1_DATA/Ada/STM32/L/L562/pka_gen/test_s/src/curve.adb:curve__test__ec__clear_ram.5604" targetname: "stm32__device__s_ns_periph" label: "/.share/CACHEDEV1_DATA/Ada/STM32/L/L562/pka_gen/Ada_Drivers_Library/arch/ARM/STM32/driversL5/stm32-pka.adb:183:71" }
node: { title: "/.share/CACHEDEV1_DATA/Ada/STM32/L/L562/pka_gen/test_s/src/curve.adb:curve__test__ec__clear_flags.5602" label: "CLEAR_FLAGS\n/.share/CACHEDEV1_DATA/Ada/STM32/L/L562/pka_gen/Ada_Drivers_Library/arch/ARM/STM32/driversL5/stm32-pka.adb:173:4\n16 bytes (static)" }
node: { title: "/.share/CACHEDEV1_DATA/Ada/STM32/L/L562/pka_gen/test_s/src/curve.adb:curve__test__ec__check_errors.5600" label: "CHECK_ERRORS\n/.share/CACHEDEV1_DATA/Ada/STM32/L/L562/pka_gen/Ada_Drivers_Library/arch/ARM/STM32/driversL5/stm32-pka.adb:167:4\n16 bytes (static)" }
node: { title: "/.share/CACHEDEV1_DATA/Ada/STM32/L/L562/pka_gen/test_s/src/curve.adb:curve__test__ec__disable_pka.5598" label: "DISABLE_PKA\n/.share/CACHEDEV1_DATA/Ada/STM32/L/L562/pka_gen/Ada_Drivers_Library/arch/ARM/STM32/driversL5/stm32-pka.adb:156:4\n32 bytes (static)" }
edge: { sourcename: "/.share/CACHEDEV1_DATA/Ada/STM32/L/L562/pka_gen/test_s/src/curve.adb:curve__test__ec__disable_pka.5598" targetname: "__gnat_last_chance_handler" label: "/.share/CACHEDEV1_DATA/Ada/STM32/L/L562/pka_gen/Ada_Drivers_Library/arch/ARM/STM32/driversL5/stm32-pka.adb:159:22" }
edge: { sourcename: "/.share/CACHEDEV1_DATA/Ada/STM32/L/L562/pka_gen/test_s/src/curve.adb:curve__test__ec__disable_pka.5598" targetname: "stm32__device__s_ns_periph" label: "/.share/CACHEDEV1_DATA/Ada/STM32/L/L562/pka_gen/Ada_Drivers_Library/arch/ARM/STM32/driversL5/stm32-pka.adb:159:33" }
node: { title: "/.share/CACHEDEV1_DATA/Ada/STM32/L/L562/pka_gen/test_s/src/curve.adb:curve__test__ec__enable_pka.5596" label: "ENABLE_PKA\n/.share/CACHEDEV1_DATA/Ada/STM32/L/L562/pka_gen/Ada_Drivers_Library/arch/ARM/STM32/driversL5/stm32-pka.adb:144:4\n32 bytes (static)" }
edge: { sourcename: "/.share/CACHEDEV1_DATA/Ada/STM32/L/L562/pka_gen/test_s/src/curve.adb:curve__test__ec__enable_pka.5596" targetname: "__gnat_last_chance_handler" label: "/.share/CACHEDEV1_DATA/Ada/STM32/L/L562/pka_gen/Ada_Drivers_Library/arch/ARM/STM32/driversL5/stm32-pka.adb:147:22" }
edge: { sourcename: "/.share/CACHEDEV1_DATA/Ada/STM32/L/L562/pka_gen/test_s/src/curve.adb:curve__test__ec__enable_pka.5596" targetname: "stm32__device__s_ns_periph" label: "/.share/CACHEDEV1_DATA/Ada/STM32/L/L562/pka_gen/Ada_Drivers_Library/arch/ARM/STM32/driversL5/stm32-pka.adb:147:33" }
node: { title: "/.share/CACHEDEV1_DATA/Ada/STM32/L/L562/pka_gen/test_s/src/curve.adb:curve__test__ec__copy_u32_to_s.5594" label: "COPY_U32_TO_S\n/.share/CACHEDEV1_DATA/Ada/STM32/L/L562/pka_gen/Ada_Drivers_Library/arch/ARM/STM32/driversL5/stm32-pka.adb:117:4\n80 bytes (static)" }
edge: { sourcename: "/.share/CACHEDEV1_DATA/Ada/STM32/L/L562/pka_gen/test_s/src/curve.adb:curve__test__ec__copy_u32_to_s.5594" targetname: "/.share/CACHEDEV1_DATA/Ada/STM32/L/L562/pka_gen/test_s/src/curve.adb:curve__test__ec__copy_u8_to_s.5590" label: "/.share/CACHEDEV1_DATA/Ada/STM32/L/L562/pka_gen/Ada_Drivers_Library/arch/ARM/STM32/driversL5/stm32-pka.adb:135:13" }
edge: { sourcename: "/.share/CACHEDEV1_DATA/Ada/STM32/L/L562/pka_gen/test_s/src/curve.adb:curve__test__ec__copy_u32_to_s.5594" targetname: "__gnat_last_chance_handler" label: "/.share/CACHEDEV1_DATA/Ada/STM32/L/L562/pka_gen/Ada_Drivers_Library/arch/ARM/STM32/driversL5/stm32-pka.adb:132:15" }
edge: { sourcename: "/.share/CACHEDEV1_DATA/Ada/STM32/L/L562/pka_gen/test_s/src/curve.adb:curve__test__ec__copy_u32_to_s.5594" targetname: "__gnat_last_chance_handler" label: "/.share/CACHEDEV1_DATA/Ada/STM32/L/L562/pka_gen/Ada_Drivers_Library/arch/ARM/STM32/driversL5/stm32-pka.adb:132:30" }
node: { title: "/.share/CACHEDEV1_DATA/Ada/STM32/L/L562/pka_gen/test_s/src/curve.adb:curve__test__ec__copy_u8_to_s.5590" label: "COPY_U8_TO_S\n/.share/CACHEDEV1_DATA/Ada/STM32/L/L562/pka_gen/Ada_Drivers_Library/arch/ARM/STM32/driversL5/stm32-pka.adb:97:4\n40 bytes (static)" }
edge: { sourcename: "/.share/CACHEDEV1_DATA/Ada/STM32/L/L562/pka_gen/test_s/src/curve.adb:curve__test__ec__copy_u8_to_s.5590" targetname: "__gnat_last_chance_handler" label: "/.share/CACHEDEV1_DATA/Ada/STM32/L/L562/pka_gen/Ada_Drivers_Library/arch/ARM/STM32/driversL5/stm32-pka.adb:113:10" }
edge: { sourcename: "/.share/CACHEDEV1_DATA/Ada/STM32/L/L562/pka_gen/test_s/src/curve.adb:curve__test__ec__copy_u8_to_s.5590" targetname: "__gnat_last_chance_handler" label: "/.share/CACHEDEV1_DATA/Ada/STM32/L/L562/pka_gen/Ada_Drivers_Library/arch/ARM/STM32/driversL5/stm32-pka.adb:113:16" }
edge: { sourcename: "/.share/CACHEDEV1_DATA/Ada/STM32/L/L562/pka_gen/test_s/src/curve.adb:curve__test__ec__copy_u8_to_s.5590" targetname: "__gnat_last_chance_handler" label: "/.share/CACHEDEV1_DATA/Ada/STM32/L/L562/pka_gen/Ada_Drivers_Library/arch/ARM/STM32/driversL5/stm32-pka.adb:113:35" }
edge: { sourcename: "/.share/CACHEDEV1_DATA/Ada/STM32/L/L562/pka_gen/test_s/src/curve.adb:curve__test__ec__copy_u8_to_s.5590" targetname: "__gnat_last_chance_handler" label: "/.share/CACHEDEV1_DATA/Ada/STM32/L/L562/pka_gen/Ada_Drivers_Library/arch/ARM/STM32/driversL5/stm32-pka.adb:106:32" }
edge: { sourcename: "/.share/CACHEDEV1_DATA/Ada/STM32/L/L562/pka_gen/test_s/src/curve.adb:curve__test__ec__copy_u8_to_s.5590" targetname: "__gnat_last_chance_handler" label: "/.share/CACHEDEV1_DATA/Ada/STM32/L/L562/pka_gen/Ada_Drivers_Library/arch/ARM/STM32/driversL5/stm32-pka.adb:104:27" }
node: { title: "curve__test" label: "Test\n/.share/CACHEDEV1_DATA/Ada/STM32/L/L562/pka_gen/test_s/src/curve.adb:15:4\n376 bytes (dynamic)" }
edge: { sourcename: "curve__test" targetname: "__gnat_last_chance_handler" label: "/.share/CACHEDEV1_DATA/Ada/STM32/L/L562/pka_gen/test_s/src/curve.adb:30:10" }
edge: { sourcename: "curve__test" targetname: "__gnat_last_chance_handler" label: "/.share/CACHEDEV1_DATA/Ada/STM32/L/L562/pka_gen/test_s/src/curve.adb:30:10" }
edge: { sourcename: "curve__test" targetname: "memcpy" }
edge: { sourcename: "curve__test" targetname: "__gnat_last_chance_handler" label: "/.share/CACHEDEV1_DATA/Ada/STM32/L/L562/pka_gen/test_s/src/curve.adb:30:10" }
edge: { sourcename: "curve__test" targetname: "__gnat_last_chance_handler" label: "/.share/CACHEDEV1_DATA/Ada/STM32/L/L562/pka_gen/test_s/src/curve.adb:30:10" }
edge: { sourcename: "curve__test" targetname: "__gnat_last_chance_handler" label: "/.share/CACHEDEV1_DATA/Ada/STM32/L/L562/pka_gen/test_s/src/curve.adb:30:10" }
edge: { sourcename: "curve__test" targetname: "__gnat_last_chance_handler" label: "/.share/CACHEDEV1_DATA/Ada/STM32/L/L562/pka_gen/test_s/src/curve.adb:30:10" }
edge: { sourcename: "curve__test" targetname: "__gnat_last_chance_handler" label: "/.share/CACHEDEV1_DATA/Ada/STM32/L/L562/pka_gen/test_s/src/curve.adb:30:10" }
edge: { sourcename: "curve__test" targetname: "__gnat_last_chance_handler" label: "/.share/CACHEDEV1_DATA/Ada/STM32/L/L562/pka_gen/test_s/src/curve.adb:30:10" }
edge: { sourcename: "curve__test" targetname: "/.share/CACHEDEV1_DATA/Ada/STM32/L/L562/pka_gen/test_s/src/curve.adb:curve__test__ec__ecdsa_valid__2.6085" label: "/.share/CACHEDEV1_DATA/Ada/STM32/L/L562/pka_gen/test_s/src/curve.adb:28:14" }
edge: { sourcename: "curve__test" targetname: "/.share/CACHEDEV1_DATA/Ada/STM32/L/L562/pka_gen/test_s/src/curve.adb:curve__test__ec__ecdsa_sign__3.6075" label: "/.share/CACHEDEV1_DATA/Ada/STM32/L/L562/pka_gen/test_s/src/curve.adb:27:14" }
edge: { sourcename: "curve__test" targetname: "/.share/CACHEDEV1_DATA/Ada/STM32/L/L562/pka_gen/test_s/src/curve.adb:curve__test__ec__enable_pka.5596" label: "/.share/CACHEDEV1_DATA/Ada/STM32/L/L562/pka_gen/test_s/src/curve.adb:26:7" }
edge: { sourcename: "curve__test" targetname: "/.share/CACHEDEV1_DATA/Ada/STM32/L/L562/pka_gen/test_s/src/curve.adb:curve__test__ec__make_random_group_string.5633" label: "/.share/CACHEDEV1_DATA/Ada/STM32/L/L562/pka_gen/test_s/src/curve.adb:22:7" }
edge: { sourcename: "curve__test" targetname: "/.share/CACHEDEV1_DATA/Ada/STM32/L/L562/pka_gen/test_s/src/curve.adb:curve__test__ec__make_public_key_string.6088" label: "/.share/CACHEDEV1_DATA/Ada/STM32/L/L562/pka_gen/test_s/src/curve.adb:21:7" }
edge: { sourcename: "curve__test" targetname: "/.share/CACHEDEV1_DATA/Ada/STM32/L/L562/pka_gen/test_s/src/curve.adb:curve__test__ec__make_random_group_string.5633" label: "/.share/CACHEDEV1_DATA/Ada/STM32/L/L562/pka_gen/test_s/src/curve.adb:20:7" }
edge: { sourcename: "curve__test" targetname: "__gnat_last_chance_handler" label: "/.share/CACHEDEV1_DATA/Ada/STM32/L/L562/pka_gen/Ada_Drivers_Library/arch/ARM/STM32/driversL5/stm32-pka.ads:50:56" }
edge: { sourcename: "curve__test" targetname: "stm32__device__s_ns_periph" label: "/.share/CACHEDEV1_DATA/Ada/STM32/L/L562/pka_gen/Ada_Drivers_Library/arch/ARM/STM32/driversL5/stm32-pka.ads:50:67" }
edge: { sourcename: "curve__test" targetname: "__gnat_last_chance_handler" label: "/.share/CACHEDEV1_DATA/Ada/STM32/L/L562/pka_gen/Ada_Drivers_Library/arch/ARM/STM32/driversL5/stm32-pka.ads:236:40" }
edge: { sourcename: "curve__test" targetname: "__gnat_last_chance_handler" label: "/.share/CACHEDEV1_DATA/Ada/STM32/L/L562/pka_gen/Ada_Drivers_Library/arch/ARM/STM32/driversL5/stm32-pka.ads:235:40" }
edge: { sourcename: "curve__test" targetname: "__gnat_last_chance_handler" label: "/.share/CACHEDEV1_DATA/Ada/STM32/L/L562/pka_gen/Ada_Drivers_Library/arch/ARM/STM32/driversL5/stm32-pka.ads:234:40" }
edge: { sourcename: "curve__test" targetname: "__gnat_last_chance_handler" label: "/.share/CACHEDEV1_DATA/Ada/STM32/L/L562/pka_gen/Ada_Drivers_Library/arch/ARM/STM32/driversL5/stm32-pka.ads:233:40" }
edge: { sourcename: "curve__test" targetname: "__gnat_last_chance_handler" label: "/.share/CACHEDEV1_DATA/Ada/STM32/L/L562/pka_gen/Ada_Drivers_Library/arch/ARM/STM32/driversL5/stm32-pka.ads:232:40" }
edge: { sourcename: "curve__test" targetname: "__gnat_last_chance_handler" label: "/.share/CACHEDEV1_DATA/Ada/STM32/L/L562/pka_gen/Ada_Drivers_Library/arch/ARM/STM32/driversL5/stm32-pka.ads:48:57" }
edge: { sourcename: "curve__test" targetname: "__gnat_last_chance_handler" label: "/.share/CACHEDEV1_DATA/Ada/STM32/L/L562/pka_gen/Ada_Drivers_Library/arch/ARM/STM32/driversL5/stm32-pka.ads:47:63" }
edge: { sourcename: "curve__test" targetname: "__gnat_last_chance_handler" label: "/.share/CACHEDEV1_DATA/Ada/STM32/L/L562/pka_gen/Ada_Drivers_Library/arch/ARM/STM32/driversL5/stm32-pka.ads:32:53" }
edge: { sourcename: "curve__test" targetname: "__gnat_last_chance_handler" label: "/.share/CACHEDEV1_DATA/Ada/STM32/L/L562/pka_gen/Ada_Drivers_Library/arch/ARM/STM32/driversL5/stm32-pka.ads:17:61" }
edge: { sourcename: "curve__test" targetname: "memcpy" }
edge: { sourcename: "curve__test" targetname: "__gnat_last_chance_handler" label: "/.share/CACHEDEV1_DATA/Ada/STM32/L/L562/pka_gen/test_s/src/curve.adb:17:50" }
node: { title: "/.share/CACHEDEV1_DATA/Ada/STM32/L/L562/pka_gen/test_s/src/curve.adb:curve__test__ec__copy_s_to_u32.5577" label: "COPY_S_TO_U32\n/.share/CACHEDEV1_DATA/Ada/STM32/L/L562/pka_gen/Ada_Drivers_Library/arch/ARM/STM32/driversL5/stm32-pka.adb:11:4\n120 bytes (dynamic)" }
edge: { sourcename: "/.share/CACHEDEV1_DATA/Ada/STM32/L/L562/pka_gen/test_s/src/curve.adb:curve__test__ec__copy_s_to_u32.5577" targetname: "__gnat_last_chance_handler" label: "/.share/CACHEDEV1_DATA/Ada/STM32/L/L562/pka_gen/Ada_Drivers_Library/arch/ARM/STM32/driversL5/stm32-pka.adb:55:10" }
edge: { sourcename: "/.share/CACHEDEV1_DATA/Ada/STM32/L/L562/pka_gen/test_s/src/curve.adb:curve__test__ec__copy_s_to_u32.5577" targetname: "__gnat_last_chance_handler" label: "/.share/CACHEDEV1_DATA/Ada/STM32/L/L562/pka_gen/Ada_Drivers_Library/arch/ARM/STM32/driversL5/stm32-pka.adb:51:24" }
edge: { sourcename: "/.share/CACHEDEV1_DATA/Ada/STM32/L/L562/pka_gen/test_s/src/curve.adb:curve__test__ec__copy_s_to_u32.5577" targetname: "__gnat_last_chance_handler" label: "/.share/CACHEDEV1_DATA/Ada/STM32/L/L562/pka_gen/Ada_Drivers_Library/arch/ARM/STM32/driversL5/stm32-pka.adb:49:13" }
edge: { sourcename: "/.share/CACHEDEV1_DATA/Ada/STM32/L/L562/pka_gen/test_s/src/curve.adb:curve__test__ec__copy_s_to_u32.5577" targetname: "__gnat_last_chance_handler" label: "/.share/CACHEDEV1_DATA/Ada/STM32/L/L562/pka_gen/Ada_Drivers_Library/arch/ARM/STM32/driversL5/stm32-pka.adb:39:26" }
edge: { sourcename: "/.share/CACHEDEV1_DATA/Ada/STM32/L/L562/pka_gen/test_s/src/curve.adb:curve__test__ec__copy_s_to_u32.5577" targetname: "__gnat_last_chance_handler" label: "/.share/CACHEDEV1_DATA/Ada/STM32/L/L562/pka_gen/Ada_Drivers_Library/arch/ARM/STM32/driversL5/stm32-pka.adb:38:13" }
edge: { sourcename: "/.share/CACHEDEV1_DATA/Ada/STM32/L/L562/pka_gen/test_s/src/curve.adb:curve__test__ec__copy_s_to_u32.5577" targetname: "__gnat_last_chance_handler" label: "/.share/CACHEDEV1_DATA/Ada/STM32/L/L562/pka_gen/Ada_Drivers_Library/arch/ARM/STM32/driversL5/stm32-pka.adb:19:35" }
edge: { sourcename: "/.share/CACHEDEV1_DATA/Ada/STM32/L/L562/pka_gen/test_s/src/curve.adb:curve__test__ec__copy_s_to_u32.5577" targetname: "__gnat_last_chance_handler" label: "/.share/CACHEDEV1_DATA/Ada/STM32/L/L562/pka_gen/Ada_Drivers_Library/arch/ARM/STM32/driversL5/stm32-pka.adb:18:36" }
}
