graph: { title: "/media/16T/ada/STM32/L/L443/vl53l8x_l443/src/trace.adb"
node: { title: "__gnat_rcheck_PE_Misaligned_Address_Value" label: "gnat_rcheck_PE_Misaligned_Address_Value\n<built-in>" shape : ellipse }
node: { title: "__gnat_rcheck_CE_Invalid_Data" label: "gnat_rcheck_CE_Invalid_Data\n<built-in>" shape : ellipse }
node: { title: "trace___elabs" label: "Trace\n/media/16T/ada/STM32/L/L443/vl53l8x_l443/src/trace.ads:12:1\n4 bytes (static)" }
node: { title: "trace__configure_watchpoint" label: "Configure_Watchpoint\n/media/16T/ada/STM32/L/L443/vl53l8x_l443/src/trace.adb:157:4\n24 bytes (static)" }
edge: { sourcename: "trace__configure_watchpoint" targetname: "__gnat_rcheck_CE_Invalid_Data" label: "/media/16T/ada/STM32/L/L443/vl53l8x_l443/src/trace.adb:165:12" }
node: { title: "trace__itm_print" label: "Itm_Print\n/media/16T/ada/STM32/L/L443/vl53l8x_l443/src/trace.adb:146:4\n48 bytes (static)" }
edge: { sourcename: "trace__itm_print" targetname: "trace__itm_sendvalue__3" label: "/media/16T/ada/STM32/L/L443/vl53l8x_l443/src/trace.adb:150:10" }
node: { title: "trace__itm_sendvalue__3" label: "Itm_Sendvalue\n/media/16T/ada/STM32/L/L443/vl53l8x_l443/src/trace.adb:128:4\n24 bytes (static)" }
node: { title: "trace__itm_sendvalue__2" label: "Itm_Sendvalue\n/media/16T/ada/STM32/L/L443/vl53l8x_l443/src/trace.adb:111:4\n32 bytes (static)" }
edge: { sourcename: "trace__itm_sendvalue__2" targetname: "__gnat_rcheck_PE_Misaligned_Address_Value" label: "/media/16T/ada/STM32/L/L443/vl53l8x_l443/src/trace.adb:114:42" }
node: { title: "trace__itm_sendvalue" label: "Itm_Sendvalue\n/media/16T/ada/STM32/L/L443/vl53l8x_l443/src/trace.adb:96:4\n24 bytes (static)" }
edge: { sourcename: "trace__itm_sendvalue" targetname: "__gnat_rcheck_CE_Invalid_Data" label: "/media/16T/ada/STM32/L/L443/vl53l8x_l443/src/trace.adb:105:20" }
node: { title: "trace__configure_tracing" label: "Configure_Tracing\n/media/16T/ada/STM32/L/L443/vl53l8x_l443/src/trace.adb:22:4\n40 bytes (static)" }
node: { title: "trace__disable_tracing" label: "Disable_Tracing\n/media/16T/ada/STM32/L/L443/vl53l8x_l443/src/trace.adb:12:4\n4 bytes (static)" }
node: { title: "trace__tcr_registerIP" label: "Tcr_Registerip\n/media/16T/ada/STM32/L/L443/vl53l8x_l443/src/trace.ads:137:9\n16 bytes (static)" }
node: { title: "trace__tcr_registerEQ" label: "Tcr_Registereq\n/media/16T/ada/STM32/L/L443/vl53l8x_l443/src/trace.ads:137:9\n24 bytes (static)" }
node: { title: "trace__tcr_fieldsIP" label: "Tcr_Fieldsip\n/media/16T/ada/STM32/L/L443/vl53l8x_l443/src/trace.ads:111:9\n16 bytes (static)" }
node: { title: "trace__etm_peripheralIP" label: "Etm_Peripheralip\n/media/16T/ada/STM32/L/L443/vl53l8x_l443/src/trace.ads:155:9\n16 bytes (static)" }
node: { title: "trace__Tu32of8BIP" label: "Tu32of8bip\n/media/16T/ada/STM32/L/L443/vl53l8x_l443/src/trace.ads:152:4\n16 bytes (static)" }
node: { title: "trace__Tu32of3BIP" label: "Tu32of3bip\n/media/16T/ada/STM32/L/L443/vl53l8x_l443/src/trace.ads:149:4\n16 bytes (static)" }
node: { title: "trace__Tu32of6BIP" label: "Tu32of6bip\n/media/16T/ada/STM32/L/L443/vl53l8x_l443/src/trace.ads:151:4\n16 bytes (static)" }
node: { title: "trace__Tu32of4BIP" label: "Tu32of4bip\n/media/16T/ada/STM32/L/L443/vl53l8x_l443/src/trace.ads:150:4\n16 bytes (static)" }
node: { title: "trace__Tu32of16BIP" label: "Tu32of16bip\n/media/16T/ada/STM32/L/L443/vl53l8x_l443/src/trace.ads:153:4\n16 bytes (static)" }
node: { title: "trace__itm_peripheralIP" label: "Itm_Peripheralip\n/media/16T/ada/STM32/L/L443/vl53l8x_l443/src/trace.ads:60:9\n16 bytes (static)" }
node: { title: "trace__Tport_tBIP" label: "Tport_Tbip\n/media/16T/ada/STM32/L/L443/vl53l8x_l443/src/trace.ads:59:4\n16 bytes (static)" }
node: { title: "trace__tpi_peripheralIP" label: "Tpi_Peripheralip\n/media/16T/ada/STM32/L/L443/vl53l8x_l443/src/trace.ads:14:9\n16 bytes (static)" }
}
