Archive member included to satisfy reference by file (symbol)

/media/16T/ada/STM32/F/F103/lis3mdl/Ada_Drivers_Library/boards/lib/stm32f103bluepill/ravenscar-ssfp/Debug/libstm32f103bluepill.a(stm32-board.o)
                              /media/16T/ada/STM32/F/F103/lis3mdl/obj/Debug/last_chance_handler.o (stm32__board__initialize_leds)
/media/16T/ada/STM32/F/F103/lis3mdl/Ada_Drivers_Library/arch/ARM/STM32/lib/stm32f103bluepill/ravenscar-ssfp/Debug/libstm32f103.a(stm32-adc.o)
                              b__lis3mdl_f103.o (stm32__adc___elabs)
/media/16T/ada/STM32/F/F103/lis3mdl/Ada_Drivers_Library/arch/ARM/STM32/lib/stm32f103bluepill/ravenscar-ssfp/Debug/libstm32f103.a(stm32-dac.o)
                              b__lis3mdl_f103.o (stm32__dac_E)
/media/16T/ada/STM32/F/F103/lis3mdl/Ada_Drivers_Library/arch/ARM/STM32/lib/stm32f103bluepill/ravenscar-ssfp/Debug/libstm32f103.a(stm32-device.o)
                              lis3mdl_f103.o (stm32__device__enable_clock__2)
/media/16T/ada/STM32/F/F103/lis3mdl/Ada_Drivers_Library/arch/ARM/STM32/lib/stm32f103bluepill/ravenscar-ssfp/Debug/libstm32f103.a(stm32-exti.o)
                              b__lis3mdl_f103.o (stm32__exti_E)
/media/16T/ada/STM32/F/F103/lis3mdl/Ada_Drivers_Library/arch/ARM/STM32/lib/stm32f103bluepill/ravenscar-ssfp/Debug/libstm32f103.a(stm32-gpio.o)
                              /media/16T/ada/STM32/F/F103/lis3mdl/Ada_Drivers_Library/arch/ARM/STM32/lib/stm32f103bluepill/ravenscar-ssfp/Debug/libstm32f103.a(stm32-device.o) (stm32__gpio__gpio_pointT)
/media/16T/ada/STM32/F/F103/lis3mdl/Ada_Drivers_Library/arch/ARM/STM32/lib/stm32f103bluepill/ravenscar-ssfp/Debug/libstm32f103.a(stm32-i2c.o)
                              /media/16T/ada/STM32/F/F103/lis3mdl/Ada_Drivers_Library/arch/ARM/STM32/lib/stm32f103bluepill/ravenscar-ssfp/Debug/libstm32f103.a(stm32-device.o) (stm32__i2c__i2c_portIP)
/media/16T/ada/STM32/F/F103/lis3mdl/Ada_Drivers_Library/arch/ARM/STM32/lib/stm32f103bluepill/ravenscar-ssfp/Debug/libstm32f103.a(stm32-i2s.o)
                              /media/16T/ada/STM32/F/F103/lis3mdl/Ada_Drivers_Library/arch/ARM/STM32/lib/stm32f103bluepill/ravenscar-ssfp/Debug/libstm32f103.a(stm32-device.o) (stm32__i2s__i2s_portIP)
/media/16T/ada/STM32/F/F103/lis3mdl/Ada_Drivers_Library/arch/ARM/STM32/lib/stm32f103bluepill/ravenscar-ssfp/Debug/libstm32f103.a(stm32-spi.o)
                              /media/16T/ada/STM32/F/F103/lis3mdl/Ada_Drivers_Library/arch/ARM/STM32/lib/stm32f103bluepill/ravenscar-ssfp/Debug/libstm32f103.a(stm32-device.o) (stm32__spi__spi_portIP)
/media/16T/ada/STM32/F/F103/lis3mdl/Ada_Drivers_Library/arch/ARM/STM32/lib/stm32f103bluepill/ravenscar-ssfp/Debug/libstm32f103.a(stm32-usarts.o)
                              /media/16T/ada/STM32/F/F103/lis3mdl/Ada_Drivers_Library/arch/ARM/STM32/lib/stm32f103bluepill/ravenscar-ssfp/Debug/libstm32f103.a(stm32-device.o) (stm32__usarts__usartIP)
/media/16T/ada/STM32/F/F103/lis3mdl/Ada_Drivers_Library/arch/ARM/STM32/lib/stm32f103bluepill/ravenscar-ssfp/Debug/libstm32f103.a(stm32_svd-adc.o)
                              /media/16T/ada/STM32/F/F103/lis3mdl/Ada_Drivers_Library/arch/ARM/STM32/lib/stm32f103bluepill/ravenscar-ssfp/Debug/libstm32f103.a(stm32-adc.o) (stm32_svd__adc__smpr1_registerEQ)
/media/16T/ada/STM32/F/F103/lis3mdl/Ada_Drivers_Library/arch/ARM/STM32/lib/stm32f103bluepill/ravenscar-ssfp/Debug/libstm32f103.a(stm32_svd-dac.o)
                              /media/16T/ada/STM32/F/F103/lis3mdl/Ada_Drivers_Library/arch/ARM/STM32/lib/stm32f103bluepill/ravenscar-ssfp/Debug/libstm32f103.a(stm32-dac.o) (stm32_svd__dac__swtrigr_registerEQ)
/media/16T/ada/STM32/F/F103/lis3mdl/Ada_Drivers_Library/arch/ARM/STM32/lib/stm32f103bluepill/ravenscar-ssfp/Debug/libstm32f103.a(stm32_svd-i2c.o)
                              /media/16T/ada/STM32/F/F103/lis3mdl/Ada_Drivers_Library/arch/ARM/STM32/lib/stm32f103bluepill/ravenscar-ssfp/Debug/libstm32f103.a(stm32-i2c.o) (stm32_svd__i2c__cr1_registerIP)
/media/16T/ada/STM32/F/F103/lis3mdl/Ada_Drivers_Library/arch/ARM/STM32/lib/stm32f103bluepill/ravenscar-ssfp/Debug/libstm32f103.a(stm32_svd-spi.o)
                              /media/16T/ada/STM32/F/F103/lis3mdl/Ada_Drivers_Library/arch/ARM/STM32/lib/stm32f103bluepill/ravenscar-ssfp/Debug/libstm32f103.a(stm32-spi.o) (stm32_svd__spi__sr_registerIP)
/media/16T/ada/Ada_Drivers_Library/hal/lib/stm32f103bluepill/ravenscar-ssfp/Debug/libHAL.a(hal-audio.o)
                              /media/16T/ada/STM32/F/F103/lis3mdl/Ada_Drivers_Library/arch/ARM/STM32/lib/stm32f103bluepill/ravenscar-ssfp/Debug/libstm32f103.a(stm32-i2s.o) (hal__audio__audio_streamT)
/media/16T/ada/Ada_Drivers_Library/hal/lib/stm32f103bluepill/ravenscar-ssfp/Debug/libHAL.a(hal-gpio.o)
                              /media/16T/ada/STM32/F/F103/lis3mdl/Ada_Drivers_Library/arch/ARM/STM32/lib/stm32f103bluepill/ravenscar-ssfp/Debug/libstm32f103.a(stm32-gpio.o) (hal__gpio__gpio_pointT)
[...]
Memory Configuration

Name             Origin             Length             Attributes
flash            0x0000000008000000 0x0000000000020000 xr
sram             0x0000000020000000 0x0000000000005000 xrw
*default*        0x0000000000000000 0xffffffffffffffff

Linker script and memory map

LOAD lis3mdl_f103.o
LOAD b__lis3mdl_f103.o
LOAD /media/16T/ada/STM32/F/F103/lis3mdl/obj/Debug/lis3mdl.o
LOAD /media/16T/ada/STM32/F/F103/lis3mdl/obj/Debug/lis3mdl_i2c_io.o
LOAD /media/16T/ada/STM32/F/F103/lis3mdl/obj/Debug/lis3mdl_i2c.o
LOAD /media/16T/ada/STM32/F/F103/lis3mdl/obj/Debug/peripherals.o
LOAD /media/16T/ada/STM32/F/F103/lis3mdl/obj/Debug/last_chance_handler.o
LOAD /media/16T/ada/STM32/F/F103/lis3mdl/Ada_Drivers_Library/boards/lib/stm32f103bluepill/ravenscar-ssfp/Debug/libstm32f103bluepill.a
LOAD /media/16T/ada/STM32/F/F103/lis3mdl/Ada_Drivers_Library/components/lib/stm32f103bluepill/ravenscar-ssfp/Debug/libcomponents.a
LOAD /media/16T/ada/STM32/F/F103/lis3mdl/Ada_Drivers_Library/middleware/lib/stm32f103bluepill/ravenscar-ssfp/Debug/libservices.a
LOAD /media/16T/ada/STM32/F/F103/lis3mdl/Ada_Drivers_Library/arch/ARM/STM32/lib/stm32f103bluepill/ravenscar-ssfp/Debug/libstm32f103.a
LOAD /media/16T/ada/STM32/F/F103/lis3mdl/Ada_Drivers_Library/arch/ARM/cortex_m/lib/cortex-m3/stm32f103bluepill/ravenscar-ssfp/Debug/libcortex-m3.a
LOAD /media/16T/ada/Ada_Drivers_Library/hal/lib/stm32f103bluepill/ravenscar-ssfp/Debug/libHAL.a
LOAD /media/16T/ada/STM32/F/F103/lis3mdl/Ada_Drivers_Library/embedded-runtimes/ravenscar-stm32f103bluepill/ssfp/adalib/libgnarl.a
LOAD /media/16T/ada/STM32/F/F103/lis3mdl/Ada_Drivers_Library/embedded-runtimes/ravenscar-stm32f103bluepill/ssfp/adalib/libgnat.a
                0x0000000000001000                __stack_size = 0x1000
LOAD /media/16T/ada/Ada_Drivers_Library/embedded-runtimes/ravenscar-stm32f103bluepill/ssfp/adalib/libgnarl.a
LOAD /media/16T/ada/Ada_Drivers_Library/embedded-runtimes/ravenscar-stm32f103bluepill/ssfp/adalib/libgnat.a
START GROUP
LOAD /media/16T/p4work/GNAT/2019-arm-elf/bin/../lib/gcc/arm-eabi/7.4.1/thumb/v7-m/libgcc.a
END GROUP
                0x0000000000000000                __DYNAMIC = 0x0
                0x0000000000000800                _DEFAULT_STACK_SIZE = 0x800

.text           0x0000000008000000     0xdb58
 *(.vectors)
 .vectors       0x0000000008000000       0x20 /media/16T/ada/STM32/F/F103/lis3mdl/Ada_Drivers_Library/embedded-runtimes/ravenscar-stm32f103bluepill/ssfp/adalib/libgnat.a(start-rom.o)
                0x000000000800001c                local_id
 *(.text .text.* .gnu.linkonce.t*)
 .text.lis3mdl_f103__initialize_mag_io_hardware.4782
                0x0000000008000020       0xd0 lis3mdl_f103.o
 .text._ada_lis3mdl_f103
                0x00000000080000f0      0x1b8 lis3mdl_f103.o
                0x00000000080000f0                _ada_lis3mdl_f103
 .text.lis3mdl_f103__set_up_mag.4228
                0x00000000080002a8       0x34 lis3mdl_f103.o
 .text.ada_main__Tsec_default_sized_stacksBIP
                0x00000000080002dc       0x44 b__lis3mdl_f103.o
                0x00000000080002dc                ada_main__Tsec_default_sized_stacksBIP
 .text.adainit  0x0000000008000320      0x13c b__lis3mdl_f103.o
                0x0000000008000320                adainit
 .text.main     0x000000000800045c       0x1c b__lis3mdl_f103.o
                0x000000000800045c                main
 .text.ada_main___elabb
                0x0000000008000478       0x1c b__lis3mdl_f103.o
                0x0000000008000478                ada_main___elabb
 .text.lis3mdl_i2c_io___size
                0x0000000008000494       0x1c /media/16T/ada/STM32/F/F103/lis3mdl/obj/Debug/lis3mdl_i2c_io.o
                0x0000000008000494                lis3mdl_i2c_io___size
 .text.lis3mdl_i2c_io__Oeq
                0x00000000080004b0       0x34 /media/16T/ada/STM32/F/F103/lis3mdl/obj/Debug/lis3mdl_i2c_io.o
                0x00000000080004b0                lis3mdl_i2c_io__Oeq
 .text.lis3mdl_i2c_io___assign
                0x00000000080004e4       0x24 /media/16T/ada/STM32/F/F103/lis3mdl/obj/Debug/lis3mdl_i2c_io.o
                0x00000000080004e4                lis3mdl_i2c_io___assign
 .text.lis3mdl_i2c_io__read
                0x0000000008000508      0x304 /media/16T/ada/STM32/F/F103/lis3mdl/obj/Debug/lis3mdl_i2c_io.o
                0x0000000008000508                lis3mdl_i2c_io__read
 .text.lis3mdl_i2c_io__write
                0x000000000800080c      0x2fc /media/16T/ada/STM32/F/F103/lis3mdl/obj/Debug/lis3mdl_i2c_io.o
                0x000000000800080c                lis3mdl_i2c_io__write
 .text.lis3mdl_i2c_io__read_buffer
                0x0000000008000b08      0x2c4 /media/16T/ada/STM32/F/F103/lis3mdl/obj/Debug/lis3mdl_i2c_io.o
                0x0000000008000b08                lis3mdl_i2c_io__read_buffer
 .text.lis3mdl_i2c__lis3mdl_sensorIP
                0x0000000008000dcc       0x2c /media/16T/ada/STM32/F/F103/lis3mdl/obj/Debug/lis3mdl_i2c.o
                0x0000000008000dcc                lis3mdl_i2c__lis3mdl_sensorIP
 .text.lis3mdl_i2c___size
                0x0000000008000df8       0x1c /media/16T/ada/STM32/F/F103/lis3mdl/obj/Debug/lis3mdl_i2c.o
                0x0000000008000df8                lis3mdl_i2c___size
 .text.lis3mdl_i2c__device_id
                0x0000000008000e14       0x24 /media/16T/ada/STM32/F/F103/lis3mdl/obj/Debug/lis3mdl_i2c.o
                0x0000000008000e14                lis3mdl_i2c__device_id
 .text.lis3mdl_i2c__set_range
                0x0000000008000e38       0x4c /media/16T/ada/STM32/F/F103/lis3mdl/obj/Debug/lis3mdl_i2c.o
                0x0000000008000e38                lis3mdl_i2c__set_range
 .text.lis3mdl_i2c__get_range
                0x0000000008000e84       0x34 /media/16T/ada/STM32/F/F103/lis3mdl/obj/Debug/lis3mdl_i2c.o
                0x0000000008000e84                lis3mdl_i2c__get_range
 .text.lis3mdl_i2c__set_opmode
                0x0000000008000eb8       0x4c /media/16T/ada/STM32/F/F103/lis3mdl/obj/Debug/lis3mdl_i2c.o
                0x0000000008000eb8                lis3mdl_i2c__set_opmode
 .text.lis3mdl_i2c__set_bdu
                0x0000000008000f04       0x4c /media/16T/ada/STM32/F/F103/lis3mdl/obj/Debug/lis3mdl_i2c.o
                0x0000000008000f04                lis3mdl_i2c__set_bdu
 .text.lis3mdl_i2c__set_xy_perf
                0x0000000008000f50       0x4c /media/16T/ada/STM32/F/F103/lis3mdl/obj/Debug/lis3mdl_i2c.o
                0x0000000008000f50                lis3mdl_i2c__set_xy_perf
 .text.lis3mdl_i2c__set_datarate
                0x0000000008000f9c       0x4c /media/16T/ada/STM32/F/F103/lis3mdl/obj/Debug/lis3mdl_i2c.o
                0x0000000008000f9c                lis3mdl_i2c__set_datarate
 .text.lis3mdl_i2c__set_z_perf
                0x0000000008000fe8       0x4c /media/16T/ada/STM32/F/F103/lis3mdl/obj/Debug/lis3mdl_i2c.o
                0x0000000008000fe8                lis3mdl_i2c__set_z_perf
 .text.lis3mdl_i2c__get_status
                0x0000000008001034       0x30 /media/16T/ada/STM32/F/F103/lis3mdl/obj/Debug/lis3mdl_i2c.o
                0x0000000008001034                lis3mdl_i2c__get_status
 .text.lis3mdl_i2c__read_mag
                0x0000000008001064       0x3c /media/16T/ada/STM32/F/F103/lis3mdl/obj/Debug/lis3mdl_i2c.o
                0x0000000008001064                lis3mdl_i2c__read_mag
 .text.lis3mdl_i2c__soft_reset
                0x00000000080010a0       0x40 /media/16T/ada/STM32/F/F103/lis3mdl/obj/Debug/lis3mdl_i2c.o
                0x00000000080010a0                lis3mdl_i2c__soft_reset
 .text.lis3mdl_i2c__configure
                0x00000000080010e0      0x1bc /media/16T/ada/STM32/F/F103/lis3mdl/obj/Debug/lis3mdl_i2c.o
                0x00000000080010e0                lis3mdl_i2c__configure
 .text.__gnat_last_chance_handler
                0x000000000800129c       0x74 /media/16T/ada/STM32/F/F103/lis3mdl/obj/Debug/last_chance_handler.o
                0x000000000800129c                __gnat_last_chance_handler
 .text.stm32__board__initialize_leds
                0x0000000008001310       0x30 /media/16T/ada/STM32/F/F103/lis3mdl/Ada_Drivers_Library/boards/lib/stm32f103bluepill/ravenscar-ssfp/Debug/libstm32f103bluepill.a(stm32-board.o)
                0x0000000008001310                stm32__board__initialize_leds
 .text.stm32__board__all_leds_off
                0x0000000008001340       0x10 /media/16T/ada/STM32/F/F103/lis3mdl/Ada_Drivers_Library/boards/lib/stm32f103bluepill/ravenscar-ssfp/Debug/libstm32f103bluepill.a(stm32-board.o)
                0x0000000008001340                stm32__board__all_leds_off
 .text.stm32__adc___elabs
                0x0000000008001350       0x30 /media/16T/ada/STM32/F/F103/lis3mdl/Ada_Drivers_Library/arch/ARM/STM32/lib/stm32f103bluepill/ravenscar-ssfp/Debug/libstm32f103.a(stm32-adc.o)
                0x0000000008001350                stm32__adc___elabs
 .text.stm32__device__enable_clock
                0x0000000008001380      0x268 /media/16T/ada/STM32/F/F103/lis3mdl/Ada_Drivers_Library/arch/ARM/STM32/lib/stm32f103bluepill/ravenscar-ssfp/Debug/libstm32f103.a(stm32-device.o)
                0x0000000008001380                stm32__device__enable_clock
 .text.stm32__device__enable_clock__2
                0x00000000080015e8       0x2c /media/16T/ada/STM32/F/F103/lis3mdl/Ada_Drivers_Library/arch/ARM/STM32/lib/stm32f103bluepill/ravenscar-ssfp/Debug/libstm32f103.a(stm32-device.o)
                0x00000000080015e8                stm32__device__enable_clock__2
 .text.stm32__device__as_port_id
                0x0000000008001614      0x1a0 /media/16T/ada/STM32/F/F103/lis3mdl/Ada_Drivers_Library/arch/ARM/STM32/lib/stm32f103bluepill/ravenscar-ssfp/Debug/libstm32f103.a(stm32-device.o)
                0x0000000008001614                stm32__device__as_port_id
 .text.stm32__device__enable_clock__8
                0x00000000080017b4       0x1c /media/16T/ada/STM32/F/F103/lis3mdl/Ada_Drivers_Library/arch/ARM/STM32/lib/stm32f103bluepill/ravenscar-ssfp/Debug/libstm32f103.a(stm32-device.o)
                0x00000000080017b4                stm32__device__enable_clock__8
 .text.stm32__device__enable_clock__9
                0x00000000080017d0       0x58 /media/16T/ada/STM32/F/F103/lis3mdl/Ada_Drivers_Library/arch/ARM/STM32/lib/stm32f103bluepill/ravenscar-ssfp/Debug/libstm32f103.a(stm32-device.o)
                0x00000000080017d0                stm32__device__enable_clock__9
 .text.stm32__device__reset__7
                0x0000000008001828       0x1c /media/16T/ada/STM32/F/F103/lis3mdl/Ada_Drivers_Library/arch/ARM/STM32/lib/stm32f103bluepill/ravenscar-ssfp/Debug/libstm32f103.a(stm32-device.o)
                0x0000000008001828                stm32__device__reset__7
 .text.stm32__device__reset__8
                0x0000000008001844       0x78 /media/16T/ada/STM32/F/F103/lis3mdl/Ada_Drivers_Library/arch/ARM/STM32/lib/stm32f103bluepill/ravenscar-ssfp/Debug/libstm32f103.a(stm32-device.o)
                0x0000000008001844                stm32__device__reset__8
 .text.stm32__device__system_clock_frequencies
                0x00000000080018bc      0x1e8 /media/16T/ada/STM32/F/F103/lis3mdl/Ada_Drivers_Library/arch/ARM/STM32/lib/stm32f103bluepill/ravenscar-ssfp/Debug/libstm32f103.a(stm32-device.o)
                0x00000000080018bc                stm32__device__system_clock_frequencies
 .text.stm32__device___elabs
                0x0000000008001aa4      0xb40 /media/16T/ada/STM32/F/F103/lis3mdl/Ada_Drivers_Library/arch/ARM/STM32/lib/stm32f103bluepill/ravenscar-ssfp/Debug/libstm32f103.a(stm32-device.o)
                0x0000000008001aa4                stm32__device___elabs
 .text.stm32__exti__enable_external_interrupt
                0x00000000080025e4      0x130 /media/16T/ada/STM32/F/F103/lis3mdl/Ada_Drivers_Library/arch/ARM/STM32/lib/stm32f103bluepill/ravenscar-ssfp/Debug/libstm32f103.a(stm32-exti.o)
                0x00000000080025e4                stm32__exti__enable_external_interrupt
 .text.stm32__exti__enable_external_event
                0x0000000008002714      0x138 /media/16T/ada/STM32/F/F103/lis3mdl/Ada_Drivers_Library/arch/ARM/STM32/lib/stm32f103bluepill/ravenscar-ssfp/Debug/libstm32f103.a(stm32-exti.o)
                0x0000000008002714                stm32__exti__enable_external_event
 .text.stm32__gpio__gpio_pinRP
                0x000000000800284c       0xd0 /media/16T/ada/STM32/F/F103/lis3mdl/Ada_Drivers_Library/arch/ARM/STM32/lib/stm32f103bluepill/ravenscar-ssfp/Debug/libstm32f103.a(stm32-gpio.o)
                0x000000000800284c                stm32__gpio__gpio_pinRP
 .text.stm32__gpio___size__2
                0x000000000800291c       0x1c /media/16T/ada/STM32/F/F103/lis3mdl/Ada_Drivers_Library/arch/ARM/STM32/lib/stm32f103bluepill/ravenscar-ssfp/Debug/libstm32f103.a(stm32-gpio.o)
                0x000000000800291c                stm32__gpio___size__2
 .text.stm32__gpio__Oeq
                0x0000000008002938       0x34 /media/16T/ada/STM32/F/F103/lis3mdl/Ada_Drivers_Library/arch/ARM/STM32/lib/stm32f103bluepill/ravenscar-ssfp/Debug/libstm32f103.a(stm32-gpio.o)
                0x0000000008002938                stm32__gpio__Oeq
 .text.stm32__gpio___assign
                0x000000000800296c       0x24 /media/16T/ada/STM32/F/F103/lis3mdl/Ada_Drivers_Library/arch/ARM/STM32/lib/stm32f103bluepill/ravenscar-ssfp/Debug/libstm32f103.a(stm32-gpio.o)
                0x000000000800296c                stm32__gpio___assign
 .text.stm32__gpio__mode
                0x0000000008002990       0xcc /media/16T/ada/STM32/F/F103/lis3mdl/Ada_Drivers_Library/arch/ARM/STM32/lib/stm32f103bluepill/ravenscar-ssfp/Debug/libstm32f103.a(stm32-gpio.o)
                0x0000000008002990                stm32__gpio__mode
 .text.stm32__gpio__set_mode
                0x0000000008002a5c      0x118 /media/16T/ada/STM32/F/F103/lis3mdl/Ada_Drivers_Library/arch/ARM/STM32/lib/stm32f103bluepill/ravenscar-ssfp/Debug/libstm32f103.a(stm32-gpio.o)
                0x0000000008002a5c                stm32__gpio__set_mode
 .text.stm32__gpio__pull_resistor
                0x0000000008002b74       0x38 /media/16T/ada/STM32/F/F103/lis3mdl/Ada_Drivers_Library/arch/ARM/STM32/lib/stm32f103bluepill/ravenscar-ssfp/Debug/libstm32f103.a(stm32-gpio.o)
                0x0000000008002b74                stm32__gpio__pull_resistor
 .text.stm32__gpio__set_pull_resistor
                0x0000000008002bac       0x3c /media/16T/ada/STM32/F/F103/lis3mdl/Ada_Drivers_Library/arch/ARM/STM32/lib/stm32f103bluepill/ravenscar-ssfp/Debug/libstm32f103.a(stm32-gpio.o)
                0x0000000008002bac                stm32__gpio__set_pull_resistor
 .text.stm32__gpio__set
                0x0000000008002be8       0x48 /media/16T/ada/STM32/F/F103/lis3mdl/Ada_Drivers_Library/arch/ARM/STM32/lib/stm32f103bluepill/ravenscar-ssfp/Debug/libstm32f103.a(stm32-gpio.o)
                0x0000000008002be8                stm32__gpio__set
 .text.stm32__gpio__set__2
                0x0000000008002c30       0x5c /media/16T/ada/STM32/F/F103/lis3mdl/Ada_Drivers_Library/arch/ARM/STM32/lib/stm32f103bluepill/ravenscar-ssfp/Debug/libstm32f103.a(stm32-gpio.o)
                0x0000000008002c30                stm32__gpio__set__2
 .text.stm32__gpio__clear
                0x0000000008002c8c       0x5c /media/16T/ada/STM32/F/F103/lis3mdl/Ada_Drivers_Library/arch/ARM/STM32/lib/stm32f103bluepill/ravenscar-ssfp/Debug/libstm32f103.a(stm32-gpio.o)
                0x0000000008002c8c                stm32__gpio__clear
 .text.stm32__gpio__toggle
                0x0000000008002ce8       0x7c /media/16T/ada/STM32/F/F103/lis3mdl/Ada_Drivers_Library/arch/ARM/STM32/lib/stm32f103bluepill/ravenscar-ssfp/Debug/libstm32f103.a(stm32-gpio.o)
                0x0000000008002ce8                stm32__gpio__toggle
 .text.stm32__gpio__locked
                0x0000000008002d64       0x1c /media/16T/ada/STM32/F/F103/lis3mdl/Ada_Drivers_Library/arch/ARM/STM32/lib/stm32f103bluepill/ravenscar-ssfp/Debug/libstm32f103.a(stm32-gpio.o)
                0x0000000008002d64                stm32__gpio__locked
 .text.stm32__gpio__lock_the_pin
                0x0000000008002d80       0x30 /media/16T/ada/STM32/F/F103/lis3mdl/Ada_Drivers_Library/arch/ARM/STM32/lib/stm32f103bluepill/ravenscar-ssfp/Debug/libstm32f103.a(stm32-gpio.o)
 .text.stm32__gpio__lock___postconditions.5677
                0x0000000008002db0       0x3c /media/16T/ada/STM32/F/F103/lis3mdl/Ada_Drivers_Library/arch/ARM/STM32/lib/stm32f103bluepill/ravenscar-ssfp/Debug/libstm32f103.a(stm32-gpio.o)
 .text.stm32__gpio__lock
                0x0000000008002dec       0x6c /media/16T/ada/STM32/F/F103/lis3mdl/Ada_Drivers_Library/arch/ARM/STM32/lib/stm32f103bluepill/ravenscar-ssfp/Debug/libstm32f103.a(stm32-gpio.o)
                0x0000000008002dec                stm32__gpio__lock
 .text.stm32__gpio__configure_io
                0x0000000008002e58      0x1d4 /media/16T/ada/STM32/F/F103/lis3mdl/Ada_Drivers_Library/arch/ARM/STM32/lib/stm32f103bluepill/ravenscar-ssfp/Debug/libstm32f103.a(stm32-gpio.o)
                0x0000000008002e58                stm32__gpio__configure_io
 .text.stm32__gpio__configure_alternate_function
                0x000000000800302c       0x3c /media/16T/ada/STM32/F/F103/lis3mdl/Ada_Drivers_Library/arch/ARM/STM32/lib/stm32f103bluepill/ravenscar-ssfp/Debug/libstm32f103.a(stm32-gpio.o)
                0x000000000800302c                stm32__gpio__configure_alternate_function
 .text.stm32__gpio__interrupt_line_number
                0x0000000008003068       0x44 /media/16T/ada/STM32/F/F103/lis3mdl/Ada_Drivers_Library/arch/ARM/STM32/lib/stm32f103bluepill/ravenscar-ssfp/Debug/libstm32f103.a(stm32-gpio.o)
                0x0000000008003068                stm32__gpio__interrupt_line_number
 .text.stm32__gpio__configure_trigger
                0x00000000080030ac       0x74 /media/16T/ada/STM32/F/F103/lis3mdl/Ada_Drivers_Library/arch/ARM/STM32/lib/stm32f103bluepill/ravenscar-ssfp/Debug/libstm32f103.a(stm32-gpio.o)
                0x00000000080030ac                stm32__gpio__configure_trigger
 .text.stm32__i2c__i2c_configurationIP
                0x0000000008003120       0x28 /media/16T/ada/STM32/F/F103/lis3mdl/Ada_Drivers_Library/arch/ARM/STM32/lib/stm32f103bluepill/ravenscar-ssfp/Debug/libstm32f103.a(stm32-i2c.o)
                0x0000000008003120                stm32__i2c__i2c_configurationIP
 .text.stm32__i2c__i2c_portIP
                0x0000000008003148       0x3c /media/16T/ada/STM32/F/F103/lis3mdl/Ada_Drivers_Library/arch/ARM/STM32/lib/stm32f103bluepill/ravenscar-ssfp/Debug/libstm32f103.a(stm32-i2c.o)
                0x0000000008003148                stm32__i2c__i2c_portIP
 .text.stm32__i2c___size__2
                0x0000000008003184       0x1c /media/16T/ada/STM32/F/F103/lis3mdl/Ada_Drivers_Library/arch/ARM/STM32/lib/stm32f103bluepill/ravenscar-ssfp/Debug/libstm32f103.a(stm32-i2c.o)
                0x0000000008003184                stm32__i2c___size__2
 .text.stm32__i2c__configure___postconditions.5082
                0x00000000080031a0       0x3c /media/16T/ada/STM32/F/F103/lis3mdl/Ada_Drivers_Library/arch/ARM/STM32/lib/stm32f103bluepill/ravenscar-ssfp/Debug/libstm32f103.a(stm32-i2c.o)
 .text.stm32__i2c__configure
                0x00000000080031dc      0x69c /media/16T/ada/STM32/F/F103/lis3mdl/Ada_Drivers_Library/arch/ARM/STM32/lib/stm32f103bluepill/ravenscar-ssfp/Debug/libstm32f103.a(stm32-i2c.o)
                0x00000000080031dc                stm32__i2c__configure
 .text.stm32__i2c__flag_status
                0x0000000008003878      0x1d8 /media/16T/ada/STM32/F/F103/lis3mdl/Ada_Drivers_Library/arch/ARM/STM32/lib/stm32f103bluepill/ravenscar-ssfp/Debug/libstm32f103.a(stm32-i2c.o)
 .text.stm32__i2c__clear_address_sent_status
                0x0000000008003a50       0x30 /media/16T/ada/STM32/F/F103/lis3mdl/Ada_Drivers_Library/arch/ARM/STM32/lib/stm32f103bluepill/ravenscar-ssfp/Debug/libstm32f103.a(stm32-i2c.o)
 .text.stm32__i2c__wait_flag
                0x0000000008003a80       0x6c /media/16T/ada/STM32/F/F103/lis3mdl/Ada_Drivers_Library/arch/ARM/STM32/lib/stm32f103bluepill/ravenscar-ssfp/Debug/libstm32f103.a(stm32-i2c.o)
 .text.stm32__i2c__wait_master_flag
                0x0000000008003aec       0xb0 /media/16T/ada/STM32/F/F103/lis3mdl/Ada_Drivers_Library/arch/ARM/STM32/lib/stm32f103bluepill/ravenscar-ssfp/Debug/libstm32f103.a(stm32-i2c.o)
 .text.stm32__i2c__master_request_write
                0x0000000008003b9c      0x110 /media/16T/ada/STM32/F/F103/lis3mdl/Ada_Drivers_Library/arch/ARM/STM32/lib/stm32f103bluepill/ravenscar-ssfp/Debug/libstm32f103.a(stm32-i2c.o)
 .text.stm32__i2c__master_request_read
                0x0000000008003cac      0x18c /media/16T/ada/STM32/F/F103/lis3mdl/Ada_Drivers_Library/arch/ARM/STM32/lib/stm32f103bluepill/ravenscar-ssfp/Debug/libstm32f103.a(stm32-i2c.o)
 .text.stm32__i2c__mem_request_write
                0x0000000008003e38      0x180 /media/16T/ada/STM32/F/F103/lis3mdl/Ada_Drivers_Library/arch/ARM/STM32/lib/stm32f103bluepill/ravenscar-ssfp/Debug/libstm32f103.a(stm32-i2c.o)
 .text.stm32__i2c__mem_request_read
                0x0000000008003fb8      0x20c /media/16T/ada/STM32/F/F103/lis3mdl/Ada_Drivers_Library/arch/ARM/STM32/lib/stm32f103bluepill/ravenscar-ssfp/Debug/libstm32f103.a(stm32-i2c.o)
 .text.stm32__i2c__master_transmit
                0x00000000080041c4      0x1bc /media/16T/ada/STM32/F/F103/lis3mdl/Ada_Drivers_Library/arch/ARM/STM32/lib/stm32f103bluepill/ravenscar-ssfp/Debug/libstm32f103.a(stm32-i2c.o)
                0x00000000080041c4                stm32__i2c__master_transmit
 .text.stm32__i2c__master_transmit__2
                0x0000000008004380      0x414 /media/16T/ada/STM32/F/F103/lis3mdl/Ada_Drivers_Library/arch/ARM/STM32/lib/stm32f103bluepill/ravenscar-ssfp/Debug/libstm32f103.a(stm32-i2c.o)
                0x0000000008004380                stm32__i2c__master_transmit__2
 .text.stm32__i2c__master_receive
                0x0000000008004794      0x634 /media/16T/ada/STM32/F/F103/lis3mdl/Ada_Drivers_Library/arch/ARM/STM32/lib/stm32f103bluepill/ravenscar-ssfp/Debug/libstm32f103.a(stm32-i2c.o)
                0x0000000008004794                stm32__i2c__master_receive
 .text.stm32__i2c__mem_write
                0x0000000008004dc8      0x1d4 /media/16T/ada/STM32/F/F103/lis3mdl/Ada_Drivers_Library/arch/ARM/STM32/lib/stm32f103bluepill/ravenscar-ssfp/Debug/libstm32f103.a(stm32-i2c.o)
                0x0000000008004dc8                stm32__i2c__mem_write
 .text.stm32__i2c__mem_read
                0x0000000008004f9c      0x590 /media/16T/ada/STM32/F/F103/lis3mdl/Ada_Drivers_Library/arch/ARM/STM32/lib/stm32f103bluepill/ravenscar-ssfp/Debug/libstm32f103.a(stm32-i2c.o)
                0x0000000008004f9c                stm32__i2c__mem_read
 .text.stm32__i2c__set_state
                0x000000000800552c       0x2c /media/16T/ada/STM32/F/F103/lis3mdl/Ada_Drivers_Library/arch/ARM/STM32/lib/stm32f103bluepill/ravenscar-ssfp/Debug/libstm32f103.a(stm32-i2c.o)
                0x000000000800552c                stm32__i2c__set_state
 .text.stm32__i2c__port_enabled
                0x0000000008005558       0x20 /media/16T/ada/STM32/F/F103/lis3mdl/Ada_Drivers_Library/arch/ARM/STM32/lib/stm32f103bluepill/ravenscar-ssfp/Debug/libstm32f103.a(stm32-i2c.o)
                0x0000000008005558                stm32__i2c__port_enabled
 .text.stm32__i2c__enable_interrupt___postconditions.5357
                0x0000000008005578       0x40 /media/16T/ada/STM32/F/F103/lis3mdl/Ada_Drivers_Library/arch/ARM/STM32/lib/stm32f103bluepill/ravenscar-ssfp/Debug/libstm32f103.a(stm32-i2c.o)
 .text.stm32__i2c__enable_interrupt
                0x00000000080055b8       0x98 /media/16T/ada/STM32/F/F103/lis3mdl/Ada_Drivers_Library/arch/ARM/STM32/lib/stm32f103bluepill/ravenscar-ssfp/Debug/libstm32f103.a(stm32-i2c.o)
                0x00000000080055b8                stm32__i2c__enable_interrupt
 .text.stm32__i2c__disable_interrupt___postconditions.5365
                0x0000000008005650       0x38 /media/16T/ada/STM32/F/F103/lis3mdl/Ada_Drivers_Library/arch/ARM/STM32/lib/stm32f103bluepill/ravenscar-ssfp/Debug/libstm32f103.a(stm32-i2c.o)
 .text.stm32__i2c__disable_interrupt
                0x0000000008005688       0x8c /media/16T/ada/STM32/F/F103/lis3mdl/Ada_Drivers_Library/arch/ARM/STM32/lib/stm32f103bluepill/ravenscar-ssfp/Debug/libstm32f103.a(stm32-i2c.o)
                0x0000000008005688                stm32__i2c__disable_interrupt
 .text.stm32__i2c__enabled
                0x0000000008005714       0x68 /media/16T/ada/STM32/F/F103/lis3mdl/Ada_Drivers_Library/arch/ARM/STM32/lib/stm32f103bluepill/ravenscar-ssfp/Debug/libstm32f103.a(stm32-i2c.o)
                0x0000000008005714                stm32__i2c__enabled
 .text.stm32__i2s__i2s_portIP
                0x000000000800577c       0x2c /media/16T/ada/STM32/F/F103/lis3mdl/Ada_Drivers_Library/arch/ARM/STM32/lib/stm32f103bluepill/ravenscar-ssfp/Debug/libstm32f103.a(stm32-i2s.o)
                0x000000000800577c                stm32__i2s__i2s_portIP
 .text.stm32__i2s___size__2
                0x00000000080057a8       0x1c /media/16T/ada/STM32/F/F103/lis3mdl/Ada_Drivers_Library/arch/ARM/STM32/lib/stm32f103bluepill/ravenscar-ssfp/Debug/libstm32f103.a(stm32-i2s.o)
                0x00000000080057a8                stm32__i2s___size__2
 .text.stm32__i2s__configure___postconditions.4886
                0x00000000080057c4       0x34 /media/16T/ada/STM32/F/F103/lis3mdl/Ada_Drivers_Library/arch/ARM/STM32/lib/stm32f103bluepill/ravenscar-ssfp/Debug/libstm32f103.a(stm32-i2s.o)
 .text.stm32__i2s__configure
                0x00000000080057f8      0x1f8 /media/16T/ada/STM32/F/F103/lis3mdl/Ada_Drivers_Library/arch/ARM/STM32/lib/stm32f103bluepill/ravenscar-ssfp/Debug/libstm32f103.a(stm32-i2s.o)
                0x00000000080057f8                stm32__i2s__configure
 .text.stm32__i2s__in_i2s_mode
                0x00000000080059f0       0x24 /media/16T/ada/STM32/F/F103/lis3mdl/Ada_Drivers_Library/arch/ARM/STM32/lib/stm32f103bluepill/ravenscar-ssfp/Debug/libstm32f103.a(stm32-i2s.o)
                0x00000000080059f0                stm32__i2s__in_i2s_mode
 .text.stm32__i2s__enable___postconditions.4909
                0x0000000008005a14       0x58 /media/16T/ada/STM32/F/F103/lis3mdl/Ada_Drivers_Library/arch/ARM/STM32/lib/stm32f103bluepill/ravenscar-ssfp/Debug/libstm32f103.a(stm32-i2s.o)
 .text.stm32__i2s__enable
                0x0000000008005a6c      0x1d0 /media/16T/ada/STM32/F/F103/lis3mdl/Ada_Drivers_Library/arch/ARM/STM32/lib/stm32f103bluepill/ravenscar-ssfp/Debug/libstm32f103.a(stm32-i2s.o)
                0x0000000008005a6c                stm32__i2s__enable
 .text.stm32__i2s__disable
                0x0000000008005c3c       0x48 /media/16T/ada/STM32/F/F103/lis3mdl/Ada_Drivers_Library/arch/ARM/STM32/lib/stm32f103bluepill/ravenscar-ssfp/Debug/libstm32f103.a(stm32-i2s.o)
                0x0000000008005c3c                stm32__i2s__disable
 .text.stm32__i2s__enabled
                0x0000000008005c84       0x24 /media/16T/ada/STM32/F/F103/lis3mdl/Ada_Drivers_Library/arch/ARM/STM32/lib/stm32f103bluepill/ravenscar-ssfp/Debug/libstm32f103.a(stm32-i2s.o)
                0x0000000008005c84                stm32__i2s__enabled
 .text.stm32__i2s__data_register_address
                0x0000000008005ca8       0x1c /media/16T/ada/STM32/F/F103/lis3mdl/Ada_Drivers_Library/arch/ARM/STM32/lib/stm32f103bluepill/ravenscar-ssfp/Debug/libstm32f103.a(stm32-i2s.o)
                0x0000000008005ca8                stm32__i2s__data_register_address
 .text.stm32__i2s__set_frequency
                0x0000000008005cc4      0x154 /media/16T/ada/STM32/F/F103/lis3mdl/Ada_Drivers_Library/arch/ARM/STM32/lib/stm32f103bluepill/ravenscar-ssfp/Debug/libstm32f103.a(stm32-i2s.o)
                0x0000000008005cc4                stm32__i2s__set_frequency
 .text.stm32__i2s__receive
                0x0000000008005e18       0xac /media/16T/ada/STM32/F/F103/lis3mdl/Ada_Drivers_Library/arch/ARM/STM32/lib/stm32f103bluepill/ravenscar-ssfp/Debug/libstm32f103.a(stm32-i2s.o)
                0x0000000008005e18                stm32__i2s(long double,...)(char,...)(int, void,...)
 .text.stm32__i2s__transmit
                0x0000000008005ec4       0xac /media/16T/ada/STM32/F/F103/lis3mdl/Ada_Drivers_Library/arch/ARM/STM32/lib/stm32f103bluepill/ravenscar-ssfp/Debug/libstm32f103.a(stm32-i2s.o)
                0x0000000008005ec4                stm32__i2s__transmit
 .text.stm32__spi__spi_portIP
                0x0000000008005f70       0x2c /media/16T/ada/STM32/F/F103/lis3mdl/Ada_Drivers_Library/arch/ARM/STM32/lib/stm32f103bluepill/ravenscar-ssfp/Debug/libstm32f103.a(stm32-spi.o)
                0x0000000008005f70                stm32__spi__spi_portIP
 .text.stm32__spi___size__2
                0x0000000008005f9c       0x1c /media/16T/ada/STM32/F/F103/lis3mdl/Ada_Drivers_Library/arch/ARM/STM32/lib/stm32f103bluepill/ravenscar-ssfp/Debug/libstm32f103.a(stm32-spi.o)
                0x0000000008005f9c                stm32__spi___size__2
 .text.stm32__spi__configure
                0x0000000008005fb8      0x274 /media/16T/ada/STM32/F/F103/lis3mdl/Ada_Drivers_Library/arch/ARM/STM32/lib/stm32f103bluepill/ravenscar-ssfp/Debug/libstm32f103.a(stm32-spi.o)
                0x0000000008005fb8                stm32__spi__configure
 .text.stm32__spi__enable
                0x000000000800622c       0x24 /media/16T/ada/STM32/F/F103/lis3mdl/Ada_Drivers_Library/arch/ARM/STM32/lib/stm32f103bluepill/ravenscar-ssfp/Debug/libstm32f103.a(stm32-spi.o)
                0x000000000800622c                stm32__spi__enable
 .text.stm32__spi__disable
                0x0000000008006250       0x20 /media/16T/ada/STM32/F/F103/lis3mdl/Ada_Drivers_Library/arch/ARM/STM32/lib/stm32f103bluepill/ravenscar-ssfp/Debug/libstm32f103.a(stm32-spi.o)
                0x0000000008006250                stm32__spi__disable
 .text.stm32__spi__enabled
                0x0000000008006270       0x20 /media/16T/ada/STM32/F/F103/lis3mdl/Ada_Drivers_Library/arch/ARM/STM32/lib/stm32f103bluepill/ravenscar-ssfp/Debug/libstm32f103.a(stm32-spi.o)
                0x0000000008006270                stm32__spi__enabled
 .text.stm32__spi__send
                0x0000000008006290       0x2c /media/16T/ada/STM32/F/F103/lis3mdl/Ada_Drivers_Library/arch/ARM/STM32/lib/stm32f103bluepill/ravenscar-ssfp/Debug/libstm32f103.a(stm32-spi.o)
                0x0000000008006290                stm32__spi__send
 .text.stm32__spi__data
                0x00000000080062bc       0x20 /media/16T/ada/STM32/F/F103/lis3mdl/Ada_Drivers_Library/arch/ARM/STM32/lib/stm32f103bluepill/ravenscar-ssfp/Debug/libstm32f103.a(stm32-spi.o)
                0x00000000080062bc                stm32__spi__data
 .text.stm32__spi__send__2
                0x00000000080062dc       0x20 /media/16T/ada/STM32/F/F103/lis3mdl/Ada_Drivers_Library/arch/ARM/STM32/lib/stm32f103bluepill/ravenscar-ssfp/Debug/libstm32f103.a(stm32-spi.o)
                0x00000000080062dc                stm32__spi__send__2
 .text.stm32__spi__data__2
                0x00000000080062fc       0x2c /media/16T/ada/STM32/F/F103/lis3mdl/Ada_Drivers_Library/arch/ARM/STM32/lib/stm32f103bluepill/ravenscar-ssfp/Debug/libstm32f103.a(stm32-spi.o)
                0x00000000080062fc                stm32__spi__data__2
 .text.stm32__spi__is_busy
                0x0000000008006328       0x44 /media/16T/ada/STM32/F/F103/lis3mdl/Ada_Drivers_Library/arch/ARM/STM32/lib/stm32f103bluepill/ravenscar-ssfp/Debug/libstm32f103.a(stm32-spi.o)
                0x0000000008006328                stm32__spi__is_busy
 .text.stm32__spi__tx_is_empty
                0x000000000800636c       0x24 /media/16T/ada/STM32/F/F103/lis3mdl/Ada_Drivers_Library/arch/ARM/STM32/lib/stm32f103bluepill/ravenscar-ssfp/Debug/libstm32f103.a(stm32-spi.o)
                0x000000000800636c                stm32__spi__tx_is_empty
 .text.stm32__spi__rx_is_empty
                0x0000000008006390       0x30 /media/16T/ada/STM32/F/F103/lis3mdl/Ada_Drivers_Library/arch/ARM/STM32/lib/stm32f103bluepill/ravenscar-ssfp/Debug/libstm32f103.a(stm32-spi.o)
                0x0000000008006390                stm32__spi__rx_is_empty
 .text.stm32__spi__busy
                0x00000000080063c0       0x24 /media/16T/ada/STM32/F/F103/lis3mdl/Ada_Drivers_Library/arch/ARM/STM32/lib/stm32f103bluepill/ravenscar-ssfp/Debug/libstm32f103.a(stm32-spi.o)
                0x00000000080063c0                stm32__spi__busy
 .text.stm32__spi__current_mode
                0x00000000080063e4       0x58 /media/16T/ada/STM32/F/F103/lis3mdl/Ada_Drivers_Library/arch/ARM/STM32/lib/stm32f103bluepill/ravenscar-ssfp/Debug/libstm32f103.a(stm32-spi.o)
                0x00000000080063e4                stm32__spi__current_mode
 .text.stm32__spi__current_data_direction
                0x000000000800643c       0x60 /media/16T/ada/STM32/F/F103/lis3mdl/Ada_Drivers_Library/arch/ARM/STM32/lib/stm32f103bluepill/ravenscar-ssfp/Debug/libstm32f103.a(stm32-spi.o)
                0x000000000800643c                stm32__spi__current_data_direction
 .text.stm32__spi__crc_enabled
                0x000000000800649c       0x20 /media/16T/ada/STM32/F/F103/lis3mdl/Ada_Drivers_Library/arch/ARM/STM32/lib/stm32f103bluepill/ravenscar-ssfp/Debug/libstm32f103.a(stm32-spi.o)
                0x000000000800649c                stm32__spi__crc_enabled
 .text.stm32__spi__channel_side_indicated
                0x00000000080064bc       0x24 /media/16T/ada/STM32/F/F103/lis3mdl/Ada_Drivers_Library/arch/ARM/STM32/lib/stm32f103bluepill/ravenscar-ssfp/Debug/libstm32f103.a(stm32-spi.o)
                0x00000000080064bc                stm32__spi__channel_side_indicated
 .text.stm32__spi__underrun_indicated
                0x00000000080064e0       0x24 /media/16T/ada/STM32/F/F103/lis3mdl/Ada_Drivers_Library/arch/ARM/STM32/lib/stm32f103bluepill/ravenscar-ssfp/Debug/libstm32f103.a(stm32-spi.o)
                0x00000000080064e0                stm32__spi__underrun_indicated
 .text.stm32__spi__crc_error_indicated
                0x0000000008006504       0x24 /media/16T/ada/STM32/F/F103/lis3mdl/Ada_Drivers_Library/arch/ARM/STM32/lib/stm32f103bluepill/ravenscar-ssfp/Debug/libstm32f103.a(stm32-spi.o)
                0x0000000008006504                stm32__spi__crc_error_indicated
 .text.stm32__spi__mode_fault_indicated
                0x0000000008006528       0x24 /media/16T/ada/STM32/F/F103/lis3mdl/Ada_Drivers_Library/arch/ARM/STM32/lib/stm32f103bluepill/ravenscar-ssfp/Debug/libstm32f103.a(stm32-spi.o)
                0x0000000008006528                stm32__spi__mode_fault_indicated
 .text.stm32__spi__overrun_indicated
                0x000000000800654c       0x24 /media/16T/ada/STM32/F/F103/lis3mdl/Ada_Drivers_Library/arch/ARM/STM32/lib/stm32f103bluepill/ravenscar-ssfp/Debug/libstm32f103.a(stm32-spi.o)
                0x000000000800654c                stm32__spi__overrun_indicated
 .text.stm32__spi__frame_fmt_error_indicated
                0x0000000008006570       0x18 /media/16T/ada/STM32/F/F103/lis3mdl/Ada_Drivers_Library/arch/ARM/STM32/lib/stm32f103bluepill/ravenscar-ssfp/Debug/libstm32f103.a(stm32-spi.o)
                0x0000000008006570                stm32__spi__frame_fmt_error_indicated
 .text.stm32__spi__clear_overrun
                0x0000000008006588       0x2c /media/16T/ada/STM32/F/F103/lis3mdl/Ada_Drivers_Library/arch/ARM/STM32/lib/stm32f103bluepill/ravenscar-ssfp/Debug/libstm32f103.a(stm32-spi.o)
                0x0000000008006588                stm32__spi__clear_overrun
 .text.stm32__spi__reset_crc
                0x00000000080065b4       0x34 /media/16T/ada/STM32/F/F103/lis3mdl/Ada_Drivers_Library/arch/ARM/STM32/lib/stm32f103bluepill/ravenscar-ssfp/Debug/libstm32f103.a(stm32-spi.o)
                0x00000000080065b4                stm32__spi__reset_crc
 .text.stm32__spi__is_data_frame_16bit
                0x00000000080065e8       0x20 /media/16T/ada/STM32/F/F103/lis3mdl/Ada_Drivers_Library/arch/ARM/STM32/lib/stm32f103bluepill/ravenscar-ssfp/Debug/libstm32f103.a(stm32-spi.o)
                0x00000000080065e8                stm32__spi__is_data_frame_16bit
 .text.stm32__spi__data_size
                0x0000000008006608       0x30 /media/16T/ada/STM32/F/F103/lis3mdl/Ada_Drivers_Library/arch/ARM/STM32/lib/stm32f103bluepill/ravenscar-ssfp/Debug/libstm32f103.a(stm32-spi.o)
                0x0000000008006608                stm32__spi__data_size
 .text.stm32__spi__transmit
                0x0000000008006638       0xd4 /media/16T/ada/STM32/F/F103/lis3mdl/Ada_Drivers_Library/arch/ARM/STM32/lib/stm32f103bluepill/ravenscar-ssfp/Debug/libstm32f103.a(stm32-spi.o)
                0x0000000008006638                stm32__spi__transmit
 .text.stm32__spi__transmit__2
                0x000000000800670c       0xd8 /media/16T/ada/STM32/F/F103/lis3mdl/Ada_Drivers_Library/arch/ARM/STM32/lib/stm32f103bluepill/ravenscar-ssfp/Debug/libstm32f103.a(stm32-spi.o)
                0x000000000800670c                stm32__spi__transmit__2
 .text.stm32__spi__transmit__3
                0x00000000080067e4       0xb0 /media/16T/ada/STM32/F/F103/lis3mdl/Ada_Drivers_Library/arch/ARM/STM32/lib/stm32f103bluepill/ravenscar-ssfp/Debug/libstm32f103.a(stm32-spi.o)
                0x00000000080067e4                stm32__spi__transmit__3
 .text.stm32__spi__receive
                0x0000000008006894       0xac /media/16T/ada/STM32/F/F103/lis3mdl/Ada_Drivers_Library/arch/ARM/STM32/lib/stm32f103bluepill/ravenscar-ssfp/Debug/libstm32f103.a(stm32-spi.o)
                0x0000000008006894                stm32__spi(long double,...)(char,...)(int, void,...)
 .text.stm32__spi__receive__2
                0x0000000008006940       0xac /media/16T/ada/STM32/F/F103/lis3mdl/Ada_Drivers_Library/arch/ARM/STM32/lib/stm32f103bluepill/ravenscar-ssfp/Debug/libstm32f103.a(stm32-spi.o)
                0x0000000008006940                stm32__spi__receive__2
 .text.stm32__spi__receive__3
                0x00000000080069ec       0xec /media/16T/ada/STM32/F/F103/lis3mdl/Ada_Drivers_Library/arch/ARM/STM32/lib/stm32f103bluepill/ravenscar-ssfp/Debug/libstm32f103.a(stm32-spi.o)
                0x00000000080069ec                stm32__spi__receive__3
 .text.stm32__spi__transmit_receive__2
                0x0000000008006ad8      0x124 /media/16T/ada/STM32/F/F103/lis3mdl/Ada_Drivers_Library/arch/ARM/STM32/lib/stm32f103bluepill/ravenscar-ssfp/Debug/libstm32f103.a(stm32-spi.o)
                0x0000000008006ad8                stm32__spi__transmit_receive__2
 .text.stm32__spi__transmit_receive__3
                0x0000000008006bfc      0x128 /media/16T/ada/STM32/F/F103/lis3mdl/Ada_Drivers_Library/arch/ARM/STM32/lib/stm32f103bluepill/ravenscar-ssfp/Debug/libstm32f103.a(stm32-spi.o)
                0x0000000008006bfc                stm32__spi__transmit_receive__3
 .text.stm32__spi__send_receive_16bit_mode
                0x0000000008006d24      0x378 /media/16T/ada/STM32/F/F103/lis3mdl/Ada_Drivers_Library/arch/ARM/STM32/lib/stm32f103bluepill/ravenscar-ssfp/Debug/libstm32f103.a(stm32-spi.o)
                0x0000000008006d24                stm32__spi__send_receive_16bit_mode
 .text.stm32__spi__send_receive_8bit_mode
                0x000000000800709c      0x33c /media/16T/ada/STM32/F/F103/lis3mdl/Ada_Drivers_Library/arch/ARM/STM32/lib/stm32f103bluepill/ravenscar-ssfp/Debug/libstm32f103.a(stm32-spi.o)
                0x000000000800709c                stm32__spi__send_receive_8bit_mode
 .text.stm32__spi__send_16bit_mode
                0x00000000080073d8      0x1e8 /media/16T/ada/STM32/F/F103/lis3mdl/Ada_Drivers_Library/arch/ARM/STM32/lib/stm32f103bluepill/ravenscar-ssfp/Debug/libstm32f103.a(stm32-spi.o)
                0x00000000080073d8                stm32__spi__send_16bit_mode
 .text.stm32__spi__send_8bit_mode
                0x00000000080075c0      0x1b0 /media/16T/ada/STM32/F/F103/lis3mdl/Ada_Drivers_Library/arch/ARM/STM32/lib/stm32f103bluepill/ravenscar-ssfp/Debug/libstm32f103.a(stm32-spi.o)
                0x00000000080075c0                stm32__spi__send_8bit_mode
 .text.stm32__spi__receive_16bit_mode
                0x0000000008007770       0x94 /media/16T/ada/STM32/F/F103/lis3mdl/Ada_Drivers_Library/arch/ARM/STM32/lib/stm32f103bluepill/ravenscar-ssfp/Debug/libstm32f103.a(stm32-spi.o)
                0x0000000008007770                stm32__spi__receive_16bit_mode
 .text.stm32__spi__receive_8bit_mode
                0x0000000008007804       0xa4 /media/16T/ada/STM32/F/F103/lis3mdl/Ada_Drivers_Library/arch/ARM/STM32/lib/stm32f103bluepill/ravenscar-ssfp/Debug/libstm32f103.a(stm32-spi.o)
                0x0000000008007804                stm32__spi__receive_8bit_mode
 .text.stm32__spi__transmit_receive
                0x00000000080078a8      0x214 /media/16T/ada/STM32/F/F103/lis3mdl/Ada_Drivers_Library/arch/ARM/STM32/lib/stm32f103bluepill/ravenscar-ssfp/Debug/libstm32f103.a(stm32-spi.o)
                0x00000000080078a8                stm32__spi__transmit_receive
 .text.stm32__usarts__usartIP
                0x0000000008007abc       0x2c /media/16T/ada/STM32/F/F103/lis3mdl/Ada_Drivers_Library/arch/ARM/STM32/lib/stm32f103bluepill/ravenscar-ssfp/Debug/libstm32f103.a(stm32-usarts.o)
                0x0000000008007abc                stm32__usarts__usartIP
 .text.stm32__usarts___size__2
                0x0000000008007ae8       0x1c /media/16T/ada/STM32/F/F103/lis3mdl/Ada_Drivers_Library/arch/ARM/STM32/lib/stm32f103bluepill/ravenscar-ssfp/Debug/libstm32f103.a(stm32-usarts.o)
                0x0000000008007ae8                stm32__usarts___size__2
 .text.stm32__usarts__apb_clock
                0x0000000008007b04       0x30 /media/16T/ada/STM32/F/F103/lis3mdl/Ada_Drivers_Library/arch/ARM/STM32/lib/stm32f103bluepill/ravenscar-ssfp/Debug/libstm32f103.a(stm32-usarts.o)
                0x0000000008007b04                stm32__usarts__apb_clock
 .text.stm32__usarts__enable___postconditions.5159
                0x0000000008007b34       0x3c /media/16T/ada/STM32/F/F103/lis3mdl/Ada_Drivers_Library/arch/ARM/STM32/lib/stm32f103bluepill/ravenscar-ssfp/Debug/libstm32f103.a(stm32-usarts.o)
 .text.stm32__usarts__enable
                0x0000000008007b70       0x3c /media/16T/ada/STM32/F/F103/lis3mdl/Ada_Drivers_Library/arch/ARM/STM32/lib/stm32f103bluepill/ravenscar-ssfp/Debug/libstm32f103.a(stm32-usarts.o)
                0x0000000008007b70                stm32__usarts__enable
 .text.stm32__usarts__disable___postconditions.5166
                0x0000000008007bac       0x34 /media/16T/ada/STM32/F/F103/lis3mdl/Ada_Drivers_Library/arch/ARM/STM32/lib/stm32f103bluepill/ravenscar-ssfp/Debug/libstm32f103.a(stm32-usarts.o)
 .text.stm32__usarts__disable
                0x0000000008007be0       0x38 /media/16T/ada/STM32/F/F103/lis3mdl/Ada_Drivers_Library/arch/ARM/STM32/lib/stm32f103bluepill/ravenscar-ssfp/Debug/libstm32f103.a(stm32-usarts.o)
                0x0000000008007be0                stm32__usarts__disable
 .text.stm32__usarts__enabled
                0x0000000008007c18       0x24 /media/16T/ada/STM32/F/F103/lis3mdl/Ada_Drivers_Library/arch/ARM/STM32/lib/stm32f103bluepill/ravenscar-ssfp/Debug/libstm32f103.a(stm32-usarts.o)
                0x0000000008007c18                stm32__usarts__enabled
 .text.stm32__usarts__set_stop_bits
                0x0000000008007c3c       0x30 /media/16T/ada/STM32/F/F103/lis3mdl/Ada_Drivers_Library/arch/ARM/STM32/lib/stm32f103bluepill/ravenscar-ssfp/Debug/libstm32f103.a(stm32-usarts.o)
                0x0000000008007c3c                stm32__usarts__set_stop_bits
 .text.stm32__usarts__set_word_length
                0x0000000008007c6c       0x3c /media/16T/ada/STM32/F/F103/lis3mdl/Ada_Drivers_Library/arch/ARM/STM32/lib/stm32f103bluepill/ravenscar-ssfp/Debug/libstm32f103.a(stm32-usarts.o)
                0x0000000008007c6c                stm32__usarts__set_word_length
 .text.stm32__usarts__set_parity
                0x0000000008007ca8       0xbc /media/16T/ada/STM32/F/F103/lis3mdl/Ada_Drivers_Library/arch/ARM/STM32/lib/stm32f103bluepill/ravenscar-ssfp/Debug/libstm32f103.a(stm32-usarts.o)
                0x0000000008007ca8                stm32__usarts__set_parity
 .text.stm32__usarts__set_baud_rate
                0x0000000008007d64       0xec /media/16T/ada/STM32/F/F103/lis3mdl/Ada_Drivers_Library/arch/ARM/STM32/lib/stm32f103bluepill/ravenscar-ssfp/Debug/libstm32f103.a(stm32-usarts.o)
                0x0000000008007d64                stm32__usarts__set_baud_rate
 .text.stm32__usarts__set_oversampling_mode
                0x0000000008007e50       0x18 /media/16T/ada/STM32/F/F103/lis3mdl/Ada_Drivers_Library/arch/ARM/STM32/lib/stm32f103bluepill/ravenscar-ssfp/Debug/libstm32f103.a(stm32-usarts.o)
                0x0000000008007e50                stm32__usarts__set_oversampling_mode
 .text.stm32__usarts__set_mode
                0x0000000008007e68       0x60 /media/16T/ada/STM32/F/F103/lis3mdl/Ada_Drivers_Library/arch/ARM/STM32/lib/stm32f103bluepill/ravenscar-ssfp/Debug/libstm32f103.a(stm32-usarts.o)
                0x0000000008007e68                stm32__usarts__set_mode
 .text.stm32__usarts__set_flow_control
                0x0000000008007ec8       0xec /media/16T/ada/STM32/F/F103/lis3mdl/Ada_Drivers_Library/arch/ARM/STM32/lib/stm32f103bluepill/ravenscar-ssfp/Debug/libstm32f103.a(stm32-usarts.o)
                0x0000000008007ec8                stm32__usarts__set_flow_control
 .text.stm32__usarts__transmit
                0x0000000008007fb4       0x30 /media/16T/ada/STM32/F/F103/lis3mdl/Ada_Drivers_Library/arch/ARM/STM32/lib/stm32f103bluepill/ravenscar-ssfp/Debug/libstm32f103.a(stm32-usarts.o)
                0x0000000008007fb4                stm32__usarts__transmit
 .text.stm32__usarts__receive
                0x0000000008007fe4       0x20 /media/16T/ada/STM32/F/F103/lis3mdl/Ada_Drivers_Library/arch/ARM/STM32/lib/stm32f103bluepill/ravenscar-ssfp/Debug/libstm32f103.a(stm32-usarts.o)
                0x0000000008007fe4                stm32__usarts(long double,...)(char,...)(int, void,...)
 .text.stm32__usarts__current_input
                0x0000000008008004       0x24 /media/16T/ada/STM32/F/F103/lis3mdl/Ada_Drivers_Library/arch/ARM/STM32/lib/stm32f103bluepill/ravenscar-ssfp/Debug/libstm32f103.a(stm32-usarts.o)
                0x0000000008008004                stm32__usarts__current_input
 .text.stm32__usarts__tx_ready
                0x0000000008008028       0x20 /media/16T/ada/STM32/F/F103/lis3mdl/Ada_Drivers_Library/arch/ARM/STM32/lib/stm32f103bluepill/ravenscar-ssfp/Debug/libstm32f103.a(stm32-usarts.o)
                0x0000000008008028                stm32__usarts__tx_ready
 .text.stm32__usarts__rx_ready
                0x0000000008008048       0x20 /media/16T/ada/STM32/F/F103/lis3mdl/Ada_Drivers_Library/arch/ARM/STM32/lib/stm32f103bluepill/ravenscar-ssfp/Debug/libstm32f103.a(stm32-usarts.o)
                0x0000000008008048                stm32__usarts__rx_ready
 .text.stm32__usarts__status
                0x0000000008008068       0xd4 /media/16T/ada/STM32/F/F103/lis3mdl/Ada_Drivers_Library/arch/ARM/STM32/lib/stm32f103bluepill/ravenscar-ssfp/Debug/libstm32f103.a(stm32-usarts.o)
                0x0000000008008068                stm32__usarts__status
 .text.stm32__usarts__clear_status
                0x000000000800813c       0xf4 /media/16T/ada/STM32/F/F103/lis3mdl/Ada_Drivers_Library/arch/ARM/STM32/lib/stm32f103bluepill/ravenscar-ssfp/Debug/libstm32f103.a(stm32-usarts.o)
                0x000000000800813c                stm32__usarts__clear_status
 .text.stm32__usarts__enable_interrupts___postconditions.5241
                0x0000000008008230       0x40 /media/16T/ada/STM32/F/F103/lis3mdl/Ada_Drivers_Library/arch/ARM/STM32/lib/stm32f103bluepill/ravenscar-ssfp/Debug/libstm32f103.a(stm32-usarts.o)
 .text.stm32__usarts__enable_interrupts
                0x0000000008008270      0x138 /media/16T/ada/STM32/F/F103/lis3mdl/Ada_Drivers_Library/arch/ARM/STM32/lib/stm32f103bluepill/ravenscar-ssfp/Debug/libstm32f103.a(stm32-usarts.o)
                0x0000000008008270                stm32__usarts__enable_interrupts
 .text.stm32__usarts__disable_interrupts___postconditions.5254
                0x00000000080083a8       0x38 /media/16T/ada/STM32/F/F103/lis3mdl/Ada_Drivers_Library/arch/ARM/STM32/lib/stm32f103bluepill/ravenscar-ssfp/Debug/libstm32f103.a(stm32-usarts.o)
 .text.stm32__usarts__disable_interrupts
                0x00000000080083e0      0x118 /media/16T/ada/STM32/F/F103/lis3mdl/Ada_Drivers_Library/arch/ARM/STM32/lib/stm32f103bluepill/ravenscar-ssfp/Debug/libstm32f103.a(stm32-usarts.o)
                0x00000000080083e0                stm32__usarts__disable_interrupts
 .text.stm32__usarts__interrupt_enabled
                0x00000000080084f8       0xd4 /media/16T/ada/STM32/F/F103/lis3mdl/Ada_Drivers_Library/arch/ARM/STM32/lib/stm32f103bluepill/ravenscar-ssfp/Debug/libstm32f103.a(stm32-usarts.o)
                0x00000000080084f8                stm32__usarts__interrupt_enabled
 .text.stm32__usarts__enable_dma_transmit_requests___postconditions.5289
                0x00000000080085cc       0x3c /media/16T/ada/STM32/F/F103/lis3mdl/Ada_Drivers_Library/arch/ARM/STM32/lib/stm32f103bluepill/ravenscar-ssfp/Debug/libstm32f103.a(stm32-usarts.o)
 .text.stm32__usarts__enable_dma_transmit_requests
                0x0000000008008608       0x3c /media/16T/ada/STM32/F/F103/lis3mdl/Ada_Drivers_Library/arch/ARM/STM32/lib/stm32f103bluepill/ravenscar-ssfp/Debug/libstm32f103.a(stm32-usarts.o)
                0x0000000008008608                stm32__usarts__enable_dma_transmit_requests
 .text.stm32__usarts__enable_dma_receive_requests___postconditions.5293
                0x0000000008008644       0x3c /media/16T/ada/STM32/F/F103/lis3mdl/Ada_Drivers_Library/arch/ARM/STM32/lib/stm32f103bluepill/ravenscar-ssfp/Debug/libstm32f103.a(stm32-usarts.o)
 .text.stm32__usarts__enable_dma_receive_requests
                0x0000000008008680       0x3c /media/16T/ada/STM32/F/F103/lis3mdl/Ada_Drivers_Library/arch/ARM/STM32/lib/stm32f103bluepill/ravenscar-ssfp/Debug/libstm32f103.a(stm32-usarts.o)
                0x0000000008008680                stm32__usarts__enable_dma_receive_requests
 .text.stm32__usarts__disable_dma_transmit_requests___postconditions.5297
                0x00000000080086bc       0x34 /media/16T/ada/STM32/F/F103/lis3mdl/Ada_Drivers_Library/arch/ARM/STM32/lib/stm32f103bluepill/ravenscar-ssfp/Debug/libstm32f103.a(stm32-usarts.o)
 .text.stm32__usarts__disable_dma_transmit_requests
                0x00000000080086f0       0x38 /media/16T/ada/STM32/F/F103/lis3mdl/Ada_Drivers_Library/arch/ARM/STM32/lib/stm32f103bluepill/ravenscar-ssfp/Debug/libstm32f103.a(stm32-usarts.o)
                0x00000000080086f0                stm32__usarts__disable_dma_transmit_requests
 .text.stm32__usarts__disable_dma_receive_requests___postconditions.5301
                0x0000000008008728       0x34 /media/16T/ada/STM32/F/F103/lis3mdl/Ada_Drivers_Library/arch/ARM/STM32/lib/stm32f103bluepill/ravenscar-ssfp/Debug/libstm32f103.a(stm32-usarts.o)
 .text.stm32__usarts__disable_dma_receive_requests
                0x000000000800875c       0x38 /media/16T/ada/STM32/F/F103/lis3mdl/Ada_Drivers_Library/arch/ARM/STM32/lib/stm32f103bluepill/ravenscar-ssfp/Debug/libstm32f103.a(stm32-usarts.o)
                0x000000000800875c                stm32__usarts__disable_dma_receive_requests
 .text.stm32__usarts__dma_transmit_requests_enabled
                0x0000000008008794       0x24 /media/16T/ada/STM32/F/F103/lis3mdl/Ada_Drivers_Library/arch/ARM/STM32/lib/stm32f103bluepill/ravenscar-ssfp/Debug/libstm32f103.a(stm32-usarts.o)
                0x0000000008008794                stm32__usarts__dma_transmit_requests_enabled
 .text.stm32__usarts__dma_receive_requests_enabled
                0x00000000080087b8       0x24 /media/16T/ada/STM32/F/F103/lis3mdl/Ada_Drivers_Library/arch/ARM/STM32/lib/stm32f103bluepill/ravenscar-ssfp/Debug/libstm32f103.a(stm32-usarts.o)
                0x00000000080087b8                stm32__usarts__dma_receive_requests_enabled
 .text.stm32__usarts__resume_dma_transmission___postconditions.5307
                0x00000000080087dc       0x58 /media/16T/ada/STM32/F/F103/lis3mdl/Ada_Drivers_Library/arch/ARM/STM32/lib/stm32f103bluepill/ravenscar-ssfp/Debug/libstm32f103.a(stm32-usarts.o)
 .text.stm32__usarts__resume_dma_transmission
                0x0000000008008834       0x48 /media/16T/ada/STM32/F/F103/lis3mdl/Ada_Drivers_Library/arch/ARM/STM32/lib/stm32f103bluepill/ravenscar-ssfp/Debug/libstm32f103.a(stm32-usarts.o)
                0x0000000008008834                stm32__usarts__resume_dma_transmission
 .text.stm32__usarts__resume_dma_reception___postconditions.5311
                0x000000000800887c       0x58 /media/16T/ada/STM32/F/F103/lis3mdl/Ada_Drivers_Library/arch/ARM/STM32/lib/stm32f103bluepill/ravenscar-ssfp/Debug/libstm32f103.a(stm32-usarts.o)
 .text.stm32__usarts__resume_dma_reception
                0x00000000080088d4       0x48 /media/16T/ada/STM32/F/F103/lis3mdl/Ada_Drivers_Library/arch/ARM/STM32/lib/stm32f103bluepill/ravenscar-ssfp/Debug/libstm32f103.a(stm32-usarts.o)
                0x00000000080088d4                stm32__usarts__resume_dma_reception
 .text.stm32__usarts__data_register_address
                0x000000000800891c       0x1c /media/16T/ada/STM32/F/F103/lis3mdl/Ada_Drivers_Library/arch/ARM/STM32/lib/stm32f103bluepill/ravenscar-ssfp/Debug/libstm32f103.a(stm32-usarts.o)
                0x000000000800891c                stm32__usarts__data_register_address
 .text.stm32__usarts__data_size
                0x0000000008008938       0x34 /media/16T/ada/STM32/F/F103/lis3mdl/Ada_Drivers_Library/arch/ARM/STM32/lib/stm32f103bluepill/ravenscar-ssfp/Debug/libstm32f103.a(stm32-usarts.o)
                0x0000000008008938                stm32__usarts__data_size
 .text.stm32__usarts__transmitCL
                0x000000000800896c       0x64 /media/16T/ada/STM32/F/F103/lis3mdl/Ada_Drivers_Library/arch/ARM/STM32/lib/stm32f103bluepill/ravenscar-ssfp/Debug/libstm32f103.a(stm32-usarts.o)
                0x000000000800896c                stm32__usarts__transmitCL
 .text.stm32__usarts__transmit__2
                0x00000000080089d0       0x6c /media/16T/ada/STM32/F/F103/lis3mdl/Ada_Drivers_Library/arch/ARM/STM32/lib/stm32f103bluepill/ravenscar-ssfp/Debug/libstm32f103.a(stm32-usarts.o)
                0x00000000080089d0                stm32__usarts__transmit__2
 .text.stm32__usarts__transmitCL__2
                0x0000000008008a3c       0x64 /media/16T/ada/STM32/F/F103/lis3mdl/Ada_Drivers_Library/arch/ARM/STM32/lib/stm32f103bluepill/ravenscar-ssfp/Debug/libstm32f103.a(stm32-usarts.o)
                0x0000000008008a3c                stm32__usarts__transmitCL__2
 .text.stm32__usarts__transmit__3
                0x0000000008008aa0       0x6c /media/16T/ada/STM32/F/F103/lis3mdl/Ada_Drivers_Library/arch/ARM/STM32/lib/stm32f103bluepill/ravenscar-ssfp/Debug/libstm32f103.a(stm32-usarts.o)
                0x0000000008008aa0                stm32__usarts__transmit__3
 .text.stm32__usarts__receiveCL
                0x0000000008008b0c       0xa4 /media/16T/ada/STM32/F/F103/lis3mdl/Ada_Drivers_Library/arch/ARM/STM32/lib/stm32f103bluepill/ravenscar-ssfp/Debug/libstm32f103.a(stm32-usarts.o)
                0x0000000008008b0c                stm32__usarts__receiveCL
 .text.stm32__usarts__receive__2
                0x0000000008008bb0       0x6c /media/16T/ada/STM32/F/F103/lis3mdl/Ada_Drivers_Library/arch/ARM/STM32/lib/stm32f103bluepill/ravenscar-ssfp/Debug/libstm32f103.a(stm32-usarts.o)
                0x0000000008008bb0                stm32__usarts__receive__2
 .text.stm32__usarts__receiveCL__2
                0x0000000008008c1c       0x6c /media/16T/ada/STM32/F/F103/lis3mdl/Ada_Drivers_Library/arch/ARM/STM32/lib/stm32f103bluepill/ravenscar-ssfp/Debug/libstm32f103.a(stm32-usarts.o)
                0x0000000008008c1c                stm32__usarts__receiveCL__2
 .text.stm32__usarts__receive__3
                0x0000000008008c88       0x6c /media/16T/ada/STM32/F/F103/lis3mdl/Ada_Drivers_Library/arch/ARM/STM32/lib/stm32f103bluepill/ravenscar-ssfp/Debug/libstm32f103.a(stm32-usarts.o)
                0x0000000008008c88                stm32__usarts__receive__3
 .text.stm32_svd__i2c__cr1_registerIP
                0x0000000008008cf4      0x100 /media/16T/ada/STM32/F/F103/lis3mdl/Ada_Drivers_Library/arch/ARM/STM32/lib/stm32f103bluepill/ravenscar-ssfp/Debug/libstm32f103.a(stm32_svd-i2c.o)
                0x0000000008008cf4                stm32_svd__i2c__cr1_registerIP
 .text.stm32_svd__i2c__oar1_registerIP
                0x0000000008008df4       0x64 /media/16T/ada/STM32/F/F103/lis3mdl/Ada_Drivers_Library/arch/ARM/STM32/lib/stm32f103bluepill/ravenscar-ssfp/Debug/libstm32f103.a(stm32_svd-i2c.o)
                0x0000000008008df4                stm32_svd__i2c__oar1_registerIP
 .text.stm32_svd__i2c__ccr_registerIP
                0x0000000008008e58       0x58 /media/16T/ada/STM32/F/F103/lis3mdl/Ada_Drivers_Library/arch/ARM/STM32/lib/stm32f103bluepill/ravenscar-ssfp/Debug/libstm32f103.a(stm32_svd-i2c.o)
                0x0000000008008e58                stm32_svd__i2c__ccr_registerIP
 .text.stm32_svd__spi__sr_registerIP
                0x0000000008008eb0       0x90 /media/16T/ada/STM32/F/F103/lis3mdl/Ada_Drivers_Library/arch/ARM/STM32/lib/stm32f103bluepill/ravenscar-ssfp/Debug/libstm32f103.a(stm32_svd-spi.o)
                0x0000000008008eb0                stm32_svd__spi__sr_registerIP
 .text.ada__real_time__Oadd
                0x0000000008008f40       0xec /media/16T/ada/STM32/F/F103/lis3mdl/Ada_Drivers_Library/embedded-runtimes/ravenscar-stm32f103bluepill/ssfp/adalib/libgnarl.a(a-reatim.o)
                0x0000000008008f40                ada__real_time__Oadd
 .text.ada__real_time__Osubtract__2
                0x000000000800902c      0x104 /media/16T/ada/STM32/F/F103/lis3mdl/Ada_Drivers_Library/embedded-runtimes/ravenscar-stm32f103bluepill/ssfp/adalib/libgnarl.a(a-reatim.o)
                0x000000000800902c                ada__real_time__Osubtract__2
 .text.ada__real_time__Osubtract__3
                0x0000000008009130       0x60 /media/16T/ada/STM32/F/F103/lis3mdl/Ada_Drivers_Library/embedded-runtimes/ravenscar-stm32f103bluepill/ssfp/adalib/libgnarl.a(a-reatim.o)
                0x0000000008009130                ada__real_time__Osubtract__3
 .text.ada__real_time__Osubtract__4
                0x0000000008009190       0x3c /media/16T/ada/STM32/F/F103/lis3mdl/Ada_Drivers_Library/embedded-runtimes/ravenscar-stm32f103bluepill/ssfp/adalib/libgnarl.a(a-reatim.o)
                0x0000000008009190                ada__real_time__Osubtract__4
 .text.ada__real_time__clock
                0x00000000080091cc       0x14 /media/16T/ada/STM32/F/F103/lis3mdl/Ada_Drivers_Library/embedded-runtimes/ravenscar-stm32f103bluepill/ssfp/adalib/libgnarl.a(a-reatim.o)
                0x00000000080091cc                ada__real_time__clock
 .text.ada__real_time__microseconds
                0x00000000080091e0       0x48 /media/16T/ada/STM32/F/F103/lis3mdl/Ada_Drivers_Library/embedded-runtimes/ravenscar-stm32f103bluepill/ssfp/adalib/libgnarl.a(a-reatim.o)
                0x00000000080091e0                ada__real_time__microseconds
 .text.ada__real_time__milliseconds
                0x0000000008009228       0x48 /media/16T/ada/STM32/F/F103/lis3mdl/Ada_Drivers_Library/embedded-runtimes/ravenscar-stm32f103bluepill/ssfp/adalib/libgnarl.a(a-reatim.o)
                0x0000000008009228                ada__real_time__milliseconds
 .text.ada__real_time__rounded_div
                0x0000000008009270       0xb8 /media/16T/ada/STM32/F/F103/lis3mdl/Ada_Drivers_Library/embedded-runtimes/ravenscar-stm32f103bluepill/ssfp/adalib/libgnarl.a(a-reatim.o)
                0x0000000008009270                ada__real_time__rounded_div
 .text.ada__real_time___elabb
                0x0000000008009328        0xc /media/16T/ada/STM32/F/F103/lis3mdl/Ada_Drivers_Library/embedded-runtimes/ravenscar-stm32f103bluepill/ssfp/adalib/libgnarl.a(a-reatim.o)
                0x0000000008009328                ada__real_time___elabb
 .text.ada__real_time__delays__delay_until
                0x0000000008009334       0x40 /media/16T/ada/STM32/F/F103/lis3mdl/Ada_Drivers_Library/embedded-runtimes/ravenscar-stm32f103bluepill/ssfp/adalib/libgnarl.a(a-retide.o)
                0x0000000008009334                ada__real_time__delays__delay_until
 .text.system__task_primitives__operations__self
                0x0000000008009374       0x10 /media/16T/ada/STM32/F/F103/lis3mdl/Ada_Drivers_Library/embedded-runtimes/ravenscar-stm32f103bluepill/ssfp/adalib/libgnarl.a(s-taprop.o)
                0x0000000008009374                system__task_primitives__operations(short,...)(long, float)
 .text.system__task_primitives__operations__delay_until
                0x0000000008009384       0x40 /media/16T/ada/STM32/F/F103/lis3mdl/Ada_Drivers_Library/embedded-runtimes/ravenscar-stm32f103bluepill/ssfp/adalib/libgnarl.a(s-taprop.o)
                0x0000000008009384                system__task_primitives__operations__delay_until
 .text.system__task_primitives__operations__monotonic_clock
                0x00000000080093c4       0x14 /media/16T/ada/STM32/F/F103/lis3mdl/Ada_Drivers_Library/embedded-runtimes/ravenscar-stm32f103bluepill/ssfp/adalib/libgnarl.a(s-taprop.o)
                0x00000000080093c4                system__task_primitives__operations__monotonic_clock
 .text.system__task_primitives__operations__enter_task
                0x00000000080093d8       0x48 /media/16T/ada/STM32/F/F103/lis3mdl/Ada_Drivers_Library/embedded-runtimes/ravenscar-stm32f103bluepill/ssfp/adalib/libgnarl.a(s-taprop.o)
                0x00000000080093d8                system__task_primitives__operations__enter_task
 .text.system__task_primitives__operations__idle
                0x0000000008009420       0x1c /media/16T/ada/STM32/F/F103/lis3mdl/Ada_Drivers_Library/embedded-runtimes/ravenscar-stm32f103bluepill/ssfp/adalib/libgnarl.a(s-taprop.o)
                0x0000000008009420                system__task_primitives__operations(int, double, long,...)
 .text.system__task_primitives__operations__initialize_tcb
                0x000000000800943c       0x1c /media/16T/ada/STM32/F/F103/lis3mdl/Ada_Drivers_Library/embedded-runtimes/ravenscar-stm32f103bluepill/ssfp/adalib/libgnarl.a(s-taprop.o)
                0x000000000800943c                system__task_primitives__operations__initialize_tcb
 .text.system__task_primitives__operations__create_task
                0x0000000008009458       0x98 /media/16T/ada/STM32/F/F103/lis3mdl/Ada_Drivers_Library/embedded-runtimes/ravenscar-stm32f103bluepill/ssfp/adalib/libgnarl.a(s-taprop.o)
                0x0000000008009458                system__task_primitives__operations__create_task
 .text.system__task_primitives__operations__initialize
                0x00000000080094f0      0x134 /media/16T/ada/STM32/F/F103/lis3mdl/Ada_Drivers_Library/embedded-runtimes/ravenscar-stm32f103bluepill/ssfp/adalib/libgnarl.a(s-taprop.o)
                0x00000000080094f0                system__task_primitives__operations__initialize
 .text.system__task_primitives__operations__initialize_idle
                0x0000000008009624       0xd0 /media/16T/ada/STM32/F/F103/lis3mdl/Ada_Drivers_Library/embedded-runtimes/ravenscar-stm32f103bluepill/ssfp/adalib/libgnarl.a(s-taprop.o)
                0x0000000008009624                system__task_primitives__operations__initialize_idle
 .text.system__tasking__debug__add_task_id
                0x00000000080096f4       0x4c /media/16T/ada/STM32/F/F103/lis3mdl/Ada_Drivers_Library/embedded-runtimes/ravenscar-stm32f103bluepill/ssfp/adalib/libgnarl.a(s-tasdeb.o)
                0x00000000080096f4                system__tasking__debug__add_task_id
 .text.system__tasking__initialize_atcb
                0x0000000008009740      0x104 /media/16T/ada/STM32/F/F103/lis3mdl/Ada_Drivers_Library/embedded-runtimes/ravenscar-stm32f103bluepill/ssfp/adalib/libgnarl.a(s-taskin.o)
                0x0000000008009740                system__tasking__initialize_atcb
 .text.system__tasking__initialize
                0x0000000008009844      0x234 /media/16T/ada/STM32/F/F103/lis3mdl/Ada_Drivers_Library/embedded-runtimes/ravenscar-stm32f103bluepill/ssfp/adalib/libgnarl.a(s-taskin.o)
                0x0000000008009844                system__tasking__initialize
 .text.system__bb__board_support__time__max_timer_interval
                0x0000000008009a78       0x14 /media/16T/ada/STM32/F/F103/lis3mdl/Ada_Drivers_Library/embedded-runtimes/ravenscar-stm32f103bluepill/ssfp/adalib/libgnarl.a(s-bbbosu.o)
                0x0000000008009a78                system__bb__board_support__time__max_timer_interval
 .text.system__bb__board_support__time__read_clock
                0x0000000008009a8c       0x74 /media/16T/ada/STM32/F/F103/lis3mdl/Ada_Drivers_Library/embedded-runtimes/ravenscar-stm32f103bluepill/ssfp/adalib/libgnarl.a(s-bbbosu.o)
                0x0000000008009a8c                system__bb__board_support__time__read_clock
 .text.system__bb__board_support__time__clear_alarm_interrupt
                0x0000000008009b00       0x18 /media/16T/ada/STM32/F/F103/lis3mdl/Ada_Drivers_Library/embedded-runtimes/ravenscar-stm32f103bluepill/ssfp/adalib/libgnarl.a(s-bbbosu.o)
                0x0000000008009b00                system__bb__board_support__time__clear_alarm_interrupt
 .text.system__bb__board_support__time__set_alarm
                0x0000000008009b18       0x58 /media/16T/ada/STM32/F/F103/lis3mdl/Ada_Drivers_Library/embedded-runtimes/ravenscar-stm32f103bluepill/ssfp/adalib/libgnarl.a(s-bbbosu.o)
                0x0000000008009b18                system__bb__board_support__time__set_alarm
 .text.system__bb__board_support__time__install_alarm_handler
                0x0000000008009b70       0x30 /media/16T/ada/STM32/F/F103/lis3mdl/Ada_Drivers_Library/embedded-runtimes/ravenscar-stm32f103bluepill/ssfp/adalib/libgnarl.a(s-bbbosu.o)
                0x0000000008009b70                system__bb__board_support__time__install_alarm_handler
 .text.system__bb__board_support__multiprocessors__current_cpu
                0x0000000008009ba0       0x10 /media/16T/ada/STM32/F/F103/lis3mdl/Ada_Drivers_Library/embedded-runtimes/ravenscar-stm32f103bluepill/ssfp/adalib/libgnarl.a(s-bbbosu.o)
                0x0000000008009ba0                system__bb__board_support__multiprocessors__current_cpu
 .text.system__bb__board_support__interrupts__install_interrupt_handler
                0x0000000008009bb0       0x64 /media/16T/ada/STM32/F/F103/lis3mdl/Ada_Drivers_Library/embedded-runtimes/ravenscar-stm32f103bluepill/ssfp/adalib/libgnarl.a(s-bbbosu.o)
                0x0000000008009bb0                system__bb__board_support__interrupts__install_interrupt_handler
 .text.system__bb__board_support__interrupts__priority_of_interrupt
                0x0000000008009c14       0x4c /media/16T/ada/STM32/F/F103/lis3mdl/Ada_Drivers_Library/embedded-runtimes/ravenscar-stm32f103bluepill/ssfp/adalib/libgnarl.a(s-bbbosu.o)
                0x0000000008009c14                system__bb__board_support__interrupts__priority_of_interrupt
 .text.system__bb__board_support__interrupts__power_down
                0x0000000008009c60        0xc /media/16T/ada/STM32/F/F103/lis3mdl/Ada_Drivers_Library/embedded-runtimes/ravenscar-stm32f103bluepill/ssfp/adalib/libgnarl.a(s-bbbosu.o)
                0x0000000008009c60                system__bb__board_support__interrupts__power_down
 .text.system__bb__board_support__interrupts__set_current_priority
                0x0000000008009c6c       0x1c /media/16T/ada/STM32/F/F103/lis3mdl/Ada_Drivers_Library/embedded-runtimes/ravenscar-stm32f103bluepill/ssfp/adalib/libgnarl.a(s-bbbosu.o)
                0x0000000008009c6c                system__bb__board_support__interrupts__set_current_priority
 .text.system__bb__board_support__initialize_board
                0x0000000008009c88       0x6c /media/16T/ada/STM32/F/F103/lis3mdl/Ada_Drivers_Library/embedded-runtimes/ravenscar-stm32f103bluepill/ssfp/adalib/libgnarl.a(s-bbbosu.o)
                0x0000000008009c88                system__bb__board_support__initialize_board
 .text.system__bb__board_support__timer_interrupt_handler
                0x0000000008009cf4       0x10 /media/16T/ada/STM32/F/F103/lis3mdl/Ada_Drivers_Library/embedded-runtimes/ravenscar-stm32f103bluepill/ssfp/adalib/libgnarl.a(s-bbbosu.o)
                0x0000000008009cf4                system__bb__board_support__timer_interrupt_handler
 .text.system__bb__board_support__interrupt_handler
                0x0000000008009d04       0x4c /media/16T/ada/STM32/F/F103/lis3mdl/Ada_Drivers_Library/embedded-runtimes/ravenscar-stm32f103bluepill/ssfp/adalib/libgnarl.a(s-bbbosu.o)
                0x0000000008009d04                system__bb__board_support__interrupt_handler
 .text.system__bb__board_support__enable_interrupt_request
                0x0000000008009d50       0xa4 /media/16T/ada/STM32/F/F103/lis3mdl/Ada_Drivers_Library/embedded-runtimes/ravenscar-stm32f103bluepill/ssfp/adalib/libgnarl.a(s-bbbosu.o)
                0x0000000008009d50                system__bb__board_support__enable_interrupt_request
 .text.system__bb__board_support__to_pri
                0x0000000008009df4       0x44 /media/16T/ada/STM32/F/F103/lis3mdl/Ada_Drivers_Library/embedded-runtimes/ravenscar-stm32f103bluepill/ssfp/adalib/libgnarl.a(s-bbbosu.o)
                0x0000000008009df4                system__bb__board_support__to_pri
 .text.system__bb__board_support__to_priority
                0x0000000008009e38       0x38 /media/16T/ada/STM32/F/F103/lis3mdl/Ada_Drivers_Library/embedded-runtimes/ravenscar-stm32f103bluepill/ssfp/adalib/libgnarl.a(s-bbbosu.o)
                0x0000000008009e38                system__bb__board_support__to_priority
 .text.system__bb__cpu_primitives__initialize_cpu
                0x0000000008009e70       0x94 /media/16T/ada/STM32/F/F103/lis3mdl/Ada_Drivers_Library/embedded-runtimes/ravenscar-stm32f103bluepill/ssfp/adalib/libgnarl.a(s-bbcppr.o)
                0x0000000008009e70                system__bb__cpu_primitives__initialize_cpu
 .text.system__bb__cpu_primitives__context_switch
                0x0000000008009f04        0xc /media/16T/ada/STM32/F/F103/lis3mdl/Ada_Drivers_Library/embedded-runtimes/ravenscar-stm32f103bluepill/ssfp/adalib/libgnarl.a(s-bbcppr.o)
                0x0000000008009f04                system__bb__cpu_primitives__context_switch
 .text.system__bb__cpu_primitives__gnat_error_handler
                0x0000000008009f10      0xc2c /media/16T/ada/STM32/F/F103/lis3mdl/Ada_Drivers_Library/embedded-runtimes/ravenscar-stm32f103bluepill/ssfp/adalib/libgnarl.a(s-bbcppr.o)
                0x0000000008009f10                system__bb__cpu_primitives__gnat_error_handler
 .text.__gnat_irq_trap
                0x000000000800ab3c       0x54 /media/16T/ada/STM32/F/F103/lis3mdl/Ada_Drivers_Library/embedded-runtimes/ravenscar-stm32f103bluepill/ssfp/adalib/libgnarl.a(s-bbcppr.o)
                0x000000000800ab3c                __gnat_irq_trap
 .text.__gnat_sv_call_trap
                0x000000000800ab90        0xc /media/16T/ada/STM32/F/F103/lis3mdl/Ada_Drivers_Library/embedded-runtimes/ravenscar-stm32f103bluepill/ssfp/adalib/libgnarl.a(s-bbcppr.o)
                0x000000000800ab90                __gnat_sv_call_trap
 .text.__gnat_sys_tick_trap
                0x000000000800ab9c       0x9c /media/16T/ada/STM32/F/F103/lis3mdl/Ada_Drivers_Library/embedded-runtimes/ravenscar-stm32f103bluepill/ssfp/adalib/libgnarl.a(s-bbcppr.o)
                0x000000000800ab9c                __gnat_sys_tick_trap
 .text.system__bb__cpu_primitives__initialize_context
                0x000000000800ac38       0x7c /media/16T/ada/STM32/F/F103/lis3mdl/Ada_Drivers_Library/embedded-runtimes/ravenscar-stm32f103bluepill/ssfp/adalib/libgnarl.a(s-bbcppr.o)
                0x000000000800ac38                system__bb__cpu_primitives__initialize_context
 .text.system__bb__cpu_primitives__install_trap_handler
                0x000000000800acb4       0x3c /media/16T/ada/STM32/F/F103/lis3mdl/Ada_Drivers_Library/embedded-runtimes/ravenscar-stm32f103bluepill/ssfp/adalib/libgnarl.a(s-bbcppr.o)
                0x000000000800acb4                system__bb__cpu_primitives__install_trap_handler
 .text.system__bb__cpu_primitives__disable_interrupts
                0x000000000800acf0        0xc /media/16T/ada/STM32/F/F103/lis3mdl/Ada_Drivers_Library/embedded-runtimes/ravenscar-stm32f103bluepill/ssfp/adalib/libgnarl.a(s-bbcppr.o)
                0x000000000800acf0                system__bb__cpu_primitives__disable_interrupts
 .text.system__bb__cpu_primitives__enable_interrupts
                0x000000000800acfc       0x20 /media/16T/ada/STM32/F/F103/lis3mdl/Ada_Drivers_Library/embedded-runtimes/ravenscar-stm32f103bluepill/ssfp/adalib/libgnarl.a(s-bbcppr.o)
                0x000000000800acfc                system__bb__cpu_primitives__enable_interrupts
 .text.system__bb__interrupts__attach_handler
                0x000000000800ad1c       0x44 /media/16T/ada/STM32/F/F103/lis3mdl/Ada_Drivers_Library/embedded-runtimes/ravenscar-stm32f103bluepill/ssfp/adalib/libgnarl.a(s-bbinte.o)
                0x000000000800ad1c                system__bb__interrupts__attach_handler
 .text.system__bb__interrupts__interrupt_wrapper
                0x000000000800ad60      0x13c /media/16T/ada/STM32/F/F103/lis3mdl/Ada_Drivers_Library/embedded-runtimes/ravenscar-stm32f103bluepill/ssfp/adalib/libgnarl.a(s-bbinte.o)
                0x000000000800ad60                system__bb__interrupts__interrupt_wrapper
 .text.system__bb__interrupts__initialize_interrupts
                0x000000000800ae9c       0x54 /media/16T/ada/STM32/F/F103/lis3mdl/Ada_Drivers_Library/embedded-runtimes/ravenscar-stm32f103bluepill/ssfp/adalib/libgnarl.a(s-bbinte.o)
                0x000000000800ae9c                system__bb__interrupts__initialize_interrupts
 .text.system__bb__threads__queues__change_priority
                0x000000000800aef0      0x244 /media/16T/ada/STM32/F/F103/lis3mdl/Ada_Drivers_Library/embedded-runtimes/ravenscar-stm32f103bluepill/ssfp/adalib/libgnarl.a(s-bbthqu.o)
                0x000000000800aef0                system__bb__threads__queues__change_priority
 .text.__gnat_context_switch_needed
                0x000000000800b134       0x20 /media/16T/ada/STM32/F/F103/lis3mdl/Ada_Drivers_Library/embedded-runtimes/ravenscar-stm32f103bluepill/ssfp/adalib/libgnarl.a(s-bbthqu.o)
                0x000000000800b134                __gnat_context_switch_needed
 .text.system__bb__threads__queues__extract
                0x000000000800b154       0x68 /media/16T/ada/STM32/F/F103/lis3mdl/Ada_Drivers_Library/embedded-runtimes/ravenscar-stm32f103bluepill/ssfp/adalib/libgnarl.a(s-bbthqu.o)
                0x000000000800b154                system__bb__threads__queues__extract
 .text.system__bb__threads__queues__extract_first_alarm
                0x000000000800b1bc       0x7c /media/16T/ada/STM32/F/F103/lis3mdl/Ada_Drivers_Library/embedded-runtimes/ravenscar-stm32f103bluepill/ssfp/adalib/libgnarl.a(s-bbthqu.o)
                0x000000000800b1bc                system__bb__threads__queues__extract_first_alarm
 .text.system__bb__threads__queues__first_thread
                0x000000000800b238       0x20 /media/16T/ada/STM32/F/F103/lis3mdl/Ada_Drivers_Library/embedded-runtimes/ravenscar-stm32f103bluepill/ssfp/adalib/libgnarl.a(s-bbthqu.o)
                0x000000000800b238                system__bb__threads__queues__first_thread
 .text.system__bb__threads__queues__get_next_alarm_time
                0x000000000800b258       0x4c /media/16T/ada/STM32/F/F103/lis3mdl/Ada_Drivers_Library/embedded-runtimes/ravenscar-stm32f103bluepill/ssfp/adalib/libgnarl.a(s-bbthqu.o)
                0x000000000800b258                system__bb__threads__queues__get_next_alarm_time
 .text.system__bb__threads__queues__insert
                0x000000000800b2a4      0x2a0 /media/16T/ada/STM32/F/F103/lis3mdl/Ada_Drivers_Library/embedded-runtimes/ravenscar-stm32f103bluepill/ssfp/adalib/libgnarl.a(s-bbthqu.o)
                0x000000000800b2a4                system__bb__threads__queues__insert
 .text.system__bb__threads__queues__insert_alarm
                0x000000000800b544      0x1b4 /media/16T/ada/STM32/F/F103/lis3mdl/Ada_Drivers_Library/embedded-runtimes/ravenscar-stm32f103bluepill/ssfp/adalib/libgnarl.a(s-bbthqu.o)
                0x000000000800b544                system__bb__threads__queues__insert_alarm
 .text.system__bb__threads__queues__running_thread
                0x000000000800b6f8       0x20 /media/16T/ada/STM32/F/F103/lis3mdl/Ada_Drivers_Library/embedded-runtimes/ravenscar-stm32f103bluepill/ssfp/adalib/libgnarl.a(s-bbthqu.o)
                0x000000000800b6f8                system__bb__threads__queues__running_thread
 .text.system__bb__threads__queues__wakeup_expired_alarms
                0x000000000800b718       0x60 /media/16T/ada/STM32/F/F103/lis3mdl/Ada_Drivers_Library/embedded-runtimes/ravenscar-stm32f103bluepill/ssfp/adalib/libgnarl.a(s-bbthqu.o)
                0x000000000800b718                system__bb__threads__queues__wakeup_expired_alarms
 .text.system__bb__threads__queues__yield
                0x000000000800b778      0x190 /media/16T/ada/STM32/F/F103/lis3mdl/Ada_Drivers_Library/embedded-runtimes/ravenscar-stm32f103bluepill/ssfp/adalib/libgnarl.a(s-bbthqu.o)
                0x000000000800b778                system__bb__threads__queues__yield
 .text.system__bb__threads__get_cpu
                0x000000000800b908       0x54 /media/16T/ada/STM32/F/F103/lis3mdl/Ada_Drivers_Library/embedded-runtimes/ravenscar-stm32f103bluepill/ssfp/adalib/libgnarl.a(s-bbthre.o)
                0x000000000800b908                system__bb__threads__get_cpu
 .text.system__bb__threads__get_atcb
                0x000000000800b95c       0x24 /media/16T/ada/STM32/F/F103/lis3mdl/Ada_Drivers_Library/embedded-runtimes/ravenscar-stm32f103bluepill/ssfp/adalib/libgnarl.a(s-bbthre.o)
                0x000000000800b95c                system__bb__threads__get_atcb
 .text.system__bb__threads__get_priority
                0x000000000800b980       0x28 /media/16T/ada/STM32/F/F103/lis3mdl/Ada_Drivers_Library/embedded-runtimes/ravenscar-stm32f103bluepill/ssfp/adalib/libgnarl.a(s-bbthre.o)
                0x000000000800b980                system__bb__threads__get_priority
 .text.system__bb__threads__initialize_thread
                0x000000000800b9a8      0x164 /media/16T/ada/STM32/F/F103/lis3mdl/Ada_Drivers_Library/embedded-runtimes/ravenscar-stm32f103bluepill/ssfp/adalib/libgnarl.a(s-bbthre.o)
 .text.system__bb__threads__initialize
                0x000000000800bb0c       0x88 /media/16T/ada/STM32/F/F103/lis3mdl/Ada_Drivers_Library/embedded-runtimes/ravenscar-stm32f103bluepill/ssfp/adalib/libgnarl.a(s-bbthre.o)
                0x000000000800bb0c                system__bb__threads__initialize
 .text.system__bb__threads__set_atcb
                0x000000000800bb94       0x2c /media/16T/ada/STM32/F/F103/lis3mdl/Ada_Drivers_Library/embedded-runtimes/ravenscar-stm32f103bluepill/ssfp/adalib/libgnarl.a(s-bbthre.o)
                0x000000000800bb94                system__bb__threads__set_atcb
 .text.system__bb__threads__set_priority
                0x000000000800bbc0       0x24 /media/16T/ada/STM32/F/F103/lis3mdl/Ada_Drivers_Library/embedded-runtimes/ravenscar-stm32f103bluepill/ssfp/adalib/libgnarl.a(s-bbthre.o)
                0x000000000800bbc0                system__bb__threads__set_priority
 .text.system__bb__threads__thread_create
                0x000000000800bbe4       0x50 /media/16T/ada/STM32/F/F103/lis3mdl/Ada_Drivers_Library/embedded-runtimes/ravenscar-stm32f103bluepill/ssfp/adalib/libgnarl.a(s-bbthre.o)
                0x000000000800bbe4                system__bb__threads__thread_create
 .text.system__bb__threads__thread_self
                0x000000000800bc34       0x10 /media/16T/ada/STM32/F/F103/lis3mdl/Ada_Drivers_Library/embedded-runtimes/ravenscar-stm32f103bluepill/ssfp/adalib/libgnarl.a(s-bbthre.o)
                0x000000000800bc34                system__bb__threads__thread_self
 .text.system__bb__time__alarm_handler
                0x000000000800bc44       0x90 /media/16T/ada/STM32/F/F103/lis3mdl/Ada_Drivers_Library/embedded-runtimes/ravenscar-stm32f103bluepill/ssfp/adalib/libgnarl.a(s-bbtime.o)
 .text.system__bb__time__clock
                0x000000000800bcd4       0xac /media/16T/ada/STM32/F/F103/lis3mdl/Ada_Drivers_Library/embedded-runtimes/ravenscar-stm32f103bluepill/ssfp/adalib/libgnarl.a(s-bbtime.o)
                0x000000000800bcd4                system__bb__time__clock
 .text.system__bb__time__delay_until
                0x000000000800bd80       0x90 /media/16T/ada/STM32/F/F103/lis3mdl/Ada_Drivers_Library/embedded-runtimes/ravenscar-stm32f103bluepill/ssfp/adalib/libgnarl.a(s-bbtime.o)
                0x000000000800bd80                system__bb__time__delay_until
 .text.system__bb__time__get_next_timeout
                0x000000000800be10       0x48 /media/16T/ada/STM32/F/F103/lis3mdl/Ada_Drivers_Library/embedded-runtimes/ravenscar-stm32f103bluepill/ssfp/adalib/libgnarl.a(s-bbtime.o)
                0x000000000800be10                system__bb__time__get_next_timeout
 .text.system__bb__time__initialize_timers
                0x000000000800be58       0x98 /media/16T/ada/STM32/F/F103/lis3mdl/Ada_Drivers_Library/embedded-runtimes/ravenscar-stm32f103bluepill/ssfp/adalib/libgnarl.a(s-bbtime.o)
                0x000000000800be58                system__bb__time__initialize_timers
 .text.system__bb__time__update_alarm
                0x000000000800bef0       0xb0 /media/16T/ada/STM32/F/F103/lis3mdl/Ada_Drivers_Library/embedded-runtimes/ravenscar-stm32f103bluepill/ssfp/adalib/libgnarl.a(s-bbtime.o)
                0x000000000800bef0                system__bb__time__update_alarm
 .text.system__bb__time__update_clock
                0x000000000800bfa0       0x88 /media/16T/ada/STM32/F/F103/lis3mdl/Ada_Drivers_Library/embedded-runtimes/ravenscar-stm32f103bluepill/ssfp/adalib/libgnarl.a(s-bbtime.o)
 .text.system__bb__time__Oconcat
                0x000000000800c028       0x54 /media/16T/ada/STM32/F/F103/lis3mdl/Ada_Drivers_Library/embedded-runtimes/ravenscar-stm32f103bluepill/ssfp/adalib/libgnarl.a(s-bbtime.o)
                0x000000000800c028                system__bb__time__Oconcat
 .text.system__bb__cpu_primitives__context_switch_trigger__initialize_context_switch
                0x000000000800c07c        0xc /media/16T/ada/STM32/F/F103/lis3mdl/Ada_Drivers_Library/embedded-runtimes/ravenscar-stm32f103bluepill/ssfp/adalib/libgnarl.a(s-bcpcst.o)
                0x000000000800c07c                system__bb__cpu_primitives__context_switch_trigger__initialize_context_switch
 .text.system__bb__cpu_primitives__context_switch_trigger__trigger_context_switch
                0x000000000800c088       0x18 /media/16T/ada/STM32/F/F103/lis3mdl/Ada_Drivers_Library/embedded-runtimes/ravenscar-stm32f103bluepill/ssfp/adalib/libgnarl.a(s-bcpcst.o)
                0x000000000800c088                system__bb__cpu_primitives__context_switch_trigger__trigger_context_switch
 .text.__gnat_pend_sv_trap
                0x000000000800c0a0       0x24 /media/16T/ada/STM32/F/F103/lis3mdl/Ada_Drivers_Library/embedded-runtimes/ravenscar-stm32f103bluepill/ssfp/adalib/libgnarl.a(s-bcpcst.o)
                0x000000000800c0a0                __gnat_pend_sv_trap
 .text.system__bb__protection__enter_kernel
                0x000000000800c0c4        0xc /media/16T/ada/STM32/F/F103/lis3mdl/Ada_Drivers_Library/embedded-runtimes/ravenscar-stm32f103bluepill/ssfp/adalib/libgnarl.a(s-bbprot.o)
                0x000000000800c0c4                system__bb__protection__enter_kernel
 .text.system__bb__protection__leave_kernel
                0x000000000800c0d0       0x54 /media/16T/ada/STM32/F/F103/lis3mdl/Ada_Drivers_Library/embedded-runtimes/ravenscar-stm32f103bluepill/ssfp/adalib/libgnarl.a(s-bbprot.o)
                0x000000000800c0d0                system__bb__protection__leave_kernel
 .text.system__bb__timing_events__execute_expired_timing_events
                0x000000000800c124       0xd0 /media/16T/ada/STM32/F/F103/lis3mdl/Ada_Drivers_Library/embedded-runtimes/ravenscar-stm32f103bluepill/ssfp/adalib/libgnarl.a(s-bbtiev.o)
                0x000000000800c124                system__bb__timing_events__execute_expired_timing_events
 .text.system__bb__timing_events__get_next_timeout
                0x000000000800c1f4       0x48 /media/16T/ada/STM32/F/F103/lis3mdl/Ada_Drivers_Library/embedded-runtimes/ravenscar-stm32f103bluepill/ssfp/adalib/libgnarl.a(s-bbtiev.o)
                0x000000000800c1f4                system__bb__timing_events__get_next_timeout
 .text.system__bb__timing_events__extract
                0x000000000800c23c       0xb8 /media/16T/ada/STM32/F/F103/lis3mdl/Ada_Drivers_Library/embedded-runtimes/ravenscar-stm32f103bluepill/ssfp/adalib/libgnarl.a(s-bbtiev.o)
 .text.ada__text_io__new_line
                0x000000000800c2f4       0x1c /media/16T/ada/STM32/F/F103/lis3mdl/Ada_Drivers_Library/embedded-runtimes/ravenscar-stm32f103bluepill/ssfp/adalib/libgnat.a(a-textio.o)
                0x000000000800c2f4                ada__text_io__new_line
 .text.ada__text_io__put
                0x000000000800c310       0x28 /media/16T/ada/STM32/F/F103/lis3mdl/Ada_Drivers_Library/embedded-runtimes/ravenscar-stm32f103bluepill/ssfp/adalib/libgnat.a(a-textio.o)
                0x000000000800c310                ada__text_io__put
 .text.ada__text_io__put__2
                0x000000000800c338       0x48 /media/16T/ada/STM32/F/F103/lis3mdl/Ada_Drivers_Library/embedded-runtimes/ravenscar-stm32f103bluepill/ssfp/adalib/libgnat.a(a-textio.o)
                0x000000000800c338                ada__text_io__put__2
 .text.ada__text_io__put_line
                0x000000000800c380       0x1c /media/16T/ada/STM32/F/F103/lis3mdl/Ada_Drivers_Library/embedded-runtimes/ravenscar-stm32f103bluepill/ssfp/adalib/libgnat.a(a-textio.o)
                0x000000000800c380                ada__text_io__put_line
 .text.ada__text_io___elabb
                0x000000000800c39c       0x1c /media/16T/ada/STM32/F/F103/lis3mdl/Ada_Drivers_Library/embedded-runtimes/ravenscar-stm32f103bluepill/ssfp/adalib/libgnat.a(a-textio.o)
                0x000000000800c39c                ada__text_io___elabb
 *fill*         0x000000000800c3b8       0x48 
 .text          0x000000000800c400      0x148 /media/16T/ada/STM32/F/F103/lis3mdl/Ada_Drivers_Library/embedded-runtimes/ravenscar-stm32f103bluepill/ssfp/adalib/libgnat.a(handler.o)
                0x000000000800c400                __vectors
 .text.system__assertions__raise_assert_failure
                0x000000000800c548      0x15c /media/16T/ada/STM32/F/F103/lis3mdl/Ada_Drivers_Library/embedded-runtimes/ravenscar-stm32f103bluepill/ssfp/adalib/libgnat.a(s-assert.o)
                0x000000000800c548                system__assertions__raise_assert_failure
 .text.system__img_enum_new__image_enumeration_8
                0x000000000800c6a4      0x140 /media/16T/ada/STM32/F/F103/lis3mdl/Ada_Drivers_Library/embedded-runtimes/ravenscar-stm32f103bluepill/ssfp/adalib/libgnat.a(s-imenne.o)
                0x000000000800c6a4                system__img_enum_new__image_enumeration_8
 .text.system__img_int__image_integer
                0x000000000800c7e4       0x64 /media/16T/ada/STM32/F/F103/lis3mdl/Ada_Drivers_Library/embedded-runtimes/ravenscar-stm32f103bluepill/ssfp/adalib/libgnat.a(s-imgint.o)
                0x000000000800c7e4                system__img_int__image_integer
 .text.system__img_int__set_digits
                0x000000000800c848       0xf4 /media/16T/ada/STM32/F/F103/lis3mdl/Ada_Drivers_Library/embedded-runtimes/ravenscar-stm32f103bluepill/ssfp/adalib/libgnat.a(s-imgint.o)
 .text.system__img_int__set_image_integer
                0x000000000800c93c       0x84 /media/16T/ada/STM32/F/F103/lis3mdl/Ada_Drivers_Library/embedded-runtimes/ravenscar-stm32f103bluepill/ssfp/adalib/libgnat.a(s-imgint.o)
                0x000000000800c93c                system__img_int__set_image_integer
 .text.system__img_uns__image_unsigned
                0x000000000800c9c0       0x58 /media/16T/ada/STM32/F/F103/lis3mdl/Ada_Drivers_Library/embedded-runtimes/ravenscar-stm32f103bluepill/ssfp/adalib/libgnat.a(s-imguns.o)
                0x000000000800c9c0                system__img_uns__image_unsigned
 .text.system__img_uns__set_image_unsigned
                0x000000000800ca18       0xe0 /media/16T/ada/STM32/F/F103/lis3mdl/Ada_Drivers_Library/embedded-runtimes/ravenscar-stm32f103bluepill/ssfp/adalib/libgnat.a(s-imguns.o)
                0x000000000800ca18                system__img_uns__set_image_unsigned
 .text.memcpy   0x000000000800caf8       0xb4 /media/16T/ada/STM32/F/F103/lis3mdl/Ada_Drivers_Library/embedded-runtimes/ravenscar-stm32f103bluepill/ssfp/adalib/libgnat.a(s-memcop.o)
                0x000000000800caf8                memcpy
 .text.memmove  0x000000000800cbac      0x164 /media/16T/ada/STM32/F/F103/lis3mdl/Ada_Drivers_Library/embedded-runtimes/ravenscar-stm32f103bluepill/ssfp/adalib/libgnat.a(s-memmov.o)
                0x000000000800cbac                memmove
 .text.memset   0x000000000800cd10       0x9c /media/16T/ada/STM32/F/F103/lis3mdl/Ada_Drivers_Library/embedded-runtimes/ravenscar-stm32f103bluepill/ssfp/adalib/libgnat.a(s-memset.o)
                0x000000000800cd10                memset
 .text.system__parameters__adjust_storage_size
                0x000000000800cdac       0x24 /media/16T/ada/STM32/F/F103/lis3mdl/Ada_Drivers_Library/embedded-runtimes/ravenscar-stm32f103bluepill/ssfp/adalib/libgnat.a(s-parame.o)
                0x000000000800cdac                system__parameters__adjust_storage_size
 .text.system__secondary_stack__ss_stackIP
                0x000000000800cdd0       0x18 /media/16T/ada/STM32/F/F103/lis3mdl/Ada_Drivers_Library/embedded-runtimes/ravenscar-stm32f103bluepill/ssfp/adalib/libgnat.a(s-secsta.o)
                0x000000000800cdd0                system__secondary_stack__ss_stackIP
 .text.system__secondary_stack__ss_init
                0x000000000800cde8      0x1a0 /media/16T/ada/STM32/F/F103/lis3mdl/Ada_Drivers_Library/embedded-runtimes/ravenscar-stm32f103bluepill/ssfp/adalib/libgnat.a(s-secsta.o)
                0x000000000800cde8                system__secondary_stack__ss_init
 .text.system__text_io__initialize
                0x000000000800cf88      0x2a0 /media/16T/ada/STM32/F/F103/lis3mdl/Ada_Drivers_Library/embedded-runtimes/ravenscar-stm32f103bluepill/ssfp/adalib/libgnat.a(s-textio.o)
                0x000000000800cf88                system__text_io__initialize
 .text.system__text_io__is_tx_ready
                0x000000000800d228       0x28 /media/16T/ada/STM32/F/F103/lis3mdl/Ada_Drivers_Library/embedded-runtimes/ravenscar-stm32f103bluepill/ssfp/adalib/libgnat.a(s-textio.o)
                0x000000000800d228                system__text_io__is_tx_ready
 .text.system__text_io__put
                0x000000000800d250       0x30 /media/16T/ada/STM32/F/F103/lis3mdl/Ada_Drivers_Library/embedded-runtimes/ravenscar-stm32f103bluepill/ssfp/adalib/libgnat.a(s-textio.o)
                0x000000000800d250                system__text_io__put
 .text.system__text_io__use_cr_lf_for_new_line
                0x000000000800d280       0x10 /media/16T/ada/STM32/F/F103/lis3mdl/Ada_Drivers_Library/embedded-runtimes/ravenscar-stm32f103bluepill/ssfp/adalib/libgnat.a(s-textio.o)
                0x000000000800d280                system__text_io__use_cr_lf_for_new_line
 .text          0x000000000800d290      0x148 /media/16T/ada/STM32/F/F103/lis3mdl/Ada_Drivers_Library/embedded-runtimes/ravenscar-stm32f103bluepill/ssfp/adalib/libgnat.a(start-rom.o)
                0x000000000800d290                _start_rom
 .text._exit    0x000000000800d3d8       0x20 /media/16T/ada/STM32/F/F103/lis3mdl/Ada_Drivers_Library/embedded-runtimes/ravenscar-stm32f103bluepill/ssfp/adalib/libgnat.a(s-macres.o)
                0x000000000800d3d8                _exit
 .text.system__stm32__system_clocks
                0x000000000800d3f8       0x3c /media/16T/ada/STM32/F/F103/lis3mdl/Ada_Drivers_Library/embedded-runtimes/ravenscar-stm32f103bluepill/ssfp/adalib/libgnat.a(s-stm32.o)
                0x000000000800d3f8                system__stm32__system_clocks
 .text.setup_pll__initialize_clocks.4163
                0x000000000800d434      0x1e0 /media/16T/ada/STM32/F/F103/lis3mdl/Ada_Drivers_Library/embedded-runtimes/ravenscar-stm32f103bluepill/ssfp/adalib/libgnat.a(setup_pll.o)
 .text._ada_setup_pll
                0x000000000800d614       0x38 /media/16T/ada/STM32/F/F103/lis3mdl/Ada_Drivers_Library/embedded-runtimes/ravenscar-stm32f103bluepill/ssfp/adalib/libgnat.a(setup_pll.o)
                0x000000000800d614                _ada_setup_pll
 .text.setup_pll__reset_clocks.4165
                0x000000000800d64c      0x170 /media/16T/ada/STM32/F/F103/lis3mdl/Ada_Drivers_Library/embedded-runtimes/ravenscar-stm32f103bluepill/ssfp/adalib/libgnat.a(setup_pll.o)
 .text.system__bb__mcu_parameters__pwr_initialize
                0x000000000800d7bc       0x1c /media/16T/ada/STM32/F/F103/lis3mdl/Ada_Drivers_Library/embedded-runtimes/ravenscar-stm32f103bluepill/ssfp/adalib/libgnat.a(s-bbmcpa.o)
                0x000000000800d7bc                system__bb__mcu_parameters__pwr_initialize
 .text          0x000000000800d7d8       0xa0 /media/16T/p4work/GNAT/2019-arm-elf/bin/../lib/gcc/arm-eabi/7.4.1/thumb/v7-m/libgcc.a(_aeabi_ldivmod.o)
                0x000000000800d7d8                __aeabi_ldivmod
 .text          0x000000000800d878      0x2dc /media/16T/p4work/GNAT/2019-arm-elf/bin/../lib/gcc/arm-eabi/7.4.1/thumb/v7-m/libgcc.a(_udivmoddi4.o)
                0x000000000800d878                __udivmoddi4
 .text          0x000000000800db54        0x4 /media/16T/p4work/GNAT/2019-arm-elf/bin/../lib/gcc/arm-eabi/7.4.1/thumb/v7-m/libgcc.a(_dvmd_tls.o)
                0x000000000800db54                __aeabi_ldiv0
                0x000000000800db54                __aeabi_idiv0
 *(.gnu.warning)

.glue_7         0x000000000800db58        0x0
 .glue_7        0x000000000800db58        0x0 linker stubs

.glue_7t        0x000000000800db58        0x0
 .glue_7t       0x000000000800db58        0x0 linker stubs

.vfp11_veneer   0x000000000800db58        0x0
 .vfp11_veneer  0x000000000800db58        0x0 linker stubs

.v4_bx          0x000000000800db58        0x0
 .v4_bx         0x000000000800db58        0x0 linker stubs

.iplt           0x000000000800db58        0x0
 .iplt          0x000000000800db58        0x0 lis3mdl_f103.o

.ARM.extab
 *(.ARM.extab* .gnu.linkonce.armextab.*)
                [!provide]                        PROVIDE (__exidx_start = .)

.ARM.exidx      0x000000000800db58        0x8
 *(.ARM.exidx* .gnu.linkonce.armexidx.*)
 .ARM.exidx     0x000000000800db58        0x8 /media/16T/p4work/GNAT/2019-arm-elf/bin/../lib/gcc/arm-eabi/7.4.1/thumb/v7-m/libgcc.a(_udivmoddi4.o)