graph: { title: "/media/16T/ada/STM32/L/L443/shutdown_l443/src/exti.adb"
node: { title: "_Unwind_Resume" label: "builtin_unwind_resume\n<built-in>" shape : ellipse }
node: { title: "ada__synchronous_task_control__suspension_objectVIP" label: "Suspension_Objectvip\n/media/16T/ada/STM32/L/L443/shutdown_l443/Ada_Drivers_Library/embedded-runtimes/base_runtimes/ravenscar-full/gnarl-common/a-sytaco.ads:77:4" shape : ellipse }
node: { title: "system__tasking__protected_objects__unlock" label: "Unlock\n/media/16T/ada/STM32/L/L443/shutdown_l443/Ada_Drivers_Library/embedded-runtimes/base_runtimes/ravenscar-full/gnarl-common/s-taprob.ads:198:14" shape : ellipse }
node: { title: "system__tasking__protected_objects__lock" label: "Lock\n/media/16T/ada/STM32/L/L443/shutdown_l443/Ada_Drivers_Library/embedded-runtimes/base_runtimes/ravenscar-full/gnarl-common/s-taprob.ads:184:14" shape : ellipse }
node: { title: "ada__synchronous_task_control__set_true" label: "Set_True\n/media/16T/ada/STM32/L/L443/shutdown_l443/Ada_Drivers_Library/embedded-runtimes/base_runtimes/ravenscar-full/gnarl-common/a-sytaco.ads:49:14" shape : ellipse }
node: { title: "stm32__exti__clear_external_interrupt" label: "CLEAR_EXTERNAL_INTERRUPT\n/media/16T/ada/STM32/L/L443/shutdown_l443/Ada_Drivers_Library/arch/ARM/STM32/driversL4x3/stm32-exti.ads:110:14" shape : ellipse }
node: { title: "stm32__exti__external_interrupt_pending" label: "EXTERNAL_INTERRUPT_PENDING\n/media/16T/ada/STM32/L/L443/shutdown_l443/Ada_Drivers_Library/arch/ARM/STM32/driversL4x3/stm32-exti.ads:106:13" shape : ellipse }
node: { title: "system__interrupts__install_restricted_handlers" label: "Install_Restricted_Handlers\n/media/16T/ada/STM32/L/L443/shutdown_l443/Ada_Drivers_Library/embedded-runtimes/base_runtimes/ravenscar-full/gnarl-common/s-interr.ads:88:14" shape : ellipse }
node: { title: "system__tasking__protected_objects__initialize_protection" label: "Initialize_Protection\n/media/16T/ada/STM32/L/L443/shutdown_l443/Ada_Drivers_Library/embedded-runtimes/base_runtimes/ravenscar-full/gnarl-common/s-taprob.ads:178:14" shape : ellipse }
node: { title: "exti___elabs" label: "Exti\n/media/16T/ada/STM32/L/L443/shutdown_l443/src/exti.ads:5:1\n8 bytes (static)" }
edge: { sourcename: "exti___elabs" targetname: "exti__handlerTVIP" label: "/media/16T/ada/STM32/L/L443/shutdown_l443/src/exti.ads:10:4" }
edge: { sourcename: "exti___elabs" targetname: "ada__synchronous_task_control__suspension_objectVIP" label: "/media/16T/ada/STM32/L/L443/shutdown_l443/src/exti.ads:8:4" }
edge: { sourcename: "exti___elabs" targetname: "ada__synchronous_task_control__suspension_objectVIP" label: "/media/16T/ada/STM32/L/L443/shutdown_l443/src/exti.ads:7:4" }
node: { title: "exti__handler__motion_handlerP" label: "Motion_Handlerp\n/media/16T/ada/STM32/L/L443/shutdown_l443/src/exti.adb:24:7\n32 bytes (static)" }
edge: { sourcename: "exti__handler__motion_handlerP" targetname: "_Unwind_Resume" }
edge: { sourcename: "exti__handler__motion_handlerP" targetname: "/media/16T/ada/STM32/L/L443/shutdown_l443/src/exti.adb:exti__handler__motion_handlerP___finalizer.6039" label: "/media/16T/ada/STM32/L/L443/shutdown_l443/src/exti.adb:24:0" }
edge: { sourcename: "exti__handler__motion_handlerP" targetname: "exti__handler__motion_handlerN" label: "/media/16T/ada/STM32/L/L443/shutdown_l443/src/exti.adb:24:7" }
edge: { sourcename: "exti__handler__motion_handlerP" targetname: "system__tasking__protected_objects__lock" label: "/media/16T/ada/STM32/L/L443/shutdown_l443/src/exti.adb:24:7" }
node: { title: "/media/16T/ada/STM32/L/L443/shutdown_l443/src/exti.adb:exti__handler__motion_handlerP___finalizer.6039" label: "Motion_Handlerp\n/media/16T/ada/STM32/L/L443/shutdown_l443/src/exti.adb:24:7\n16 bytes (static)" }
edge: { sourcename: "/media/16T/ada/STM32/L/L443/shutdown_l443/src/exti.adb:exti__handler__motion_handlerP___finalizer.6039" targetname: "system__tasking__protected_objects__unlock" label: "/media/16T/ada/STM32/L/L443/shutdown_l443/src/exti.adb:24:7" }
node: { title: "exti__handler__motion_handlerN" label: "Motion_Handlern\n/media/16T/ada/STM32/L/L443/shutdown_l443/src/exti.adb:24:7\n24 bytes (static)" }
edge: { sourcename: "exti__handler__motion_handlerN" targetname: "ada__synchronous_task_control__set_true" label: "/media/16T/ada/STM32/L/L443/shutdown_l443/src/exti.adb:28:16" }
edge: { sourcename: "exti__handler__motion_handlerN" targetname: "stm32__exti__clear_external_interrupt" label: "/media/16T/ada/STM32/L/L443/shutdown_l443/src/exti.adb:27:13" }
edge: { sourcename: "exti__handler__motion_handlerN" targetname: "stm32__exti__external_interrupt_pending" label: "/media/16T/ada/STM32/L/L443/shutdown_l443/src/exti.adb:26:13" }
node: { title: "exti__finalize_spec" label: "Finalize_Spec\n/media/16T/ada/STM32/L/L443/shutdown_l443/src/exti.ads:5:1\n4 bytes (static)" }
node: { title: "exti__handlerTVIP" label: "Handlertvip\n/media/16T/ada/STM32/L/L443/shutdown_l443/src/exti.ads:10:4\n40 bytes (static)" }
edge: { sourcename: "exti__handlerTVIP" targetname: "system__interrupts__install_restricted_handlers" label: "/media/16T/ada/STM32/L/L443/shutdown_l443/src/exti.ads:10:4" }
edge: { sourcename: "exti__handlerTVIP" targetname: "system__tasking__protected_objects__initialize_protection" label: "/media/16T/ada/STM32/L/L443/shutdown_l443/src/exti.ads:10:4" }
}
