Archive member included to satisfy reference by file (symbol)

c:/st/stm32cubeide_1.0.1/stm32cubeide/plugins/com.st.stm32cube.ide.mcu.externaltools.gnu-tools-for-stm32.10.3-2021.10.win32_1.0.200.202301161003/tools/bin/../lib/gcc/arm-none-eabi/10.3.1/../../../../arm-none-eabi/lib/thumb/v7e-m+fp/hard\libc_nano.a(lib_a-errno.o)
                              ./Application/User/syscalls.o (__errno)
c:/st/stm32cubeide_1.0.1/stm32cubeide/plugins/com.st.stm32cube.ide.mcu.externaltools.gnu-tools-for-stm32.10.3-2021.10.win32_1.0.200.202301161003/tools/bin/../lib/gcc/arm-none-eabi/10.3.1/../../../../arm-none-eabi/lib/thumb/v7e-m+fp/hard\libc_nano.a(lib_a-exit.o)
                              c:/st/stm32cubeide_1.0.1/stm32cubeide/plugins/com.st.stm32cube.ide.mcu.externaltools.gnu-tools-for-stm32.10.3-2021.10.win32_1.0.200.202301161003/tools/bin/../lib/gcc/arm-none-eabi/10.3.1/../../../../arm-none-eabi/lib/thumb/v7e-m+fp/hard/crt0.o (exit)
c:/st/stm32cubeide_1.0.1/stm32cubeide/plugins/com.st.stm32cube.ide.mcu.externaltools.gnu-tools-for-stm32.10.3-2021.10.win32_1.0.200.202301161003/tools/bin/../lib/gcc/arm-none-eabi/10.3.1/../../../../arm-none-eabi/lib/thumb/v7e-m+fp/hard\libc_nano.a(lib_a-impure.o)
                              c:/st/stm32cubeide_1.0.1/stm32cubeide/plugins/com.st.stm32cube.ide.mcu.externaltools.gnu-tools-for-stm32.10.3-2021.10.win32_1.0.200.202301161003/tools/bin/../lib/gcc/arm-none-eabi/10.3.1/../../../../arm-none-eabi/lib/thumb/v7e-m+fp/hard\libc_nano.a(lib_a-exit.o) (_global_impure_ptr)
c:/st/stm32cubeide_1.0.1/stm32cubeide/plugins/com.st.stm32cube.ide.mcu.externaltools.gnu-tools-for-stm32.10.3-2021.10.win32_1.0.200.202301161003/tools/bin/../lib/gcc/arm-none-eabi/10.3.1/../../../../arm-none-eabi/lib/thumb/v7e-m+fp/hard\libc_nano.a(lib_a-init.o)
                              c:/st/stm32cubeide_1.0.1/stm32cubeide/plugins/com.st.stm32cube.ide.mcu.externaltools.gnu-tools-for-stm32.10.3-2021.10.win32_1.0.200.202301161003/tools/bin/../lib/gcc/arm-none-eabi/10.3.1/../../../../arm-none-eabi/lib/thumb/v7e-m+fp/hard/crt0.o (__libc_init_array)
c:/st/stm32cubeide_1.0.1/stm32cubeide/plugins/com.st.stm32cube.ide.mcu.externaltools.gnu-tools-for-stm32.10.3-2021.10.win32_1.0.200.202301161003/tools/bin/../lib/gcc/arm-none-eabi/10.3.1/../../../../arm-none-eabi/lib/thumb/v7e-m+fp/hard\libc_nano.a(lib_a-memcpy-stub.o)
                              ./Drivers/BSP/Components/vl53l8cx_api.o (memcpy)
c:/st/stm32cubeide_1.0.1/stm32cubeide/plugins/com.st.stm32cube.ide.mcu.externaltools.gnu-tools-for-stm32.10.3-2021.10.win32_1.0.200.202301161003/tools/bin/../lib/gcc/arm-none-eabi/10.3.1/../../../../arm-none-eabi/lib/thumb/v7e-m+fp/hard\libc_nano.a(lib_a-memset.o)
                              c:/st/stm32cubeide_1.0.1/stm32cubeide/plugins/com.st.stm32cube.ide.mcu.externaltools.gnu-tools-for-stm32.10.3-2021.10.win32_1.0.200.202301161003/tools/bin/../lib/gcc/arm-none-eabi/10.3.1/../../../../arm-none-eabi/lib/thumb/v7e-m+fp/hard/crt0.o (memset)
c:/st/stm32cubeide_1.0.1/stm32cubeide/plugins/com.st.stm32cube.ide.mcu.externaltools.gnu-tools-for-stm32.10.3-2021.10.win32_1.0.200.202301161003/tools/bin/../lib/gcc/arm-none-eabi/10.3.1/../../../../arm-none-eabi/lib/thumb/v7e-m+fp/hard\libc_nano.a(lib_a-printf.o)
                              ./Application/User/app_tof.o (printf)
c:/st/stm32cubeide_1.0.1/stm32cubeide/plugins/com.st.stm32cube.ide.mcu.externaltools.gnu-tools-for-stm32.10.3-2021.10.win32_1.0.200.202301161003/tools/bin/../lib/gcc/arm-none-eabi/10.3.1/../../../../arm-none-eabi/lib/thumb/v7e-m+fp/hard\libc_nano.a(lib_a-putchar.o)
                              ./Application/User/app_tof.o (putchar)
c:/st/stm32cubeide_1.0.1/stm32cubeide/plugins/com.st.stm32cube.ide.mcu.externaltools.gnu-tools-for-stm32.10.3-2021.10.win32_1.0.200.202301161003/tools/bin/../lib/gcc/arm-none-eabi/10.3.1/../../../../arm-none-eabi/lib/thumb/v7e-m+fp/hard\libc_nano.a(lib_a-puts.o)
                              ./Application/User/app_tof.o (puts)
c:/st/stm32cubeide_1.0.1/stm32cubeide/plugins/com.st.stm32cube.ide.mcu.externaltools.gnu-tools-for-stm32.10.3-2021.10.win32_1.0.200.202301161003/tools/bin/../lib/gcc/arm-none-eabi/10.3.1/../../../../arm-none-eabi/lib/thumb/v7e-m+fp/hard\libc_nano.a(lib_a-wbuf.o)
                              c:/st/stm32cubeide_1.0.1/stm32cubeide/plugins/com.st.stm32cube.ide.mcu.externaltools.gnu-tools-for-stm32.10.3-2021.10.win32_1.0.200.202301161003/tools/bin/../lib/gcc/arm-none-eabi/10.3.1/../../../../arm-none-eabi/lib/thumb/v7e-m+fp/hard\libc_nano.a(lib_a-puts.o) (__swbuf_r)
c:/st/stm32cubeide_1.0.1/stm32cubeide/plugins/com.st.stm32cube.ide.mcu.externaltools.gnu-tools-for-stm32.10.3-2021.10.win32_1.0.200.202301161003/tools/bin/../lib/gcc/arm-none-eabi/10.3.1/../../../../arm-none-eabi/lib/thumb/v7e-m+fp/hard\libc_nano.a(lib_a-wsetup.o)
[...]
Memory Configuration

Name             Origin             Length             Attributes
RAM              0x0000000020000000 0x0000000000018000 xrw
FLASH            0x0000000008000000 0x0000000000080000 xr
*default*        0x0000000000000000 0xffffffffffffffff

Linker script and memory map

LOAD c:/st/stm32cubeide_1.0.1/stm32cubeide/plugins/com.st.stm32cube.ide.mcu.externaltools.gnu-tools-for-stm32.10.3-2021.10.win32_1.0.200.202301161003/tools/bin/../lib/gcc/arm-none-eabi/10.3.1/thumb/v7e-m+fp/hard/crti.o
LOAD c:/st/stm32cubeide_1.0.1/stm32cubeide/plugins/com.st.stm32cube.ide.mcu.externaltools.gnu-tools-for-stm32.10.3-2021.10.win32_1.0.200.202301161003/tools/bin/../lib/gcc/arm-none-eabi/10.3.1/thumb/v7e-m+fp/hard/crtbegin.o
LOAD c:/st/stm32cubeide_1.0.1/stm32cubeide/plugins/com.st.stm32cube.ide.mcu.externaltools.gnu-tools-for-stm32.10.3-2021.10.win32_1.0.200.202301161003/tools/bin/../lib/gcc/arm-none-eabi/10.3.1/../../../../arm-none-eabi/lib/thumb/v7e-m+fp/hard/crt0.o
LOAD ./Application/Startup/startup_stm32f401retx.o
LOAD ./Application/User/app_tof.o
LOAD ./Application/User/app_tof_pin_conf.o
LOAD ./Application/User/main.o
LOAD ./Application/User/stm32f4xx_hal_msp.o
LOAD ./Application/User/stm32f4xx_it.o
LOAD ./Application/User/stm32f4xx_nucleo.o
LOAD ./Application/User/stm32f4xx_nucleo_bus.o
LOAD ./Application/User/syscalls.o
LOAD ./Application/User/sysmem.o
LOAD ./Drivers/BSP/53L8A1/53l8a1_ranging_sensor.o
LOAD ./Drivers/BSP/Components/platform.o
LOAD ./Drivers/BSP/Components/vl53l8cx.o
LOAD ./Drivers/BSP/Components/vl53l8cx_api.o
LOAD ./Drivers/BSP/Components/vl53l8cx_plugin_detection_thresholds.o
LOAD ./Drivers/BSP/Components/vl53l8cx_plugin_motion_indicator.o
LOAD ./Drivers/BSP/Components/vl53l8cx_plugin_xtalk.o
LOAD ./Drivers/CMSIS/system_stm32f4xx.o
LOAD ./Drivers/STM32F4xx_HAL_Driver/stm32f4xx_hal.o
LOAD ./Drivers/STM32F4xx_HAL_Driver/stm32f4xx_hal_cortex.o
LOAD ./Drivers/STM32F4xx_HAL_Driver/stm32f4xx_hal_dma.o
LOAD ./Drivers/STM32F4xx_HAL_Driver/stm32f4xx_hal_dma_ex.o
LOAD ./Drivers/STM32F4xx_HAL_Driver/stm32f4xx_hal_exti.o
LOAD ./Drivers/STM32F4xx_HAL_Driver/stm32f4xx_hal_flash.o
LOAD ./Drivers/STM32F4xx_HAL_Driver/stm32f4xx_hal_flash_ex.o
LOAD ./Drivers/STM32F4xx_HAL_Driver/stm32f4xx_hal_flash_ramfunc.o
LOAD ./Drivers/STM32F4xx_HAL_Driver/stm32f4xx_hal_gpio.o
LOAD ./Drivers/STM32F4xx_HAL_Driver/stm32f4xx_hal_i2c.o
LOAD ./Drivers/STM32F4xx_HAL_Driver/stm32f4xx_hal_i2c_ex.o
LOAD ./Drivers/STM32F4xx_HAL_Driver/stm32f4xx_hal_pwr.o
LOAD ./Drivers/STM32F4xx_HAL_Driver/stm32f4xx_hal_pwr_ex.o
LOAD ./Drivers/STM32F4xx_HAL_Driver/stm32f4xx_hal_rcc.o
LOAD ./Drivers/STM32F4xx_HAL_Driver/stm32f4xx_hal_rcc_ex.o
LOAD ./Drivers/STM32F4xx_HAL_Driver/stm32f4xx_hal_rtc.o
LOAD ./Drivers/STM32F4xx_HAL_Driver/stm32f4xx_hal_rtc_ex.o
LOAD ./Drivers/STM32F4xx_HAL_Driver/stm32f4xx_hal_tim.o
LOAD ./Drivers/STM32F4xx_HAL_Driver/stm32f4xx_hal_tim_ex.o
LOAD ./Drivers/STM32F4xx_HAL_Driver/stm32f4xx_hal_uart.o
START GROUP
LOAD c:/st/stm32cubeide_1.0.1/stm32cubeide/plugins/com.st.stm32cube.ide.mcu.externaltools.gnu-tools-for-stm32.10.3-2021.10.win32_1.0.200.202301161003/tools/bin/../lib/gcc/arm-none-eabi/10.3.1/../../../../arm-none-eabi/lib/thumb/v7e-m+fp/hard\libc_nano.a
LOAD c:/st/stm32cubeide_1.0.1/stm32cubeide/plugins/com.st.stm32cube.ide.mcu.externaltools.gnu-tools-for-stm32.10.3-2021.10.win32_1.0.200.202301161003/tools/bin/../lib/gcc/arm-none-eabi/10.3.1/../../../../arm-none-eabi/lib/thumb/v7e-m+fp/hard\libm.a
END GROUP
START GROUP
LOAD c:/st/stm32cubeide_1.0.1/stm32cubeide/plugins/com.st.stm32cube.ide.mcu.externaltools.gnu-tools-for-stm32.10.3-2021.10.win32_1.0.200.202301161003/tools/bin/../lib/gcc/arm-none-eabi/10.3.1/thumb/v7e-m+fp/hard\libgcc.a
LOAD c:/st/stm32cubeide_1.0.1/stm32cubeide/plugins/com.st.stm32cube.ide.mcu.externaltools.gnu-tools-for-stm32.10.3-2021.10.win32_1.0.200.202301161003/tools/bin/../lib/gcc/arm-none-eabi/10.3.1/../../../../arm-none-eabi/lib/thumb/v7e-m+fp/hard\libc_nano.a
END GROUP
START GROUP
LOAD c:/st/stm32cubeide_1.0.1/stm32cubeide/plugins/com.st.stm32cube.ide.mcu.externaltools.gnu-tools-for-stm32.10.3-2021.10.win32_1.0.200.202301161003/tools/bin/../lib/gcc/arm-none-eabi/10.3.1/thumb/v7e-m+fp/hard\libgcc.a
LOAD c:/st/stm32cubeide_1.0.1/stm32cubeide/plugins/com.st.stm32cube.ide.mcu.externaltools.gnu-tools-for-stm32.10.3-2021.10.win32_1.0.200.202301161003/tools/bin/../lib/gcc/arm-none-eabi/10.3.1/../../../../arm-none-eabi/lib/thumb/v7e-m+fp/hard\libc_nano.a
LOAD c:/st/stm32cubeide_1.0.1/stm32cubeide/plugins/com.st.stm32cube.ide.mcu.externaltools.gnu-tools-for-stm32.10.3-2021.10.win32_1.0.200.202301161003/tools/bin/../lib/gcc/arm-none-eabi/10.3.1/../../../../arm-none-eabi/lib/thumb/v7e-m+fp/hard\libnosys.a
END GROUP
START GROUP
LOAD c:/st/stm32cubeide_1.0.1/stm32cubeide/plugins/com.st.stm32cube.ide.mcu.externaltools.gnu-tools-for-stm32.10.3-2021.10.win32_1.0.200.202301161003/tools/bin/../lib/gcc/arm-none-eabi/10.3.1/thumb/v7e-m+fp/hard\libgcc.a
LOAD c:/st/stm32cubeide_1.0.1/stm32cubeide/plugins/com.st.stm32cube.ide.mcu.externaltools.gnu-tools-for-stm32.10.3-2021.10.win32_1.0.200.202301161003/tools/bin/../lib/gcc/arm-none-eabi/10.3.1/../../../../arm-none-eabi/lib/thumb/v7e-m+fp/hard\libc_nano.a
LOAD c:/st/stm32cubeide_1.0.1/stm32cubeide/plugins/com.st.stm32cube.ide.mcu.externaltools.gnu-tools-for-stm32.10.3-2021.10.win32_1.0.200.202301161003/tools/bin/../lib/gcc/arm-none-eabi/10.3.1/../../../../arm-none-eabi/lib/thumb/v7e-m+fp/hard\libnosys.a
END GROUP
LOAD c:/st/stm32cubeide_1.0.1/stm32cubeide/plugins/com.st.stm32cube.ide.mcu.externaltools.gnu-tools-for-stm32.10.3-2021.10.win32_1.0.200.202301161003/tools/bin/../lib/gcc/arm-none-eabi/10.3.1/thumb/v7e-m+fp/hard/crtend.o
LOAD c:/st/stm32cubeide_1.0.1/stm32cubeide/plugins/com.st.stm32cube.ide.mcu.externaltools.gnu-tools-for-stm32.10.3-2021.10.win32_1.0.200.202301161003/tools/bin/../lib/gcc/arm-none-eabi/10.3.1/thumb/v7e-m+fp/hard/crtn.o
                0x0000000020018000                _estack = (ORIGIN (RAM) + LENGTH (RAM))
                0x0000000000000200                _Min_Heap_Size = 0x200
                0x0000000000000800                _Min_Stack_Size = 0x800

.isr_vector     0x0000000008000000      0x194
                0x0000000008000000                . = ALIGN (0x4)
 *(.isr_vector)
 .isr_vector    0x0000000008000000      0x194 ./Application/Startup/startup_stm32f401retx.o
                0x0000000008000000                g_pfnVectors
                0x0000000008000194                . = ALIGN (0x4)

.text           0x00000000080001a0     0x8ab8
                0x00000000080001a0                . = ALIGN (0x4)
 *(.text)
 .text          0x00000000080001a0       0x40 c:/st/stm32cubeide_1.0.1/stm32cubeide/plugins/com.st.stm32cube.ide.mcu.externaltools.gnu-tools-for-stm32.10.3-2021.10.win32_1.0.200.202301161003/tools/bin/../lib/gcc/arm-none-eabi/10.3.1/thumb/v7e-m+fp/hard/crtbegin.o
 .text          0x00000000080001e0       0xa0 c:/st/stm32cubeide_1.0.1/stm32cubeide/plugins/com.st.stm32cube.ide.mcu.externaltools.gnu-tools-for-stm32.10.3-2021.10.win32_1.0.200.202301161003/tools/bin/../lib/gcc/arm-none-eabi/10.3.1/../../../../arm-none-eabi/lib/thumb/v7e-m+fp/hard\libc_nano.a(lib_a-memchr.o)
                0x00000000080001e0                memchr
 .text          0x0000000008000280       0x30 c:/st/stm32cubeide_1.0.1/stm32cubeide/plugins/com.st.stm32cube.ide.mcu.externaltools.gnu-tools-for-stm32.10.3-2021.10.win32_1.0.200.202301161003/tools/bin/../lib/gcc/arm-none-eabi/10.3.1/thumb/v7e-m+fp/hard\libgcc.a(_aeabi_uldivmod.o)
                0x0000000008000280                __aeabi_uldivmod
 .text          0x00000000080002b0      0x2d0 c:/st/stm32cubeide_1.0.1/stm32cubeide/plugins/com.st.stm32cube.ide.mcu.externaltools.gnu-tools-for-stm32.10.3-2021.10.win32_1.0.200.202301161003/tools/bin/../lib/gcc/arm-none-eabi/10.3.1/thumb/v7e-m+fp/hard\libgcc.a(_udivmoddi4.o)
                0x00000000080002b0                __udivmoddi4
 .text          0x0000000008000580        0x4 c:/st/stm32cubeide_1.0.1/stm32cubeide/plugins/com.st.stm32cube.ide.mcu.externaltools.gnu-tools-for-stm32.10.3-2021.10.win32_1.0.200.202301161003/tools/bin/../lib/gcc/arm-none-eabi/10.3.1/thumb/v7e-m+fp/hard\libgcc.a(_dvmd_tls.o)
                0x0000000008000580                __aeabi_idiv0
                0x0000000008000580                __aeabi_ldiv0
 *(.text*)
 .text.Reset_Handler
                0x0000000008000584       0x50 ./Application/Startup/startup_stm32f401retx.o
                0x0000000008000584                Reset_Handler
 .text.Default_Handler
                0x00000000080005d4        0x2 ./Application/Startup/startup_stm32f401retx.o
                0x00000000080005d4                RTC_Alarm_IRQHandler
                0x00000000080005d4                EXTI2_IRQHandler
                0x00000000080005d4                SPI4_IRQHandler
                0x00000000080005d4                TIM1_CC_IRQHandler
                0x00000000080005d4                DMA2_Stream5_IRQHandler
                0x00000000080005d4                DMA1_Stream5_IRQHandler
                0x00000000080005d4                PVD_IRQHandler
                0x00000000080005d4                SDIO_IRQHandler
                0x00000000080005d4                TAMP_STAMP_IRQHandler
                0x00000000080005d4                EXTI3_IRQHandler
                0x00000000080005d4                TIM1_UP_TIM10_IRQHandler
                0x00000000080005d4                I2C3_ER_IRQHandler
                0x00000000080005d4                EXTI0_IRQHandler
                0x00000000080005d4                I2C2_EV_IRQHandler
                0x00000000080005d4                DMA1_Stream2_IRQHandler
                0x00000000080005d4                FPU_IRQHandler
                0x00000000080005d4                DMA2_Stream2_IRQHandler
                0x00000000080005d4                SPI1_IRQHandler
                0x00000000080005d4                TIM1_BRK_TIM9_IRQHandler
                0x00000000080005d4                DMA2_Stream3_IRQHandler
                0x00000000080005d4                USART6_IRQHandler
                0x00000000080005d4                DMA2_Stream0_IRQHandler
                0x00000000080005d4                TIM4_IRQHandler
                0x00000000080005d4                I2C1_EV_IRQHandler
                0x00000000080005d4                DMA1_Stream6_IRQHandler
                0x00000000080005d4                DMA1_Stream1_IRQHandler
                0x00000000080005d4                TIM3_IRQHandler
                0x00000000080005d4                RCC_IRQHandler
                0x00000000080005d4                Default_Handler
                0x00000000080005d4                ADC_IRQHandler
                0x00000000080005d4                DMA1_Stream7_IRQHandler
                0x00000000080005d4                TIM5_IRQHandler
                0x00000000080005d4                DMA2_Stream7_IRQHandler
                0x00000000080005d4                I2C3_EV_IRQHandler
                0x00000000080005d4                EXTI9_5_IRQHandler
                0x00000000080005d4                RTC_WKUP_IRQHandler
                0x00000000080005d4                SPI2_IRQHandler
                0x00000000080005d4                DMA1_Stream0_IRQHandler
                0x00000000080005d4                WWDG_IRQHandler
                0x00000000080005d4                TIM2_IRQHandler
                0x00000000080005d4                OTG_FS_WKUP_IRQHandler
                0x00000000080005d4                TIM1_TRG_COM_TIM11_IRQHandler
                0x00000000080005d4                EXTI1_IRQHandler
                0x00000000080005d4                USART2_IRQHandler
                0x00000000080005d4                I2C2_ER_IRQHandler
                0x00000000080005d4                DMA2_Stream1_IRQHandler
                0x00000000080005d4                FLASH_IRQHandler
                0x00000000080005d4                DMA2_Stream4_IRQHandler
                0x00000000080005d4                USART1_IRQHandler
                0x00000000080005d4                OTG_FS_IRQHandler
                0x00000000080005d4                SPI3_IRQHandler
                0x00000000080005d4                DMA1_Stream4_IRQHandler
                0x00000000080005d4                I2C1_ER_IRQHandler
                0x00000000080005d4                DMA2_Stream6_IRQHandler
                0x00000000080005d4                DMA1_Stream3_IRQHandler
 .text.MX_TOF_Init
                0x00000000080005d6        0xc ./Application/User/app_tof.o
                0x00000000080005d6                MX_TOF_Init
 .text.MX_TOF_Process
                0x00000000080005e2        0xc ./Application/User/app_tof.o
                0x00000000080005e2                MX_TOF_Process
 *fill*         0x00000000080005ee        0x2 
 .text.MX_53L8A1_SimpleRanging_Init
                0x00000000080005f0       0x44 ./Application/User/app_tof.o
 .text.MX_53L8A1_SimpleRanging_Process
                0x0000000008000634       0xac ./Application/User/app_tof.o
 .text.print_result
                0x00000000080006e0      0x2f4 ./Application/User/app_tof.o
 .text.toggle_resolution
                0x00000000080009d4       0x68 ./Application/User/app_tof.o
 .text.toggle_signal_and_ambient
                0x0000000008000a3c       0x4c ./Application/User/app_tof.o
 .text.clear_screen
                0x0000000008000a88       0x14 ./Application/User/app_tof.o
 .text.display_commands_banner
                0x0000000008000a9c       0x58 ./Application/User/app_tof.o
 .text.handle_cmd
                0x0000000008000af4       0x40 ./Application/User/app_tof.o
 .text.get_key  0x0000000008000b34       0x28 ./Application/User/app_tof.o
 .text.com_has_data
                0x0000000008000b5c       0x28 ./Application/User/app_tof.o
 .text.BSP_PB_Callback
                0x0000000008000b84       0x20 ./Application/User/app_tof.o
                0x0000000008000b84                BSP_PB_Callback
 .text.HAL_GPIO_EXTI_Callback
                0x0000000008000ba4       0x28 ./Application/User/app_tof_pin_conf.o
                0x0000000008000ba4                HAL_GPIO_EXTI_Callback
 .text.main     0x0000000008000bcc       0x1e ./Application/User/main.o
                0x0000000008000bcc                main
 *fill*         0x0000000008000bea        0x2 
 .text.SystemClock_Config
                0x0000000008000bec       0xdc ./Application/User/main.o
                0x0000000008000bec                SystemClock_Config
 .text.MX_RTC_Init
                0x0000000008000cc8       0xb4 ./Application/User/main.o
 .text.MX_GPIO_Init
                0x0000000008000d7c      0x134 ./Application/User/main.o
 .text.Error_Handler
                0x0000000008000eb0        0xa ./Application/User/main.o
                0x0000000008000eb0                Error_Handler
 *fill*         0x0000000008000eba        0x2 
 .text.HAL_MspInit
                0x0000000008000ebc       0x50 ./Application/User/stm32f4xx_hal_msp.o
                0x0000000008000ebc                HAL_MspInit
 .text.HAL_RTC_MspInit
                0x0000000008000f0c       0x58 ./Application/User/stm32f4xx_hal_msp.o
                0x0000000008000f0c                HAL_RTC_MspInit
 .text.NMI_Handler
                0x0000000008000f64        0x6 ./Application/User/stm32f4xx_it.o
                0x0000000008000f64                NMI_Handler
 .text.HardFault_Handler
                0x0000000008000f6a        0x6 ./Application/User/stm32f4xx_it.o
                0x0000000008000f6a                HardFault_Handler
 .text.MemManage_Handler
                0x0000000008000f70        0x6 ./Application/User/stm32f4xx_it.o
                0x0000000008000f70                MemManage_Handler
 .text.BusFault_Handler
                0x0000000008000f76        0x6 ./Application/User/stm32f4xx_it.o
                0x0000000008000f76                BusFault_Handler
 .text.UsageFault_Handler
                0x0000000008000f7c        0x6 ./Application/User/stm32f4xx_it.o
                0x0000000008000f7c                UsageFault_Handler
 .text.SVC_Handler
                0x0000000008000f82        0xe ./Application/User/stm32f4xx_it.o
                0x0000000008000f82                SVC_Handler
 .text.DebugMon_Handler
                0x0000000008000f90        0xe ./Application/User/stm32f4xx_it.o
                0x0000000008000f90                DebugMon_Handler
 .text.PendSV_Handler
                0x0000000008000f9e        0xe ./Application/User/stm32f4xx_it.o
                0x0000000008000f9e                PendSV_Handler
 .text.SysTick_Handler
                0x0000000008000fac        0xc ./Application/User/stm32f4xx_it.o
                0x0000000008000fac                SysTick_Handler
 .text.EXTI4_IRQHandler
                0x0000000008000fb8        0xe ./Application/User/stm32f4xx_it.o
                0x0000000008000fb8                EXTI4_IRQHandler
 *fill*         0x0000000008000fc6        0x2 
 .text.EXTI15_10_IRQHandler
                0x0000000008000fc8       0x14 ./Application/User/stm32f4xx_it.o
                0x0000000008000fc8                EXTI15_10_IRQHandler
 .text.BSP_PB_Init
                0x0000000008000fdc       0xa8 ./Application/User/stm32f4xx_nucleo.o
                0x0000000008000fdc                BSP_PB_Init
 .text.BUTTON_USER_EXTI_Callback
                0x0000000008001084        0xe ./Application/User/stm32f4xx_nucleo.o
 *fill*         0x0000000008001092        0x2 
 .text.BUTTON_USER_GPIO_Init
                0x0000000008001094       0x7c ./Application/User/stm32f4xx_nucleo.o
 .text.BSP_COM_Init
                0x0000000008001110       0x7c ./Application/User/stm32f4xx_nucleo.o
                0x0000000008001110                BSP_COM_Init
 .text.MX_USART2_UART_Init
                0x000000000800118c       0x5c ./Application/User/stm32f4xx_nucleo.o
                0x000000000800118c                MX_USART2_UART_Init
 .text.__io_putchar
                0x00000000080011e8       0x38 ./Application/User/stm32f4xx_nucleo.o
                0x00000000080011e8                __io_putchar
 .text.USART2_MspInit
                0x0000000008001220       0x90 ./Application/User/stm32f4xx_nucleo.o
 .text.BSP_I2C1_Init
                0x00000000080012b0       0x64 ./Application/User/stm32f4xx_nucleo_bus.o
                0x00000000080012b0                BSP_I2C1_Init
 .text.BSP_I2C1_DeInit
                0x0000000008001314       0x50 ./Application/User/stm32f4xx_nucleo_bus.o
                0x0000000008001314                BSP_I2C1_DeInit
 .text.BSP_I2C1_WriteReg16
                0x0000000008001364       0x64 ./Application/User/stm32f4xx_nucleo_bus.o
                0x0000000008001364                BSP_I2C1_WriteReg16
 .text.BSP_I2C1_ReadReg16
                0x00000000080013c8       0x64 ./Application/User/stm32f4xx_nucleo_bus.o
                0x00000000080013c8                BSP_I2C1_ReadReg16
 .text.BSP_GetTick
                0x000000000800142c        0xe ./Application/User/stm32f4xx_nucleo_bus.o
                0x000000000800142c                BSP_GetTick
 *fill*         0x000000000800143a        0x2 
 .text.MX_I2C1_Init
                0x000000000800143c       0x68 ./Application/User/stm32f4xx_nucleo_bus.o
                0x000000000800143c                MX_I2C1_Init
 .text.I2C1_MspInit
                0x00000000080014a4       0x94 ./Application/User/stm32f4xx_nucleo_bus.o
 .text.I2C1_MspDeInit
                0x0000000008001538       0x38 ./Application/User/stm32f4xx_nucleo_bus.o
 .text._read    0x0000000008001570       0x3a ./Application/User/syscalls.o
                0x0000000008001570                _read
 .text._write   0x00000000080015aa       0x38 ./Application/User/syscalls.o
                0x00000000080015aa                _write
 .text._close   0x00000000080015e2       0x18 ./Application/User/syscalls.o
                0x00000000080015e2                _close
 .text._fstat   0x00000000080015fa       0x20 ./Application/User/syscalls.o
                0x00000000080015fa                _fstat
 .text._isatty  0x000000000800161a       0x16 ./Application/User/syscalls.o
                0x000000000800161a                _isatty
 .text._lseek   0x0000000008001630       0x1a ./Application/User/syscalls.o
                0x0000000008001630                _lseek
 *fill*         0x000000000800164a        0x2 
 .text._sbrk    0x000000000800164c       0x6c ./Application/User/sysmem.o
                0x000000000800164c                _sbrk
 .text.VL53L8A1_RANGING_SENSOR_Init
                0x00000000080016b8       0x28 ./Drivers/BSP/53L8A1/53l8a1_ranging_sensor.o
                0x00000000080016b8                VL53L8A1_RANGING_SENSOR_Init
 .text.VL53L8A1_RANGING_SENSOR_ReadID
                0x00000000080016e0       0x50 ./Drivers/BSP/53L8A1/53l8a1_ranging_sensor.o
                0x00000000080016e0                VL53L8A1_RANGING_SENSOR_ReadID
 .text.VL53L8A1_RANGING_SENSOR_GetCapabilities
                0x0000000008001730       0x50 ./Drivers/BSP/53L8A1/53l8a1_ranging_sensor.o
                0x0000000008001730                VL53L8A1_RANGING_SENSOR_GetCapabilities
 .text.VL53L8A1_RANGING_SENSOR_ConfigProfile
                0x0000000008001780       0x50 ./Drivers/BSP/53L8A1/53l8a1_ranging_sensor.o
                0x0000000008001780                VL53L8A1_RANGING_SENSOR_ConfigProfile
 .text.VL53L8A1_RANGING_SENSOR_GetDistance
                0x00000000080017d0       0x50 ./Drivers/BSP/53L8A1/53l8a1_ranging_sensor.o
                0x00000000080017d0                VL53L8A1_RANGING_SENSOR_GetDistance
 .text.VL53L8A1_RANGING_SENSOR_Start
                0x0000000008001820       0x50 ./Drivers/BSP/53L8A1/53l8a1_ranging_sensor.o
                0x0000000008001820                VL53L8A1_RANGING_SENSOR_Start
 .text.VL53L8A1_RANGING_SENSOR_Stop
                0x0000000008001870       0x4c ./Drivers/BSP/53L8A1/53l8a1_ranging_sensor.o
                0x0000000008001870                VL53L8A1_RANGING_SENSOR_Stop
 .text.VL53L8CX_Probe
                0x00000000080018bc      0x118 ./Drivers/BSP/53L8A1/53l8a1_ranging_sensor.o
 .text.RdByte   0x00000000080019d4       0x2a ./Drivers/BSP/Components/platform.o
                0x00000000080019d4                RdByte
 .text.WrByte   0x00000000080019fe       0x2c ./Drivers/BSP/Components/platform.o
                0x00000000080019fe                WrByte
 .text.WrMulti  0x0000000008001a2a       0x2e ./Drivers/BSP/Components/platform.o
                0x0000000008001a2a                WrMulti
 .text.RdMulti  0x0000000008001a58       0x2e ./Drivers/BSP/Components/platform.o
                0x0000000008001a58                RdMulti
 .text.SwapBuffer
                0x0000000008001a86       0x6c ./Drivers/BSP/Components/platform.o
                0x0000000008001a86                SwapBuffer
 .text.WaitMs   0x0000000008001af2       0x34 ./Drivers/BSP/Components/platform.o
                0x0000000008001af2                WaitMs
 .text.VL53L8CX_RegisterBusIO
                0x0000000008001b26       0x90 ./Drivers/BSP/Components/vl53l8cx.o
                0x0000000008001b26                VL53L8CX_RegisterBusIO
 .text.VL53L8CX_Init
                0x0000000008001bb6       0x7e ./Drivers/BSP/Components/vl53l8cx.o
                0x0000000008001bb6                VL53L8CX_Init
 .text.VL53L8CX_DeInit
                0x0000000008001c34       0x52 ./Drivers/BSP/Components/vl53l8cx.o
                0x0000000008001c34                VL53L8CX_DeInit
 .text.VL53L8CX_ReadID
                0x0000000008001c86       0xc0 ./Drivers/BSP/Components/vl53l8cx.o
                0x0000000008001c86                VL53L8CX_ReadID
 .text.VL53L8CX_GetCapabilities
                0x0000000008001d46       0x48 ./Drivers/BSP/Components/vl53l8cx.o
                0x0000000008001d46                VL53L8CX_GetCapabilities
 *fill*         0x0000000008001d8e        0x2 
 .text.VL53L8CX_ConfigProfile
                0x0000000008001d90      0x13c ./Drivers/BSP/Components/vl53l8cx.o
                0x0000000008001d90                VL53L8CX_ConfigProfile
 .text.VL53L8CX_ConfigROI
                0x0000000008001ecc       0x1a ./Drivers/BSP/Components/vl53l8cx.o
                0x0000000008001ecc                VL53L8CX_ConfigROI
 *fill*         0x0000000008001ee6        0x2 
 .text.VL53L8CX_ConfigIT
                0x0000000008001ee8      0x170 ./Drivers/BSP/Components/vl53l8cx.o
                0x0000000008001ee8                VL53L8CX_ConfigIT
 .text.VL53L8CX_GetDistance
                0x0000000008002058       0x6c ./Drivers/BSP/Components/vl53l8cx.o
                0x0000000008002058                VL53L8CX_GetDistance
 .text.VL53L8CX_Start
                0x00000000080020c4       0xbc ./Drivers/BSP/Components/vl53l8cx.o
                0x00000000080020c4                VL53L8CX_Start
 .text.VL53L8CX_Stop
                0x0000000008002180       0x56 ./Drivers/BSP/Components/vl53l8cx.o
                0x0000000008002180                VL53L8CX_Stop
 .text.VL53L8CX_SetAddress
                0x00000000080021d6       0x50 ./Drivers/BSP/Components/vl53l8cx.o
                0x00000000080021d6                VL53L8CX_SetAddress
 .text.VL53L8CX_GetAddress
                0x0000000008002226       0x3a ./Drivers/BSP/Components/vl53l8cx.o
                0x0000000008002226                VL53L8CX_GetAddress
 .text.VL53L8CX_SetPowerMode
                0x0000000008002260       0x58 ./Drivers/BSP/Components/vl53l8cx.o
                0x0000000008002260                VL53L8CX_SetPowerMode
 .text.VL53L8CX_GetPowerMode
                0x00000000080022b8       0x58 ./Drivers/BSP/Components/vl53l8cx.o
                0x00000000080022b8                VL53L8CX_GetPowerMode
 .text.vl53l8cx_poll_for_measurement
                0x0000000008002310       0x66 ./Drivers/BSP/Components/vl53l8cx.o
 *fill*         0x0000000008002376        0x2 
 .text.vl53l8cx_get_result
                0x0000000008002378      0x1cc ./Drivers/BSP/Components/vl53l8cx.o
 .text.vl53l8cx_map_target_status
                0x0000000008002544       0x3a ./Drivers/BSP/Components/vl53l8cx.o
 .text._vl53l8cx_poll_for_answer
                0x000000000800257e       0xa0 ./Drivers/BSP/Components/vl53l8cx_api.o
 .text._vl53l8cx_poll_for_mcu_boot
                0x000000000800261e       0x86 ./Drivers/BSP/Components/vl53l8cx_api.o
 .text._vl53l8cx_send_offset_data
                0x00000000080026a4      0x398 ./Drivers/BSP/Components/vl53l8cx_api.o
 .text._vl53l8cx_send_xtalk_data
                0x0000000008002a3c      0x298 ./Drivers/BSP/Components/vl53l8cx_api.o
 .text.vl53l8cx_init
                0x0000000008002cd4      0x850 ./Drivers/BSP/Components/vl53l8cx_api.o
                0x0000000008002cd4                vl53l8cx_init
 .text.vl53l8cx_set_i2c_address
                0x0000000008003524       0x6c ./Drivers/BSP/Components/vl53l8cx_api.o
                0x0000000008003524                vl53l8cx_set_i2c_address
 .text.vl53l8cx_get_power_mode
                0x0000000008003590       0x86 ./Drivers/BSP/Components/vl53l8cx_api.o
                0x0000000008003590                vl53l8cx_get_power_mode
 .text.vl53l8cx_set_power_mode
                0x0000000008003616       0xfc ./Drivers/BSP/Components/vl53l8cx_api.o
                0x0000000008003616                vl53l8cx_set_power_mode
 *fill*         0x0000000008003712        0x2 
 .text.vl53l8cx_start_ranging
                0x0000000008003714      0x320 ./Drivers/BSP/Components/vl53l8cx_api.o
                0x0000000008003714                vl53l8cx_start_ranging
 .text.vl53l8cx_stop_ranging
                0x0000000008003a34      0x196 ./Drivers/BSP/Components/vl53l8cx_api.o
                0x0000000008003a34                vl53l8cx_stop_ranging
 .text.vl53l8cx_check_data_ready
                0x0000000008003bca       0xa0 ./Drivers/BSP/Components/vl53l8cx_api.o
                0x0000000008003bca                vl53l8cx_check_data_ready
 *fill*         0x0000000008003c6a        0x2 
 .text.vl53l8cx_get_ranging_data
                0x0000000008003c6c      0x388 ./Drivers/BSP/Components/vl53l8cx_api.o
                0x0000000008003c6c                vl53l8cx_get_ranging_data
 .text.vl53l8cx_get_resolution
                0x0000000008003ff4       0x4a ./Drivers/BSP/Components/vl53l8cx_api.o
                0x0000000008003ff4                vl53l8cx_get_resolution
 .text.vl53l8cx_set_resolution
                0x000000000800403e      0x1a8 ./Drivers/BSP/Components/vl53l8cx_api.o
                0x000000000800403e                vl53l8cx_set_resolution
 .text.vl53l8cx_set_ranging_frequency_hz
                0x00000000080041e6       0x42 ./Drivers/BSP/Components/vl53l8cx_api.o
                0x00000000080041e6                vl53l8cx_set_ranging_frequency_hz
 .text.vl53l8cx_set_integration_time_ms
                0x0000000008004228       0x6a ./Drivers/BSP/Components/vl53l8cx_api.o
                0x0000000008004228                vl53l8cx_set_integration_time_ms
 .text.vl53l8cx_set_ranging_mode
                0x0000000008004292       0xae ./Drivers/BSP/Components/vl53l8cx_api.o
                0x0000000008004292                vl53l8cx_set_ranging_mode
 .text.vl53l8cx_dci_read_data
                0x0000000008004340      0x114 ./Drivers/BSP/Components/vl53l8cx_api.o
                0x0000000008004340                vl53l8cx_dci_read_data
 .text.vl53l8cx_dci_write_data
                0x0000000008004454      0x13c ./Drivers/BSP/Components/vl53l8cx_api.o
                0x0000000008004454                vl53l8cx_dci_write_data
 .text.vl53l8cx_dci_replace_data
                0x0000000008004590       0x58 ./Drivers/BSP/Components/vl53l8cx_api.o
                0x0000000008004590                vl53l8cx_dci_replace_data
 .text.vl53l8cx_set_detection_thresholds_enable
                0x00000000080045e8       0x8c ./Drivers/BSP/Components/vl53l8cx_plugin_detection_thresholds.o
                0x00000000080045e8                vl53l8cx_set_detection_thresholds_enable
 .text.vl53l8cx_set_detection_thresholds
                0x0000000008004674      0x2b0 ./Drivers/BSP/Components/vl53l8cx_plugin_detection_thresholds.o
                0x0000000008004674                vl53l8cx_set_detection_thresholds
 .text.SystemInit
                0x0000000008004924       0x24 ./Drivers/CMSIS/system_stm32f4xx.o
                0x0000000008004924                SystemInit
 .text.HAL_Init
                0x0000000008004948       0x44 ./Drivers/STM32F4xx_HAL_Driver/stm32f4xx_hal.o
                0x0000000008004948                HAL_Init
 .text.HAL_InitTick
                0x000000000800498c       0x60 ./Drivers/STM32F4xx_HAL_Driver/stm32f4xx_hal.o
                0x000000000800498c                HAL_InitTick
 .text.HAL_IncTick
                0x00000000080049ec       0x28 ./Drivers/STM32F4xx_HAL_Driver/stm32f4xx_hal.o
                0x00000000080049ec                HAL_IncTick
 .text.HAL_GetTick
                0x0000000008004a14       0x18 ./Drivers/STM32F4xx_HAL_Driver/stm32f4xx_hal.o
                0x0000000008004a14                HAL_GetTick
 .text.HAL_Delay
                0x0000000008004a2c       0x48 ./Drivers/STM32F4xx_HAL_Driver/stm32f4xx_hal.o
                0x0000000008004a2c                HAL_Delay
 .text.__NVIC_SetPriorityGrouping
                0x0000000008004a74       0x48 ./Drivers/STM32F4xx_HAL_Driver/stm32f4xx_hal_cortex.o
 .text.__NVIC_GetPriorityGrouping
                0x0000000008004abc       0x1c ./Drivers/STM32F4xx_HAL_Driver/stm32f4xx_hal_cortex.o
 .text.__NVIC_EnableIRQ
                0x0000000008004ad8       0x3c ./Drivers/STM32F4xx_HAL_Driver/stm32f4xx_hal_cortex.o
 .text.__NVIC_SetPriority
                0x0000000008004b14       0x54 ./Drivers/STM32F4xx_HAL_Driver/stm32f4xx_hal_cortex.o
 .text.NVIC_EncodePriority
                0x0000000008004b68       0x66 ./Drivers/STM32F4xx_HAL_Driver/stm32f4xx_hal_cortex.o
 *fill*         0x0000000008004bce        0x2 
 .text.SysTick_Config
                0x0000000008004bd0       0x44 ./Drivers/STM32F4xx_HAL_Driver/stm32f4xx_hal_cortex.o
 .text.HAL_NVIC_SetPriorityGrouping
                0x0000000008004c14       0x16 ./Drivers/STM32F4xx_HAL_Driver/stm32f4xx_hal_cortex.o
                0x0000000008004c14                HAL_NVIC_SetPriorityGrouping
 .text.HAL_NVIC_SetPriority
                0x0000000008004c2a       0x38 ./Drivers/STM32F4xx_HAL_Driver/stm32f4xx_hal_cortex.o
                0x0000000008004c2a                HAL_NVIC_SetPriority
 .text.HAL_NVIC_EnableIRQ
                0x0000000008004c62       0x1c ./Drivers/STM32F4xx_HAL_Driver/stm32f4xx_hal_cortex.o
                0x0000000008004c62                HAL_NVIC_EnableIRQ
 .text.HAL_SYSTICK_Config
                0x0000000008004c7e       0x18 ./Drivers/STM32F4xx_HAL_Driver/stm32f4xx_hal_cortex.o
                0x0000000008004c7e                HAL_SYSTICK_Config
 .text.HAL_EXTI_RegisterCallback
                0x0000000008004c96       0x34 ./Drivers/STM32F4xx_HAL_Driver/stm32f4xx_hal_exti.o
                0x0000000008004c96                HAL_EXTI_RegisterCallback
 .text.HAL_EXTI_GetHandle
                0x0000000008004cca       0x28 ./Drivers/STM32F4xx_HAL_Driver/stm32f4xx_hal_exti.o
                0x0000000008004cca                HAL_EXTI_GetHandle
 *fill*         0x0000000008004cf2        0x2 
 .text.HAL_EXTI_IRQHandler
                0x0000000008004cf4       0x48 ./Drivers/STM32F4xx_HAL_Driver/stm32f4xx_hal_exti.o
                0x0000000008004cf4                HAL_EXTI_IRQHandler
 .text.HAL_GPIO_Init
                0x0000000008004d3c      0x308 ./Drivers/STM32F4xx_HAL_Driver/stm32f4xx_hal_gpio.o
                0x0000000008004d3c                HAL_GPIO_Init
 .text.HAL_GPIO_DeInit
                0x0000000008005044      0x1c8 ./Drivers/STM32F4xx_HAL_Driver/stm32f4xx_hal_gpio.o
                0x0000000008005044                HAL_GPIO_DeInit
 .text.HAL_GPIO_WritePin
                0x000000000800520c       0x32 ./Drivers/STM32F4xx_HAL_Driver/stm32f4xx_hal_gpio.o
                0x000000000800520c                HAL_GPIO_WritePin
 *fill*         0x000000000800523e        0x2 
 .text.HAL_GPIO_EXTI_IRQHandler
                0x0000000008005240       0x30 ./Drivers/STM32F4xx_HAL_Driver/stm32f4xx_hal_gpio.o
                0x0000000008005240                HAL_GPIO_EXTI_IRQHandler
 .text.HAL_I2C_Init
                0x0000000008005270      0x288 ./Drivers/STM32F4xx_HAL_Driver/stm32f4xx_hal_i2c.o
                0x0000000008005270                HAL_I2C_Init
 .text.HAL_I2C_DeInit
                0x00000000080054f8       0x5e ./Drivers/STM32F4xx_HAL_Driver/stm32f4xx_hal_i2c.o
                0x00000000080054f8                HAL_I2C_DeInit
 .text.HAL_I2C_MspInit
                0x0000000008005556       0x14 ./Drivers/STM32F4xx_HAL_Driver/stm32f4xx_hal_i2c.o
                0x0000000008005556                HAL_I2C_MspInit
 .text.HAL_I2C_MspDeInit
                0x000000000800556a       0x14 ./Drivers/STM32F4xx_HAL_Driver/stm32f4xx_hal_i2c.o
                0x000000000800556a                HAL_I2C_MspDeInit
 *fill*         0x000000000800557e        0x2 
 .text.HAL_I2C_Mem_Write
                0x0000000008005580      0x1f4 ./Drivers/STM32F4xx_HAL_Driver/stm32f4xx_hal_i2c.o
                0x0000000008005580                HAL_I2C_Mem_Write
 .text.HAL_I2C_Mem_Read
                0x0000000008005774      0x44c ./Drivers/STM32F4xx_HAL_Driver/stm32f4xx_hal_i2c.o
                0x0000000008005774                HAL_I2C_Mem_Read
 .text.HAL_I2C_GetState
                0x0000000008005bc0       0x1c ./Drivers/STM32F4xx_HAL_Driver/stm32f4xx_hal_i2c.o
                0x0000000008005bc0                HAL_I2C_GetState
 .text.HAL_I2C_GetError
                0x0000000008005bdc       0x18 ./Drivers/STM32F4xx_HAL_Driver/stm32f4xx_hal_i2c.o
                0x0000000008005bdc                HAL_I2C_GetError
 .text.I2C_RequestMemoryWrite
                0x0000000008005bf4      0x12c ./Drivers/STM32F4xx_HAL_Driver/stm32f4xx_hal_i2c.o
 .text.I2C_RequestMemoryRead
                0x0000000008005d20      0x1d0 ./Drivers/STM32F4xx_HAL_Driver/stm32f4xx_hal_i2c.o
 .text.I2C_WaitOnFlagUntilTimeout
                0x0000000008005ef0       0xae ./Drivers/STM32F4xx_HAL_Driver/stm32f4xx_hal_i2c.o
 .text.I2C_WaitOnMasterAddressFlagUntilTimeout
                0x0000000008005f9e       0xfe ./Drivers/STM32F4xx_HAL_Driver/stm32f4xx_hal_i2c.o
 .text.I2C_WaitOnTXEFlagUntilTimeout
                0x000000000800609c       0x82 ./Drivers/STM32F4xx_HAL_Driver/stm32f4xx_hal_i2c.o
 .text.I2C_WaitOnBTFFlagUntilTimeout
                0x000000000800611e       0x82 ./Drivers/STM32F4xx_HAL_Driver/stm32f4xx_hal_i2c.o
 .text.I2C_WaitOnRXNEFlagUntilTimeout
                0x00000000080061a0       0xac ./Drivers/STM32F4xx_HAL_Driver/stm32f4xx_hal_i2c.o
 .text.I2C_IsAcknowledgeFailed
                0x000000000800624c       0x5e ./Drivers/STM32F4xx_HAL_Driver/stm32f4xx_hal_i2c.o
 *fill*         0x00000000080062aa        0x2 
 .text.HAL_RCC_OscConfig
                0x00000000080062ac      0x4f0 ./Drivers/STM32F4xx_HAL_Driver/stm32f4xx_hal_rcc.o
                0x00000000080062ac                HAL_RCC_OscConfig
 .text.HAL_RCC_ClockConfig
                0x000000000800679c      0x1cc ./Drivers/STM32F4xx_HAL_Driver/stm32f4xx_hal_rcc.o
                0x000000000800679c                HAL_RCC_ClockConfig
 .text.HAL_RCC_GetSysClockFreq
                0x0000000008006968      0x20c ./Drivers/STM32F4xx_HAL_Driver/stm32f4xx_hal_rcc.o
                0x0000000008006968                HAL_RCC_GetSysClockFreq
 .text.HAL_RCC_GetHCLKFreq
                0x0000000008006b74       0x18 ./Drivers/STM32F4xx_HAL_Driver/stm32f4xx_hal_rcc.o
                0x0000000008006b74                HAL_RCC_GetHCLKFreq
 .text.HAL_RCC_GetPCLK1Freq
                0x0000000008006b8c       0x28 ./Drivers/STM32F4xx_HAL_Driver/stm32f4xx_hal_rcc.o
                0x0000000008006b8c                HAL_RCC_GetPCLK1Freq
 .text.HAL_RCC_GetPCLK2Freq
                0x0000000008006bb4       0x28 ./Drivers/STM32F4xx_HAL_Driver/stm32f4xx_hal_rcc.o
                0x0000000008006bb4                HAL_RCC_GetPCLK2Freq
 .text.HAL_RCCEx_PeriphCLKConfig
                0x0000000008006bdc      0x1dc ./Drivers/STM32F4xx_HAL_Driver/stm32f4xx_hal_rcc_ex.o
                0x0000000008006bdc                HAL_RCCEx_PeriphCLKConfig
 .text.HAL_RTC_Init
                0x0000000008006db8       0xec ./Drivers/STM32F4xx_HAL_Driver/stm32f4xx_hal_rtc.o
                0x0000000008006db8                HAL_RTC_Init
 .text.HAL_RTC_SetTime
                0x0000000008006ea4      0x134 ./Drivers/STM32F4xx_HAL_Driver/stm32f4xx_hal_rtc.o
                0x0000000008006ea4                HAL_RTC_SetTime
 .text.HAL_RTC_SetDate
                0x0000000008006fd8      0x108 ./Drivers/STM32F4xx_HAL_Driver/stm32f4xx_hal_rtc.o
                0x0000000008006fd8                HAL_RTC_SetDate
 .text.HAL_RTC_WaitForSynchro
                0x00000000080070e0       0x50 ./Drivers/STM32F4xx_HAL_Driver/stm32f4xx_hal_rtc.o
                0x00000000080070e0                HAL_RTC_WaitForSynchro
 .text.RTC_EnterInitMode
                0x0000000008007130       0x6e ./Drivers/STM32F4xx_HAL_Driver/stm32f4xx_hal_rtc.o
                0x0000000008007130                RTC_EnterInitMode
 .text.RTC_ExitInitMode
                0x000000000800719e       0x4a ./Drivers/STM32F4xx_HAL_Driver/stm32f4xx_hal_rtc.o
                0x000000000800719e                RTC_ExitInitMode
 .text.RTC_ByteToBcd2
                0x00000000080071e8       0x3a ./Drivers/STM32F4xx_HAL_Driver/stm32f4xx_hal_rtc.o
                0x00000000080071e8                RTC_ByteToBcd2
 .text.HAL_UART_Init
                0x0000000008007222       0x9a ./Drivers/STM32F4xx_HAL_Driver/stm32f4xx_hal_uart.o
                0x0000000008007222                HAL_UART_Init
 .text.HAL_UART_MspInit
                0x00000000080072bc       0x14 ./Drivers/STM32F4xx_HAL_Driver/stm32f4xx_hal_uart.o
                0x00000000080072bc                HAL_UART_MspInit
 .text.HAL_UART_Transmit
                0x00000000080072d0      0x124 ./Drivers/STM32F4xx_HAL_Driver/stm32f4xx_hal_uart.o
                0x00000000080072d0                HAL_UART_Transmit
 .text.HAL_UART_Receive
                0x00000000080073f4      0x144 ./Drivers/STM32F4xx_HAL_Driver/stm32f4xx_hal_uart.o
                0x00000000080073f4                HAL_UART_Receive
 .text.UART_WaitOnFlagUntilTimeout
                0x0000000008007538       0xdc ./Drivers/STM32F4xx_HAL_Driver/stm32f4xx_hal_uart.o
 .text.UART_SetConfig
                0x0000000008007614      0x4e8 ./Drivers/STM32F4xx_HAL_Driver/stm32f4xx_hal_uart.o
 .text.__errno  0x0000000008007afc        0xc c:/st/stm32cubeide_1.0.1/stm32cubeide/plugins/com.st.stm32cube.ide.mcu.externaltools.gnu-tools-for-stm32.10.3-2021.10.win32_1.0.200.202301161003/tools/bin/../lib/gcc/arm-none-eabi/10.3.1/../../../../arm-none-eabi/lib/thumb/v7e-m+fp/hard\libc_nano.a(lib_a-errno.o)
                0x0000000008007afc                __errno
 .text.__libc_init_array
                0x0000000008007b08       0x48 c:/st/stm32cubeide_1.0.1/stm32cubeide/plugins/com.st.stm32cube.ide.mcu.externaltools.gnu-tools-for-stm32.10.3-2021.10.win32_1.0.200.202301161003/tools/bin/../lib/gcc/arm-none-eabi/10.3.1/../../../../arm-none-eabi/lib/thumb/v7e-m+fp/hard\libc_nano.a(lib_a-init.o)
                0x0000000008007b08                __libc_init_array
 .text.memcpy   0x0000000008007b50       0x1c c:/st/stm32cubeide_1.0.1/stm32cubeide/plugins/com.st.stm32cube.ide.mcu.externaltools.gnu-tools-for-stm32.10.3-2021.10.win32_1.0.200.202301161003/tools/bin/../lib/gcc/arm-none-eabi/10.3.1/../../../../arm-none-eabi/lib/thumb/v7e-m+fp/hard\libc_nano.a(lib_a-memcpy-stub.o)
                0x0000000008007b50                memcpy
 .text.memset   0x0000000008007b6c       0x10 c:/st/stm32cubeide_1.0.1/stm32cubeide/plugins/com.st.stm32cube.ide.mcu.externaltools.gnu-tools-for-stm32.10.3-2021.10.win32_1.0.200.202301161003/tools/bin/../lib/gcc/arm-none-eabi/10.3.1/../../../../arm-none-eabi/lib/thumb/v7e-m+fp/hard\libc_nano.a(lib_a-memset.o)
                0x0000000008007b6c                memset
 .text.printf   0x0000000008007b7c       0x30 c:/st/stm32cubeide_1.0.1/stm32cubeide/plugins/com.st.stm32cube.ide.mcu.externaltools.gnu-tools-for-stm32.10.3-2021.10.win32_1.0.200.202301161003/tools/bin/../lib/gcc/arm-none-eabi/10.3.1/../../../../arm-none-eabi/lib/thumb/v7e-m+fp/hard\libc_nano.a(lib_a-printf.o)
                0x0000000008007b7c                iprintf
                0x0000000008007b7c                printf
 .text.putchar  0x0000000008007bac       0x2c c:/st/stm32cubeide_1.0.1/stm32cubeide/plugins/com.st.stm32cube.ide.mcu.externaltools.gnu-tools-for-stm32.10.3-2021.10.win32_1.0.200.202301161003/tools/bin/../lib/gcc/arm-none-eabi/10.3.1/../../../../arm-none-eabi/lib/thumb/v7e-m+fp/hard\libc_nano.a(lib_a-putchar.o)
                0x0000000008007bac                putchar
 .text._puts_r  0x0000000008007bd8       0xdc c:/st/stm32cubeide_1.0.1/stm32cubeide/plugins/com.st.stm32cube.ide.mcu.externaltools.gnu-tools-for-stm32.10.3-2021.10.win32_1.0.200.202301161003/tools/bin/../lib/gcc/arm-none-eabi/10.3.1/../../../../arm-none-eabi/lib/thumb/v7e-m+fp/hard\libc_nano.a(lib_a-puts.o)
                0x0000000008007bd8                _puts_r
 .text.puts     0x0000000008007cb4       0x10 c:/st/stm32cubeide_1.0.1/stm32cubeide/plugins/com.st.stm32cube.ide.mcu.externaltools.gnu-tools-for-stm32.10.3-2021.10.win32_1.0.200.202301161003/tools/bin/../lib/gcc/arm-none-eabi/10.3.1/../../../../arm-none-eabi/lib/thumb/v7e-m+fp/hard\libc_nano.a(lib_a-puts.o)
                0x0000000008007cb4                puts
 .text.__swbuf_r
                0x0000000008007cc4       0xa4 c:/st/stm32cubeide_1.0.1/stm32cubeide/plugins/com.st.stm32cube.ide.mcu.externaltools.gnu-tools-for-stm32.10.3-2021.10.win32_1.0.200.202301161003/tools/bin/../lib/gcc/arm-none-eabi/10.3.1/../../../../arm-none-eabi/lib/thumb/v7e-m+fp/hard\libc_nano.a(lib_a-wbuf.o)
                0x0000000008007cc4                __swbuf_r
 .text.__swsetup_r
                0x0000000008007d68       0xdc c:/st/stm32cubeide_1.0.1/stm32cubeide/plugins/com.st.stm32cube.ide.mcu.externaltools.gnu-tools-for-stm32.10.3-2021.10.win32_1.0.200.202301161003/tools/bin/../lib/gcc/arm-none-eabi/10.3.1/../../../../arm-none-eabi/lib/thumb/v7e-m+fp/hard\libc_nano.a(lib_a-wsetup.o)
                0x0000000008007d68                __swsetup_r
 .text.__sflush_r
                0x0000000008007e44      0x10c c:/st/stm32cubeide_1.0.1/stm32cubeide/plugins/com.st.stm32cube.ide.mcu.externaltools.gnu-tools-for-stm32.10.3-2021.10.win32_1.0.200.202301161003/tools/bin/../lib/gcc/arm-none-eabi/10.3.1/../../../../arm-none-eabi/lib/thumb/v7e-m+fp/hard\libc_nano.a(lib_a-fflush.o)
                0x0000000008007e44                __sflush_r
 .text._fflush_r
                0x0000000008007f50       0x78 c:/st/stm32cubeide_1.0.1/stm32cubeide/plugins/com.st.stm32cube.ide.mcu.externaltools.gnu-tools-for-stm32.10.3-2021.10.win32_1.0.200.202301161003/tools/bin/../lib/gcc/arm-none-eabi/10.3.1/../../../../arm-none-eabi/lib/thumb/v7e-m+fp/hard\libc_nano.a(lib_a-fflush.o)
                0x0000000008007f50                _fflush_r
 .text.std      0x0000000008007fc8       0x48 c:/st/stm32cubeide_1.0.1/stm32cubeide/plugins/com.st.stm32cube.ide.mcu.externaltools.gnu-tools-for-stm32.10.3-2021.10.win32_1.0.200.202301161003/tools/bin/../lib/gcc/arm-none-eabi/10.3.1/../../../../arm-none-eabi/lib/thumb/v7e-m+fp/hard\libc_nano.a(lib_a-findfp.o)
 .text._cleanup_r
                0x0000000008008010        0xc c:/st/stm32cubeide_1.0.1/stm32cubeide/plugins/com.st.stm32cube.ide.mcu.externaltools.gnu-tools-for-stm32.10.3-2021.10.win32_1.0.200.202301161003/tools/bin/../lib/gcc/arm-none-eabi/10.3.1/../../../../arm-none-eabi/lib/thumb/v7e-m+fp/hard\libc_nano.a(lib_a-findfp.o)
                0x0000000008008010                _cleanup_r
 .text.__sfmoreglue
                0x000000000800801c       0x2c c:/st/stm32cubeide_1.0.1/stm32cubeide/plugins/com.st.stm32cube.ide.mcu.externaltools.gnu-tools-for-stm32.10.3-2021.10.win32_1.0.200.202301161003/tools/bin/../lib/gcc/arm-none-eabi/10.3.1/../../../../arm-none-eabi/lib/thumb/v7e-m+fp/hard\libc_nano.a(lib_a-findfp.o)
                0x000000000800801c                __sfmoreglue
 .text.__sfp_lock_acquire
                0x0000000008008048        0xc c:/st/stm32cubeide_1.0.1/stm32cubeide/plugins/com.st.stm32cube.ide.mcu.externaltools.gnu-tools-for-stm32.10.3-2021.10.win32_1.0.200.202301161003/tools/bin/../lib/gcc/arm-none-eabi/10.3.1/../../../../arm-none-eabi/lib/thumb/v7e-m+fp/hard\libc_nano.a(lib_a-findfp.o)
                0x0000000008008048                __sfp_lock_acquire
 .text.__sfp_lock_release
                0x0000000008008054        0xc c:/st/stm32cubeide_1.0.1/stm32cubeide/plugins/com.st.stm32cube.ide.mcu.externaltools.gnu-tools-for-stm32.10.3-2021.10.win32_1.0.200.202301161003/tools/bin/../lib/gcc/arm-none-eabi/10.3.1/../../../../arm-none-eabi/lib/thumb/v7e-m+fp/hard\libc_nano.a(lib_a-findfp.o)
                0x0000000008008054                __sfp_lock_release
 .text.__sinit_lock_acquire
                0x0000000008008060        0xc c:/st/stm32cubeide_1.0.1/stm32cubeide/plugins/com.st.stm32cube.ide.mcu.externaltools.gnu-tools-for-stm32.10.3-2021.10.win32_1.0.200.202301161003/tools/bin/../lib/gcc/arm-none-eabi/10.3.1/../../../../arm-none-eabi/lib/thumb/v7e-m+fp/hard\libc_nano.a(lib_a-findfp.o)
                0x0000000008008060                __sinit_lock_acquire
 .text.__sinit_lock_release
                0x000000000800806c        0xc c:/st/stm32cubeide_1.0.1/stm32cubeide/plugins/com.st.stm32cube.ide.mcu.externaltools.gnu-tools-for-stm32.10.3-2021.10.win32_1.0.200.202301161003/tools/bin/../lib/gcc/arm-none-eabi/10.3.1/../../../../arm-none-eabi/lib/thumb/v7e-m+fp/hard\libc_nano.a(lib_a-findfp.o)
                0x000000000800806c                __sinit_lock_release
 .text.__sinit  0x0000000008008078       0x70 c:/st/stm32cubeide_1.0.1/stm32cubeide/plugins/com.st.stm32cube.ide.mcu.externaltools.gnu-tools-for-stm32.10.3-2021.10.win32_1.0.200.202301161003/tools/bin/../lib/gcc/arm-none-eabi/10.3.1/../../../../arm-none-eabi/lib/thumb/v7e-m+fp/hard\libc_nano.a(lib_a-findfp.o)
                0x0000000008008078                __sinit
 .text.__sfp    0x00000000080080e8       0x8c c:/st/stm32cubeide_1.0.1/stm32cubeide/plugins/com.st.stm32cube.ide.mcu.externaltools.gnu-tools-for-stm32.10.3-2021.10.win32_1.0.200.202301161003/tools/bin/../lib/gcc/arm-none-eabi/10.3.1/../../../../arm-none-eabi/lib/thumb/v7e-m+fp/hard\libc_nano.a(lib_a-findfp.o)
                0x00000000080080e8                __sfp
 .text._fwalk_reent
                0x0000000008008174       0x3e c:/st/stm32cubeide_1.0.1/stm32cubeide/plugins/com.st.stm32cube.ide.mcu.externaltools.gnu-tools-for-stm32.10.3-2021.10.win32_1.0.200.202301161003/tools/bin/../lib/gcc/arm-none-eabi/10.3.1/../../../../arm-none-eabi/lib/thumb/v7e-m+fp/hard\libc_nano.a(lib_a-fwalk.o)
                0x0000000008008174                _fwalk_reent
 .text.__retarget_lock_init_recursive
                0x00000000080081b2        0x2 c:/st/stm32cubeide_1.0.1/stm32cubeide/plugins/com.st.stm32cube.ide.mcu.externaltools.gnu-tools-for-stm32.10.3-2021.10.win32_1.0.200.202301161003/tools/bin/../lib/gcc/arm-none-eabi/10.3.1/../../../../arm-none-eabi/lib/thumb/v7e-m+fp/hard\libc_nano.a(lib_a-lock.o)
                0x00000000080081b2                __retarget_lock_init_recursive
 .text.__retarget_lock_acquire_recursive
                0x00000000080081b4        0x2 c:/st/stm32cubeide_1.0.1/stm32cubeide/plugins/com.st.stm32cube.ide.mcu.externaltools.gnu-tools-for-stm32.10.3-2021.10.win32_1.0.200.202301161003/tools/bin/../lib/gcc/arm-none-eabi/10.3.1/../../../../arm-none-eabi/lib/thumb/v7e-m+fp/hard\libc_nano.a(lib_a-lock.o)
                0x00000000080081b4                __retarget_lock_acquire_recursive
 .text.__retarget_lock_release_recursive
                0x00000000080081b6        0x2 c:/st/stm32cubeide_1.0.1/stm32cubeide/plugins/com.st.stm32cube.ide.mcu.externaltools.gnu-tools-for-stm32.10.3-2021.10.win32_1.0.200.202301161003/tools/bin/../lib/gcc/arm-none-eabi/10.3.1/../../../../arm-none-eabi/lib/thumb/v7e-m+fp/hard\libc_nano.a(lib_a-lock.o)
                0x00000000080081b6                __retarget_lock_release_recursive
 .text.__swhatbuf_r
                0x00000000080081b8       0x4a c:/st/stm32cubeide_1.0.1/stm32cubeide/plugins/com.st.stm32cube.ide.mcu.externaltools.gnu-tools-for-stm32.10.3-2021.10.win32_1.0.200.202301161003/tools/bin/../lib/gcc/arm-none-eabi/10.3.1/../../../../arm-none-eabi/lib/thumb/v7e-m+fp/hard\libc_nano.a(lib_a-makebuf.o)
                0x00000000080081b8                __swhatbuf_r
 *fill*         0x0000000008008202        0x2 
 .text.__smakebuf_r
                0x0000000008008204       0x80 c:/st/stm32cubeide_1.0.1/stm32cubeide/plugins/com.st.stm32cube.ide.mcu.externaltools.gnu-tools-for-stm32.10.3-2021.10.win32_1.0.200.202301161003/tools/bin/../lib/gcc/arm-none-eabi/10.3.1/../../../../arm-none-eabi/lib/thumb/v7e-m+fp/hard\libc_nano.a(lib_a-makebuf.o)
                0x0000000008008204                __smakebuf_r
 .text._free_r  0x0000000008008284       0x98 c:/st/stm32cubeide_1.0.1/stm32cubeide/plugins/com.st.stm32cube.ide.mcu.externaltools.gnu-tools-for-stm32.10.3-2021.10.win32_1.0.200.202301161003/tools/bin/../lib/gcc/arm-none-eabi/10.3.1/../../../../arm-none-eabi/lib/thumb/v7e-m+fp/hard\libc_nano.a(lib_a-nano-freer.o)
                0x0000000008008284                _free_r
 .text.sbrk_aligned
                0x000000000800831c       0x40 c:/st/stm32cubeide_1.0.1/stm32cubeide/plugins/com.st.stm32cube.ide.mcu.externaltools.gnu-tools-for-stm32.10.3-2021.10.win32_1.0.200.202301161003/tools/bin/../lib/gcc/arm-none-eabi/10.3.1/../../../../arm-none-eabi/lib/thumb/v7e-m+fp/hard\libc_nano.a(lib_a-nano-mallocr.o)
 .text._malloc_r
                0x000000000800835c       0xe8 c:/st/stm32cubeide_1.0.1/stm32cubeide/plugins/com.st.stm32cube.ide.mcu.externaltools.gnu-tools-for-stm32.10.3-2021.10.win32_1.0.200.202301161003/tools/bin/../lib/gcc/arm-none-eabi/10.3.1/../../../../arm-none-eabi/lib/thumb/v7e-m+fp/hard\libc_nano.a(lib_a-nano-mallocr.o)
                0x000000000800835c                _malloc_r
 .text.__sfputc_r
                0x0000000008008444       0x2e c:/st/stm32cubeide_1.0.1/stm32cubeide/plugins/com.st.stm32cube.ide.mcu.externaltools.gnu-tools-for-stm32.10.3-2021.10.win32_1.0.200.202301161003/tools/bin/../lib/gcc/arm-none-eabi/10.3.1/../../../../arm-none-eabi/lib/thumb/v7e-m+fp/hard\libc_nano.a(lib_a-nano-vfprintf.o)
 .text.__sfputs_r
                0x0000000008008472       0x24 c:/st/stm32cubeide_1.0.1/stm32cubeide/plugins/com.st.stm32cube.ide.mcu.externaltools.gnu-tools-for-stm32.10.3-2021.10.win32_1.0.200.202301161003/tools/bin/../lib/gcc/arm-none-eabi/10.3.1/../../../../arm-none-eabi/lib/thumb/v7e-m+fp/hard\libc_nano.a(lib_a-nano-vfprintf.o)
                0x0000000008008472                __sfputs_r
 *fill*         0x0000000008008496        0x2 
 .text._vfprintf_r
                0x0000000008008498      0x260 c:/st/stm32cubeide_1.0.1/stm32cubeide/plugins/com.st.stm32cube.ide.mcu.externaltools.gnu-tools-for-stm32.10.3-2021.10.win32_1.0.200.202301161003/tools/bin/../lib/gcc/arm-none-eabi/10.3.1/../../../../arm-none-eabi/lib/thumb/v7e-m+fp/hard\libc_nano.a(lib_a-nano-vfprintf.o)
                0x0000000008008498                _vfprintf_r
                0x0000000008008498                _vfiprintf_r
 .text._printf_common
                0x00000000080086f8       0xda c:/st/stm32cubeide_1.0.1/stm32cubeide/plugins/com.st.stm32cube.ide.mcu.externaltools.gnu-tools-for-stm32.10.3-2021.10.win32_1.0.200.202301161003/tools/bin/../lib/gcc/arm-none-eabi/10.3.1/../../../../arm-none-eabi/lib/thumb/v7e-m+fp/hard\libc_nano.a(lib_a-nano-vfprintf_i.o)
                0x00000000080086f8                _printf_common
 *fill*         0x00000000080087d2        0x2 
 .text._printf_i
                0x00000000080087d4      0x24c c:/st/stm32cubeide_1.0.1/stm32cubeide/plugins/com.st.stm32cube.ide.mcu.externaltools.gnu-tools-for-stm32.10.3-2021.10.win32_1.0.200.202301161003/tools/bin/../lib/gcc/arm-none-eabi/10.3.1/../../../../arm-none-eabi/lib/thumb/v7e-m+fp/hard\libc_nano.a(lib_a-nano-vfprintf_i.o)
                0x00000000080087d4                _printf_i
 .text._putc_r  0x0000000008008a20       0x90 c:/st/stm32cubeide_1.0.1/stm32cubeide/plugins/com.st.stm32cube.ide.mcu.externaltools.gnu-tools-for-stm32.10.3-2021.10.win32_1.0.200.202301161003/tools/bin/../lib/gcc/arm-none-eabi/10.3.1/../../../../arm-none-eabi/lib/thumb/v7e-m+fp/hard\libc_nano.a(lib_a-putc.o)
                0x0000000008008a20                _putc_r
 .text._sbrk_r  0x0000000008008ab0       0x20 c:/st/stm32cubeide_1.0.1/stm32cubeide/plugins/com.st.stm32cube.ide.mcu.externaltools.gnu-tools-for-stm32.10.3-2021.10.win32_1.0.200.202301161003/tools/bin/../lib/gcc/arm-none-eabi/10.3.1/../../../../arm-none-eabi/lib/thumb/v7e-m+fp/hard\libc_nano.a(lib_a-sbrkr.o)
                0x0000000008008ab0                _sbrk_r
 .text.__sread  0x0000000008008ad0       0x22 c:/st/stm32cubeide_1.0.1/stm32cubeide/plugins/com.st.stm32cube.ide.mcu.externaltools.gnu-tools-for-stm32.10.3-2021.10.win32_1.0.200.202301161003/tools/bin/../lib/gcc/arm-none-eabi/10.3.1/../../../../arm-none-eabi/lib/thumb/v7e-m+fp/hard\libc_nano.a(lib_a-stdio.o)
                0x0000000008008ad0                __sread
 .text.__swrite
                0x0000000008008af2       0x38 c:/st/stm32cubeide_1.0.1/stm32cubeide/plugins/com.st.stm32cube.ide.mcu.externaltools.gnu-tools-for-stm32.10.3-2021.10.win32_1.0.200.202301161003/tools/bin/../lib/gcc/arm-none-eabi/10.3.1/../../../../arm-none-eabi/lib/thumb/v7e-m+fp/hard\libc_nano.a(lib_a-stdio.o)
                0x0000000008008af2                __swrite
 .text.__sseek  0x0000000008008b2a       0x24 c:/st/stm32cubeide_1.0.1/stm32cubeide/plugins/com.st.stm32cube.ide.mcu.externaltools.gnu-tools-for-stm32.10.3-2021.10.win32_1.0.200.202301161003/tools/bin/../lib/gcc/arm-none-eabi/10.3.1/../../../../arm-none-eabi/lib/thumb/v7e-m+fp/hard\libc_nano.a(lib_a-stdio.o)
                0x0000000008008b2a                __sseek
 .text.__sclose
                0x0000000008008b4e        0x8 c:/st/stm32cubeide_1.0.1/stm32cubeide/plugins/com.st.stm32cube.ide.mcu.externaltools.gnu-tools-for-stm32.10.3-2021.10.win32_1.0.200.202301161003/tools/bin/../lib/gcc/arm-none-eabi/10.3.1/../../../../arm-none-eabi/lib/thumb/v7e-m+fp/hard\libc_nano.a(lib_a-stdio.o)
                0x0000000008008b4e                __sclose
 *fill*         0x0000000008008b56        0x2 
 .text._write_r
                0x0000000008008b58       0x24 c:/st/stm32cubeide_1.0.1/stm32cubeide/plugins/com.st.stm32cube.ide.mcu.externaltools.gnu-tools-for-stm32.10.3-2021.10.win32_1.0.200.202301161003/tools/bin/../lib/gcc/arm-none-eabi/10.3.1/../../../../arm-none-eabi/lib/thumb/v7e-m+fp/hard\libc_nano.a(lib_a-writer.o)
                0x0000000008008b58                _write_r
 .text._close_r
                0x0000000008008b7c       0x20 c:/st/stm32cubeide_1.0.1/stm32cubeide/plugins/com.st.stm32cube.ide.mcu.externaltools.gnu-tools-for-stm32.10.3-2021.10.win32_1.0.200.202301161003/tools/bin/../lib/gcc/arm-none-eabi/10.3.1/../../../../arm-none-eabi/lib/thumb/v7e-m+fp/hard\libc_nano.a(lib_a-closer.o)
                0x0000000008008b7c                _close_r
 .text._fstat_r
                0x0000000008008b9c       0x24 c:/st/stm32cubeide_1.0.1/stm32cubeide/plugins/com.st.stm32cube.ide.mcu.externaltools.gnu-tools-for-stm32.10.3-2021.10.win32_1.0.200.202301161003/tools/bin/../lib/gcc/arm-none-eabi/10.3.1/../../../../arm-none-eabi/lib/thumb/v7e-m+fp/hard\libc_nano.a(lib_a-fstatr.o)
                0x0000000008008b9c                _fstat_r
 .text._isatty_r
                0x0000000008008bc0       0x20 c:/st/stm32cubeide_1.0.1/stm32cubeide/plugins/com.st.stm32cube.ide.mcu.externaltools.gnu-tools-for-stm32.10.3-2021.10.win32_1.0.200.202301161003/tools/bin/../lib/gcc/arm-none-eabi/10.3.1/../../../../arm-none-eabi/lib/thumb/v7e-m+fp/hard\libc_nano.a(lib_a-isattyr.o)
                0x0000000008008bc0                _isatty_r
 .text._lseek_r
                0x0000000008008be0       0x24 c:/st/stm32cubeide_1.0.1/stm32cubeide/plugins/com.st.stm32cube.ide.mcu.externaltools.gnu-tools-for-stm32.10.3-2021.10.win32_1.0.200.202301161003/tools/bin/../lib/gcc/arm-none-eabi/10.3.1/../../../../arm-none-eabi/lib/thumb/v7e-m+fp/hard\libc_nano.a(lib_a-lseekr.o)
                0x0000000008008be0                _lseek_r
 .text.__malloc_lock
                0x0000000008008c04        0xc c:/st/stm32cubeide_1.0.1/stm32cubeide/plugins/com.st.stm32cube.ide.mcu.externaltools.gnu-tools-for-stm32.10.3-2021.10.win32_1.0.200.202301161003/tools/bin/../lib/gcc/arm-none-eabi/10.3.1/../../../../arm-none-eabi/lib/thumb/v7e-m+fp/hard\libc_nano.a(lib_a-mlock.o)
                0x0000000008008c04                __malloc_lock
 .text.__malloc_unlock
                0x0000000008008c10        0xc c:/st/stm32cubeide_1.0.1/stm32cubeide/plugins/com.st.stm32cube.ide.mcu.externaltools.gnu-tools-for-stm32.10.3-2021.10.win32_1.0.200.202301161003/tools/bin/../lib/gcc/arm-none-eabi/10.3.1/../../../../arm-none-eabi/lib/thumb/v7e-m+fp/hard\libc_nano.a(lib_a-mlock.o)
                0x0000000008008c10                __malloc_unlock
 .text._read_r  0x0000000008008c1c       0x24 c:/st/stm32cubeide_1.0.1/stm32cubeide/plugins/com.st.stm32cube.ide.mcu.externaltools.gnu-tools-for-stm32.10.3-2021.10.win32_1.0.200.202301161003/tools/bin/../lib/gcc/arm-none-eabi/10.3.1/../../../../arm-none-eabi/lib/thumb/v7e-m+fp/hard\libc_nano.a(lib_a-readr.o)
                0x0000000008008c1c                _read_r
 *(.glue_7)
 .glue_7        0x0000000008008c40        0x0 linker stubs
 *(.glue_7t)
 .glue_7t       0x0000000008008c40        0x0 linker stubs
 *(.eh_frame)
 .eh_frame      0x0000000008008c40        0x0 c:/st/stm32cubeide_1.0.1/stm32cubeide/plugins/com.st.stm32cube.ide.mcu.externaltools.gnu-tools-for-stm32.10.3-2021.10.win32_1.0.200.202301161003/tools/bin/../lib/gcc/arm-none-eabi/10.3.1/thumb/v7e-m+fp/hard/crtbegin.o
 *(.init)
 .init          0x0000000008008c40        0x4 c:/st/stm32cubeide_1.0.1/stm32cubeide/plugins/com.st.stm32cube.ide.mcu.externaltools.gnu-tools-for-stm32.10.3-2021.10.win32_1.0.200.202301161003/tools/bin/../lib/gcc/arm-none-eabi/10.3.1/thumb/v7e-m+fp/hard/crti.o
                0x0000000008008c40                _init
 .init          0x0000000008008c44        0x8 c:/st/stm32cubeide_1.0.1/stm32cubeide/plugins/com.st.stm32cube.ide.mcu.externaltools.gnu-tools-for-stm32.10.3-2021.10.win32_1.0.200.202301161003/tools/bin/../lib/gcc/arm-none-eabi/10.3.1/thumb/v7e-m+fp/hard/crtn.o
 *(.fini)
 .fini          0x0000000008008c4c        0x4 c:/st/stm32cubeide_1.0.1/stm32cubeide/plugins/com.st.stm32cube.ide.mcu.externaltools.gnu-tools-for-stm32.10.3-2021.10.win32_1.0.200.202301161003/tools/bin/../lib/gcc/arm-none-eabi/10.3.1/thumb/v7e-m+fp/hard/crti.o
                0x0000000008008c4c                _fini
 .fini          0x0000000008008c50        0x8 c:/st/stm32cubeide_1.0.1/stm32cubeide/plugins/com.st.stm32cube.ide.mcu.externaltools.gnu-tools-for-stm32.10.3-2021.10.win32_1.0.200.202301161003/tools/bin/../lib/gcc/arm-none-eabi/10.3.1/thumb/v7e-m+fp/hard/crtn.o
                0x0000000008008c58                . = ALIGN (0x4)
                0x0000000008008c58                _etext = .

.vfp11_veneer   0x0000000008008c58        0x0
 .vfp11_veneer  0x0000000008008c58        0x0 linker stubs

.v4_bx          0x0000000008008c58        0x0
 .v4_bx         0x0000000008008c58        0x0 linker stubs

.iplt           0x0000000008008c58        0x0
 .iplt          0x0000000008008c58        0x0 c:/st/stm32cubeide_1.0.1/stm32cubeide/plugins/com.st.stm32cube.ide.mcu.externaltools.gnu-tools-for-stm32.10.3-2021.10.win32_1.0.200.202301161003/tools/bin/../lib/gcc/arm-none-eabi/10.3.1/thumb/v7e-m+fp/hard/crtbegin.o

.rodata         0x0000000008008c58    0x15acc
                0x0000000008008c58                . = ALIGN (0x4)
 *(.rodata)
 .rodata        0x0000000008008c58      0x29c ./Application/User/app_tof.o
 .rodata        0x0000000008008ef4       0x6c ./Drivers/BSP/Components/vl53l8cx_api.o
 .rodata        0x0000000008008f60        0x8 ./Drivers/BSP/Components/vl53l8cx_plugin_detection_thresholds.o
 *(.rodata*)
 .rodata.ButtonGpioInit.3
                0x0000000008008f68        0x4 ./Application/User/stm32f4xx_nucleo.o
 .rodata.BUTTON_EXTI_LINE.2
                0x0000000008008f6c        0x4 ./Application/User/stm32f4xx_nucleo.o
 .rodata.ButtonCallback.1
                0x0000000008008f70        0x4 ./Application/User/stm32f4xx_nucleo.o
 .rodata.BSP_BUTTON_PRIO.0
                0x0000000008008f74        0x4 ./Application/User/stm32f4xx_nucleo.o
 .rodata.VL53L8CX_FIRMWARE
                0x0000000008008f78    0x15000 ./Drivers/BSP/Components/vl53l8cx_api.o
                0x0000000008008f78                VL53L8CX_FIRMWARE
 .rodata.VL53L8CX_DEFAULT_CONFIGURATION
                0x000000000801df78      0x3cc ./Drivers/BSP/Components/vl53l8cx_api.o
                0x000000000801df78                VL53L8CX_DEFAULT_CONFIGURATION
 .rodata.VL53L8CX_DEFAULT_XTALK
                0x000000000801e344      0x308 ./Drivers/BSP/Components/vl53l8cx_api.o
                0x000000000801e344                VL53L8CX_DEFAULT_XTALK
 .rodata.VL53L8CX_GET_NVM_CMD
                0x000000000801e64c       0x28 ./Drivers/BSP/Components/vl53l8cx_api.o
                0x000000000801e64c                VL53L8CX_GET_NVM_CMD
 .rodata.AHBPrescTable
                0x000000000801e674       0x10 ./Drivers/CMSIS/system_stm32f4xx.o
                0x000000000801e674                AHBPrescTable
 .rodata.APBPrescTable
                0x000000000801e684        0x8 ./Drivers/CMSIS/system_stm32f4xx.o
                0x000000000801e684                APBPrescTable
 .rodata._global_impure_ptr
                0x000000000801e68c        0x4 c:/st/stm32cubeide_1.0.1/stm32cubeide/plugins/com.st.stm32cube.ide.mcu.externaltools.gnu-tools-for-stm32.10.3-2021.10.win32_1.0.200.202301161003/tools/bin/../lib/gcc/arm-none-eabi/10.3.1/../../../../arm-none-eabi/lib/thumb/v7e-m+fp/hard\libc_nano.a(lib_a-impure.o)
                0x000000000801e68c                _global_impure_ptr
 .rodata.__sf_fake_stderr
                0x000000000801e690       0x20 c:/st/stm32cubeide_1.0.1/stm32cubeide/plugins/com.st.stm32cube.ide.mcu.externaltools.gnu-tools-for-stm32.10.3-2021.10.win32_1.0.200.202301161003/tools/bin/../lib/gcc/arm-none-eabi/10.3.1/../../../../arm-none-eabi/lib/thumb/v7e-m+fp/hard\libc_nano.a(lib_a-findfp.o)
                0x000000000801e690                __sf_fake_stderr
 .rodata.__sf_fake_stdin
                0x000000000801e6b0       0x20 c:/st/stm32cubeide_1.0.1/stm32cubeide/plugins/com.st.stm32cube.ide.mcu.externaltools.gnu-tools-for-stm32.10.3-2021.10.win32_1.0.200.202301161003/tools/bin/../lib/gcc/arm-none-eabi/10.3.1/../../../../arm-none-eabi/lib/thumb/v7e-m+fp/hard\libc_nano.a(lib_a-findfp.o)
                0x000000000801e6b0                __sf_fake_stdin
 .rodata.__sf_fake_stdout
                0x000000000801e6d0       0x20 c:/st/stm32cubeide_1.0.1/stm32cubeide/plugins/com.st.stm32cube.ide.mcu.externaltools.gnu-tools-for-stm32.10.3-2021.10.win32_1.0.200.202301161003/tools/bin/../lib/gcc/arm-none-eabi/10.3.1/../../../../arm-none-eabi/lib/thumb/v7e-m+fp/hard\libc_nano.a(lib_a-findfp.o)
                0x000000000801e6d0                __sf_fake_stdout
 .rodata._vfprintf_r.str1.1
                0x000000000801e6f0       0x11 c:/st/stm32cubeide_1.0.1/stm32cubeide/plugins/com.st.stm32cube.ide.mcu.externaltools.gnu-tools-for-stm32.10.3-2021.10.win32_1.0.200.202301161003/tools/bin/../lib/gcc/arm-none-eabi/10.3.1/../../../../arm-none-eabi/lib/thumb/v7e-m+fp/hard\libc_nano.a(lib_a-nano-vfprintf.o)
 .rodata._printf_i.str1.1
                0x000000000801e701       0x22 c:/st/stm32cubeide_1.0.1/stm32cubeide/plugins/com.st.stm32cube.ide.mcu.externaltools.gnu-tools-for-stm32.10.3-2021.10.win32_1.0.200.202301161003/tools/bin/../lib/gcc/arm-none-eabi/10.3.1/../../../../arm-none-eabi/lib/thumb/v7e-m+fp/hard\libc_nano.a(lib_a-nano-vfprintf_i.o)
                0x000000000801e724                . = ALIGN (0x4)
 *fill*         0x000000000801e723        0x1 

.ARM.extab      0x000000000801e724        0x0
                0x000000000801e724                . = ALIGN (0x4)
 *(.ARM.extab* .gnu.linkonce.armextab.*)
                0x000000000801e724                . = ALIGN (0x4)

.ARM            0x000000000801e724        0x8
                0x000000000801e724                . = ALIGN (0x4)
                0x000000000801e724                __exidx_start = .
 *(.ARM.exidx*)
 .ARM.exidx     0x000000000801e724        0x8 c:/st/stm32cubeide_1.0.1/stm32cubeide/plugins/com.st.stm32cube.ide.mcu.externaltools.gnu-tools-for-stm32.10.3-2021.10.win32_1.0.200.202301161003/tools/bin/../lib/gcc/arm-none-eabi/10.3.1/thumb/v7e-m+fp/hard\libgcc.a(_udivmoddi4.o)
                0x000000000801e72c                __exidx_end = .
                0x000000000801e72c                . = ALIGN (0x4)

.rel.dyn        0x000000000801e72c        0x0
 .rel.iplt      0x000000000801e72c        0x0 c:/st/stm32cubeide_1.0.1/stm32cubeide/plugins/com.st.stm32cube.ide.mcu.externaltools.gnu-tools-for-stm32.10.3-2021.10.win32_1.0.200.202301161003/tools/bin/../lib/gcc/arm-none-eabi/10.3.1/thumb/v7e-m+fp/hard/crtbegin.o

.preinit_array  0x000000000801e72c        0x0
                0x000000000801e72c                . = ALIGN (0x4)
                0x000000000801e72c                PROVIDE (__preinit_array_start = .)
 *(.preinit_array*)
                0x000000000801e72c                PROVIDE (__preinit_array_end = .)
                0x000000000801e72c                . = ALIGN (0x4)

.init_array     0x000000000801e72c        0x4
                0x000000000801e72c                . = ALIGN (0x4)
                0x000000000801e72c                PROVIDE (__init_array_start = .)
 *(SORT_BY_NAME(.init_array.*))
 *(.init_array*)
 .init_array    0x000000000801e72c        0x4 c:/st/stm32cubeide_1.0.1/stm32cubeide/plugins/com.st.stm32cube.ide.mcu.externaltools.gnu-tools-for-stm32.10.3-2021.10.win32_1.0.200.202301161003/tools/bin/../lib/gcc/arm-none-eabi/10.3.1/thumb/v7e-m+fp/hard/crtbegin.o
                0x000000000801e730                PROVIDE (__init_array_end = .)
                0x000000000801e730                . = ALIGN (0x4)

.fini_array     0x000000000801e730        0x4
                0x000000000801e730                . = ALIGN (0x4)
                [!provide]                        PROVIDE (__fini_array_start = .)
 *(SORT_BY_NAME(.fini_array.*))
 *(.fini_array*)
 .fini_array    0x000000000801e730        0x4 c:/st/stm32cubeide_1.0.1/stm32cubeide/plugins/com.st.stm32cube.ide.mcu.externaltools.gnu-tools-for-stm32.10.3-2021.10.win32_1.0.200.202301161003/tools/bin/../lib/gcc/arm-none-eabi/10.3.1/thumb/v7e-m+fp/hard/crtbegin.o
                [!provide]                        PROVIDE (__fini_array_end = .)
                0x000000000801e734                . = ALIGN (0x4)
                0x000000000801e734                _sidata = LOADADDR (.data)

.data           0x0000000020000000       0xb4 load address 0x000000000801e734
                0x0000000020000000                . = ALIGN (0x4)
                0x0000000020000000                _sdata = .
 *(.data)
 *(.data*)
 .data.hpb_exti
                0x0000000020000000        0x8 ./Application/User/stm32f4xx_nucleo.o
                0x0000000020000000                hpb_exti
 .data.COM_USART
                0x0000000020000008        0x4 ./Application/User/stm32f4xx_nucleo.o
                0x0000000020000008                COM_USART
 .data.VL53L8CX_RANGING_SENSOR_Driver
                0x000000002000000c       0x38 ./Drivers/BSP/Components/vl53l8cx.o
                0x000000002000000c                VL53L8CX_RANGING_SENSOR_Driver
 .data.SystemCoreClock
                0x0000000020000044        0x4 ./Drivers/CMSIS/system_stm32f4xx.o
                0x0000000020000044                SystemCoreClock
 .data.uwTickPrio
                0x0000000020000048        0x4 ./Drivers/STM32F4xx_HAL_Driver/stm32f4xx_hal.o
                0x0000000020000048                uwTickPrio
 .data.uwTickFreq
                0x000000002000004c        0x1 ./Drivers/STM32F4xx_HAL_Driver/stm32f4xx_hal.o
                0x000000002000004c                uwTickFreq
 *fill*         0x000000002000004d        0x3 
 .data._impure_ptr
                0x0000000020000050        0x4 c:/st/stm32cubeide_1.0.1/stm32cubeide/plugins/com.st.stm32cube.ide.mcu.externaltools.gnu-tools-for-stm32.10.3-2021.10.win32_1.0.200.202301161003/tools/bin/../lib/gcc/arm-none-eabi/10.3.1/../../../../arm-none-eabi/lib/thumb/v7e-m+fp/hard\libc_nano.a(lib_a-impure.o)
                0x0000000020000050                _impure_ptr
 .data.impure_data
                0x0000000020000054       0x60 c:/st/stm32cubeide_1.0.1/stm32cubeide/plugins/com.st.stm32cube.ide.mcu.externaltools.gnu-tools-for-stm32.10.3-2021.10.win32_1.0.200.202301161003/tools/bin/../lib/gcc/arm-none-eabi/10.3.1/../../../../arm-none-eabi/lib/thumb/v7e-m+fp/hard\libc_nano.a(lib_a-impure.o)
 *(.RamFunc)
 *(.RamFunc*)
                0x00000000200000b4                . = ALIGN (0x4)
                0x00000000200000b4                _edata = .

.igot.plt       0x00000000200000b4        0x0 load address 0x000000000801e7e8
 .igot.plt      0x00000000200000b4        0x0 c:/st/stm32cubeide_1.0.1/stm32cubeide/plugins/com.st.stm32cube.ide.mcu.externaltools.gnu-tools-for-stm32.10.3-2021.10.win32_1.0.200.202301161003/tools/bin/../lib/gcc/arm-none-eabi/10.3.1/thumb/v7e-m+fp/hard/crtbegin.o
                0x00000000200000b4                . = ALIGN (0x4)

.bss            0x00000000200000b4     0x2910 load address 0x000000000801e7e8
                0x00000000200000b4                _sbss = .
                0x00000000200000b4                __bss_start__ = _sbss
 *(.bss)
 .bss           0x00000000200000b4       0x1c c:/st/stm32cubeide_1.0.1/stm32cubeide/plugins/com.st.stm32cube.ide.mcu.externaltools.gnu-tools-for-stm32.10.3-2021.10.win32_1.0.200.202301161003/tools/bin/../lib/gcc/arm-none-eabi/10.3.1/thumb/v7e-m+fp/hard/crtbegin.o
 *(.bss*)
 .bss.Cap       0x00000000200000d0       0x10 ./Application/User/app_tof.o
 .bss.Profile   0x00000000200000e0       0x14 ./Application/User/app_tof.o
 .bss.Result    0x00000000200000f4      0x504 ./Application/User/app_tof.o
 .bss.status    0x00000000200005f8        0x4 ./Application/User/app_tof.o
 .bss.PushButtonDetected
                0x00000000200005fc        0x1 ./Application/User/app_tof.o
 .bss.ToF_EventDetected
                0x00000000200005fd        0x1 ./Application/User/app_tof.o
                0x00000000200005fd                ToF_EventDetected
 *fill*         0x00000000200005fe        0x2 
 .bss.hrtc      0x0000000020000600       0x20 ./Application/User/main.o
                0x0000000020000600                hrtc
 .bss.hcom_uart
                0x0000000020000620       0x44 ./Application/User/stm32f4xx_nucleo.o
                0x0000000020000620                hcom_uart
 .bss.COM_ActiveLogPort
                0x0000000020000664        0x1 ./Application/User/stm32f4xx_nucleo.o
 *fill*         0x0000000020000665        0x3 
 .bss.hi2c1     0x0000000020000668       0x54 ./Application/User/stm32f4xx_nucleo_bus.o
                0x0000000020000668                hi2c1
 .bss.I2C1InitCounter
                0x00000000200006bc        0x4 ./Application/User/stm32f4xx_nucleo_bus.o
 .bss.__sbrk_heap_end
                0x00000000200006c0        0x4 ./Application/User/sysmem.o
 .bss.VL53L8A1_RANGING_SENSOR_CompObj
                0x00000000200006c4        0xc ./Drivers/BSP/53L8A1/53l8a1_ranging_sensor.o
                0x00000000200006c4                VL53L8A1_RANGING_SENSOR_CompObj
 .bss.VL53L8A1_RANGING_SENSOR_Drv
                0x00000000200006d0        0x4 ./Drivers/BSP/53L8A1/53l8a1_ranging_sensor.o
 .bss.VL53L8A1_RANGING_SENSOR_Cap
                0x00000000200006d4       0x10 ./Drivers/BSP/53L8A1/53l8a1_ranging_sensor.o
 .bss.VL53L8CXObj.0
                0x00000000200006e4     0x1bfc ./Drivers/BSP/53L8A1/53l8a1_ranging_sensor.o
 .bss.thresholds.1
                0x00000000200022e0      0x300 ./Drivers/BSP/Components/vl53l8cx.o
 .bss.data.0    0x00000000200025e0      0x3d0 ./Drivers/BSP/Components/vl53l8cx.o
 .bss.uwTick    0x00000000200029b0        0x4 ./Drivers/STM32F4xx_HAL_Driver/stm32f4xx_hal.o
                0x00000000200029b0                uwTick
 .bss.__lock___malloc_recursive_mutex
                0x00000000200029b4        0x1 c:/st/stm32cubeide_1.0.1/stm32cubeide/plugins/com.st.stm32cube.ide.mcu.externaltools.gnu-tools-for-stm32.10.3-2021.10.win32_1.0.200.202301161003/tools/bin/../lib/gcc/arm-none-eabi/10.3.1/../../../../arm-none-eabi/lib/thumb/v7e-m+fp/hard\libc_nano.a(lib_a-lock.o)
                0x00000000200029b4                __lock___malloc_recursive_mutex
 .bss.__lock___sfp_recursive_mutex
                0x00000000200029b5        0x1 c:/st/stm32cubeide_1.0.1/stm32cubeide/plugins/com.st.stm32cube.ide.mcu.externaltools.gnu-tools-for-stm32.10.3-2021.10.win32_1.0.200.202301161003/tools/bin/../lib/gcc/arm-none-eabi/10.3.1/../../../../arm-none-eabi/lib/thumb/v7e-m+fp/hard\libc_nano.a(lib_a-lock.o)
                0x00000000200029b5                __lock___sfp_recursive_mutex
 .bss.__lock___sinit_recursive_mutex
                0x00000000200029b6        0x1 c:/st/stm32cubeide_1.0.1/stm32cubeide/plugins/com.st.stm32cube.ide.mcu.externaltools.gnu-tools-for-stm32.10.3-2021.10.win32_1.0.200.202301161003/tools/bin/../lib/gcc/arm-none-eabi/10.3.1/../../../../arm-none-eabi/lib/thumb/v7e-m+fp/hard\libc_nano.a(lib_a-lock.o)
                0x00000000200029b6                __lock___sinit_recursive_mutex
 *fill*         0x00000000200029b7        0x1 
 .bss.__malloc_free_list
                0x00000000200029b8        0x4 c:/st/stm32cubeide_1.0.1/stm32cubeide/plugins/com.st.stm32cube.ide.mcu.externaltools.gnu-tools-for-stm32.10.3-2021.10.win32_1.0.200.202301161003/tools/bin/../lib/gcc/arm-none-eabi/10.3.1/../../../../arm-none-eabi/lib/thumb/v7e-m+fp/hard\libc_nano.a(lib_a-nano-mallocr.o)
                0x00000000200029b8                __malloc_free_list
 .bss.__malloc_sbrk_start
                0x00000000200029bc        0x4 c:/st/stm32cubeide_1.0.1/stm32cubeide/plugins/com.st.stm32cube.ide.mcu.externaltools.gnu-tools-for-stm32.10.3-2021.10.win32_1.0.200.202301161003/tools/bin/../lib/gcc/arm-none-eabi/10.3.1/../../../../arm-none-eabi/lib/thumb/v7e-m+fp/hard\libc_nano.a(lib_a-nano-mallocr.o)
                0x00000000200029bc                __malloc_sbrk_start
 .bss.errno     0x00000000200029c0        0x4 c:/st/stm32cubeide_1.0.1/stm32cubeide/plugins/com.st.stm32cube.ide.mcu.externaltools.gnu-tools-for-stm32.10.3-2021.10.win32_1.0.200.202301161003/tools/bin/../lib/gcc/arm-none-eabi/10.3.1/../../../../arm-none-eabi/lib/thumb/v7e-m+fp/hard\libc_nano.a(lib_a-reent.o)
                0x00000000200029c0                errno
 *(COMMON)
                0x00000000200029c4                . = ALIGN (0x4)
                0x00000000200029c4                _ebss = .
                0x00000000200029c4                __bss_end__ = _ebss

._user_heap_stack
                0x00000000200029c4      0xa04 load address 0x000000000801e7e8
                0x00000000200029c8                . = ALIGN (0x8)
 *fill*         0x00000000200029c4        0x4 
                [!provide]                        PROVIDE (end = .)
                0x00000000200029c8                PROVIDE (_end = .)
                0x0000000020002bc8                . = (. + _Min_Heap_Size)
 *fill*         0x00000000200029c8      0x200 
                0x00000000200033c8                . = (. + _Min_Stack_Size)
 *fill*         0x0000000020002bc8      0x800 
                0x00000000200033c8                . = ALIGN (0x8)

/DISCARD/
 libc.a(*)
 libm.a(*)
 libgcc.a(*)

.ARM.attributes
                0x0000000000000000       0x30
 *(.ARM.attributes)
 .ARM.attributes
                0x0000000000000000       0x1e c:/st/stm32cubeide_1.0.1/stm32cubeide/plugins/com.st.stm32cube.ide.mcu.externaltools.gnu-tools-for-stm32.10.3-2021.10.win32_1.0.200.202301161003/tools/bin/../lib/gcc/arm-none-eabi/10.3.1/thumb/v7e-m+fp/hard/crti.o
 .ARM.attributes
                0x000000000000001e       0x34 c:/st/stm32cubeide_1.0.1/stm32cubeide/plugins/com.st.stm32cube.ide.mcu.externaltools.gnu-tools-for-stm32.10.3-2021.10.win32_1.0.200.202301161003/tools/bin/../lib/gcc/arm-none-eabi/10.3.1/thumb/v7e-m+fp/hard/crtbegin.o
 .ARM.attributes
                0x0000000000000052       0x21 ./Application/Startup/startup_stm32f401retx.o
 .ARM.attributes
                0x0000000000000073       0x34 ./Application/User/app_tof.o
 .ARM.attributes
                0x00000000000000a7       0x34 ./Application/User/app_tof_pin_conf.o
 .ARM.attributes
                0x00000000000000db       0x34 ./Application/User/main.o
 .ARM.attributes
                0x000000000000010f       0x34 ./Application/User/stm32f4xx_hal_msp.o
 .ARM.attributes
                0x0000000000000143       0x34 ./Application/User/stm32f4xx_it.o
 .ARM.attributes
                0x0000000000000177       0x34 ./Application/User/stm32f4xx_nucleo.o
 .ARM.attributes
                0x00000000000001ab       0x34 ./Application/User/stm32f4xx_nucleo_bus.o
 .ARM.attributes
                0x00000000000001df       0x34 ./Application/User/syscalls.o
 .ARM.attributes
                0x0000000000000213       0x34 ./Application/User/sysmem.o
 .ARM.attributes
                0x0000000000000247       0x34 ./Drivers/BSP/53L8A1/53l8a1_ranging_sensor.o
 .ARM.attributes
                0x000000000000027b       0x34 ./Drivers/BSP/Components/platform.o
 .ARM.attributes
                0x00000000000002af       0x34 ./Drivers/BSP/Components/vl53l8cx.o
 .ARM.attributes
                0x00000000000002e3       0x34 ./Drivers/BSP/Components/vl53l8cx_api.o
 .ARM.attributes
                0x0000000000000317       0x34 ./Drivers/BSP/Components/vl53l8cx_plugin_detection_thresholds.o
 .ARM.attributes
                0x000000000000034b       0x34 ./Drivers/CMSIS/system_stm32f4xx.o
 .ARM.attributes
                0x000000000000037f       0x34 ./Drivers/STM32F4xx_HAL_Driver/stm32f4xx_hal.o
 .ARM.attributes
                0x00000000000003b3       0x34 ./Drivers/STM32F4xx_HAL_Driver/stm32f4xx_hal_cortex.o
 .ARM.attributes
                0x00000000000003e7       0x34 ./Drivers/STM32F4xx_HAL_Driver/stm32f4xx_hal_exti.o
 .ARM.attributes
                0x000000000000041b       0x34 ./Drivers/STM32F4xx_HAL_Driver/stm32f4xx_hal_gpio.o
 .ARM.attributes
                0x000000000000044f       0x34 ./Drivers/STM32F4xx_HAL_Driver/stm32f4xx_hal_i2c.o
 .ARM.attributes
                0x0000000000000483       0x34 ./Drivers/STM32F4xx_HAL_Driver/stm32f4xx_hal_rcc.o
 .ARM.attributes
                0x00000000000004b7       0x34 ./Drivers/STM32F4xx_HAL_Driver/stm32f4xx_hal_rcc_ex.o
 .ARM.attributes
                0x00000000000004eb       0x34 ./Drivers/STM32F4xx_HAL_Driver/stm32f4xx_hal_rtc.o
 .ARM.attributes
                0x000000000000051f       0x34 ./Drivers/STM32F4xx_HAL_Driver/stm32f4xx_hal_uart.o
 .ARM.attributes
                0x0000000000000553       0x34 c:/st/stm32cubeide_1.0.1/stm32cubeide/plugins/com.st.stm32cube.ide.mcu.externaltools.gnu-tools-for-stm32.10.3-2021.10.win32_1.0.200.202301161003/tools/bin/../lib/gcc/arm-none-eabi/10.3.1/../../../../arm-none-eabi/lib/thumb/v7e-m+fp/hard\libc_nano.a(lib_a-errno.o)
 .ARM.attributes
                0x0000000000000587       0x34 c:/st/stm32cubeide_1.0.1/stm32cubeide/plugins/com.st.stm32cube.ide.mcu.externaltools.gnu-tools-for-stm32.10.3-2021.10.win32_1.0.200.202301161003/tools/bin/../lib/gcc/arm-none-eabi/10.3.1/../../../../arm-none-eabi/lib/thumb/v7e-m+fp/hard\libc_nano.a(lib_a-impure.o)
 .ARM.attributes
                0x00000000000005bb       0x34 c:/st/stm32cubeide_1.0.1/stm32cubeide/plugins/com.st.stm32cube.ide.mcu.externaltools.gnu-tools-for-stm32.10.3-2021.10.win32_1.0.200.202301161003/tools/bin/../lib/gcc/arm-none-eabi/10.3.1/../../../../arm-none-eabi/lib/thumb/v7e-m+fp/hard\libc_nano.a(lib_a-init.o)
 .ARM.attributes
                0x00000000000005ef       0x34 c:/st/stm32cubeide_1.0.1/stm32cubeide/plugins/com.st.stm32cube.ide.mcu.externaltools.gnu-tools-for-stm32.10.3-2021.10.win32_1.0.200.202301161003/tools/bin/../lib/gcc/arm-none-eabi/10.3.1/../../../../arm-none-eabi/lib/thumb/v7e-m+fp/hard\libc_nano.a(lib_a-memcpy-stub.o)
 .ARM.attributes
                0x0000000000000623       0x34 c:/st/stm32cubeide_1.0.1/stm32cubeide/plugins/com.st.stm32cube.ide.mcu.externaltools.gnu-tools-for-stm32.10.3-2021.10.win32_1.0.200.202301161003/tools/bin/../lib/gcc/arm-none-eabi/10.3.1/../../../../arm-none-eabi/lib/thumb/v7e-m+fp/hard\libc_nano.a(lib_a-memset.o)
 .ARM.attributes
                0x0000000000000657       0x34 c:/st/stm32cubeide_1.0.1/stm32cubeide/plugins/com.st.stm32cube.ide.mcu.externaltools.gnu-tools-for-stm32.10.3-2021.10.win32_1.0.200.202301161003/tools/bin/../lib/gcc/arm-none-eabi/10.3.1/../../../../arm-none-eabi/lib/thumb/v7e-m+fp/hard\libc_nano.a(lib_a-printf.o)
 .ARM.attributes
                0x000000000000068b       0x34 c:/st/stm32cubeide_1.0.1/stm32cubeide/plugins/com.st.stm32cube.ide.mcu.externaltools.gnu-tools-for-stm32.10.3-2021.10.win32_1.0.200.202301161003/tools/bin/../lib/gcc/arm-none-eabi/10.3.1/../../../../arm-none-eabi/lib/thumb/v7e-m+fp/hard\libc_nano.a(lib_a-putchar.o)
 .ARM.attributes
                0x00000000000006bf       0x34 c:/st/stm32cubeide_1.0.1/stm32cubeide/plugins/com.st.stm32cube.ide.mcu.externaltools.gnu-tools-for-stm32.10.3-2021.10.win32_1.0.200.202301161003/tools/bin/../lib/gcc/arm-none-eabi/10.3.1/../../../../arm-none-eabi/lib/thumb/v7e-m+fp/hard\libc_nano.a(lib_a-puts.o)
 .ARM.attributes
                0x00000000000006f3       0x34 c:/st/stm32cubeide_1.0.1/stm32cubeide/plugins/com.st.stm32cube.ide.mcu.externaltools.gnu-tools-for-stm32.10.3-2021.10.win32_1.0.200.202301161003/tools/bin/../lib/gcc/arm-none-eabi/10.3.1/../../../../arm-none-eabi/lib/thumb/v7e-m+fp/hard\libc_nano.a(lib_a-wbuf.o)
 .ARM.attributes
                0x0000000000000727       0x34 c:/st/stm32cubeide_1.0.1/stm32cubeide/plugins/com.st.stm32cube.ide.mcu.externaltools.gnu-tools-for-stm32.10.3-2021.10.win32_1.0.200.202301161003/tools/bin/../lib/gcc/arm-none-eabi/10.3.1/../../../../arm-none-eabi/lib/thumb/v7e-m+fp/hard\libc_nano.a(lib_a-wsetup.o)
 .ARM.attributes
                0x000000000000075b       0x34 c:/st/stm32cubeide_1.0.1/stm32cubeide/plugins/com.st.stm32cube.ide.mcu.externaltools.gnu-tools-for-stm32.10.3-2021.10.win32_1.0.200.202301161003/tools/bin/../lib/gcc/arm-none-eabi/10.3.1/../../../../arm-none-eabi/lib/thumb/v7e-m+fp/hard\libc_nano.a(lib_a-fflush.o)
 .ARM.attributes
                0x000000000000078f       0x34 c:/st/stm32cubeide_1.0.1/stm32cubeide/plugins/com.st.stm32cube.ide.mcu.externaltools.gnu-tools-for-stm32.10.3-2021.10.win32_1.0.200.202301161003/tools/bin/../lib/gcc/arm-none-eabi/10.3.1/../../../../arm-none-eabi/lib/thumb/v7e-m+fp/hard\libc_nano.a(lib_a-findfp.o)
 .ARM.attributes
                0x00000000000007c3       0x34 c:/st/stm32cubeide_1.0.1/stm32cubeide/plugins/com.st.stm32cube.ide.mcu.externaltools.gnu-tools-for-stm32.10.3-2021.10.win32_1.0.200.202301161003/tools/bin/../lib/gcc/arm-none-eabi/10.3.1/../../../../arm-none-eabi/lib/thumb/v7e-m+fp/hard\libc_nano.a(lib_a-fwalk.o)
 .ARM.attributes
                0x00000000000007f7       0x34 c:/st/stm32cubeide_1.0.1/stm32cubeide/plugins/com.st.stm32cube.ide.mcu.externaltools.gnu-tools-for-stm32.10.3-2021.10.win32_1.0.200.202301161003/tools/bin/../lib/gcc/arm-none-eabi/10.3.1/../../../../arm-none-eabi/lib/thumb/v7e-m+fp/hard\libc_nano.a(lib_a-lock.o)
 .ARM.attributes
                0x000000000000082b       0x34 c:/st/stm32cubeide_1.0.1/stm32cubeide/plugins/com.st.stm32cube.ide.mcu.externaltools.gnu-tools-for-stm32.10.3-2021.10.win32_1.0.200.202301161003/tools/bin/../lib/gcc/arm-none-eabi/10.3.1/../../../../arm-none-eabi/lib/thumb/v7e-m+fp/hard\libc_nano.a(lib_a-makebuf.o)
 .ARM.attributes
                0x000000000000085f       0x34 c:/st/stm32cubeide_1.0.1/stm32cubeide/plugins/com.st.stm32cube.ide.mcu.externaltools.gnu-tools-for-stm32.10.3-2021.10.win32_1.0.200.202301161003/tools/bin/../lib/gcc/arm-none-eabi/10.3.1/../../../../arm-none-eabi/lib/thumb/v7e-m+fp/hard\libc_nano.a(lib_a-nano-freer.o)
 .ARM.attributes
                0x0000000000000893       0x34 c:/st/stm32cubeide_1.0.1/stm32cubeide/plugins/com.st.stm32cube.ide.mcu.externaltools.gnu-tools-for-stm32.10.3-2021.10.win32_1.0.200.202301161003/tools/bin/../lib/gcc/arm-none-eabi/10.3.1/../../../../arm-none-eabi/lib/thumb/v7e-m+fp/hard\libc_nano.a(lib_a-nano-mallocr.o)
 .ARM.attributes
                0x00000000000008c7       0x34 c:/st/stm32cubeide_1.0.1/stm32cubeide/plugins/com.st.stm32cube.ide.mcu.externaltools.gnu-tools-for-stm32.10.3-2021.10.win32_1.0.200.202301161003/tools/bin/../lib/gcc/arm-none-eabi/10.3.1/../../../../arm-none-eabi/lib/thumb/v7e-m+fp/hard\libc_nano.a(lib_a-nano-vfprintf.o)
 .ARM.attributes
                0x00000000000008fb       0x34 c:/st/stm32cubeide_1.0.1/stm32cubeide/plugins/com.st.stm32cube.ide.mcu.externaltools.gnu-tools-for-stm32.10.3-2021.10.win32_1.0.200.202301161003/tools/bin/../lib/gcc/arm-none-eabi/10.3.1/../../../../arm-none-eabi/lib/thumb/v7e-m+fp/hard\libc_nano.a(lib_a-nano-vfprintf_i.o)
 .ARM.attributes
                0x000000000000092f       0x34 c:/st/stm32cubeide_1.0.1/stm32cubeide/plugins/com.st.stm32cube.ide.mcu.externaltools.gnu-tools-for-stm32.10.3-2021.10.win32_1.0.200.202301161003/tools/bin/../lib/gcc/arm-none-eabi/10.3.1/../../../../arm-none-eabi/lib/thumb/v7e-m+fp/hard\libc_nano.a(lib_a-putc.o)
 .ARM.attributes
                0x0000000000000963       0x34 c:/st/stm32cubeide_1.0.1/stm32cubeide/plugins/com.st.stm32cube.ide.mcu.externaltools.gnu-tools-for-stm32.10.3-2021.10.win32_1.0.200.202301161003/tools/bin/../lib/gcc/arm-none-eabi/10.3.1/../../../../arm-none-eabi/lib/thumb/v7e-m+fp/hard\libc_nano.a(lib_a-sbrkr.o)
 .ARM.attributes
                0x0000000000000997       0x34 c:/st/stm32cubeide_1.0.1/stm32cubeide/plugins/com.st.stm32cube.ide.mcu.externaltools.gnu-tools-for-stm32.10.3-2021.10.win32_1.0.200.202301161003/tools/bin/../lib/gcc/arm-none-eabi/10.3.1/../../../../arm-none-eabi/lib/thumb/v7e-m+fp/hard\libc_nano.a(lib_a-stdio.o)
 .ARM.attributes
                0x00000000000009cb       0x34 c:/st/stm32cubeide_1.0.1/stm32cubeide/plugins/com.st.stm32cube.ide.mcu.externaltools.gnu-tools-for-stm32.10.3-2021.10.win32_1.0.200.202301161003/tools/bin/../lib/gcc/arm-none-eabi/10.3.1/../../../../arm-none-eabi/lib/thumb/v7e-m+fp/hard\libc_nano.a(lib_a-writer.o)
 .ARM.attributes
                0x00000000000009ff       0x34 c:/st/stm32cubeide_1.0.1/stm32cubeide/plugins/com.st.stm32cube.ide.mcu.externaltools.gnu-tools-for-stm32.10.3-2021.10.win32_1.0.200.202301161003/tools/bin/../lib/gcc/arm-none-eabi/10.3.1/../../../../arm-none-eabi/lib/thumb/v7e-m+fp/hard\libc_nano.a(lib_a-closer.o)
 .ARM.attributes
                0x0000000000000a33       0x34 c:/st/stm32cubeide_1.0.1/stm32cubeide/plugins/com.st.stm32cube.ide.mcu.externaltools.gnu-tools-for-stm32.10.3-2021.10.win32_1.0.200.202301161003/tools/bin/../lib/gcc/arm-none-eabi/10.3.1/../../../../arm-none-eabi/lib/thumb/v7e-m+fp/hard\libc_nano.a(lib_a-fstatr.o)
 .ARM.attributes
                0x0000000000000a67       0x34 c:/st/stm32cubeide_1.0.1/stm32cubeide/plugins/com.st.stm32cube.ide.mcu.externaltools.gnu-tools-for-stm32.10.3-2021.10.win32_1.0.200.202301161003/tools/bin/../lib/gcc/arm-none-eabi/10.3.1/../../../../arm-none-eabi/lib/thumb/v7e-m+fp/hard\libc_nano.a(lib_a-isattyr.o)
 .ARM.attributes
                0x0000000000000a9b       0x34 c:/st/stm32cubeide_1.0.1/stm32cubeide/plugins/com.st.stm32cube.ide.mcu.externaltools.gnu-tools-for-stm32.10.3-2021.10.win32_1.0.200.202301161003/tools/bin/../lib/gcc/arm-none-eabi/10.3.1/../../../../arm-none-eabi/lib/thumb/v7e-m+fp/hard\libc_nano.a(lib_a-lseekr.o)
 .ARM.attributes
                0x0000000000000acf       0x1c c:/st/stm32cubeide_1.0.1/stm32cubeide/plugins/com.st.stm32cube.ide.mcu.externaltools.gnu-tools-for-stm32.10.3-2021.10.win32_1.0.200.202301161003/tools/bin/../lib/gcc/arm-none-eabi/10.3.1/../../../../arm-none-eabi/lib/thumb/v7e-m+fp/hard\libc_nano.a(lib_a-memchr.o)
 .ARM.attributes
                0x0000000000000aeb       0x34 c:/st/stm32cubeide_1.0.1/stm32cubeide/plugins/com.st.stm32cube.ide.mcu.externaltools.gnu-tools-for-stm32.10.3-2021.10.win32_1.0.200.202301161003/tools/bin/../lib/gcc/arm-none-eabi/10.3.1/../../../../arm-none-eabi/lib/thumb/v7e-m+fp/hard\libc_nano.a(lib_a-mlock.o)
 .ARM.attributes
                0x0000000000000b1f       0x34 c:/st/stm32cubeide_1.0.1/stm32cubeide/plugins/com.st.stm32cube.ide.mcu.externaltools.gnu-tools-for-stm32.10.3-2021.10.win32_1.0.200.202301161003/tools/bin/../lib/gcc/arm-none-eabi/10.3.1/../../../../arm-none-eabi/lib/thumb/v7e-m+fp/hard\libc_nano.a(lib_a-readr.o)
 .ARM.attributes
                0x0000000000000b53       0x34 c:/st/stm32cubeide_1.0.1/stm32cubeide/plugins/com.st.stm32cube.ide.mcu.externaltools.gnu-tools-for-stm32.10.3-2021.10.win32_1.0.200.202301161003/tools/bin/../lib/gcc/arm-none-eabi/10.3.1/../../../../arm-none-eabi/lib/thumb/v7e-m+fp/hard\libc_nano.a(lib_a-reent.o)
 .ARM.attributes
                0x0000000000000b87       0x1e c:/st/stm32cubeide_1.0.1/stm32cubeide/plugins/com.st.stm32cube.ide.mcu.externaltools.gnu-tools-for-stm32.10.3-2021.10.win32_1.0.200.202301161003/tools/bin/../lib/gcc/arm-none-eabi/10.3.1/thumb/v7e-m+fp/hard\libgcc.a(_aeabi_uldivmod.o)
 .ARM.attributes
                0x0000000000000ba5       0x34 c:/st/stm32cubeide_1.0.1/stm32cubeide/plugins/com.st.stm32cube.ide.mcu.externaltools.gnu-tools-for-stm32.10.3-2021.10.win32_1.0.200.202301161003/tools/bin/../lib/gcc/arm-none-eabi/10.3.1/thumb/v7e-m+fp/hard\libgcc.a(_udivmoddi4.o)
 .ARM.attributes
                0x0000000000000bd9       0x1e c:/st/stm32cubeide_1.0.1/stm32cubeide/plugins/com.st.stm32cube.ide.mcu.externaltools.gnu-tools-for-stm32.10.3-2021.10.win32_1.0.200.202301161003/tools/bin/../lib/gcc/arm-none-eabi/10.3.1/thumb/v7e-m+fp/hard\libgcc.a(_dvmd_tls.o)
 .ARM.attributes
                0x0000000000000bf7       0x1e c:/st/stm32cubeide_1.0.1/stm32cubeide/plugins/com.st.stm32cube.ide.mcu.externaltools.gnu-tools-for-stm32.10.3-2021.10.win32_1.0.200.202301161003/tools/bin/../lib/gcc/arm-none-eabi/10.3.1/thumb/v7e-m+fp/hard/crtn.o
OUTPUT(53L8A1_SimpleRanging.elf elf32-littlearm)
LOAD linker stubs
LOAD c:/st/stm32cubeide_1.0.1/stm32cubeide/plugins/com.st.stm32cube.ide.mcu.externaltools.gnu-tools-for-stm32.10.3-2021.10.win32_1.0.200.202301161003/tools/bin/../lib/gcc/arm-none-eabi/10.3.1/../../../../arm-none-eabi/lib/thumb/v7e-m+fp/hard\libc.a
LOAD c:/st/stm32cubeide_1.0.1/stm32cubeide/plugins/com.st.stm32cube.ide.mcu.externaltools.gnu-tools-for-stm32.10.3-2021.10.win32_1.0.200.202301161003/tools/bin/../lib/gcc/arm-none-eabi/10.3.1/../../../../arm-none-eabi/lib/thumb/v7e-m+fp/hard\libm.a
LOAD c:/st/stm32cubeide_1.0.1/stm32cubeide/plugins/com.st.stm32cube.ide.mcu.externaltools.gnu-tools-for-stm32.10.3-2021.10.win32_1.0.200.202301161003/tools/bin/../lib/gcc/arm-none-eabi/10.3.1/thumb/v7e-m+fp/hard\libgcc.a

.debug_line     0x0000000000000000    0x1565d
 .debug_line    0x0000000000000000       0x8f ./Application/Startup/startup_stm32f401retx.o