Archive member included to satisfy reference by file (symbol)

/usr/local/gnuarm/bin/../lib/gcc/arm-none-eabi/5.3.1/../../../../arm-none-eabi/lib/armv7e-m/fpu/libc_nano.a(lib_a-errno.o)
                              Src/syscalls.o (__errno)
/usr/local/gnuarm/bin/../lib/gcc/arm-none-eabi/5.3.1/../../../../arm-none-eabi/lib/armv7e-m/fpu/libc_nano.a(lib_a-exit.o)
                              /usr/local/gnuarm/bin/../lib/gcc/arm-none-eabi/5.3.1/../../../../arm-none-eabi/lib/armv7e-m/fpu/crt0.o (exit)
/usr/local/gnuarm/bin/../lib/gcc/arm-none-eabi/5.3.1/../../../../arm-none-eabi/lib/armv7e-m/fpu/libc_nano.a(lib_a-impure.o)
                              /usr/local/gnuarm/bin/../lib/gcc/arm-none-eabi/5.3.1/../../../../arm-none-eabi/lib/armv7e-m/fpu/libc_nano.a(lib_a-exit.o) (_global_impure_ptr)
/usr/local/gnuarm/bin/../lib/gcc/arm-none-eabi/5.3.1/../../../../arm-none-eabi/lib/armv7e-m/fpu/libc_nano.a(lib_a-init.o)
                              /usr/local/gnuarm/bin/../lib/gcc/arm-none-eabi/5.3.1/../../../../arm-none-eabi/lib/armv7e-m/fpu/crt0.o (__libc_init_array)
/usr/local/gnuarm/bin/../lib/gcc/arm-none-eabi/5.3.1/../../../../arm-none-eabi/lib/armv7e-m/fpu/libc_nano.a(lib_a-memset.o)
                              /usr/local/gnuarm/bin/../lib/gcc/arm-none-eabi/5.3.1/../../../../arm-none-eabi/lib/armv7e-m/fpu/crt0.o (memset)

Allocating common symbols
Common symbol       size              file

uwTick              0x4               Drivers/STM32L4xx_HAL_Driver/Src/stm32l4xx_hal.o

Discarded input sections

 .text          0x00000000        0x0 /usr/local/gnuarm/bin/../lib/gcc/arm-none-eabi/5.3.1/armv7e-m/fpu/crti.o
 .data          0x00000000        0x0 /usr/local/gnuarm/bin/../lib/gcc/arm-none-eabi/5.3.1/armv7e-m/fpu/crti.o
 .bss           0x00000000        0x0 /usr/local/gnuarm/bin/../lib/gcc/arm-none-eabi/5.3.1/armv7e-m/fpu/crti.o
 .data          0x00000000        0x4 /usr/local/gnuarm/bin/../lib/gcc/arm-none-eabi/5.3.1/armv7e-m/fpu/crtbegin.o
 .text          0x00000000       0x74 /usr/local/gnuarm/bin/../lib/gcc/arm-none-eabi/5.3.1/../../../../arm-none-eabi/lib/armv7e-m/fpu/crt0.o
 .data          0x00000000        0x0 /usr/local/gnuarm/bin/../lib/gcc/arm-none-eabi/5.3.1/../../../../arm-none-eabi/lib/armv7e-m/fpu/crt0.o
 .bss           0x00000000        0x0 /usr/local/gnuarm/bin/../lib/gcc/arm-none-eabi/5.3.1/../../../../arm-none-eabi/lib/armv7e-m/fpu/crt0.o
 .ARM.extab     0x00000000        0x0 /usr/local/gnuarm/bin/../lib/gcc/arm-none-eabi/5.3.1/../../../../arm-none-eabi/lib/armv7e-m/fpu/crt0.o
 .ARM.exidx     0x00000000        0x8 /usr/local/gnuarm/bin/../lib/gcc/arm-none-eabi/5.3.1/../../../../arm-none-eabi/lib/armv7e-m/fpu/crt0.o
 .ARM.attributes
                0x00000000       0x20 /usr/local/gnuarm/bin/../lib/gcc/arm-none-eabi/5.3.1/../../../../arm-none-eabi/lib/armv7e-m/fpu/crt0.o
 .group         0x00000000        0x8 Drivers/STM32L4xx_HAL_Driver/Src/stm32l4xx_hal.o
 .group         0x00000000        0x8 Drivers/STM32L4xx_HAL_Driver/Src/stm32l4xx_hal.o
 .group         0x00000000        0x8 Drivers/STM32L4xx_HAL_Driver/Src/stm32l4xx_hal.o
 .group         0x00000000        0x8 Drivers/STM32L4xx_HAL_Driver/Src/stm32l4xx_hal.o
 .group         0x00000000        0x8 Drivers/STM32L4xx_HAL_Driver/Src/stm32l4xx_hal.o
 .group         0x00000000        0x8 Drivers/STM32L4xx_HAL_Driver/Src/stm32l4xx_hal.o
 .group         0x00000000        0x8 Drivers/STM32L4xx_HAL_Driver/Src/stm32l4xx_hal.o
 .group         0x00000000        0x8 Drivers/STM32L4xx_HAL_Driver/Src/stm32l4xx_hal.o
 .group         0x00000000        0x8 Drivers/STM32L4xx_HAL_Driver/Src/stm32l4xx_hal.o
 .group         0x00000000        0x8 Drivers/STM32L4xx_HAL_Driver/Src/stm32l4xx_hal.o
 .group         0x00000000        0x8 Drivers/STM32L4xx_HAL_Driver/Src/stm32l4xx_hal.o
 .group         0x00000000        0x8 Drivers/STM32L4xx_HAL_Driver/Src/stm32l4xx_hal.o
 .group         0x00000000        0x8 Drivers/STM32L4xx_HAL_Driver/Src/stm32l4xx_hal.o
 .group         0x00000000        0x8 Drivers/STM32L4xx_HAL_Driver/Src/stm32l4xx_hal.o
 .group         0x00000000        0x8 Drivers/STM32L4xx_HAL_Driver/Src/stm32l4xx_hal.o
 .group         0x00000000        0x8 Drivers/STM32L4xx_HAL_Driver/Src/stm32l4xx_hal.o
 .group         0x00000000        0x8 Drivers/STM32L4xx_HAL_Driver/Src/stm32l4xx_hal.o
 .group         0x00000000        0x8 Drivers/STM32L4xx_HAL_Driver/Src/stm32l4xx_hal.o
 .group         0x00000000        0x8 Drivers/STM32L4xx_HAL_Driver/Src/stm32l4xx_hal.o
 .group         0x00000000        0x8 Drivers/STM32L4xx_HAL_Driver/Src/stm32l4xx_hal.o
 .group         0x00000000        0x8 Drivers/STM32L4xx_HAL_Driver/Src/stm32l4xx_hal.o
 .group         0x00000000        0x8 Drivers/STM32L4xx_HAL_Driver/Src/stm32l4xx_hal.o
 .group         0x00000000        0x8 Drivers/STM32L4xx_HAL_Driver/Src/stm32l4xx_hal.o
 .group         0x00000000        0x8 Drivers/STM32L4xx_HAL_Driver/Src/stm32l4xx_hal.o
[...]
Memory Configuration

Name             Origin             Length             Attributes
RAM              0x20000000         0x00010000         xrw
FLASH            0x08000000         0x00040000         xr
*default*        0x00000000         0xffffffff

Linker script and memory map

LOAD /usr/local/gnuarm/bin/../lib/gcc/arm-none-eabi/5.3.1/armv7e-m/fpu/crti.o
LOAD /usr/local/gnuarm/bin/../lib/gcc/arm-none-eabi/5.3.1/armv7e-m/fpu/crtbegin.o
LOAD /usr/local/gnuarm/bin/../lib/gcc/arm-none-eabi/5.3.1/../../../../arm-none-eabi/lib/armv7e-m/fpu/crt0.o
LOAD Drivers/STM32L4xx_HAL_Driver/Src/stm32l4xx_hal.o
LOAD Drivers/STM32L4xx_HAL_Driver/Src/stm32l4xx_hal_cortex.o
LOAD Drivers/STM32L4xx_HAL_Driver/Src/stm32l4xx_hal_dma.o
LOAD Drivers/STM32L4xx_HAL_Driver/Src/stm32l4xx_hal_dma_ex.o
LOAD Drivers/STM32L4xx_HAL_Driver/Src/stm32l4xx_hal_exti.o
LOAD Drivers/STM32L4xx_HAL_Driver/Src/stm32l4xx_hal_flash.o
LOAD Drivers/STM32L4xx_HAL_Driver/Src/stm32l4xx_hal_flash_ex.o
LOAD Drivers/STM32L4xx_HAL_Driver/Src/stm32l4xx_hal_flash_ramfunc.o
LOAD Drivers/STM32L4xx_HAL_Driver/Src/stm32l4xx_hal_gpio.o
LOAD Drivers/STM32L4xx_HAL_Driver/Src/stm32l4xx_hal_i2c.o
LOAD Drivers/STM32L4xx_HAL_Driver/Src/stm32l4xx_hal_i2c_ex.o
LOAD Drivers/STM32L4xx_HAL_Driver/Src/stm32l4xx_hal_pwr.o
LOAD Drivers/STM32L4xx_HAL_Driver/Src/stm32l4xx_hal_pwr_ex.o
LOAD Drivers/STM32L4xx_HAL_Driver/Src/stm32l4xx_hal_rcc.o
LOAD Drivers/STM32L4xx_HAL_Driver/Src/stm32l4xx_hal_rcc_ex.o
LOAD Drivers/STM32L4xx_HAL_Driver/Src/stm32l4xx_hal_tim.o
LOAD Drivers/STM32L4xx_HAL_Driver/Src/stm32l4xx_hal_tim_ex.o
LOAD Src/main.o
LOAD Src/stm32l4xx_hal_msp.o
LOAD Src/stm32l4xx_it.o
LOAD Src/syscalls.o
LOAD Src/system_stm32l4xx.o
LOAD startup/startup_stm32l443xx.o
LOAD /usr/local/gnuarm/bin/../lib/gcc/arm-none-eabi/5.3.1/../../../../arm-none-eabi/lib/armv7e-m/fpu/libm.a
START GROUP
LOAD /usr/local/gnuarm/bin/../lib/gcc/arm-none-eabi/5.3.1/armv7e-m/fpu/libgcc.a
LOAD /usr/local/gnuarm/bin/../lib/gcc/arm-none-eabi/5.3.1/../../../../arm-none-eabi/lib/armv7e-m/fpu/libc_nano.a
END GROUP
START GROUP
LOAD /usr/local/gnuarm/bin/../lib/gcc/arm-none-eabi/5.3.1/armv7e-m/fpu/libgcc.a
LOAD /usr/local/gnuarm/bin/../lib/gcc/arm-none-eabi/5.3.1/../../../../arm-none-eabi/lib/armv7e-m/fpu/libc_nano.a
LOAD /usr/local/gnuarm/bin/../lib/gcc/arm-none-eabi/5.3.1/../../../../arm-none-eabi/lib/armv7e-m/fpu/libnosys.a
END GROUP
START GROUP
LOAD /usr/local/gnuarm/bin/../lib/gcc/arm-none-eabi/5.3.1/armv7e-m/fpu/libgcc.a
LOAD /usr/local/gnuarm/bin/../lib/gcc/arm-none-eabi/5.3.1/../../../../arm-none-eabi/lib/armv7e-m/fpu/libc_nano.a
LOAD /usr/local/gnuarm/bin/../lib/gcc/arm-none-eabi/5.3.1/../../../../arm-none-eabi/lib/armv7e-m/fpu/libnosys.a
END GROUP
LOAD /usr/local/gnuarm/bin/../lib/gcc/arm-none-eabi/5.3.1/armv7e-m/fpu/crtend.o
LOAD /usr/local/gnuarm/bin/../lib/gcc/arm-none-eabi/5.3.1/armv7e-m/fpu/crtn.o
                0x20010000                _estack = 0x20010000
                0x00000200                _Min_Heap_Size = 0x200
                0x00000400                _Min_Stack_Size = 0x400

.isr_vector     0x08000000      0x190
                0x08000000                . = ALIGN (0x8)
 *(.isr_vector)
 .isr_vector    0x08000000      0x18c startup/startup_stm32l443xx.o
                0x08000000                g_pfnVectors
                0x08000190                . = ALIGN (0x8)
 *fill*         0x0800018c        0x4 

.text           0x08000190      0xec0
                0x08000190                . = ALIGN (0x8)
 *(.text)
 .text          0x08000190       0x5c /usr/local/gnuarm/bin/../lib/gcc/arm-none-eabi/5.3.1/armv7e-m/fpu/crtbegin.o
 *(.text*)
 .text.HAL_InitTick
                0x080001ec       0x34 Drivers/STM32L4xx_HAL_Driver/Src/stm32l4xx_hal.o
                0x080001ec                HAL_InitTick
 .text.HAL_Init
                0x08000220       0x1c Drivers/STM32L4xx_HAL_Driver/Src/stm32l4xx_hal.o
                0x08000220                HAL_Init
 .text.HAL_IncTick
                0x0800023c       0x10 Drivers/STM32L4xx_HAL_Driver/Src/stm32l4xx_hal.o
                0x0800023c                HAL_IncTick
 .text.HAL_GetTick
                0x0800024c        0xc Drivers/STM32L4xx_HAL_Driver/Src/stm32l4xx_hal.o
                0x0800024c                HAL_GetTick
 .text.HAL_NVIC_SetPriorityGrouping
                0x08000258       0x24 Drivers/STM32L4xx_HAL_Driver/Src/stm32l4xx_hal_cortex.o
                0x08000258                HAL_NVIC_SetPriorityGrouping
 .text.HAL_NVIC_SetPriority
                0x0800027c       0x64 Drivers/STM32L4xx_HAL_Driver/Src/stm32l4xx_hal_cortex.o
                0x0800027c                HAL_NVIC_SetPriority
 .text.HAL_SYSTICK_Config
                0x080002e0       0x2c Drivers/STM32L4xx_HAL_Driver/Src/stm32l4xx_hal_cortex.o
                0x080002e0                HAL_SYSTICK_Config
 .text.HAL_GPIO_Init
                0x0800030c      0x194 Drivers/STM32L4xx_HAL_Driver/Src/stm32l4xx_hal_gpio.o
                0x0800030c                HAL_GPIO_Init
 .text.HAL_GPIO_WritePin
                0x080004a0        0xc Drivers/STM32L4xx_HAL_Driver/Src/stm32l4xx_hal_gpio.o
                0x080004a0                HAL_GPIO_WritePin
 .text.HAL_PWREx_GetVoltageRange
                0x080004ac       0x10 Drivers/STM32L4xx_HAL_Driver/Src/stm32l4xx_hal_pwr_ex.o
                0x080004ac                HAL_PWREx_GetVoltageRange
 .text.HAL_PWREx_ControlVoltageScaling
                0x080004bc       0x90 Drivers/STM32L4xx_HAL_Driver/Src/stm32l4xx_hal_pwr_ex.o
                0x080004bc                HAL_PWREx_ControlVoltageScaling
 .text.RCC_SetFlashLatencyFromMSIRange
                0x0800054c       0x90 Drivers/STM32L4xx_HAL_Driver/Src/stm32l4xx_hal_rcc.o
 .text.HAL_RCC_GetSysClockFreq
                0x080005dc       0xd8 Drivers/STM32L4xx_HAL_Driver/Src/stm32l4xx_hal_rcc.o
                0x080005dc                HAL_RCC_GetSysClockFreq
 .text.HAL_RCC_OscConfig
                0x080006b4      0x5ec Drivers/STM32L4xx_HAL_Driver/Src/stm32l4xx_hal_rcc.o
                0x080006b4                HAL_RCC_OscConfig
 .text.HAL_RCC_ClockConfig
                0x08000ca0      0x15c Drivers/STM32L4xx_HAL_Driver/Src/stm32l4xx_hal_rcc.o
                0x08000ca0                HAL_RCC_ClockConfig
 .text.MX_GPIO_Init
                0x08000dfc       0x78 Src/main.o
 .text.SystemClock_Config
                0x08000e74       0x60 Src/main.o
                0x08000e74                SystemClock_Config
 .text.main     0x08000ed4       0x10 Src/main.o
                0x08000ed4                main
 .text.HAL_MspInit
                0x08000ee4       0x30 Src/stm32l4xx_hal_msp.o
                0x08000ee4                HAL_MspInit
 .text.NMI_Handler
                0x08000f14        0x4 Src/stm32l4xx_it.o
                0x08000f14                NMI_Handler
 .text.HardFault_Handler
                0x08000f18        0x4 Src/stm32l4xx_it.o
                0x08000f18                HardFault_Handler
 .text.MemManage_Handler
                0x08000f1c        0x4 Src/stm32l4xx_it.o
                0x08000f1c                MemManage_Handler
 .text.BusFault_Handler
                0x08000f20        0x4 Src/stm32l4xx_it.o
                0x08000f20                BusFault_Handler
 .text.UsageFault_Handler
                0x08000f24        0x4 Src/stm32l4xx_it.o
                0x08000f24                UsageFault_Handler
 .text.SVC_Handler
                0x08000f28        0x4 Src/stm32l4xx_it.o
                0x08000f28                SVC_Handler
 .text.DebugMon_Handler
                0x08000f2c        0x4 Src/stm32l4xx_it.o
                0x08000f2c                DebugMon_Handler
 .text.PendSV_Handler
                0x08000f30        0x4 Src/stm32l4xx_it.o
                0x08000f30                PendSV_Handler
 .text.SysTick_Handler
                0x08000f34        0x8 Src/stm32l4xx_it.o
                0x08000f34                SysTick_Handler
 .text.SystemInit
                0x08000f3c       0x48 Src/system_stm32l4xx.o
                0x08000f3c                SystemInit
 .text.Reset_Handler
                0x08000f84       0x50 startup/startup_stm32l443xx.o
                0x08000f84                Reset_Handler
 .text.Default_Handler
                0x08000fd4        0x2 startup/startup_stm32l443xx.o
                0x08000fd4                RTC_Alarm_IRQHandler
                0x08000fd4                EXTI2_IRQHandler
                0x08000fd4                TIM1_CC_IRQHandler
                0x08000fd4                TSC_IRQHandler
                0x08000fd4                TAMP_STAMP_IRQHandler
                0x08000fd4                EXTI3_IRQHandler
                0x08000fd4                LPTIM2_IRQHandler
                0x08000fd4                I2C3_ER_IRQHandler
                0x08000fd4                EXTI0_IRQHandler
                0x08000fd4                I2C2_EV_IRQHandler
                0x08000fd4                CAN1_RX0_IRQHandler
                0x08000fd4                FPU_IRQHandler
                0x08000fd4                TIM1_UP_TIM16_IRQHandler
                0x08000fd4                SPI1_IRQHandler
                0x08000fd4                TIM6_DAC_IRQHandler
                0x08000fd4                DMA2_Channel2_IRQHandler
                0x08000fd4                DMA1_Channel4_IRQHandler
                0x08000fd4                ADC1_IRQHandler
                0x08000fd4                USART3_IRQHandler
                0x08000fd4                DMA1_Channel7_IRQHandler
                0x08000fd4                CAN1_RX1_IRQHandler
                0x08000fd4                LCD_IRQHandler
                0x08000fd4                DMA2_Channel1_IRQHandler
                0x08000fd4                QUADSPI_IRQHandler
                0x08000fd4                I2C1_EV_IRQHandler
                0x08000fd4                DMA1_Channel6_IRQHandler
                0x08000fd4                DMA2_Channel4_IRQHandler
                0x08000fd4                RCC_IRQHandler
                0x08000fd4                TIM1_TRG_COM_IRQHandler
                0x08000fd4                DMA1_Channel1_IRQHandler
                0x08000fd4                Default_Handler
                0x08000fd4                DMA2_Channel7_IRQHandler
                0x08000fd4                EXTI15_10_IRQHandler
                0x08000fd4                TIM7_IRQHandler
                0x08000fd4                SDMMC1_IRQHandler
                0x08000fd4                I2C3_EV_IRQHandler
                0x08000fd4                USB_IRQHandler
                0x08000fd4                EXTI9_5_IRQHandler
                0x08000fd4                RTC_WKUP_IRQHandler
                0x08000fd4                PVD_PVM_IRQHandler
                0x08000fd4                SPI2_IRQHandler
                0x08000fd4                CAN1_TX_IRQHandler
                0x08000fd4                DMA2_Channel5_IRQHandler
                0x08000fd4                CRS_IRQHandler
                0x08000fd4                DMA1_Channel5_IRQHandler
                0x08000fd4                EXTI4_IRQHandler
                0x08000fd4                RNG_IRQHandler
                0x08000fd4                DMA1_Channel3_IRQHandler
                0x08000fd4                COMP_IRQHandler
                0x08000fd4                WWDG_IRQHandler
                0x08000fd4                LPUART1_IRQHandler
                0x08000fd4                DMA2_Channel6_IRQHandler
                0x08000fd4                TIM2_IRQHandler
                0x08000fd4                EXTI1_IRQHandler
                0x08000fd4                AES_IRQHandler
                0x08000fd4                USART2_IRQHandler
                0x08000fd4                I2C2_ER_IRQHandler
                0x08000fd4                DMA1_Channel2_IRQHandler
                0x08000fd4                CAN1_SCE_IRQHandler
                0x08000fd4                FLASH_IRQHandler
                0x08000fd4                USART1_IRQHandler
                0x08000fd4                SPI3_IRQHandler
                0x08000fd4                I2C1_ER_IRQHandler
                0x08000fd4                SWPMI1_IRQHandler
                0x08000fd4                LPTIM1_IRQHandler
                0x08000fd4                SAI1_IRQHandler
                0x08000fd4                DMA2_Channel3_IRQHandler
                0x08000fd4                TIM1_BRK_TIM15_IRQHandler
 *fill*         0x08000fd6        0x2 
 .text.__libc_init_array
                0x08000fd8       0x4c /usr/local/gnuarm/bin/../lib/gcc/arm-none-eabi/5.3.1/../../../../arm-none-eabi/lib/armv7e-m/fpu/libc_nano.a(lib_a-init.o)
                0x08000fd8                __libc_init_array
 .text.memset   0x08001024       0x10 /usr/local/gnuarm/bin/../lib/gcc/arm-none-eabi/5.3.1/../../../../arm-none-eabi/lib/armv7e-m/fpu/libc_nano.a(lib_a-memset.o)
                0x08001024                memset
 *(.glue_7)
 .glue_7        0x08001034        0x0 linker stubs
 *(.glue_7t)
 .glue_7t       0x08001034        0x0 linker stubs
 *(.eh_frame)
 .eh_frame      0x08001034        0x0 /usr/local/gnuarm/bin/../lib/gcc/arm-none-eabi/5.3.1/armv7e-m/fpu/crtbegin.o
 *(.init)
 .init          0x08001034        0x4 /usr/local/gnuarm/bin/../lib/gcc/arm-none-eabi/5.3.1/armv7e-m/fpu/crti.o
                0x08001034                _init
 .init          0x08001038        0x8 /usr/local/gnuarm/bin/../lib/gcc/arm-none-eabi/5.3.1/armv7e-m/fpu/crtn.o
 *(.fini)
 .fini          0x08001040        0x4 /usr/local/gnuarm/bin/../lib/gcc/arm-none-eabi/5.3.1/armv7e-m/fpu/crti.o
                0x08001040                _fini
 .fini          0x08001044        0x8 /usr/local/gnuarm/bin/../lib/gcc/arm-none-eabi/5.3.1/armv7e-m/fpu/crtn.o
                0x08001050                . = ALIGN (0x8)
 *fill*         0x0800104c        0x4 
                0x08001050                _etext = .

.vfp11_veneer   0x08001050        0x0
 .vfp11_veneer  0x08001050        0x0 linker stubs

.v4_bx          0x08001050        0x0
 .v4_bx         0x08001050        0x0 linker stubs

.iplt           0x08001050        0x0
 .iplt          0x08001050        0x0 /usr/local/gnuarm/bin/../lib/gcc/arm-none-eabi/5.3.1/armv7e-m/fpu/crtbegin.o

.rodata         0x08001050       0x48
                0x08001050                . = ALIGN (0x8)
 *(.rodata)
 .rodata        0x08001050       0x48 Src/system_stm32l4xx.o
                0x08001050                MSIRangeTable
                0x08001080                AHBPrescTable
                0x08001090                APBPrescTable
 *(.rodata*)
                0x08001098                . = ALIGN (0x8)

.rel.dyn        0x08001098        0x0
 .rel.iplt      0x08001098        0x0 /usr/local/gnuarm/bin/../lib/gcc/arm-none-eabi/5.3.1/armv7e-m/fpu/crtbegin.o

.ARM.extab      0x08001098        0x0
                0x08001098                . = ALIGN (0x8)
 *(.ARM.extab* .gnu.linkonce.armextab.*)
                0x08001098                . = ALIGN (0x8)

.ARM            0x08001098        0x0
                0x08001098                . = ALIGN (0x8)
                0x08001098                __exidx_start = .
 *(.ARM.exidx*)
                0x08001098                __exidx_end = .
                0x08001098                . = ALIGN (0x8)

.preinit_array  0x08001098        0x0
                0x08001098                . = ALIGN (0x8)
                0x08001098                PROVIDE (__preinit_array_start, .)
 *(.preinit_array*)
                0x08001098                PROVIDE (__preinit_array_end, .)
                0x08001098                . = ALIGN (0x8)

.init_array     0x08001098        0x8
                0x08001098                . = ALIGN (0x8)
                0x08001098                PROVIDE (__init_array_start, .)
 *(SORT(.init_array.*))
 *(.init_array*)
 .init_array    0x08001098        0x4 /usr/local/gnuarm/bin/../lib/gcc/arm-none-eabi/5.3.1/armv7e-m/fpu/crtbegin.o
                0x0800109c                PROVIDE (__init_array_end, .)
                0x080010a0                . = ALIGN (0x8)
 *fill*         0x0800109c        0x4 

.fini_array     0x080010a0        0x8
                0x080010a0                . = ALIGN (0x8)
                [!provide]                PROVIDE (__fini_array_start, .)
 *(SORT(.fini_array.*))
 *(.fini_array*)
 .fini_array    0x080010a0        0x4 /usr/local/gnuarm/bin/../lib/gcc/arm-none-eabi/5.3.1/armv7e-m/fpu/crtbegin.o
                [!provide]                PROVIDE (__fini_array_end, .)
                0x080010a8                . = ALIGN (0x8)
 *fill*         0x080010a4        0x4 
                0x080010a8                _sidata = LOADADDR (.data)

.data           0x20000000        0x8 load address 0x080010a8
                0x20000000                . = ALIGN (0x8)
                0x20000000                _sdata = .
 *(.data)
 .data          0x20000000        0x4 Src/system_stm32l4xx.o
                0x20000000                SystemCoreClock
 *(.data*)
                0x20000008                . = ALIGN (0x8)
 *fill*         0x20000004        0x4 
                0x20000008                _edata = .

.jcr            0x20000008        0x0 load address 0x080010b0
 .jcr           0x20000008        0x0 /usr/local/gnuarm/bin/../lib/gcc/arm-none-eabi/5.3.1/armv7e-m/fpu/crtbegin.o

.igot.plt       0x20000008        0x0 load address 0x080010b0
 .igot.plt      0x20000008        0x0 /usr/local/gnuarm/bin/../lib/gcc/arm-none-eabi/5.3.1/armv7e-m/fpu/crtbegin.o
                0x20000008                . = ALIGN (0x4)

.bss            0x20000008       0x20 load address 0x080010b0
                0x20000008                _sbss = .
                0x20000008                __bss_start__ = _sbss
 *(.bss)
 .bss           0x20000008       0x1c /usr/local/gnuarm/bin/../lib/gcc/arm-none-eabi/5.3.1/armv7e-m/fpu/crtbegin.o
 *(.bss*)
 *(COMMON)
 COMMON         0x20000024        0x4 Drivers/STM32L4xx_HAL_Driver/Src/stm32l4xx_hal.o
                0x20000024                uwTick
                0x20000028                . = ALIGN (0x4)
                0x20000028                _ebss = .
                0x20000028                __bss_end__ = _ebss

._user_heap_stack
                0x20000028      0x600 load address 0x080010b0
                0x20000028                . = ALIGN (0x8)
                0x20000028                PROVIDE (end, .)
                [!provide]                PROVIDE (_end, .)
                0x20000228                . = (. + _Min_Heap_Size)
 *fill*         0x20000028      0x200 
                0x20000628                . = (. + _Min_Stack_Size)
 *fill*         0x20000228      0x400 
                0x20000628                . = ALIGN (0x8)

/DISCARD/
 libc.a(*)
 libm.a(*)
 libgcc.a(*)

.ARM.attributes
                0x00000000       0x30
 *(.ARM.attributes)
 .ARM.attributes
                0x00000000       0x22 /usr/local/gnuarm/bin/../lib/gcc/arm-none-eabi/5.3.1/armv7e-m/fpu/crti.o
 .ARM.attributes
                0x00000022       0x34 /usr/local/gnuarm/bin/../lib/gcc/arm-none-eabi/5.3.1/armv7e-m/fpu/crtbegin.o
 .ARM.attributes
                0x00000056       0x39 Drivers/STM32L4xx_HAL_Driver/Src/stm32l4xx_hal.o
 .ARM.attributes
                0x0000008f       0x39 Drivers/STM32L4xx_HAL_Driver/Src/stm32l4xx_hal_cortex.o
 .ARM.attributes
                0x000000c8       0x39 Drivers/STM32L4xx_HAL_Driver/Src/stm32l4xx_hal_gpio.o
 .ARM.attributes
                0x00000101       0x39 Drivers/STM32L4xx_HAL_Driver/Src/stm32l4xx_hal_pwr_ex.o
 .ARM.attributes
                0x0000013a       0x39 Drivers/STM32L4xx_HAL_Driver/Src/stm32l4xx_hal_rcc.o
 .ARM.attributes
                0x00000173       0x39 Src/main.o
 .ARM.attributes
                0x000001ac       0x39 Src/stm32l4xx_hal_msp.o
 .ARM.attributes
                0x000001e5       0x39 Src/stm32l4xx_it.o
 .ARM.attributes
                0x0000021e       0x39 Src/system_stm32l4xx.o
 .ARM.attributes
                0x00000257       0x21 startup/startup_stm32l443xx.o
 .ARM.attributes
                0x00000278       0x34 /usr/local/gnuarm/bin/../lib/gcc/arm-none-eabi/5.3.1/../../../../arm-none-eabi/lib/armv7e-m/fpu/libc_nano.a(lib_a-init.o)
 .ARM.attributes
                0x000002ac       0x34 /usr/local/gnuarm/bin/../lib/gcc/arm-none-eabi/5.3.1/../../../../arm-none-eabi/lib/armv7e-m/fpu/libc_nano.a(lib_a-memset.o)
 .ARM.attributes
                0x000002e0       0x22 /usr/local/gnuarm/bin/../lib/gcc/arm-none-eabi/5.3.1/armv7e-m/fpu/crtn.o
OUTPUT(bluepill+.elf elf32-littlearm)

.debug_info     0x00000000     0x4a79
 .debug_info    0x00000000      0xa1d Drivers/STM32L4xx_HAL_Driver/Src/stm32l4xx_hal.o
 .debug_info    0x00000a1d      0xebc Drivers/STM32L4xx_HAL_Driver/Src/stm32l4xx_hal_cortex.o
 .debug_info    0x000018d9      0x7c8 Drivers/STM32L4xx_HAL_Driver/Src/stm32l4xx_hal_gpio.o
 .debug_info    0x000020a1      0xa15 Drivers/STM32L4xx_HAL_Driver/Src/stm32l4xx_hal_pwr_ex.o
 .debug_info    0x00002ab6      0xde1 Drivers/STM32L4xx_HAL_Driver/Src/stm32l4xx_hal_rcc.o
 .debug_info    0x00003897      0x74a Src/main.o
 .debug_info    0x00003fe1      0x31a Src/stm32l4xx_hal_msp.o
 .debug_info    0x000042fb      0x158 Src/stm32l4xx_it.o
 .debug_info    0x00004453      0x5b8 Src/system_stm32l4xx.o
 .debug_info    0x00004a0b       0x6e startup/startup_stm32l443xx.o

.debug_abbrev   0x00000000      0xf30
 .debug_abbrev  0x00000000      0x1fe Drivers/STM32L4xx_HAL_Driver/Src/stm32l4xx_hal.o
 .debug_abbrev  0x000001fe      0x2e2 Drivers/STM32L4xx_HAL_Driver/Src/stm32l4xx_hal_cortex.o
 .debug_abbrev  0x000004e0      0x1c4 Drivers/STM32L4xx_HAL_Driver/Src/stm32l4xx_hal_gpio.o
 .debug_abbrev  0x000006a4      0x1fa Drivers/STM32L4xx_HAL_Driver/Src/stm32l4xx_hal_pwr_ex.o
 .debug_abbrev  0x0000089e      0x22a Drivers/STM32L4xx_HAL_Driver/Src/stm32l4xx_hal_rcc.o
 .debug_abbrev  0x00000ac8      0x1af Src/main.o
 .debug_abbrev  0x00000c77       0xc7 Src/stm32l4xx_hal_msp.o
 .debug_abbrev  0x00000d3e       0xbb Src/stm32l4xx_it.o
 .debug_abbrev  0x00000df9      0x125 Src/system_stm32l4xx.o
 .debug_abbrev  0x00000f1e       0x12 startup/startup_stm32l443xx.o

.debug_loc      0x00000000     0x198c
 .debug_loc     0x00000000      0x135 Drivers/STM32L4xx_HAL_Driver/Src/stm32l4xx_hal.o
 .debug_loc     0x00000135      0x548 Drivers/STM32L4xx_HAL_Driver/Src/stm32l4xx_hal_cortex.o
 .debug_loc     0x0000067d      0x2cf Drivers/STM32L4xx_HAL_Driver/Src/stm32l4xx_hal_gpio.o
 .debug_loc     0x0000094c      0x79e Drivers/STM32L4xx_HAL_Driver/Src/stm32l4xx_hal_pwr_ex.o
 .debug_loc     0x000010ea      0x731 Drivers/STM32L4xx_HAL_Driver/Src/stm32l4xx_hal_rcc.o
 .debug_loc     0x0000181b      0x171 Src/system_stm32l4xx.o

.debug_aranges  0x00000000      0x4c8
 .debug_aranges
                0x00000000      0x118 Drivers/STM32L4xx_HAL_Driver/Src/stm32l4xx_hal.o
 .debug_aranges
                0x00000118       0xa8 Drivers/STM32L4xx_HAL_Driver/Src/stm32l4xx_hal_cortex.o
 .debug_aranges
                0x000001c0       0x58 Drivers/STM32L4xx_HAL_Driver/Src/stm32l4xx_hal_gpio.o
 .debug_aranges
                0x00000218      0x120 Drivers/STM32L4xx_HAL_Driver/Src/stm32l4xx_hal_pwr_ex.o
 .debug_aranges
                0x00000338       0x88 Drivers/STM32L4xx_HAL_Driver/Src/stm32l4xx_hal_rcc.o
 .debug_aranges
                0x000003c0       0x38 Src/main.o
 .debug_aranges
                0x000003f8       0x20 Src/stm32l4xx_hal_msp.o
 .debug_aranges
                0x00000418       0x60 Src/stm32l4xx_it.o
 .debug_aranges
                0x00000478       0x28 Src/system_stm32l4xx.o
 .debug_aranges
                0x000004a0       0x28 startup/startup_stm32l443xx.o

.debug_ranges   0x00000000      0x448
 .debug_ranges  0x00000000      0x108 Drivers/STM32L4xx_HAL_Driver/Src/stm32l4xx_hal.o
 .debug_ranges  0x00000108       0x98 Drivers/STM32L4xx_HAL_Driver/Src/stm32l4xx_hal_cortex.o
 .debug_ranges  0x000001a0       0x48 Drivers/STM32L4xx_HAL_Driver/Src/stm32l4xx_hal_gpio.o
 .debug_ranges  0x000001e8      0x110 Drivers/STM32L4xx_HAL_Driver/Src/stm32l4xx_hal_pwr_ex.o
 .debug_ranges  0x000002f8       0x90 Drivers/STM32L4xx_HAL_Driver/Src/stm32l4xx_hal_rcc.o
 .debug_ranges  0x00000388       0x28 Src/main.o
 .debug_ranges  0x000003b0       0x10 Src/stm32l4xx_hal_msp.o
 .debug_ranges  0x000003c0       0x50 Src/stm32l4xx_it.o
 .debug_ranges  0x00000410       0x18 Src/system_stm32l4xx.o
 .debug_ranges  0x00000428       0x20 startup/startup_stm32l443xx.o

.debug_macro    0x00000000    0x1fcd4
 .debug_macro   0x00000000      0x20b Drivers/STM32L4xx_HAL_Driver/Src/stm32l4xx_hal.o
 .debug_macro   0x0000020b      0x898 Drivers/STM32L4xx_HAL_Driver/Src/stm32l4xx_hal.o
 .debug_macro   0x00000aa3       0xb4 Drivers/STM32L4xx_HAL_Driver/Src/stm32l4xx_hal.o
 .debug_macro   0x00000b57       0x2e Drivers/STM32L4xx_HAL_Driver/Src/stm32l4xx_hal.o
 .debug_macro   0x00000b85       0x28 Drivers/STM32L4xx_HAL_Driver/Src/stm32l4xx_hal.o
 .debug_macro   0x00000bad       0x22 Drivers/STM32L4xx_HAL_Driver/Src/stm32l4xx_hal.o
 .debug_macro   0x00000bcf       0x87 Drivers/STM32L4xx_HAL_Driver/Src/stm32l4xx_hal.o
 .debug_macro   0x00000c56       0x44 Drivers/STM32L4xx_HAL_Driver/Src/stm32l4xx_hal.o
 .debug_macro   0x00000c9a       0xfd Drivers/STM32L4xx_HAL_Driver/Src/stm32l4xx_hal.o
 .debug_macro   0x00000d97       0x22 Drivers/STM32L4xx_HAL_Driver/Src/stm32l4xx_hal.o
 .debug_macro   0x00000db9      0x1df Drivers/STM32L4xx_HAL_Driver/Src/stm32l4xx_hal.o
 .debug_macro   0x00000f98       0x35 Drivers/STM32L4xx_HAL_Driver/Src/stm32l4xx_hal.o
 .debug_macro   0x00000fcd       0x50 Drivers/STM32L4xx_HAL_Driver/Src/stm32l4xx_hal.o
 .debug_macro   0x0000101d      0xe66 Drivers/STM32L4xx_HAL_Driver/Src/stm32l4xx_hal.o
 .debug_macro   0x00001e83    0x164b7 Drivers/STM32L4xx_HAL_Driver/Src/stm32l4xx_hal.o
 .debug_macro   0x0001833a       0x43 Drivers/STM32L4xx_HAL_Driver/Src/stm32l4xx_hal.o
 .debug_macro   0x0001837d     0x3788 Drivers/STM32L4xx_HAL_Driver/Src/stm32l4xx_hal.o
 .debug_macro   0x0001bb05      0x174 Drivers/STM32L4xx_HAL_Driver/Src/stm32l4xx_hal.o
 .debug_macro   0x0001bc79       0x50 Drivers/STM32L4xx_HAL_Driver/Src/stm32l4xx_hal.o
 .debug_macro   0x0001bcc9     0x13bb Drivers/STM32L4xx_HAL_Driver/Src/stm32l4xx_hal.o
 .debug_macro   0x0001d084      0x5d6 Drivers/STM32L4xx_HAL_Driver/Src/stm32l4xx_hal.o
 .debug_macro   0x0001d65a      0x241 Drivers/STM32L4xx_HAL_Driver/Src/stm32l4xx_hal.o
 .debug_macro   0x0001d89b      0x148 Drivers/STM32L4xx_HAL_Driver/Src/stm32l4xx_hal.o
 .debug_macro   0x0001d9e3      0x130 Drivers/STM32L4xx_HAL_Driver/Src/stm32l4xx_hal.o
 .debug_macro   0x0001db13      0x26b Drivers/STM32L4xx_HAL_Driver/Src/stm32l4xx_hal.o
 .debug_macro   0x0001dd7e      0x23a Drivers/STM32L4xx_HAL_Driver/Src/stm32l4xx_hal.o
 .debug_macro   0x0001dfb8      0x367 Drivers/STM32L4xx_HAL_Driver/Src/stm32l4xx_hal.o
 .debug_macro   0x0001e31f       0xe4 Drivers/STM32L4xx_HAL_Driver/Src/stm32l4xx_hal.o
 .debug_macro   0x0001e403      0x22c Drivers/STM32L4xx_HAL_Driver/Src/stm32l4xx_hal.o
 .debug_macro   0x0001e62f       0x61 Drivers/STM32L4xx_HAL_Driver/Src/stm32l4xx_hal.o
 .debug_macro   0x0001e690       0xa5 Drivers/STM32L4xx_HAL_Driver/Src/stm32l4xx_hal.o
 .debug_macro   0x0001e735      0x126 Drivers/STM32L4xx_HAL_Driver/Src/stm32l4xx_hal.o
 .debug_macro   0x0001e85b      0x356 Drivers/STM32L4xx_HAL_Driver/Src/stm32l4xx_hal.o
 .debug_macro   0x0001ebb1      0x267 Drivers/STM32L4xx_HAL_Driver/Src/stm32l4xx_hal.o
 .debug_macro   0x0001ee18      0x1bd Drivers/STM32L4xx_HAL_Driver/Src/stm32l4xx_hal_cortex.o
 .debug_macro   0x0001efd5      0x1fc Drivers/STM32L4xx_HAL_Driver/Src/stm32l4xx_hal_gpio.o
 .debug_macro   0x0001f1d1      0x1e1 Drivers/STM32L4xx_HAL_Driver/Src/stm32l4xx_hal_pwr_ex.o
 .debug_macro   0x0001f3b2      0x1ff Drivers/STM32L4xx_HAL_Driver/Src/stm32l4xx_hal_rcc.o
 .debug_macro   0x0001f5b1      0x1c7 Src/main.o
 .debug_macro   0x0001f778      0x1c7 Src/stm32l4xx_hal_msp.o
 .debug_macro   0x0001f93f      0x1d1 Src/stm32l4xx_it.o
 .debug_macro   0x0001fb10      0x1c4 Src/system_stm32l4xx.o

.debug_line     0x00000000     0x3c58
 .debug_line    0x00000000      0x770 Drivers/STM32L4xx_HAL_Driver/Src/stm32l4xx_hal.o
 .debug_line    0x00000770      0x71b Drivers/STM32L4xx_HAL_Driver/Src/stm32l4xx_hal_cortex.o
 .debug_line    0x00000e8b      0x66c Drivers/STM32L4xx_HAL_Driver/Src/stm32l4xx_hal_gpio.o
 .debug_line    0x000014f7      0x8d3 Drivers/STM32L4xx_HAL_Driver/Src/stm32l4xx_hal_pwr_ex.o
 .debug_line    0x00001dca      0x899 Drivers/STM32L4xx_HAL_Driver/Src/stm32l4xx_hal_rcc.o
 .debug_line    0x00002663      0x563 Src/main.o
 .debug_line    0x00002bc6      0x521 Src/stm32l4xx_hal_msp.o
 .debug_line    0x000030e7      0x5ad Src/stm32l4xx_it.o
 .debug_line    0x00003694      0x545 Src/system_stm32l4xx.o
 .debug_line    0x00003bd9       0x7f startup/startup_stm32l443xx.o

.debug_str      0x00000000    0xc08bb
 .debug_str     0x00000000    0xbf744 Drivers/STM32L4xx_HAL_Driver/Src/stm32l4xx_hal.o
                              0xbfb1e (size before relaxing)
 .debug_str     0x000bf744      0x3c2 Drivers/STM32L4xx_HAL_Driver/Src/stm32l4xx_hal_cortex.o
                              0xbf872 (size before relaxing)
 .debug_str     0x000bfb06      0x2c1 Drivers/STM32L4xx_HAL_Driver/Src/stm32l4xx_hal_gpio.o
                              0xbf362 (size before relaxing)
 .debug_str     0x000bfdc7      0x453 Drivers/STM32L4xx_HAL_Driver/Src/stm32l4xx_hal_pwr_ex.o
                              0xbf5a6 (size before relaxing)
 .debug_str     0x000c021a      0x52c Drivers/STM32L4xx_HAL_Driver/Src/stm32l4xx_hal_rcc.o
                              0xbf6e6 (size before relaxing)
 .debug_str     0x000c0746       0x52 Src/main.o
                              0xbf2e9 (size before relaxing)
 .debug_str     0x000c0798       0x1b Src/stm32l4xx_hal_msp.o
                              0xbf04d (size before relaxing)
 .debug_str     0x000c07b3       0xb8 Src/stm32l4xx_it.o
                              0xbef83 (size before relaxing)
 .debug_str     0x000c086b       0x50 Src/system_stm32l4xx.o
                              0xbf12f (size before relaxing)

.comment        0x00000000       0x6e
 .comment       0x00000000       0x6e Drivers/STM32L4xx_HAL_Driver/Src/stm32l4xx_hal.o
                                 0x6f (size before relaxing)
 .comment       0x0000006e       0x6f Drivers/STM32L4xx_HAL_Driver/Src/stm32l4xx_hal_cortex.o
 .comment       0x0000006e       0x6f Drivers/STM32L4xx_HAL_Driver/Src/stm32l4xx_hal_gpio.o
 .comment       0x0000006e       0x6f Drivers/STM32L4xx_HAL_Driver/Src/stm32l4xx_hal_pwr_ex.o
 .comment       0x0000006e       0x6f Drivers/STM32L4xx_HAL_Driver/Src/stm32l4xx_hal_rcc.o
 .comment       0x0000006e       0x6f Src/main.o
 .comment       0x0000006e       0x6f Src/stm32l4xx_hal_msp.o
 .comment       0x0000006e       0x6f Src/stm32l4xx_it.o
 .comment       0x0000006e       0x6f Src/system_stm32l4xx.o

.debug_frame    0x00000000      0x9c4
 .debug_frame   0x00000000      0x23c Drivers/STM32L4xx_HAL_Driver/Src/stm32l4xx_hal.o
 .debug_frame   0x0000023c      0x154 Drivers/STM32L4xx_HAL_Driver/Src/stm32l4xx_hal_cortex.o
 .debug_frame   0x00000390       0xc4 Drivers/STM32L4xx_HAL_Driver/Src/stm32l4xx_hal_gpio.o
 .debug_frame   0x00000454      0x228 Drivers/STM32L4xx_HAL_Driver/Src/stm32l4xx_hal_pwr_ex.o
 .debug_frame   0x0000067c      0x184 Drivers/STM32L4xx_HAL_Driver/Src/stm32l4xx_hal_rcc.o
 .debug_frame   0x00000800       0x78 Src/main.o
 .debug_frame   0x00000878       0x28 Src/stm32l4xx_hal_msp.o
 .debug_frame   0x000008a0       0xa8 Src/stm32l4xx_it.o
 .debug_frame   0x00000948       0x30 Src/system_stm32l4xx.o
 .debug_frame   0x00000978       0x2c /usr/local/gnuarm/bin/../lib/gcc/arm-none-eabi/5.3.1/../../../../arm-none-eabi/lib/armv7e-m/fpu/libc_nano.a(lib_a-init.o)
 .debug_frame   0x000009a4       0x20 /usr/local/gnuarm/bin/../lib/gcc/arm-none-eabi/5.3.1/../../../../arm-none-eabi/lib/armv7e-m/fpu/libc_nano.a(lib_a-memset.o)
