edge: { sourcename: "nrg_hal__TTbleSCFD"
  targetname: "-9:bluenrg_spi__bluenrg_radio,bluenrg_spi__bluenrg_radio"
  label: "nrg_hal.ads:8:4"
}
graph: { title: "/.share/CACHEDEV1_DATA/Ada/STM32/L/L476/sensortile/src/comm/nrg_hal.adb"
node: { title: "bluenrg_spi__bluenrg_radioIP" label: "Bluenrg_Radioip\n/.share/CACHEDEV1_DATA/Ada/STM32/L/L476/sensortile/src/comm/bluenrg.ads:56:9" shape : ellipse }
node: { title: "bluenrg_spi__bluenrg_spi_write" label: "Bluenrg_Spi_Write\n/.share/CACHEDEV1_DATA/Ada/STM32/L/L476/sensortile/src/comm/bluenrg.ads:42:13" shape : ellipse }
node: { title: "nrg_hal___elabs" label: "Nrg_Hal\n/.share/CACHEDEV1_DATA/Ada/STM32/L/L476/sensortile/src/comm/nrg_hal.ads:6:1\n8 bytes (static)" }
edge: { sourcename: "nrg_hal___elabs" targetname: "bluenrg_spi__bluenrg_radioIP" label: "/.share/CACHEDEV1_DATA/Ada/STM32/L/L476/sensortile/src/comm/nrg_hal.ads:8:4" }
node: { title: "nrg_hal__hal_write_serial" label: "Hal_Write_Serial\n/.share/CACHEDEV1_DATA/Ada/STM32/L/L476/sensortile/src/comm/nrg_hal.adb:5:4\n32 bytes (static)" }
edge: { sourcename: "nrg_hal__hal_write_serial" targetname: "bluenrg_spi__bluenrg_spi_write" label: "/.share/CACHEDEV1_DATA/Ada/STM32/L/L476/sensortile/src/comm/nrg_hal.adb:15:28" }
node: { title: "nrg_hal__TTbleSCFD" label: "Ttblescfd\n/.share/CACHEDEV1_DATA/Ada/STM32/L/L476/sensortile/src/comm/nrg_hal.ads:8:4\n32 bytes (static)" }
edge: { sourcename: "nrg_hal__TTbleSCFD" targetname: "__indirect_call" label: "/.share/CACHEDEV1_DATA/Ada/STM32/L/L476/sensortile/src/comm/nrg_hal.ads:8:4" }
node: { title: "__indirect_call" label: "Indirect Call Placeholder" shape : ellipse }
}
