edge: { sourcename: "stc3115_i2c_io__Tio_portCFD"
  targetname: "-9:stc3115_i2c_io__io_port,stc3115_i2c_io__io_port"
  label: "stc3115_i2c_io.ads:6:9"
}
class {
  classname: "stc3115_i2c_io__io_port"
  label: "stc3115_i2c_io__io_port\stc3115_i2c_io.ads:6:9"
  virtuals: "-1:stc3115_i2c_io___size\n
             -2:stc3115_i2c_io__io_portSR\n
             -3:stc3115_i2c_io__io_portSW\n
             -4:stc3115_i2c_io__io_portSI\n
             -5:stc3115_i2c_io__io_portSO\n
             -6:stc3115_i2c_io__Oeq\n
             -7:stc3115_i2c_io___assign\n
             -8:stc3115_i2c_io__io_portDA\n
             -9:stc3115_i2c_io__io_portDF"
}
edge: { sourcename: "stc3115_i2c_io__read"
  targetname: "4:hal__i2c__i2c_port,hal__i2c__i2c_port"
  label: "stc3115_i2c_io.adb:15:7"
}
edge: { sourcename: "stc3115_i2c_io__write"
  targetname: "3:hal__i2c__i2c_port,hal__i2c__i2c_port"
  label: "stc3115_i2c_io.adb:40:7"
}
edge: { sourcename: "stc3115_i2c_io__read_buffer"
  targetname: "4:hal__i2c__i2c_port,hal__i2c__i2c_port"
  label: "stc3115_i2c_io.adb:63:7"
}
edge: { sourcename: "stc3115_i2c_io__write_buffer"
  targetname: "3:hal__i2c__i2c_port,hal__i2c__i2c_port"
  label: "stc3115_i2c_io.adb:86:7"
}
graph: { title: "/.share/CACHEDEV1_DATA/Ada/STM32/L/L476/sensortile/src/sensors/components/stc3115_i2c_io.adb"
node: { title: "_Unwind_Resume" label: "builtin_unwind_resume\n<built-in>" shape : ellipse }
node: { title: "ada__tags__register_tag" label: "Register_Tag\n/.share/CACHEDEV1_DATA/Ada/STM32/L/L476/sensortile/Ada_Drivers_Library/embedded-runtimes/base_runtimes/ravenscar-full/common/a-tags.ads:552:14" shape : ellipse }
node: { title: "ada__tags__check_tsd" label: "Check_Tsd\n/.share/CACHEDEV1_DATA/Ada/STM32/L/L476/sensortile/Ada_Drivers_Library/embedded-runtimes/base_runtimes/ravenscar-full/common/a-tags.ads:465:14" shape : ellipse }
node: { title: "system__finalization_masters__set_finalize_address" label: "Set_Finalize_Address\n/.share/CACHEDEV1_DATA/Ada/STM32/L/L476/sensortile/Ada_Drivers_Library/embedded-runtimes/base_runtimes/ravenscar-full/common/s-finmas.ads:126:14" shape : ellipse }
node: { title: "system__finalization_masters__set_base_pool" label: "Set_Base_Pool\n/.share/CACHEDEV1_DATA/Ada/STM32/L/L476/sensortile/Ada_Drivers_Library/embedded-runtimes/base_runtimes/ravenscar-full/common/s-finmas.ads:201:14" shape : ellipse }
node: { title: "system__finalization_masters__initialize__2" label: "Initialize\n/.share/CACHEDEV1_DATA/Ada/STM32/L/L476/sensortile/Ada_Drivers_Library/embedded-runtimes/base_runtimes/ravenscar-full/common/s-finmas.ads:198:25" shape : ellipse }
node: { title: "system__finalization_masters__finalization_masterIP" label: "Finalization_Masterip\n/.share/CACHEDEV1_DATA/Ada/STM32/L/L476/sensortile/Ada_Drivers_Library/embedded-runtimes/base_runtimes/ravenscar-full/common/s-finmas.ads:161:9" shape : ellipse }
node: { title: "__gnat_raise_exception" label: "Raise_Exception_Always\n/.share/CACHEDEV1_DATA/Ada/STM32/L/L476/sensortile/Ada_Drivers_Library/embedded-runtimes/base_runtimes/ravenscar-full/common/a-except.ads:188:14" shape : ellipse }
node: { title: "memcpy" label: "builtin_memcpy\n<built-in>" shape : ellipse }
node: { title: "system__img_enum_new__image_enumeration_8" label: "Image_Enumeration_8\n/.share/CACHEDEV1_DATA/Ada/STM32/L/L476/sensortile/Ada_Drivers_Library/embedded-runtimes/base_runtimes/ravenscar-full/common/s-imenne.ads:48:14" shape : ellipse }
node: { title: "__gnat_rcheck_CE_Invalid_Data" label: "gnat_rcheck_CE_Invalid_Data\n<built-in>" shape : ellipse }
node: { title: "__gnat_rcheck_CE_Access_Check" label: "gnat_rcheck_CE_Access_Check\n<built-in>" shape : ellipse }
node: { title: "__gnat_end_handler" label: "gnat_end_handler\n<built-in>" shape : ellipse }
node: { title: "__gnat_begin_handler" label: "gnat_begin_handler\n<built-in>" shape : ellipse }
node: { title: "system__finalization_masters__finalize" label: "Finalize\n/.share/CACHEDEV1_DATA/Ada/STM32/L/L476/sensortile/Ada_Drivers_Library/embedded-runtimes/base_runtimes/ravenscar-full/common/s-finmas.ads:96:25" shape : ellipse }
node: { title: "ada__tags__unregister_tag" label: "Unregister_Tag\n/.share/CACHEDEV1_DATA/Ada/STM32/L/L476/sensortile/Ada_Drivers_Library/embedded-runtimes/base_runtimes/ravenscar-full/common/a-tags.ads:588:14" shape : ellipse }
node: { title: "system__secondary_stack__ss_allocate" label: "Ss_Allocate\n/.share/CACHEDEV1_DATA/Ada/STM32/L/L476/sensortile/Ada_Drivers_Library/embedded-runtimes/base_runtimes/ravenscar-full/common/s-secsta.ads:58:14" shape : ellipse }
node: { title: "system__stream_attributes__w_su" label: "W_Su\n/.share/CACHEDEV1_DATA/Ada/STM32/L/L476/sensortile/Ada_Drivers_Library/embedded-runtimes/base_runtimes/ravenscar-full/common/s-stratt.ads:150:14" shape : ellipse }
node: { title: "system__stream_attributes__w_as" label: "W_As\n/.share/CACHEDEV1_DATA/Ada/STM32/L/L476/sensortile/Ada_Drivers_Library/embedded-runtimes/base_runtimes/ravenscar-full/common/s-stratt.ads:133:14" shape : ellipse }
node: { title: "system__stream_attributes__i_su" label: "I_Su\n/.share/CACHEDEV1_DATA/Ada/STM32/L/L476/sensortile/Ada_Drivers_Library/embedded-runtimes/base_runtimes/ravenscar-full/common/s-stratt.ads:118:13" shape : ellipse }
node: { title: "system__stream_attributes__i_as" label: "I_As\n/.share/CACHEDEV1_DATA/Ada/STM32/L/L476/sensortile/Ada_Drivers_Library/embedded-runtimes/base_runtimes/ravenscar-full/common/s-stratt.ads:102:13" shape : ellipse }
node: { title: "stc3115_i2c_io___elabs" label: "STC3115_I2C_IO\n/.share/CACHEDEV1_DATA/Ada/STM32/L/L476/sensortile/src/sensors/components/stc3115_i2c_io.ads:4:1\n8 bytes (static)" }
edge: { sourcename: "stc3115_i2c_io___elabs" targetname: "ada__tags__register_tag" label: "/.share/CACHEDEV1_DATA/Ada/STM32/L/L476/sensortile/src/sensors/components/stc3115_i2c_io.ads:6:9" }
edge: { sourcename: "stc3115_i2c_io___elabs" targetname: "ada__tags__check_tsd" label: "/.share/CACHEDEV1_DATA/Ada/STM32/L/L476/sensortile/src/sensors/components/stc3115_i2c_io.ads:6:9" }
edge: { sourcename: "stc3115_i2c_io___elabs" targetname: "system__finalization_masters__set_finalize_address" label: "/.share/CACHEDEV1_DATA/Ada/STM32/L/L476/sensortile/src/sensors/components/stc3115_i2c_io.ads:11:9" }
edge: { sourcename: "stc3115_i2c_io___elabs" targetname: "system__finalization_masters__set_base_pool" label: "/.share/CACHEDEV1_DATA/Ada/STM32/L/L476/sensortile/src/sensors/components/stc3115_i2c_io.ads:11:9" }
edge: { sourcename: "stc3115_i2c_io___elabs" targetname: "system__finalization_masters__initialize__2" label: "/.share/CACHEDEV1_DATA/Ada/STM32/L/L476/sensortile/src/sensors/components/stc3115_i2c_io.ads:11:9" }
edge: { sourcename: "stc3115_i2c_io___elabs" targetname: "system__finalization_masters__finalization_masterIP" label: "/.share/CACHEDEV1_DATA/Ada/STM32/L/L476/sensortile/src/sensors/components/stc3115_i2c_io.ads:11:9" }
node: { title: "stc3115_i2c_io__write_buffer" label: "WRITE_BUFFER\n/.share/CACHEDEV1_DATA/Ada/STM32/L/L476/sensortile/src/sensors/components/stc3115_i2c_io.adb:79:4\n128 bytes (dynamic)" }
edge: { sourcename: "stc3115_i2c_io__write_buffer" targetname: "__gnat_raise_exception" label: "/.share/CACHEDEV1_DATA/Ada/STM32/L/L476/sensortile/src/sensors/components/stc3115_i2c_io.adb:94:10" }
edge: { sourcename: "stc3115_i2c_io__write_buffer" targetname: "memcpy" }
edge: { sourcename: "stc3115_i2c_io__write_buffer" targetname: "system__img_enum_new__image_enumeration_8" label: "/.share/CACHEDEV1_DATA/Ada/STM32/L/L476/sensortile/src/sensors/components/stc3115_i2c_io.adb:94:67" }
edge: { sourcename: "stc3115_i2c_io__write_buffer" targetname: "__gnat_rcheck_CE_Invalid_Data" label: "/.share/CACHEDEV1_DATA/Ada/STM32/L/L476/sensortile/src/sensors/components/stc3115_i2c_io.adb:94:61" }
edge: { sourcename: "stc3115_i2c_io__write_buffer" targetname: "__indirect_call" label: "/.share/CACHEDEV1_DATA/Ada/STM32/L/L476/sensortile/src/sensors/components/stc3115_i2c_io.adb:86:7" }
node: { title: "__indirect_call" label: "Indirect Call Placeholder" shape : ellipse }
edge: { sourcename: "stc3115_i2c_io__write_buffer" targetname: "__gnat_rcheck_CE_Access_Check" label: "/.share/CACHEDEV1_DATA/Ada/STM32/L/L476/sensortile/src/sensors/components/stc3115_i2c_io.adb:88:14" }
edge: { sourcename: "stc3115_i2c_io__write_buffer" targetname: "__gnat_rcheck_CE_Access_Check" label: "/.share/CACHEDEV1_DATA/Ada/STM32/L/L476/sensortile/src/sensors/components/stc3115_i2c_io.adb:87:20" }
edge: { sourcename: "stc3115_i2c_io__write_buffer" targetname: "__gnat_rcheck_CE_Access_Check" label: "/.share/CACHEDEV1_DATA/Ada/STM32/L/L476/sensortile/src/sensors/components/stc3115_i2c_io.adb:87:14" }
node: { title: "stc3115_i2c_io__read_buffer" label: "READ_BUFFER\n/.share/CACHEDEV1_DATA/Ada/STM32/L/L476/sensortile/src/sensors/components/stc3115_i2c_io.adb:56:4\n128 bytes (dynamic)" }
edge: { sourcename: "stc3115_i2c_io__read_buffer" targetname: "__gnat_raise_exception" label: "/.share/CACHEDEV1_DATA/Ada/STM32/L/L476/sensortile/src/sensors/components/stc3115_i2c_io.adb:71:10" }
edge: { sourcename: "stc3115_i2c_io__read_buffer" targetname: "memcpy" }
edge: { sourcename: "stc3115_i2c_io__read_buffer" targetname: "system__img_enum_new__image_enumeration_8" label: "/.share/CACHEDEV1_DATA/Ada/STM32/L/L476/sensortile/src/sensors/components/stc3115_i2c_io.adb:71:66" }
edge: { sourcename: "stc3115_i2c_io__read_buffer" targetname: "__gnat_rcheck_CE_Invalid_Data" label: "/.share/CACHEDEV1_DATA/Ada/STM32/L/L476/sensortile/src/sensors/components/stc3115_i2c_io.adb:71:60" }
edge: { sourcename: "stc3115_i2c_io__read_buffer" targetname: "__indirect_call" label: "/.share/CACHEDEV1_DATA/Ada/STM32/L/L476/sensortile/src/sensors/components/stc3115_i2c_io.adb:63:7" }
edge: { sourcename: "stc3115_i2c_io__read_buffer" targetname: "__gnat_rcheck_CE_Access_Check" label: "/.share/CACHEDEV1_DATA/Ada/STM32/L/L476/sensortile/src/sensors/components/stc3115_i2c_io.adb:65:14" }
edge: { sourcename: "stc3115_i2c_io__read_buffer" targetname: "__gnat_rcheck_CE_Access_Check" label: "/.share/CACHEDEV1_DATA/Ada/STM32/L/L476/sensortile/src/sensors/components/stc3115_i2c_io.adb:64:20" }
edge: { sourcename: "stc3115_i2c_io__read_buffer" targetname: "__gnat_rcheck_CE_Access_Check" label: "/.share/CACHEDEV1_DATA/Ada/STM32/L/L476/sensortile/src/sensors/components/stc3115_i2c_io.adb:64:14" }
node: { title: "stc3115_i2c_io__write" label: "WRITE\n/.share/CACHEDEV1_DATA/Ada/STM32/L/L476/sensortile/src/sensors/components/stc3115_i2c_io.adb:32:4\n128 bytes (dynamic)" }
edge: { sourcename: "stc3115_i2c_io__write" targetname: "__gnat_raise_exception" label: "/.share/CACHEDEV1_DATA/Ada/STM32/L/L476/sensortile/src/sensors/components/stc3115_i2c_io.adb:48:10" }
edge: { sourcename: "stc3115_i2c_io__write" targetname: "memcpy" }
edge: { sourcename: "stc3115_i2c_io__write" targetname: "system__img_enum_new__image_enumeration_8" label: "/.share/CACHEDEV1_DATA/Ada/STM32/L/L476/sensortile/src/sensors/components/stc3115_i2c_io.adb:48:62" }
edge: { sourcename: "stc3115_i2c_io__write" targetname: "__gnat_rcheck_CE_Invalid_Data" label: "/.share/CACHEDEV1_DATA/Ada/STM32/L/L476/sensortile/src/sensors/components/stc3115_i2c_io.adb:48:56" }
edge: { sourcename: "stc3115_i2c_io__write" targetname: "__indirect_call" label: "/.share/CACHEDEV1_DATA/Ada/STM32/L/L476/sensortile/src/sensors/components/stc3115_i2c_io.adb:40:7" }
edge: { sourcename: "stc3115_i2c_io__write" targetname: "__gnat_rcheck_CE_Access_Check" label: "/.share/CACHEDEV1_DATA/Ada/STM32/L/L476/sensortile/src/sensors/components/stc3115_i2c_io.adb:42:14" }
edge: { sourcename: "stc3115_i2c_io__write" targetname: "__gnat_rcheck_CE_Access_Check" label: "/.share/CACHEDEV1_DATA/Ada/STM32/L/L476/sensortile/src/sensors/components/stc3115_i2c_io.adb:41:20" }
edge: { sourcename: "stc3115_i2c_io__write" targetname: "__gnat_rcheck_CE_Access_Check" label: "/.share/CACHEDEV1_DATA/Ada/STM32/L/L476/sensortile/src/sensors/components/stc3115_i2c_io.adb:41:14" }
node: { title: "stc3115_i2c_io__read" label: "READ\n/.share/CACHEDEV1_DATA/Ada/STM32/L/L476/sensortile/src/sensors/components/stc3115_i2c_io.adb:7:4\n128 bytes (dynamic)" }
edge: { sourcename: "stc3115_i2c_io__read" targetname: "_Unwind_Resume" }
edge: { sourcename: "stc3115_i2c_io__read" targetname: "__gnat_raise_exception" label: "/.share/CACHEDEV1_DATA/Ada/STM32/L/L476/sensortile/src/sensors/components/stc3115_i2c_io.adb:23:10" }
edge: { sourcename: "stc3115_i2c_io__read" targetname: "memcpy" }
edge: { sourcename: "stc3115_i2c_io__read" targetname: "system__img_enum_new__image_enumeration_8" label: "/.share/CACHEDEV1_DATA/Ada/STM32/L/L476/sensortile/src/sensors/components/stc3115_i2c_io.adb:23:61" }
edge: { sourcename: "stc3115_i2c_io__read" targetname: "__gnat_rcheck_CE_Invalid_Data" label: "/.share/CACHEDEV1_DATA/Ada/STM32/L/L476/sensortile/src/sensors/components/stc3115_i2c_io.adb:23:55" }
edge: { sourcename: "stc3115_i2c_io__read" targetname: "__indirect_call" label: "/.share/CACHEDEV1_DATA/Ada/STM32/L/L476/sensortile/src/sensors/components/stc3115_i2c_io.adb:15:7" }
edge: { sourcename: "stc3115_i2c_io__read" targetname: "__gnat_rcheck_CE_Access_Check" label: "/.share/CACHEDEV1_DATA/Ada/STM32/L/L476/sensortile/src/sensors/components/stc3115_i2c_io.adb:17:14" }
edge: { sourcename: "stc3115_i2c_io__read" targetname: "__gnat_rcheck_CE_Access_Check" label: "/.share/CACHEDEV1_DATA/Ada/STM32/L/L476/sensortile/src/sensors/components/stc3115_i2c_io.adb:16:20" }
edge: { sourcename: "stc3115_i2c_io__read" targetname: "__gnat_rcheck_CE_Access_Check" label: "/.share/CACHEDEV1_DATA/Ada/STM32/L/L476/sensortile/src/sensors/components/stc3115_i2c_io.adb:16:14" }
node: { title: "stc3115_i2c_io__finalize_spec" label: "FINALIZE_SPEC\n/.share/CACHEDEV1_DATA/Ada/STM32/L/L476/sensortile/src/sensors/components/stc3115_i2c_io.ads:4:1\n16 bytes (static)" }
edge: { sourcename: "stc3115_i2c_io__finalize_spec" targetname: "__gnat_end_handler" label: "/.share/CACHEDEV1_DATA/Ada/STM32/L/L476/sensortile/src/sensors/components/stc3115_i2c_io.ads:4:1" }
edge: { sourcename: "stc3115_i2c_io__finalize_spec" targetname: "__gnat_begin_handler" label: "/.share/CACHEDEV1_DATA/Ada/STM32/L/L476/sensortile/src/sensors/components/stc3115_i2c_io.ads:4:1" }
edge: { sourcename: "stc3115_i2c_io__finalize_spec" targetname: "_Unwind_Resume" }
edge: { sourcename: "stc3115_i2c_io__finalize_spec" targetname: "system__finalization_masters__finalize" label: "/.share/CACHEDEV1_DATA/Ada/STM32/L/L476/sensortile/src/sensors/components/stc3115_i2c_io.ads:11:9" }
edge: { sourcename: "stc3115_i2c_io__finalize_spec" targetname: "ada__tags__unregister_tag" label: "/.share/CACHEDEV1_DATA/Ada/STM32/L/L476/sensortile/src/sensors/components/stc3115_i2c_io.ads:4:1" }
node: { title: "stc3115_i2c_io__Tio_portCFD" label: "TIO_PORTCFD\n/.share/CACHEDEV1_DATA/Ada/STM32/L/L476/sensortile/src/sensors/components/stc3115_i2c_io.ads:6:9\n32 bytes (static)" }
edge: { sourcename: "stc3115_i2c_io__Tio_portCFD" targetname: "__indirect_call" label: "/.share/CACHEDEV1_DATA/Ada/STM32/L/L476/sensortile/src/sensors/components/stc3115_i2c_io.ads:6:9" }
node: { title: "stc3115_i2c_io__io_portDF" label: "IO_PORTDF\n/.share/CACHEDEV1_DATA/Ada/STM32/L/L476/sensortile/src/sensors/components/stc3115_i2c_io.ads:6:9\n16 bytes (static)" }
node: { title: "stc3115_i2c_io__io_portDA" label: "IO_PORTDA\n/.share/CACHEDEV1_DATA/Ada/STM32/L/L476/sensortile/src/sensors/components/stc3115_i2c_io.ads:6:9\n16 bytes (static)" }
node: { title: "stc3115_i2c_io___assign" label: "STC3115_I2C_IO\n/.share/CACHEDEV1_DATA/Ada/STM32/L/L476/sensortile/src/sensors/components/stc3115_i2c_io.ads:6:9\n440 bytes (static)" }
node: { title: "stc3115_i2c_io__Oeq" label: "=\n/.share/CACHEDEV1_DATA/Ada/STM32/L/L476/sensortile/src/sensors/components/stc3115_i2c_io.ads:6:4\n16 bytes (static)" }
node: { title: "stc3115_i2c_io__io_portSO" label: "IO_PORTSO\n/.share/CACHEDEV1_DATA/Ada/STM32/L/L476/sensortile/src/sensors/components/stc3115_i2c_io.ads:6:9\n24 bytes (static)" }
edge: { sourcename: "stc3115_i2c_io__io_portSO" targetname: "stc3115_i2c_io__io_portSW" label: "/.share/CACHEDEV1_DATA/Ada/STM32/L/L476/sensortile/src/sensors/components/stc3115_i2c_io.ads:6:9" }
node: { title: "stc3115_i2c_io__io_portSI" label: "IO_PORTSI\n/.share/CACHEDEV1_DATA/Ada/STM32/L/L476/sensortile/src/sensors/components/stc3115_i2c_io.ads:6:9\n40 bytes (static)" }
edge: { sourcename: "stc3115_i2c_io__io_portSI" targetname: "system__secondary_stack__ss_allocate" label: "/.share/CACHEDEV1_DATA/Ada/STM32/L/L476/sensortile/src/sensors/components/stc3115_i2c_io.ads:6:9" }
edge: { sourcename: "stc3115_i2c_io__io_portSI" targetname: "stc3115_i2c_io__io_portSR" label: "/.share/CACHEDEV1_DATA/Ada/STM32/L/L476/sensortile/src/sensors/components/stc3115_i2c_io.ads:6:9" }
edge: { sourcename: "stc3115_i2c_io__io_portSI" targetname: "stc3115_i2c_io__io_portIP" label: "/.share/CACHEDEV1_DATA/Ada/STM32/L/L476/sensortile/src/sensors/components/stc3115_i2c_io.ads:6:9" }
node: { title: "stc3115_i2c_io__io_portSW" label: "IO_PORTSW\n/.share/CACHEDEV1_DATA/Ada/STM32/L/L476/sensortile/src/sensors/components/stc3115_i2c_io.ads:6:9\n24 bytes (static)" }
edge: { sourcename: "stc3115_i2c_io__io_portSW" targetname: "system__stream_attributes__w_su" label: "/.share/CACHEDEV1_DATA/Ada/STM32/L/L476/sensortile/src/sensors/components/stc3115_i2c_io.ads:6:9" }
edge: { sourcename: "stc3115_i2c_io__io_portSW" targetname: "system__stream_attributes__w_as" label: "/.share/CACHEDEV1_DATA/Ada/STM32/L/L476/sensortile/src/sensors/components/stc3115_i2c_io.ads:6:9" }
node: { title: "stc3115_i2c_io__io_portSR" label: "IO_PORTSR\n/.share/CACHEDEV1_DATA/Ada/STM32/L/L476/sensortile/src/sensors/components/stc3115_i2c_io.ads:6:9\n24 bytes (static)" }
edge: { sourcename: "stc3115_i2c_io__io_portSR" targetname: "system__stream_attributes__i_su" label: "/.share/CACHEDEV1_DATA/Ada/STM32/L/L476/sensortile/src/sensors/components/stc3115_i2c_io.ads:6:9" }
edge: { sourcename: "stc3115_i2c_io__io_portSR" targetname: "system__stream_attributes__i_as" label: "/.share/CACHEDEV1_DATA/Ada/STM32/L/L476/sensortile/src/sensors/components/stc3115_i2c_io.ads:6:9" }
node: { title: "stc3115_i2c_io___size" label: "STC3115_I2C_IO\n/.share/CACHEDEV1_DATA/Ada/STM32/L/L476/sensortile/src/sensors/components/stc3115_i2c_io.ads:6:9\n16 bytes (static)" }
node: { title: "stc3115_i2c_io__io_portIP" label: "IO_PORTIP\n/.share/CACHEDEV1_DATA/Ada/STM32/L/L476/sensortile/src/sensors/components/stc3115_i2c_io.ads:6:9\n16 bytes (static)" }
}
